10-24 23:49:58.815  9711  9711 I BugleDataModel: ParticipantRefresh: Skipped full participant refresh
10-24 23:49:58.817  9711  9711 I AppLifecycleTracker: App foreground state unchanged: inForeground ? true
10-24 23:49:58.824  9711  9711 D AppCompatDelegate: updateForNightMode [allowRecreation:true, currentNightMode:16, newNightMode:16, activityHandlingUiMode:false, baseContextAttached:true, created:true, canReturnDifferentContext:true, host:com.google.android.apps.messaging.home.HomeActivity@4897ffc]
10-24 23:49:58.824  9711  9711 D AppCompatDelegate: updateForNightMode. Skipping. Night mode: -1 for host:com.google.android.apps.messaging.home.HomeActivity@4897ffc
10-24 23:49:58.836  9711  9748 W WM-WorkSpec: Backoff delay duration less than minimum value
10-24 23:49:58.851  9711  9746 I BugleWorkQueue: WorkQueue: took approximately  19  to start processing row for  WorkHandlerProcessingMetaData{src=Executor, type=mark_as_notified, subKey=null, queue=mark_as_notified-, cancellationTag=null, attemptCount=0} ; rowId  49
10-24 23:49:58.872  9711  9770 I BugleNotifications: Refreshing message notifications [CONTEXT for_incoming_messages=true for_failures=true is_silent=false is_quick_reply=false is_smart_reply_update=false ]
10-24 23:49:58.877  9711  9770 W SQLiteLog: (28) double-quoted string literal: ""
10-24 23:49:58.894  9711  9770 I chatty  : uid=10134(com.google.android.apps.messaging) Blocking Thread identical 7 lines
10-24 23:49:58.894  9711  9770 W SQLiteLog: (28) double-quoted string literal: ""
10-24 23:49:58.896  9711  9747 D MddListenableWorkerFactory: createWorker for class: com.google.android.apps.messaging.shared.datamodel.workqueue.WorkQueueWorkerShim
10-24 23:49:59.022  9711  9746 I WM-WorkerWrapper: Worker result SUCCESS for Work [ id=e9a26808-ffa6-42fd-aa67-e818c33304d5, tags={ com.google.android.apps.messaging.shared.datamodel.workqueue.WorkQueueWorkerShim, mark_as_notified- } ]
10-24 23:49:59.040  1255  1255 W TooltipLifecycleManager: TooltipLifecycleManager.dismissTooltip():130 dismissTooltip(): tooltip with id inline_suggestion_tooltip not found in tooltipManager.
10-24 23:49:59.040  1255  1255 W TooltipLifecycleManager: TooltipLifecycleManager.dismissTooltip():130 dismissTooltip(): tooltip with id inline_suggestion_tooltip not found in tooltipManager.
10-24 23:49:59.041  1255  1255 I KeyboardWrapper: KeyboardWrapper.consumeEvent():264 Skip consuming an event as current keyboard is deactivated (state=0, keyboard existence=true)
10-24 23:49:59.041  1255  1255 I VoiceInputManagerWrapper: VoiceInputManagerWrapper.shutdown():77 shutdown()
10-24 23:49:59.042  1255  1255 I AndroidIME: AbstractIme.onDeactivate():161 LatinIme.onDeactivate()
10-24 23:49:59.042  1255  1255 I ConversationToQueryExtension: ConversationToQueryExtension.onDeactivate():281 onDeactivate()
10-24 23:49:59.042  1255  1255 I MagicGCandidateProvider: MagicGCandidateProvider.deactivate():221 onDeactivate()
10-24 23:49:59.075  9711  9747 I BugleWorkQueue: WorkQueue: took approximately  3  to start processing row for  WorkHandlerProcessingMetaData{src=Executor, type=mark_as_notified, subKey=null, queue=mark_as_notified-, cancellationTag=null, attemptCount=0} ; rowId  50
10-24 23:49:59.081  9711  9744 W WM-WorkSpec: Backoff delay duration less than minimum value
10-24 23:49:59.095  9711  9770 I BugleNotifications: Refreshing message notifications [CONTEXT for_incoming_messages=true for_failures=true is_silent=false is_quick_reply=false is_smart_reply_update=false ]
10-24 23:49:59.118  9711  9770 W SQLiteLog: (28) double-quoted string literal: ""
10-24 23:49:59.131  9711  9770 I chatty  : uid=10134(com.google.android.apps.messaging) Blocking Thread identical 4 lines
10-24 23:49:59.131  9711  9770 W SQLiteLog: (28) double-quoted string literal: ""
10-24 23:49:59.134  9711  9746 D MddListenableWorkerFactory: createWorker for class: com.google.android.apps.messaging.shared.datamodel.workqueue.WorkQueueWorkerShim
10-24 23:49:59.151   448  4081 D NuPlayerDriver: stop(0xf35c1060)
10-24 23:49:59.151  9711  9711 V MediaPlayer: resetDrmState:  mDrmInfo=null mDrmProvisioningThread=null mPrepareDrmInProgress=false mActiveDrmScheme=false
10-24 23:49:59.151  9711  9711 V MediaPlayer: cleanDrmObj: mDrmObj=null mDrmSessionId=null
10-24 23:49:59.152   448  4081 D NuPlayerDriver: reset(0xf35c1060) at state 8
10-24 23:49:59.160   448 10043 I hw-BpHwBinder: onLastStrongRef automatically unlinking death recipients
10-24 23:49:59.161   457   503 I hw-BpHwBinder: onLastStrongRef automatically unlinking death recipients
10-24 23:49:59.162   457   503 V C2Store : in ~ComponentModule
10-24 23:49:59.162   457   503 V C2Store : unloading dll
10-24 23:49:59.163   448 10035 D NuPlayerDriver: notifyResetComplete(0xf35c1060)
10-24 23:49:59.163   448  4081 W AMessage: failed to post message as target looper for handler 0 is gone.
10-24 23:49:59.164  9711  9711 I Bugle   : MediaPlayerManager: released 85040819
10-24 23:49:59.168  9711  9744 I WM-WorkerWrapper: Worker result SUCCESS for Work [ id=53baf61a-5846-427f-91fe-ea6b982bfb6e, tags={ com.google.android.apps.messaging.shared.datamodel.workqueue.WorkQueueWorkerShim, mark_as_notified- } ]
10-24 23:49:59.178  9711  9711 W MediaPlayer: mediaplayer went away with unhandled events
10-24 23:49:59.434  9711  9711 I AppLifecycleTracker: App foreground state unchanged: inForeground ? true
10-24 23:49:59.436  9711  9711 D AutofillManager: onActivityFinishing(): calling cancelLocked()
10-24 23:49:59.439  1193  1217 W Icing   : isOptedInForAppHistory: empty Account Name encountered [CONTEXT service_id=21 ]
10-24 23:49:59.452  1193  1217 W Icing   : isOptedInForAppHistory: empty Account Name encountered [CONTEXT service_id=21 ]
10-24 23:49:59.453  1193  8984 W Icing   : isOptedInForAppHistory: empty Account Name encountered [CONTEXT service_id=21 ]
10-24 23:49:59.454  1193  8408 W Icing   : isOptedInForAppHistory: empty Account Name encountered [CONTEXT service_id=21 ]
10-24 23:49:59.465  1193  8408 W Icing   : isOptedInForAppHistory: empty Account Name encountered [CONTEXT service_id=21 ]
10-24 23:49:59.466  1193 10004 W Icing   : isOptedInForAppHistory: empty Account Name encountered [CONTEXT service_id=21 ]
10-24 23:49:59.467  1193  1217 W Icing   : isOptedInForAppHistory: empty Account Name encountered [CONTEXT service_id=21 ]
10-24 23:49:59.477  1193  1217 W Icing   : isOptedInForAppHistory: empty Account Name encountered [CONTEXT service_id=21 ]
10-24 23:49:59.478  1193  8984 W Icing   : isOptedInForAppHistory: empty Account Name encountered [CONTEXT service_id=21 ]
10-24 23:49:59.699   448  4294 D BufferPoolAccessor2.0: bufferpool2 0xefac5308 : 0(0 size) total buffers - 0(0 size) used buffers - 24/36 (recycle/alloc) - 12/32 (fetch/transfer)
10-24 23:49:59.699   448  4294 D BufferPoolAccessor2.0: evictor expired: 1, evicted: 1
10-24 23:49:59.701   457   853 D BufferPoolAccessor2.0: bufferpool2 0xebd41bc8 : 0(0 size) total buffers - 0(0 size) used buffers - 27/30 (recycle/alloc) - 3/30 (fetch/transfer)
10-24 23:49:59.701   457   853 D BufferPoolAccessor2.0: evictor expired: 1, evicted: 1
10-24 23:50:00.002   702   702 D KeyguardClockSwitch: Updating clock: 1150
10-24 23:50:00.716   524  1807 I system_server: oneway function results will be dropped but finished with status OK and parcel size 4
10-24 23:49:50.961   524  3622 W UriGrantsManagerService: No permission grants found for com.google.android.apps.photos
10-24 23:50:01.228   524   543 D AutofillManagerService: Close system dialogs
10-24 23:50:01.229   524   544 I ActivityTaskManager: START u0 {act=android.intent.action.MAIN cat=[android.intent.category.HOME] flg=0x10000100 cmp=com.google.android.apps.nexuslauncher/.NexusLauncherActivity (has extras)} from uid 0
10-24 23:50:01.229   524   546 D EventSequenceValidator: inc AccIntentStartedEvents to 2
10-24 23:50:01.229   702   702 V ShadeControllerImpl: NotificationShadeWindow: com.android.systemui.statusbar.phone.NotificationShadeWindowView{f018b61 I.E...... ......ID 0,0-1080,2340} canPanelBeCollapsed(): false
10-24 23:50:01.232   430   430 I perfetto: ing_service_impl.cc:758 Configured tracing session 122, #sources:1, duration:5000 ms, #buffers:1, total buffer size:4096 KB, total sessions:1, uid:1071 session name: ""
10-24 23:50:01.232   419   419 I perfetto: probes_producer.cc:230  Ftrace setup (target_buf=122)
10-24 23:50:01.244  1078  1078 D TaplTarget: Launcher.onNewIntent: Intent { act=android.intent.action.MAIN cat=[android.intent.category.HOME] flg=0x10400100 cmp=com.google.android.apps.nexuslauncher/.NexusLauncherActivity (has extras) }
10-24 23:50:01.263   419   419 I perfetto: ftrace_procfs.cc:176    enabled ftrace
10-24 23:50:01.248     0     0 W perfetto: enabled ftrace
10-24 23:50:01.269   524   543 D AutofillManagerService: Close system dialogs
10-24 23:50:01.271   524  3622 W ActivityManager: Unable to start service Intent { act=android.service.appprediction.AppPredictionService cmp=com.google.android.as/com.google.android.apps.miphone.aiai.app.AiAiPredictionService } U=0: not found
10-24 23:50:01.271   524  3622 W RemoteAppPredictionService: could not bind to Intent { act=android.service.appprediction.AppPredictionService cmp=com.google.android.as/com.google.android.apps.miphone.aiai.app.AiAiPredictionService } using flags 67108865
10-24 23:50:01.273   702   702 V ShadeControllerImpl: NotificationShadeWindow: com.android.systemui.statusbar.phone.NotificationShadeWindowView{f018b61 I.E...... ......ID 0,0-1080,2340} canPanelBeCollapsed(): false
10-24 23:50:01.479   524   552 D ArtManagerInternalImpl: /data/misc/iorapd/com.google.android.apps.nexuslauncher/821/com.google.android.apps.nexuslauncher.NexusLauncherActivity/compiled_traces/compiled_trace.pb doesn't exist
10-24 23:50:01.481   524   546 D EventSequenceValidator: dec AccIntentStartedEvents to 1
10-24 23:50:01.484  1753  2133 W ThreadPoolDumper: Queue length for executor EventBus is now 11. Perhaps some tasks are too long, or the pool is too small.
10-24 23:50:01.497  1753  1962 W LocationOracle: No location history returned by ContextManager
10-24 23:50:01.501  1078  1078 D RecentsOrientedState: current RecentsOrientedState: [this=RecentsOrientedState@9f62c4a mOrientationHandler=PortraitPagedViewHandler@a8b97bb mDisplayRotation=0 mTouchRotation=0 mRecentsActivityRotation=0 isRecentsActivityRotationAllowed=false mSystemRotation=true mFlags=299]
10-24 23:50:01.501  1078  1078 I chatty  : uid=10154(com.google.android.apps.nexuslauncher) identical 2 lines
10-24 23:50:01.501  1078  1078 D RecentsOrientedState: current RecentsOrientedState: [this=RecentsOrientedState@9f62c4a mOrientationHandler=PortraitPagedViewHandler@a8b97bb mDisplayRotation=0 mTouchRotation=0 mRecentsActivityRotation=0 isRecentsActivityRotationAllowed=false mSystemRotation=true mFlags=299]
10-24 23:50:01.531  1753  1753 I BgTaskExecutorImpl: Starting EXCLUSIVE background task TNG_MINUS_ONE_SYNC.
10-24 23:50:01.540  1753  1960 E MDD     : DownloadProgressMonitor: Can't find file group for uri: android://com.google.android.googlequicksearchbox/files/sharedminusonemodule/shared/SharedMinusOneData.pb.tmp
10-24 23:50:01.548  1753  2133 I TngMinusOneSync: Syncing TNG:-1
10-24 23:50:01.566  1193  2235 W GCoreFlp: No location to return for getLastLocation()
10-24 23:50:02.210  9711  9711 I AppLifecycleTracker: App transition to background
10-24 23:50:02.553  1078  1078 D TaplEvents: Main / Touch event: MotionEvent { action=ACTION_DOWN, actionButton=0, id[0]=0, x[0]=478.95996, y[0]=1929.8859, toolType[0]=TOOL_TYPE_FINGER, buttonState=0, classification=NONE, metaState=0, flags=0x1, edgeFlags=0x0, pointerCount=1, historySize=0, eventTime=4548189, downTime=4548189, deviceId=8, source=0x5002, displayId=0 }
10-24 23:50:02.666  1078  1078 D TaplEvents: Main / Touch event: MotionEvent { action=ACTION_UP, actionButton=0, id[0]=0, x[0]=581.9568, y[0]=1169.9286, toolType[0]=TOOL_TYPE_FINGER, buttonState=0, classification=NONE, metaState=0, flags=0x1, edgeFlags=0x0, pointerCount=1, historySize=0, eventTime=4548301, downTime=4548189, deviceId=8, source=0x5002, displayId=0 }
10-24 23:50:02.701   448  4294 D BufferPoolAccessor2.0: bufferpool2 0xefac4758 : 0(0 size) total buffers - 0(0 size) used buffers - 24/36 (recycle/alloc) - 12/32 (fetch/transfer)
10-24 23:50:02.701   448  4294 D BufferPoolAccessor2.0: evictor expired: 1, evicted: 1
10-24 23:50:02.706   457   853 D BufferPoolAccessor2.0: bufferpool2 0xebd43dc8 : 0(0 size) total buffers - 0(0 size) used buffers - 26/30 (recycle/alloc) - 4/30 (fetch/transfer)
10-24 23:50:02.706   457   853 D BufferPoolAccessor2.0: evictor expired: 1, evicted: 1
10-24 23:50:02.773   524   872 I system_server: oneway function results will be dropped but finished with status OK and parcel size 4
10-24 23:50:02.818   524  3622 I system_server: oneway function results will be dropped but finished with status OK and parcel size 4
10-24 23:50:02.832   524  3622 I system_server: oneway function results will be dropped but finished with status OK and parcel size 4
10-24 23:50:03.265  1078  1078 D TaplEvents: Main / Touch event: MotionEvent { action=ACTION_DOWN, actionButton=0, id[0]=0, x[0]=360.9668, y[0]=1069.953, toolType[0]=TOOL_TYPE_FINGER, buttonState=0, classification=NONE, metaState=0, flags=0x1, edgeFlags=0x0, pointerCount=1, historySize=0, eventTime=4548901, downTime=4548901, deviceId=8, source=0x5002, displayId=0 }
10-24 23:50:03.337  1078  1078 D TaplEvents: Main / Touch event: MotionEvent { action=ACTION_UP, actionButton=0, id[0]=0, x[0]=360.9668, y[0]=1069.953, toolType[0]=TOOL_TYPE_FINGER, buttonState=0, classification=NONE, metaState=0, flags=0x1, edgeFlags=0x0, pointerCount=1, historySize=0, eventTime=4548973, downTime=4548901, deviceId=8, source=0x5002, displayId=0 }
10-24 23:50:03.355  1078  1078 D TaplEvents: Main / start: startAppShortcutOrInfoActivity
10-24 23:50:03.356   524  3622 I ActivityTaskManager: START u0 {act=android.intent.action.MAIN cat=[android.intent.category.LAUNCHER] flg=0x10200000 cmp=com.android.dialer/.main.impl.MainActivity bnds=[238,965][439,1276]} from uid 10154
10-24 23:50:03.358   524   546 D EventSequenceValidator: inc AccIntentStartedEvents to 2
10-24 23:50:03.358   524  1807 I system_server: oneway function results will be dropped but finished with status OK and parcel size 4
10-24 23:50:03.359   524  1807 I system_server: oneway function results will be dropped but finished with status OK and parcel size 4
10-24 23:50:03.362   430   430 I perfetto: ing_service_impl.cc:758 Configured tracing session 123, #sources:1, duration:5000 ms, #buffers:1, total buffer size:4096 KB, total sessions:2, uid:1071 session name: ""
10-24 23:50:03.362   419   419 I perfetto: probes_producer.cc:230  Ftrace setup (target_buf=123)
10-24 23:50:03.364   524   524 W ActivityManager: Unable to start service Intent { act=android.service.appprediction.AppPredictionService cmp=com.google.android.as/com.google.android.apps.miphone.aiai.app.AiAiPredictionService } U=0: not found
10-24 23:50:03.364   524   524 W RemoteAppPredictionService: could not bind to Intent { act=android.service.appprediction.AppPredictionService cmp=com.google.android.as/com.google.android.apps.miphone.aiai.app.AiAiPredictionService } using flags 67108865
10-24 23:50:03.368   524   546 D CompatibilityChangeReporter: Compat change id reported: 135634846; UID 10114; state: DISABLED
10-24 23:50:03.369   524   554 D CompatibilityChangeReporter: Compat change id reported: 143937733; UID 10114; state: DISABLED
10-24 23:50:03.388   297   297 D Zygote  : Forked child process 10056
10-24 23:50:03.390   524   554 I ActivityManager: Start proc 10056:com.android.dialer/u0a114 for pre-top-activity {com.android.dialer/com.android.dialer.main.impl.MainActivity}
10-24 23:50:03.393 10056 10056 W .android.diale: Unexpected CPU variant for X86 using defaults: x86
10-24 23:50:03.403  4518  4524 I adbd    : jdwp connection from 10056
10-24 23:50:03.421 10056 10056 D ApplicationLoaders: Returning zygote-cached class loader: /system/framework/android.test.base.jar
10-24 23:50:03.422 10056 10056 I .android.diale: The ClassLoaderContext is a special shared library.
10-24 23:50:03.424 10056 10056 I .android.diale: The ClassLoaderContext is a special shared library.
10-24 23:50:03.424 10056 10056 D nativeloader: classloader namespace configured for unbundled product apk. library_path=/product/priv-app/Dialer/lib/x86:/product/lib:/system/product/lib
10-24 23:50:03.432 10056 10056 D NetworkSecurityConfig: No Network Security Config specified, using platform default
10-24 23:50:03.432 10056 10056 D NetworkSecurityConfig: No Network Security Config specified, using platform default
10-24 23:50:03.447 10056 10056 I Dialer  : DialerExecutorModule.newThread - creating low priority thread
10-24 23:50:03.452 10056 10056 I Dialer  : CallLogConfigImpl.schedulePollingJob - scheduling
10-24 23:50:03.455 10056 10056 I Dialer  : DialerApplication.initializeAnnotatedCallLog - framework not enabled
10-24 23:50:03.476 10056 10084 D libEGL  : loaded /vendor/lib/egl/libEGL_emulation.so
10-24 23:50:03.477 10056 10084 D libEGL  : loaded /vendor/lib/egl/libGLESv1_CM_emulation.so
10-24 23:50:03.479 10056 10084 D libEGL  : loaded /vendor/lib/egl/libGLESv2_emulation.so
10-24 23:50:03.495 10056 10056 I Dialer  : MainActivity.onCreate - enter
10-24 23:50:03.496 10056 10056 I Dialer  : OldMainActivityPeer.onActivityCreate - enter
10-24 23:50:03.519  1078  1096 W System  : A resource failed to call release. 
10-24 23:50:03.519  1078  1096 I chatty  : uid=10154(com.google.android.apps.nexuslauncher) FinalizerDaemon identical 1 line
10-24 23:50:03.519  1078  1096 W System  : A resource failed to call release. 
10-24 23:50:03.538   314   314 W EmuHWC2 : validate: layer 319 CompositionType 1, fallback
10-24 23:50:03.538 10056 10056 I Dialer  : UiListener.create - creating new UiListener for Query last phone number
10-24 23:50:03.538 10056 10056 I Dialer  : UiListener.create - creating new UiListener for Missed call observer
10-24 23:50:03.540   314   314 W EmuHWC2 : No layers, exit, buffer 0xf3f81390
10-24 23:50:03.549   524   872 I Telecom : PhoneAccountRegistrar: getSimCallManager: SimCallManager for subId 1 queried, returning: null: TSI.gDOPA@Dls
10-24 23:50:03.554   314   314 W EmuHWC2 : validate: layer 319 CompositionType 1, fallback
10-24 23:50:03.556 10056 10056 I Dialer  : VoicemailModule.provideVoicemailClient - providing VoicemailClientImpl
10-24 23:50:03.556   314   314 W EmuHWC2 : No layers, exit, buffer 0xf3f81090
10-24 23:50:03.565 10056 10056 I Dialer  : OldMainActivityPeer.canVoicemailTabBeShown - Voicemail is enabled
10-24 23:50:03.565 10056 10056 I Dialer  : OldMainActivityPeer.showVoicemail - showing Tab:true
10-24 23:50:03.567 10056 10056 I Dialer  : OldMainActivityPeer.onHandleIntent - Show last tab
10-24 23:50:03.567 10056 10056 I Dialer  : MainBottomNavBarBottomNavTabListener.onCallLogSelected - enter
10-24 23:50:03.568 10056 10056 I Dialer  : MainBottomNavBarBottomNavTabListener.showFragment - enter
10-24 23:50:03.568 10056 10056 I Dialer  : MainBottomNavBarBottomNavTabListener.showFragment - Not added yet: CallLogFragment{c63fe6a}
10-24 23:50:03.570   314   314 W EmuHWC2 : validate: layer 319 CompositionType 1, fallback
10-24 23:50:03.572   314   314 W EmuHWC2 : No layers, exit, buffer 0xf3f81390
10-24 23:50:03.573 10056 10056 I Dialer  : CallLogFragment.onCreate - enter
10-24 23:50:03.582 10056 10056 I Dialer  : CallLogFragment.onActivityCreated - enter
10-24 23:50:03.584 10056 10056 W Dialer  : CountryDetector.registerForLocationUpdates - no location permissions, not registering for location updates
10-24 23:50:03.588   314   314 W EmuHWC2 : validate: layer 319 CompositionType 1, fallback
10-24 23:50:03.590   314   314 W EmuHWC2 : No layers, exit, buffer 0xf3f81090
10-24 23:50:03.604   314   314 W EmuHWC2 : validate: layer 319 CompositionType 1, fallback
10-24 23:50:03.605 10056 10056 I Dialer  : CallLogFragment.onStart - enter
10-24 23:50:03.607   314   314 W EmuHWC2 : No layers, exit, buffer 0xf3f81390
10-24 23:50:03.608 10056 10056 I Dialer  : MainBottomNavBarBottomNavTabListener.onActivityResume - enter
10-24 23:50:03.609 10056 10056 I Dialer  : MainCallLogFragmentListener.onActivityResume - enter
10-24 23:50:03.609 10056 10056 I Dialer  : MainCallLogFragmentListener.registerVoicemailStatusContentObserver - enter
10-24 23:50:03.609 10056 10056 I Dialer  : MainCallLogFragmentListener.registerVoicemailStatusContentObserver - register
10-24 23:50:03.619 10056 10056 I Dialer  : CallLogQueryHandler.fetchVoicemailStatus - fetching voicemail status
10-24 23:50:03.621   314   314 W EmuHWC2 : validate: layer 319 CompositionType 1, fallback
10-24 23:50:03.621 10056 10056 I Dialer  : DialerExecutorModule.newThread - creating low priority thread
10-24 23:50:03.622 10056 10086 I Dialer  : DialerDatabaseHelper.updateSmartDialDatabase - enter
10-24 23:50:03.622   314   314 W EmuHWC2 : No layers, exit, buffer 0xf3f81090
10-24 23:50:03.637   314   314 W EmuHWC2 : validate: layer 319 CompositionType 1, fallback
10-24 23:50:03.639   314   314 W EmuHWC2 : No layers, exit, buffer 0xf3f81390
10-24 23:50:03.648 10056 10056 I Dialer  : CallLogFragment.onResume - enter
10-24 23:50:03.648 10056 10086 I Dialer  : DialerDatabaseHelper.updateSmartDialDatabase - last updated at 0
10-24 23:50:03.655   314   314 W EmuHWC2 : validate: layer 319 CompositionType 1, fallback
10-24 23:50:03.656   314   314 W EmuHWC2 : No layers, exit, buffer 0xf3f81090
10-24 23:50:03.671   314   314 W EmuHWC2 : validate: layer 319 CompositionType 1, fallback
10-24 23:50:03.673   314   314 W EmuHWC2 : No layers, exit, buffer 0xf3f81390
10-24 23:50:03.674 10056 10056 I Dialer  : CallLogQueryHandler.fetchVoicemailStatus - fetching voicemail status
10-24 23:50:03.674 10056 10056 I Dialer  : CallLogFragment.onPageSelected - enter
10-24 23:50:03.674 10056 10056 I Dialer  : MainCallLogHost.enableFloatingButton - enabled: true
10-24 23:50:03.687 10056 10056 I Dialer  : OldMainActivityPeer.MainCallLogFragmentListener - onVoicemailStatusFetched
10-24 23:50:03.687   314   314 W EmuHWC2 : validate: layer 319 CompositionType 1, fallback
10-24 23:50:03.688 10056 10056 I Dialer  : OldMainActivityPeer.onVoicemailStatusFetched - hasActiveVoicemailProvider:true, number of active voicemail sources:1
10-24 23:50:03.688 10056 10056 I Dialer  : OldMainActivityPeer.showVoicemail - showing Tab:true
10-24 23:50:03.689   314   314 W EmuHWC2 : No layers, exit, buffer 0xf3f81090
10-24 23:50:03.698 10056 10086 I Dialer  : DialerDatabaseHelper.updateSmartDialDatabase - broadcasting smart dial update
10-24 23:50:03.705   314   314 W EmuHWC2 : validate: layer 319 CompositionType 1, fallback
10-24 23:50:03.707   314   314 W EmuHWC2 : No layers, exit, buffer 0xf3f81390
10-24 23:50:03.719   524  1027 I Telecom : PhoneAccountRegistrar: getSimCallManager: SimCallManager for subId 1 queried, returning: null: TSI.gDOPA@DoU
10-24 23:50:03.721   314   314 W EmuHWC2 : validate: layer 319 CompositionType 1, fallback
10-24 23:50:03.724 10056 10056 W UnsafeUtil: platform method missing - proto runtime falling back to safer methods: java.lang.NoSuchMethodException: sun.misc.Unsafe.copyMemory [class java.lang.Object, long, class java.lang.Object, long, long]
10-24 23:50:03.725   314   314 W EmuHWC2 : No layers, exit, buffer 0xf3f81090
10-24 23:50:03.737   314   314 W EmuHWC2 : validate: layer 319 CompositionType 1, fallback
10-24 23:50:03.739   314   314 W EmuHWC2 : No layers, exit, buffer 0xf3f81390
10-24 23:50:03.741   524  1027 I Telecom : PhoneAccountRegistrar: getSimCallManager: SimCallManager for subId 1 queried, returning: null: TSI.gDOPA@Dok
10-24 23:50:03.752   524  6313 I Telecom : PhoneAccountRegistrar: getSimCallManager: SimCallManager for subId 1 queried, returning: null: TSI.gDOPA@Do0
10-24 23:50:03.755   314   314 W EmuHWC2 : validate: layer 319 CompositionType 1, fallback
10-24 23:50:03.756   314   314 W EmuHWC2 : No layers, exit, buffer 0xf3f81090
10-24 23:50:03.770   524   872 I Telecom : PhoneAccountRegistrar: getSimCallManager: SimCallManager for subId 1 queried, returning: null: TSI.gDOPA@DpE
10-24 23:50:03.771   314   314 W EmuHWC2 : validate: layer 319 CompositionType 1, fallback
10-24 23:50:03.772   314   314 W EmuHWC2 : No layers, exit, buffer 0xf3f81390
10-24 23:50:03.786   524   872 I Telecom : PhoneAccountRegistrar: getSimCallManager: SimCallManager for subId 1 queried, returning: null: TSI.gDOPA@DpU
10-24 23:50:03.788   314   314 W EmuHWC2 : validate: layer 319 CompositionType 1, fallback
10-24 23:50:03.791   314   314 W EmuHWC2 : No layers, exit, buffer 0xf3f81090
10-24 23:50:03.805   314   314 W EmuHWC2 : validate: layer 319 CompositionType 1, fallback
10-24 23:50:03.807   314   314 W EmuHWC2 : No layers, exit, buffer 0xf3f81390
10-24 23:50:03.821   314   314 W EmuHWC2 : validate: layer 319 CompositionType 1, fallback
10-24 23:50:03.822 10056 10082 D HostConnection: HostConnection::get() New Host Connection established 0xe7b2abe0, tid 10082
10-24 23:50:03.823   314   314 W EmuHWC2 : No layers, exit, buffer 0xf3f81090
10-24 23:50:03.829 10056 10082 D HostConnection: HostComposition ext ANDROID_EMU_CHECKSUM_HELPER_v1 ANDROID_EMU_native_sync_v2 ANDROID_EMU_native_sync_v3 ANDROID_EMU_native_sync_v4 ANDROID_EMU_dma_v1 ANDROID_EMU_direct_mem ANDROID_EMU_host_composition_v1 ANDROID_EMU_host_composition_v2 ANDROID_EMU_vulkan ANDROID_EMU_deferred_vulkan_commands ANDROID_EMU_vulkan_null_optional_strings ANDROID_EMU_vulkan_create_resources_with_requirements ANDROID_EMU_YUV_Cache ANDROID_EMU_vulkan_ignored_handles ANDROID_EMU_has_shared_slots_host_memory_allocator ANDROID_EMU_vulkan_free_memory_sync ANDROID_EMU_vulkan_shader_float16_int8 ANDROID_EMU_vulkan_async_queue_submit ANDROID_EMU_sync_buffer_data ANDROID_EMU_vulkan_async_qsri ANDROID_EMU_read_color_buffer_dma GL_OES_vertex_array_object GL_KHR_texture_compression_astc_ldr ANDROID_EMU_host_side_tracing ANDROID_EMU_gles_max_version_2 
10-24 23:50:03.833   183   183 I hwservicemanager: getTransport: Cannot find entry android.hardware.configstore@1.0::ISurfaceFlingerConfigs/default in either framework or device manifest.
10-24 23:50:03.833 10056 10082 W OpenGLRenderer: Failed to choose config with EGL_SWAP_BEHAVIOR_PRESERVED, retrying without...
10-24 23:50:03.838   314   314 W EmuHWC2 : validate: layer 319 CompositionType 1, fallback
10-24 23:50:03.853 10056 10082 D EGL_emulation: eglCreateContext: 0xe7b29bb0: maj 2 min 0 rcv 2
10-24 23:50:03.876 10056 10082 D EGL_emulation: eglMakeCurrent: 0xe7b29bb0: ver 2 0 (tinfo 0xe7e7a930) (first time)
10-24 23:50:03.877   314   314 W EmuHWC2 : No layers, exit, buffer 0xf3f81390
10-24 23:50:03.881   314   314 W EmuHWC2 : validate: layer 319 CompositionType 1, fallback
10-24 23:50:03.887   314   314 W EmuHWC2 : No layers, exit, buffer 0xf3f81090
10-24 23:50:03.893   314   314 W EmuHWC2 : validate: layer 319 CompositionType 1, fallback
10-24 23:50:03.912   183   183 I hwservicemanager: getTransport: Cannot find entry android.hardware.graphics.mapper@4.0::IMapper/default in either framework or device manifest.
10-24 23:50:03.912 10056 10082 I Gralloc4: mapper 4.x is not supported
10-24 23:50:03.912   314   314 W EmuHWC2 : No layers, exit, buffer 0xf3f81390
10-24 23:50:03.914 10056 10082 D HostConnection: createUnique: call
10-24 23:50:03.914 10056 10082 D HostConnection: HostConnection::get() New Host Connection established 0xe7b2bac0, tid 10082
10-24 23:50:03.920   314   314 W EmuHWC2 : validate: layer 319 CompositionType 1, fallback
10-24 23:50:03.920 10056 10082 D HostConnection: HostComposition ext ANDROID_EMU_CHECKSUM_HELPER_v1 ANDROID_EMU_native_sync_v2 ANDROID_EMU_native_sync_v3 ANDROID_EMU_native_sync_v4 ANDROID_EMU_dma_v1 ANDROID_EMU_direct_mem ANDROID_EMU_host_composition_v1 ANDROID_EMU_host_composition_v2 ANDROID_EMU_vulkan ANDROID_EMU_deferred_vulkan_commands ANDROID_EMU_vulkan_null_optional_strings ANDROID_EMU_vulkan_create_resources_with_requirements ANDROID_EMU_YUV_Cache ANDROID_EMU_vulkan_ignored_handles ANDROID_EMU_has_shared_slots_host_memory_allocator ANDROID_EMU_vulkan_free_memory_sync ANDROID_EMU_vulkan_shader_float16_int8 ANDROID_EMU_vulkan_async_queue_submit ANDROID_EMU_sync_buffer_data ANDROID_EMU_vulkan_async_qsri ANDROID_EMU_read_color_buffer_dma GL_OES_vertex_array_object GL_KHR_texture_compression_astc_ldr ANDROID_EMU_host_side_tracing ANDROID_EMU_gles_max_version_2 
10-24 23:50:03.923   314   314 W EmuHWC2 : No layers, exit, buffer 0xf3f81090
10-24 23:50:03.985   380   380 E Layer   : [Surface(name=Task=1)/@0xc554124 - animation-leash#0] No local sync point found
10-24 23:50:03.986   380   380 E Layer   : [Surface(name=Task=72)/@0xa7029bd - animation-leash#0] No local sync point found
10-24 23:50:04.041   524   546 D EventSequenceValidator: dec AccIntentStartedEvents to 1
10-24 23:50:04.049   524   552 D ArtManagerInternalImpl: /data/misc/iorapd/com.android.dialer/2900000/com.android.dialer.main.impl.MainActivity/compiled_traces/compiled_trace.pb doesn't exist
10-24 23:50:04.051   524   552 I ActivityTaskManager: Displayed com.android.dialer/.main.impl.MainActivity: +684ms
10-24 23:50:04.078 10056 10056 I Dialer  : ContactPhotoManagerImpl.ContactPhotoManagerImpl - cache adj: 1.0
10-24 23:50:04.093  1255  1376 I PeriodicStatsRunner: PeriodicStatsRunner.call():180 call()
10-24 23:50:04.094  1255  1376 I PeriodicStatsRunner: PeriodicStatsRunner.call():184 No submit PeriodicStats since input started.
10-24 23:50:04.154  1753  9783 I PBSessionCacheImpl: Deleted sessionId[7711536854049069] from persistence.
10-24 23:50:04.167  1753  2133 W SearchServiceCore: Abort, client detached.
10-24 23:50:04.394   524  1027 D WifiNl80211Manager: Scan result ready event
10-24 23:50:04.394   524  1027 D WifiNative: Scan result ready event
10-24 23:50:04.704   448  4294 D BufferPoolAccessor2.0: bufferpool2 0xefac61e8 : 0(0 size) total buffers - 0(0 size) used buffers - 22/34 (recycle/alloc) - 12/32 (fetch/transfer)
10-24 23:50:04.704   448  4294 D BufferPoolAccessor2.0: evictor expired: 1, evicted: 1
10-24 23:50:04.708   457   853 D BufferPoolAccessor2.0: bufferpool2 0xebd44ec8 : 0(0 size) total buffers - 0(0 size) used buffers - 27/30 (recycle/alloc) - 3/30 (fetch/transfer)
10-24 23:50:04.708   457   853 D BufferPoolAccessor2.0: evictor expired: 1, evicted: 1
10-24 23:50:06.237   419   419 I perfetto: probes_producer.cc:329  Producer stop (id=122)
10-24 23:50:06.237   430   430 I perfetto: ng_service_impl.cc:1948 Tracing session 122 ended, total sessions:1
10-24 23:50:06.558  1255  1376 I PeriodicStatsRunner: PeriodicStatsRunner.call():180 call()
10-24 23:50:06.559  1255  1376 I PeriodicStatsRunner: PeriodicStatsRunner.call():184 No submit PeriodicStats since input started.
10-24 23:50:07.403   524   631 I system_server: oneway function results will be dropped but finished with status OK and parcel size 4
10-24 23:50:07.410   524   631 I system_server: oneway function results will be dropped but finished with status OK and parcel size 4
10-24 23:50:08.367   419   419 I perfetto: probes_producer.cc:329  Producer stop (id=123)
10-24 23:50:08.368   430   430 I perfetto: ng_service_impl.cc:1948 Tracing session 123 ended, total sessions:0
10-24 23:50:08.369   419   419 I perfetto: ftrace_procfs.cc:183    disabled ftrace
10-24 23:50:08.370   439 10052 I iorapd  : Perfetto TraceBuffer saved to file: /data/misc/iorapd/com.android.dialer/2900000/com.android.dialer.main.impl.MainActivity/raw_traces/1761324608370005500.perfetto_trace.pb
10-24 23:50:08.354     0     0 W perfetto: disabled ftrace
10-24 23:50:09.154  1255  1376 I PeriodicStatsRunner: PeriodicStatsRunner.call():180 call()
10-24 23:50:09.154  1255  1376 I PeriodicStatsRunner: PeriodicStatsRunner.call():184 No submit PeriodicStats since input started.
10-24 23:50:09.791  1325  1973 I Icing   : Indexing com.google.android.apps.messaging-internal.3p:Conversation_no_gsa from com.google.android.apps.messaging using seqno 0 [CONTEXT service_id=21 ]
10-24 23:50:09.798  1325  1973 I Icing   : Indexing com.google.android.apps.messaging-internal.3p:Message_no_gsa from com.google.android.apps.messaging using seqno 0 [CONTEXT service_id=21 ]
10-24 23:50:09.802  1325  1973 I Icing   : Indexing com.google.android.gms-internal.3p:Message from com.google.android.gms using seqno 0 [CONTEXT service_id=21 ]
10-24 23:50:09.806  1325  1973 I Icing   : Indexing com.google.android.apps.messaging-internal.3p:Conversation_no_gsa from com.google.android.apps.messaging using seqno 0 [CONTEXT service_id=21 ]
10-24 23:50:09.808  1325  1973 I Icing   : Indexing com.google.android.apps.messaging-internal.3p:Message_no_gsa from com.google.android.apps.messaging using seqno 0 [CONTEXT service_id=21 ]
10-24 23:50:09.809  1325  1973 I chatty  : uid=10121(com.google.android.gms) lowpool[0] identical 1 line
10-24 23:50:09.810  1325  1973 I Icing   : Indexing com.google.android.apps.messaging-internal.3p:Message_no_gsa from com.google.android.apps.messaging using seqno 0 [CONTEXT service_id=21 ]
10-24 23:50:09.810  1325  1973 I Icing   : Indexing com.google.android.gms-internal.3p:Message from com.google.android.gms using seqno 0 [CONTEXT service_id=21 ]
