10-24 23:49:52.749  9711 10006 I BugleDataModel: Processing changed messages for 18
10-24 23:49:52.750  9711 10006 W SQLiteLog: (28) double-quoted string literal: ""
10-24 23:49:52.750  9711 10006 I chatty  : uid=10134(com.google.android.apps.messaging) MessageListWind identical 1 line
10-24 23:49:52.750  9711 10006 W SQLiteLog: (28) double-quoted string literal: ""
10-24 23:49:52.754   524   631 I system_server: oneway function results will be dropped but finished with status OK and parcel size 4
10-24 23:49:52.737     0     0 W x86/PAT : oid.aac.decoder:10023 map pfn RAM range req write-combining for [mem 0x49b2e000-0x49b2efff], got write-back
10-24 23:49:52.740     0     0 W x86/PAT : oid.aac.decoder:10023 map pfn RAM range req write-combining for [mem 0x49b3d000-0x49b3dfff], got write-back
10-24 23:49:52.758  9711 10006 I BugleDataModel: Processing changed messages for 18
10-24 23:49:52.763  9711  9768 I BugleDataModel: InsertNewMessageAction: Inserted SMS. message{id:18} conversation{id:4}, uri: content://sms/12, receivedTimeStamp: 1761324592623
10-24 23:49:52.766  1255  1255 I KeyboardViewUtil: KeyboardViewUtil.getKeyboardHeightRatio():128 systemKeyboardHeightRatio:1.000000; userKeyboardHeightRatio:1.000000.
10-24 23:49:52.766  1255  1255 W TooltipLifecycleManager: TooltipLifecycleManager.dismissTooltip():130 dismissTooltip(): tooltip with id inline_suggestion_tooltip not found in tooltipManager.
10-24 23:49:52.767  1255  1255 W TooltipLifecycleManager: TooltipLifecycleManager.dismissTooltip():130 dismissTooltip(): tooltip with id inline_suggestion_tooltip not found in tooltipManager.
10-24 23:49:52.768  1255  1255 I KeyboardWrapper: KeyboardWrapper.consumeEvent():264 Skip consuming an event as current keyboard is deactivated (state=0, keyboard existence=true)
10-24 23:49:52.768  1255  1255 I VoiceInputManagerWrapper: VoiceInputManagerWrapper.shutdown():77 shutdown()
10-24 23:49:52.768  1255  1255 W SessionManager: SessionManager.endSession():88 Try to end a not begun session [TRAINING_CACHE_SESSION].
10-24 23:49:52.769  1255  1255 I AndroidIME: AbstractIme.onDeactivate():161 LatinIme.onDeactivate()
10-24 23:49:52.743     0     0 W x86/PAT : oid.aac.decoder:10023 map pfn RAM range req write-combining for [mem 0x49ba3000-0x49ba3fff], got write-back
10-24 23:49:52.746     0     0 W x86/PAT : oid.aac.decoder:10023 map pfn RAM range req write-combining for [mem 0x49ba8000-0x49ba8fff], got write-back
10-24 23:49:52.747     0     0 W x86/PAT : NPDecoder-CL:10022 map pfn RAM range req write-combining for [mem 0x49b2e000-0x49b2efff], got write-back
10-24 23:49:52.749     0     0 W x86/PAT : oid.aac.decoder:10023 map pfn RAM range req write-combining for [mem 0x49bc8000-0x49bc8fff], got write-back
10-24 23:49:52.751     0     0 W x86/PAT : NPDecoder-CL:10022 map pfn RAM range req write-combining for [mem 0x49ba3000-0x49ba3fff], got write-back
10-24 23:49:52.754     0     0 W x86/PAT : oid.aac.decoder:10023 map pfn RAM range req write-combining for [mem 0x49b38000-0x49b38fff], got write-back
10-24 23:49:52.770  1255  1255 W SessionManager: SessionManager.endSession():88 Try to end a not begun session [IME_SESSION].
10-24 23:49:52.770  1255  1255 I AndroidIME: AbstractIme.onActivate():84 LatinIme.onActivate() : EditorInfo = Package = com.google.android.apps.messaging : Type = Text : Learning = Enable : Suggestion = Show : AutoCorrection = Enable : Microphone = Show : NoPersonalizedLearning = Disable : AutoStartVoiceInput = Disable, IncognitoMode = false
10-24 23:49:52.771  1255  1255 I Delight5Facilitator: Delight5Facilitator.initializeForIme():561 initializeForIme() : Locale = [en_US], layout = qwerty
10-24 23:49:52.771  1255  1255 I VoiceInputManagerWrapper: VoiceInputManagerWrapper.cancelShutdown():55 cancelShutdown()
10-24 23:49:52.771  1255  1255 I VoiceInputManagerWrapper: VoiceInputManagerWrapper.syncLanguagePacks():67 syncLanguagePacks()
10-24 23:49:52.772   448 10020 D AudioTrack: getTimestamp_l(41): device stall time corrected using current time 4538408592100
10-24 23:49:52.774  1255  5178 I SpeechFactory: SpeechRecognitionFactory.maybeScheduleAutoPackDownloadForFallback():160 maybeScheduleAutoPackDownloadForFallback()
10-24 23:49:52.774  1255  5178 I FallbackOnDeviceRecognitionProvider: FallbackOnDeviceRecognitionProvider.maybeScheduleAutoPackDownload():197 maybeScheduleAutoPackDownload() for language tag en-US
10-24 23:49:52.775  1255  1255 I KeyboardWrapper: KeyboardWrapper.consumeEvent():264 Skip consuming an event as current keyboard is deactivated (state=0, keyboard existence=true)
10-24 23:49:52.759     0     0 W x86/PAT : oid.aac.decoder:10023 map pfn RAM range req write-combining for [mem 0x49b2e000-0x49b2efff], got write-back
10-24 23:49:52.760     0     0 W x86/PAT : NPDecoder-CL:10022 map pfn RAM range req write-combining for [mem 0x49bc8000-0x49bc8fff], got write-back
10-24 23:49:52.762     0     0 W x86/PAT : oid.aac.decoder:10023 map pfn RAM range req write-combining for [mem 0x49baa000-0x49baafff], got write-back
10-24 23:49:52.784  9711  9711 I BugleDataModel: Message 18 processed.
10-24 23:49:52.767     0     0 W x86/PAT : oid.aac.decoder:10023 map pfn RAM range req write-combining for [mem 0x49ba3000-0x49ba3fff], got write-back
10-24 23:49:52.769     0     0 W x86/PAT : NPDecoder-CL:10022 map pfn RAM range req write-combining for [mem 0x49b2e000-0x49b2efff], got write-back
10-24 23:49:52.770     0     0 W x86/PAT : oid.aac.decoder:10023 map pfn RAM range req write-combining for [mem 0x49bca000-0x49bcafff], got write-back
10-24 23:49:52.773     0     0 W x86/PAT : NPDecoder-CL:10022 map pfn RAM range req write-combining for [mem 0x49ba3000-0x49ba3fff], got write-back
10-24 23:49:52.776     0     0 W x86/PAT : oid.aac.decoder:10023 map pfn RAM range req write-combining for [mem 0x49b2e000-0x49b2efff], got write-back
10-24 23:49:52.780     0     0 W x86/PAT : oid.aac.decoder:10023 map pfn RAM range req write-combining for [mem 0x49bcb000-0x49bcbfff], got write-back
10-24 23:49:52.783     0     0 W x86/PAT : NPDecoder-CL:10022 map pfn RAM range req write-combining for [mem 0x49b2e000-0x49b2efff], got write-back
10-24 23:49:52.784  9711  9711 I BugleDataModel: Message 18 processed.
10-24 23:49:52.804  1255  1255 W KeyboardModeManager: KeyboardModeManager.setInputView():302 setInputView() : inputView = com.google.android.apps.inputmethod.libs.framework.core.InputView{9d56e57 V.E...... ......ID 0,0-1080,2063}
10-24 23:49:52.804  1255  1255 I ConversationToQueryExtension: ConversationToQueryExtension.onDeactivate():281 onDeactivate()
10-24 23:49:52.804  1255  1255 I MagicGCandidateProvider: MagicGCandidateProvider.deactivate():221 onDeactivate()
10-24 23:49:52.804  1255  1255 I ConversationToQueryExtension: ConversationToQueryExtension.onActivate():197 onActivate() : Locale = en_US
10-24 23:49:52.804  1255  1255 I MagicGCandidateProvider: MagicGCandidateProvider.activate():228 onActivate()
10-24 23:49:52.787     0     0 W x86/PAT : oid.aac.decoder:10023 map pfn RAM range req write-combining for [mem 0x49b2e000-0x49b2efff], got write-back
10-24 23:49:52.790     0     0 W x86/PAT : NPDecoder-CL:10022 map pfn RAM range req write-combining for [mem 0x49b2e000-0x49b2efff], got write-back
10-24 23:49:52.790     0     0 W x86/PAT : oid.aac.decoder:10023 map pfn RAM range req write-combining for [mem 0x49b2a000-0x49b2afff], got write-back
10-24 23:49:52.805  1255  1255 I ConversationToQueryClientSingleton: ConversationToQueryClientSingleton.initialize():152 Conv2Query client already exists for locale 'en_US'. Checking for update.
10-24 23:49:52.805  1255  1255 I ConversationToQueryExtension: ConversationToQueryExtension.onActivate():227 onActivate() : Finished in 0 ms. Activated = true
10-24 23:49:52.805  1255  1255 I VoiceImeExtension: VoiceImeExtension.shouldStartVoiceInputAutomatically():336 No private IME option set to start voice input.
10-24 23:49:52.805  9711  9768 I BugleDataModel: ProcessPendingMessagesTimers: cleared next retry time for channel sms_send including counter
10-24 23:49:52.796     0     0 W x86/PAT : oid.aac.decoder:10023 map pfn RAM range req write-combining for [mem 0x49b2e000-0x49b2efff], got write-back
10-24 23:49:52.800     0     0 W x86/PAT : oid.aac.decoder:10023 map pfn RAM range req write-combining for [mem 0x49ba9000-0x49ba9fff], got write-back
10-24 23:49:52.801     0     0 W x86/PAT : NPDecoder-CL:10022 map pfn RAM range req write-combining for [mem 0x49b2e000-0x49b2efff], got write-back
10-24 23:49:52.823  9711  9746 W Bugle   : Unable to call isMessageRevocationSupported
10-24 23:49:52.823  9711  9746 W Bugle   : aeei: Jibe SDK Service not available. Is the Jibe SDK service running? Did you call connect() and wait for the notification before calling an API function?
10-24 23:49:52.823  9711  9746 W Bugle   : 	at aeec.a(PG:15)
10-24 23:49:52.823  9711  9746 W Bugle   : 	at com.google.android.rcs.client.chatsession.ChatSessionService.isMessageRevocationSupported(PG:30)
10-24 23:49:52.823  9711  9746 W Bugle   : 	at kfx.i(PG:146)
10-24 23:49:52.823  9711  9746 W Bugle   : 	at cxj.a(Unknown Source:3)
10-24 23:49:52.823  9711  9746 W Bugle   : 	at aeyi.a(Unknown Source:2)
10-24 23:49:52.823  9711  9746 W Bugle   : 	at afoy.a(PG:3)
10-24 23:49:52.823  9711  9746 W Bugle   : 	at afoy.a(PG:3)
10-24 23:49:52.823  9711  9746 W Bugle   : 	at aeti.a(Unknown Source:1)
10-24 23:49:52.823  9711  9746 W Bugle   : 	at aimp.a(PG:3)
10-24 23:49:52.823  9711  9746 W Bugle   : 	at aily.a(PG:3)
10-24 23:49:52.823  9711  9746 W Bugle   : 	at aima.run(PG:23)
10-24 23:49:52.823  9711  9746 W Bugle   : 	at aipd.run(PG:2)
10-24 23:49:52.823  9711  9746 W Bugle   : 	at aeua.run(PG:2)
10-24 23:49:52.823  9711  9746 W Bugle   : 	at java.util.concurrent.ThreadPoolExecutor.runWorker(ThreadPoolExecutor.java:1167)
10-24 23:49:52.823  9711  9746 W Bugle   : 	at java.util.concurrent.ThreadPoolExecutor$Worker.run(ThreadPoolExecutor.java:641)
10-24 23:49:52.823  9711  9746 W Bugle   : 	at aesr.run(Unknown Source:4)
10-24 23:49:52.823  9711  9746 W Bugle   : 	at java.lang.Thread.run(Thread.java:923)
10-24 23:49:52.806     0     0 W x86/PAT : oid.aac.decoder:10023 map pfn RAM range req write-combining for [mem 0x49ba3000-0x49ba3fff], got write-back
10-24 23:49:52.826  9711  9768 I BugleDataModel: PendingMessagesProcessor: process from InsertNewMessageAction due to message inserted with queues: smsMessagesToSend{size:1}
10-24 23:49:52.826  9711  9768 I BugleDataModel: SendMessageActionQueuer: prepareToQueueAction: message{id:18} changed, timeStamp: 1761324592623 to, timeStamp: 1761324592826
10-24 23:49:52.810     0     0 W x86/PAT : oid.aac.decoder:10023 map pfn RAM range req write-combining for [mem 0x49bc2000-0x49bc2fff], got write-back
10-24 23:49:52.810     0     0 W x86/PAT : NPDecoder-CL:10022 map pfn RAM range req write-combining for [mem 0x49ba3000-0x49ba3fff], got write-back
10-24 23:49:52.813     0     0 W x86/PAT : oid.aac.decoder:10023 map pfn RAM range req write-combining for [mem 0x49b2e000-0x49b2efff], got write-back
10-24 23:49:52.831  9711  9989 W TextClassifierLibImpl: Failed to initialize, using the fallback.
10-24 23:49:52.831  9711  9989 D androidtc: Initializing SystemTextClassifier, type = System
10-24 23:49:52.838   989  5294 W id.ext.service: Core platform API violation: Lsun/misc/Unsafe;->compareAndSwapObject(Ljava/lang/Object;JLjava/lang/Object;Ljava/lang/Object;)Z from /apex/com.android.extservices/priv-app/GoogleExtServices/GoogleExtServices.apk using linking
10-24 23:49:52.818     0     0 W x86/PAT : oid.aac.decoder:10023 map pfn RAM range req write-combining for [mem 0x49b29000-0x49b29fff], got write-back
10-24 23:49:52.819     0     0 W x86/PAT : NPDecoder-CL:10022 map pfn RAM range req write-combining for [mem 0x49b2e000-0x49b2efff], got write-back
10-24 23:49:52.823     0     0 W x86/PAT : oid.aac.decoder:10023 map pfn RAM range req write-combining for [mem 0x49ba3000-0x49ba3fff], got write-back
10-24 23:49:52.823     0     0 W x86/PAT : oid.aac.decoder:10023 map pfn RAM range req write-combining for [mem 0x49b2d000-0x49b2dfff], got write-back
10-24 23:49:52.828     0     0 W x86/PAT : oid.aac.decoder:10023 map pfn RAM range req write-combining for [mem 0x49b2e000-0x49b2efff], got write-back
10-24 23:49:52.829     0     0 W x86/PAT : NPDecoder-CL:10022 map pfn RAM range req write-combining for [mem 0x49ba3000-0x49ba3fff], got write-back
10-24 23:49:52.832     0     0 W x86/PAT : oid.aac.decoder:10023 map pfn RAM range req write-combining for [mem 0x49bb0000-0x49bb0fff], got write-back
10-24 23:49:52.833     0     0 W x86/PAT : NPDecoder-CL:10022 map pfn RAM range req write-combining for [mem 0x49b2e000-0x49b2efff], got write-back
10-24 23:49:52.837     0     0 W x86/PAT : oid.aac.decoder:10023 map pfn RAM range req write-combining for [mem 0x49ba3000-0x49ba3fff], got write-back
10-24 23:49:52.843     0     0 W x86/PAT : oid.aac.decoder:10023 map pfn RAM range req write-combining for [mem 0x49bca000-0x49bcafff], got write-back
10-24 23:49:52.855  9711  9711 I Bugle   : DraftMessageTypeConverter: draft switching to xMS.
10-24 23:49:52.847     0     0 W x86/PAT : oid.aac.decoder:10023 map pfn RAM range req write-combining for [mem 0x49b2e000-0x49b2efff], got write-back
10-24 23:49:52.849     0     0 W x86/PAT : NPDecoder-CL:10022 map pfn RAM range req write-combining for [mem 0x49ba3000-0x49ba3fff], got write-back
10-24 23:49:52.850     0     0 W x86/PAT : oid.aac.decoder:10023 map pfn RAM range req write-combining for [mem 0x49ba8000-0x49ba8fff], got write-back
10-24 23:49:52.852     0     0 W x86/PAT : NPDecoder-CL:10022 map pfn RAM range req write-combining for [mem 0x49b2e000-0x49b2efff], got write-back
10-24 23:49:52.854     0     0 W x86/PAT : oid.aac.decoder:10023 map pfn RAM range req write-combining for [mem 0x49ba3000-0x49ba3fff], got write-back
10-24 23:49:52.861     0     0 W x86/PAT : oid.aac.decoder:10023 map pfn RAM range req write-combining for [mem 0x49b3d000-0x49b3dfff], got write-back
10-24 23:49:52.863     0     0 W x86/PAT : NPDecoder-CL:10022 map pfn RAM range req write-combining for [mem 0x49ba3000-0x49ba3fff], got write-back
10-24 23:49:52.866     0     0 W x86/PAT : oid.aac.decoder:10023 map pfn RAM range req write-combining for [mem 0x49b2e000-0x49b2efff], got write-back
10-24 23:49:52.869     0     0 W x86/PAT : oid.aac.decoder:10023 map pfn RAM range req write-combining for [mem 0x49b38000-0x49b38fff], got write-back
10-24 23:49:52.869     0     0 W x86/PAT : NPDecoder-CL:10022 map pfn RAM range req write-combining for [mem 0x49b2e000-0x49b2efff], got write-back
10-24 23:49:52.872     0     0 W x86/PAT : oid.aac.decoder:10023 map pfn RAM range req write-combining for [mem 0x49ba3000-0x49ba3fff], got write-back
10-24 23:49:52.877     0     0 W x86/PAT : oid.aac.decoder:10023 map pfn RAM range req write-combining for [mem 0x49bc2000-0x49bc2fff], got write-back
10-24 23:49:52.877     0     0 W x86/PAT : NPDecoder-CL:10022 map pfn RAM range req write-combining for [mem 0x49ba3000-0x49ba3fff], got write-back
10-24 23:49:52.880     0     0 W x86/PAT : oid.aac.decoder:10023 map pfn RAM range req write-combining for [mem 0x49b2e000-0x49b2efff], got write-back
10-24 23:49:52.886     0     0 W x86/PAT : oid.aac.decoder:10023 map pfn RAM range req write-combining for [mem 0x49bcb000-0x49bcbfff], got write-back
10-24 23:49:52.887     0     0 W x86/PAT : NPDecoder-CL:10022 map pfn RAM range req write-combining for [mem 0x49b2e000-0x49b2efff], got write-back
10-24 23:49:52.889     0     0 W x86/PAT : oid.aac.decoder:10023 map pfn RAM range req write-combining for [mem 0x49ba3000-0x49ba3fff], got write-back
10-24 23:49:52.895     0     0 W x86/PAT : oid.aac.decoder:10023 map pfn RAM range req write-combining for [mem 0x49b2a000-0x49b2afff], got write-back
10-24 23:49:52.896     0     0 W x86/PAT : NPDecoder-CL:10022 map pfn RAM range req write-combining for [mem 0x49ba3000-0x49ba3fff], got write-back
10-24 23:49:52.898     0     0 W x86/PAT : oid.aac.decoder:10023 map pfn RAM range req write-combining for [mem 0x49b2e000-0x49b2efff], got write-back
10-24 23:49:52.913  9711 10006 I BugleDataModel: Processing changed messages for 18
10-24 23:49:52.904     0     0 W x86/PAT : oid.aac.decoder:10023 map pfn RAM range req write-combining for [mem 0x49ba9000-0x49ba9fff], got write-back
10-24 23:49:52.904     0     0 W x86/PAT : NPDecoder-CL:10022 map pfn RAM range req write-combining for [mem 0x49b2e000-0x49b2efff], got write-back
10-24 23:49:52.907     0     0 W x86/PAT : oid.aac.decoder:10023 map pfn RAM range req write-combining for [mem 0x49ba3000-0x49ba3fff], got write-back
10-24 23:49:52.912     0     0 W x86/PAT : oid.aac.decoder:10023 map pfn RAM range req write-combining for [mem 0x49bca000-0x49bcafff], got write-back
10-24 23:49:52.937  9711  9711 I BugleDataModel: Message 18 processed.
10-24 23:49:52.915     0     0 W x86/PAT : oid.aac.decoder:10023 map pfn RAM range req write-combining for [mem 0x49b2e000-0x49b2efff], got write-back
10-24 23:49:52.918     0     0 W x86/PAT : oid.aac.decoder:10023 map pfn RAM range req write-combining for [mem 0x49b29000-0x49b29fff], got write-back
10-24 23:49:52.919     0     0 W x86/PAT : NPDecoder-CL:10022 map pfn RAM range req write-combining for [mem 0x49ba3000-0x49ba3fff], got write-back
10-24 23:49:52.921     0     0 W x86/PAT : oid.aac.decoder:10023 map pfn RAM range req write-combining for [mem 0x49bc8000-0x49bc8fff], got write-back
10-24 23:49:52.923     0     0 W x86/PAT : NPDecoder-CL:10022 map pfn RAM range req write-combining for [mem 0x49b2e000-0x49b2efff], got write-back
10-24 23:49:52.932     0     0 W x86/PAT : oid.aac.decoder:10023 map pfn RAM range req write-combining for [mem 0x49b2d000-0x49b2dfff], got write-back
10-24 23:49:52.932     0     0 W x86/PAT : NPDecoder-CL:10022 map pfn RAM range req write-combining for [mem 0x49bc8000-0x49bc8fff], got write-back
10-24 23:49:52.935     0     0 W x86/PAT : oid.aac.decoder:10023 map pfn RAM range req write-combining for [mem 0x49b2e000-0x49b2efff], got write-back
10-24 23:49:52.954   448 10022 D CCodecBufferChannel: [c2.android.aac.decoder#870] buffers after EOS ignored (0 us)
10-24 23:49:52.954   448 10022 D CCodecBufferChannel: [c2.android.aac.decoder#870] buffers after EOS ignored (0 us)
10-24 23:49:52.960  9711  9746 W Bugle   : Unable to call isMessageRevocationSupported
10-24 23:49:52.961  9711  9746 W Bugle   : aeei: Jibe SDK Service not available. Is the Jibe SDK service running? Did you call connect() and wait for the notification before calling an API function?
10-24 23:49:52.961  9711  9746 W Bugle   : 	at aeec.a(PG:15)
10-24 23:49:52.961  9711  9746 W Bugle   : 	at com.google.android.rcs.client.chatsession.ChatSessionService.isMessageRevocationSupported(PG:30)
10-24 23:49:52.961  9711  9746 W Bugle   : 	at kfx.i(PG:146)
10-24 23:49:52.961  9711  9746 W Bugle   : 	at cxj.a(Unknown Source:3)
10-24 23:49:52.961  9711  9746 W Bugle   : 	at aeyi.a(Unknown Source:2)
10-24 23:49:52.961  9711  9746 W Bugle   : 	at afoy.a(PG:3)
10-24 23:49:52.961  9711  9746 W Bugle   : 	at afoy.a(PG:3)
10-24 23:49:52.961  9711  9746 W Bugle   : 	at aeti.a(Unknown Source:1)
10-24 23:49:52.961  9711  9746 W Bugle   : 	at aimp.a(PG:3)
10-24 23:49:52.961  9711  9746 W Bugle   : 	at aily.a(PG:3)
10-24 23:49:52.961  9711  9746 W Bugle   : 	at aima.run(PG:23)
10-24 23:49:52.961  9711  9746 W Bugle   : 	at aipd.run(PG:2)
10-24 23:49:52.961  9711  9746 W Bugle   : 	at aeua.run(PG:2)
10-24 23:49:52.961  9711  9746 W Bugle   : 	at java.util.concurrent.ThreadPoolExecutor.runWorker(ThreadPoolExecutor.java:1167)
10-24 23:49:52.961  9711  9746 W Bugle   : 	at java.util.concurrent.ThreadPoolExecutor$Worker.run(ThreadPoolExecutor.java:641)
10-24 23:49:52.961  9711  9746 W Bugle   : 	at aesr.run(Unknown Source:4)
10-24 23:49:52.961  9711  9746 W Bugle   : 	at java.lang.Thread.run(Thread.java:923)
10-24 23:49:52.961   448 10022 D CCodecBufferChannel: [c2.android.aac.decoder#870] buffers after EOS ignored (0 us)
10-24 23:49:52.965  1255  1255 W InputContextProxy: InputContextProxy.applyClientDiffInternal():832 Ignore [FetchSuggestions] diff due to stale request: 342<344, inputStateId=340, lastInputStateId=341
10-24 23:49:52.940     0     0 W x86/PAT : oid.aac.decoder:10023 map pfn RAM range req write-combining for [mem 0x49bb0000-0x49bb0fff], got write-back
10-24 23:49:52.940     0     0 W x86/PAT : NPDecoder-CL:10022 map pfn RAM range req write-combining for [mem 0x49b2e000-0x49b2efff], got write-back
10-24 23:49:52.967  1255  1702 I ShortcutsDataManager: AbstractContentDataManager$ImportContentTask.doInBackground():222 doInBackground()
10-24 23:49:52.967  1255  1702 I PersonalDictionaryDataHandler: PersonalDictionaryDataHandler.beginProcess():111 LanguageTags = [en-US]
10-24 23:49:52.968   392   464 D AudioFlinger: mixer(0xedd13030) throttle end: throttle time(37)
10-24 23:49:52.972  9711  9711 I Bugle   : DraftMessageTypeConverter: draft switching to xMS.
10-24 23:49:52.942     0     0 W x86/PAT : oid.aac.decoder:10023 map pfn RAM range req write-combining for [mem 0x49ba3000-0x49ba3fff], got write-back
10-24 23:49:52.947     0     0 W x86/PAT : oid.aac.decoder:10023 map pfn RAM range req write-combining for [mem 0x49bc2000-0x49bc2fff], got write-back
10-24 23:49:52.948     0     0 W x86/PAT : NPDecoder-CL:10022 map pfn RAM range req write-combining for [mem 0x49ba3000-0x49ba3fff], got write-back
10-24 23:49:52.950     0     0 W x86/PAT : oid.aac.decoder:10023 map pfn RAM range req write-combining for [mem 0x49b2e000-0x49b2efff], got write-back
10-24 23:49:52.956     0     0 W x86/PAT : NPDecoder-CL:10022 map pfn RAM range req write-combining for [mem 0x49b2e000-0x49b2efff], got write-back
10-24 23:49:52.956     0     0 W x86/PAT : oid.aac.decoder:10023 map pfn RAM range req write-combining for [mem 0x49ba3000-0x49ba3fff], got write-back
10-24 23:49:52.961     0     0 W x86/PAT : oid.aac.decoder:10023 map pfn RAM range req write-combining for [mem 0x49b2e000-0x49b2efff], got write-back
10-24 23:49:52.988  9711  9768 I BugleDataModel: PendingMessagesProcessor: started message{id:18}
10-24 23:49:52.992  9711  9748 I BugleWorkQueue: WorkQueue: took approximately  3  to start processing row for  WorkHandlerProcessingMetaData{src=Executor, type=request_link_preview, subKey=null, queue=request_link_preview-, cancellationTag=null, attemptCount=0} ; rowId  43
10-24 23:49:52.969     0     0 W x86/PAT : NPDecoder-CL:10022 map pfn RAM range req write-combining for [mem 0x49ba3000-0x49ba3fff], got write-back
10-24 23:49:52.999  9711  9784 I BugleDataModel: SendMessageAction: Sending SMS message{id:18} in conversation{id:4}
10-24 23:49:53.000  9711  9784 I Bugle   : SmsSender: sending message. dest: MSISDN{d}, message: messageBody{Redacted-4}, serviceCenter: null, requireDeliveryReport: false, messageUri: content://sms/12, subId: 1
10-24 23:49:53.002  9711  9746 W WM-WorkSpec: Backoff delay duration less than minimum value
10-24 23:49:53.007  9711  9748 I Bugle   : RequestLinkPreviewAction: No link extracted from message with: message{id:18}
10-24 23:49:53.008  1255  1702 I ShortcutsDataManager: AbstractContentDataManager.importRecords():312 importRecords() : Success : Count = 0
10-24 23:49:53.015  1255  1702 I ShortcutsDataManager: AbstractContentDataManager.importContentData():262 importContentData() : Ending import process
10-24 23:49:53.018   942   978 D SmsNumberUtils: enter filterDestAddr. destAddr="[UerGtHGihNM0HYwMY9DxooYmKhg]"
10-24 23:49:53.025   942   978 D SmsNumberUtils: destAddr is not formatted.
10-24 23:49:53.026   942   978 D SmsNumberUtils: leave filterDestAddr, new destAddr="[UerGtHGihNM0HYwMY9DxooYmKhg]"
10-24 23:49:53.032  9711  9744 D MddListenableWorkerFactory: createWorker for class: com.google.android.apps.messaging.shared.datamodel.workqueue.WorkQueueWorkerShim
10-24 23:49:53.035  9711  9747 I WM-WorkerWrapper: Worker result SUCCESS for Work [ id=3217df3f-e8d4-4ba1-82de-385f985abb06, tags={ com.google.android.apps.messaging.shared.datamodel.workqueue.WorkQueueWorkerShim, request_link_preview- } ]
10-24 23:49:53.039  1255  1702 I PersonalLanguageModelUpdater: PersonalLanguageModelUpdater$UpdateOperation.performInternal():160 run() : Added 0 words and 0 shortcuts
10-24 23:49:53.039  1255  1702 I DynamicLanguageModelOperation: DynamicLanguageModelOperation.perform():37 perform() : 4 : coc : Completed
10-24 23:49:53.039  1255  2019 I Delight5Decoder: Delight5DecoderWrapper.loadLanguageModel():578 loadLanguageModel() : 4, version [n/a]
10-24 23:49:53.039  1255  2019 I Delight5Decoder: Delight5DecoderWrapper.loadLanguageModel():616 Loaded dynamic LM 4.en
10-24 23:49:53.040  1255  1255 I ShortcutsDataManager: AbstractContentDataManager$ImportContentTask.onPostExecute():233 onPostExecute() : Result = [2,0]
10-24 23:49:53.040  1255  1255 I ShortcutsDataManager: ShortcutsDataManager.onImportFinished():99 onImportFinished() : Result = 2 : Count = 0
10-24 23:49:53.086  9711  9768 W TextClassifierLibImpl: Failed to initialize, using the fallback.
10-24 23:49:53.096   989  5297 W id.ext.service: Core platform API violation: Lsun/misc/Unsafe;->compareAndSwapObject(Ljava/lang/Object;JLjava/lang/Object;Ljava/lang/Object;)Z from /apex/com.android.extservices/priv-app/GoogleExtServices/GoogleExtServices.apk using linking
10-24 23:49:53.097  9711  9768 I BugleJobs: GenericWorkerQueueAction: Rescheduling immediately
10-24 23:49:53.098  9711 10006 I BugleDataModel: Processing changed messages for 18
10-24 23:49:53.102  9711  9744 W BugleAnnotation: MessageAnnotationData: bind should only be called with annotations for a single message. Message IDs: 
10-24 23:49:53.103  9711  9988 I BugleDataModel: SentMessageProcessor: Done sending SMS message{id:18} conversation{id:4}, status: SUCCEEDED
10-24 23:49:53.107  9711  9744 W Bugle   : P2pConversationSuggestionsUtils: SmartReplyLib is null.
10-24 23:49:53.108  9711  9748 I Bugle   : P2pConversationSuggestionsUtils: suggestionsCount: 0
10-24 23:49:53.108  9711  9988 W WM-WorkSpec: Backoff delay duration less than minimum value
10-24 23:49:53.109  9711  9744 I BugleWorkQueue: WorkQueue: took approximately  5  to start processing row for  WorkHandlerProcessingMetaData{src=Executor, type=log_message_sent_or_received, subKey=null, queue=log_message_sent_or_received-, cancellationTag=null, attemptCount=0} ; rowId  44
10-24 23:49:53.114  9711  9711 I BugleDataModel: Message 18 processed.
10-24 23:49:53.122  9711  9711 I Bugle   : DraftMessageTypeConverter: draft switching to xMS.
10-24 23:49:53.131  9711  9989 W TextClassifierLibImpl: Failed to initialize, using the fallback.
10-24 23:49:53.134  9711  9748 W SQLiteLog: (28) double-quoted string literal: ""
10-24 23:49:53.134  9711  9748 I chatty  : uid=10134(com.google.android.apps.messaging) BG Thread #3 identical 1 line
10-24 23:49:53.134  9711  9748 W SQLiteLog: (28) double-quoted string literal: ""
10-24 23:49:53.134   989  5294 W id.ext.service: Core platform API violation: Lsun/misc/Unsafe;->compareAndSwapObject(Ljava/lang/Object;JLjava/lang/Object;Ljava/lang/Object;)Z from /apex/com.android.extservices/priv-app/GoogleExtServices/GoogleExtServices.apk using linking
10-24 23:49:53.141  9711  9744 W Bugle   : Unable to call isMessageRevocationSupported
10-24 23:49:53.141  9711  9744 W Bugle   : aeei: Jibe SDK Service not available. Is the Jibe SDK service running? Did you call connect() and wait for the notification before calling an API function?
10-24 23:49:53.141  9711  9744 W Bugle   : 	at aeec.a(PG:15)
10-24 23:49:53.141  9711  9744 W Bugle   : 	at com.google.android.rcs.client.chatsession.ChatSessionService.isMessageRevocationSupported(PG:30)
10-24 23:49:53.141  9711  9744 W Bugle   : 	at kfx.i(PG:146)
10-24 23:49:53.141  9711  9744 W Bugle   : 	at cxj.a(Unknown Source:3)
10-24 23:49:53.141  9711  9744 W Bugle   : 	at aeyi.a(Unknown Source:2)
10-24 23:49:53.141  9711  9744 W Bugle   : 	at afoy.a(PG:3)
10-24 23:49:53.141  9711  9744 W Bugle   : 	at afoy.a(PG:3)
10-24 23:49:53.141  9711  9744 W Bugle   : 	at aeti.a(Unknown Source:1)
10-24 23:49:53.141  9711  9744 W Bugle   : 	at aimp.a(PG:3)
10-24 23:49:53.141  9711  9744 W Bugle   : 	at aily.a(PG:3)
10-24 23:49:53.141  9711  9744 W Bugle   : 	at aima.run(PG:23)
10-24 23:49:53.141  9711  9744 W Bugle   : 	at aipd.run(PG:2)
10-24 23:49:53.141  9711  9744 W Bugle   : 	at aeua.run(PG:2)
10-24 23:49:53.141  9711  9744 W Bugle   : 	at java.util.concurrent.ThreadPoolExecutor.runWorker(ThreadPoolExecutor.java:1167)
10-24 23:49:53.141  9711  9744 W Bugle   : 	at java.util.concurrent.ThreadPoolExecutor$Worker.run(ThreadPoolExecutor.java:641)
10-24 23:49:53.141  9711  9744 W Bugle   : 	at aesr.run(Unknown Source:4)
10-24 23:49:53.141  9711  9744 W Bugle   : 	at java.lang.Thread.run(Thread.java:923)
10-24 23:49:53.160  9711  9988 I BugleDataModel: PendingMessagesProcessor: process from ProcessSentMessageAction due to sms_send success with queues:
10-24 23:49:53.160  9711  9988 I BugleDataModel: ProcessPendingMessagesTimers: cleared next retry time for channel sms_send including counter
10-24 23:49:53.164  9711  9768 W Bugle   : PermissionCheckerImpl: Missing Permission android.permission.ACCESS_FINE_LOCATION
10-24 23:49:53.165  9711  9768 E Bugle   : Failed to check if revocation is enabled
10-24 23:49:53.165  9711  9768 E Bugle   : aeei: Jibe SDK Service not available. Is the Jibe SDK service running? Did you call connect() and wait for the notification before calling an API function?
10-24 23:49:53.165  9711  9768 E Bugle   : 	at aeec.a(PG:15)
10-24 23:49:53.165  9711  9768 E Bugle   : 	at com.google.android.rcs.client.profile.RcsProfileService.getRcsConfig(PG:15)
10-24 23:49:53.165  9711  9768 E Bugle   : 	at kfx.o(PG:545)
10-24 23:49:53.165  9711  9768 E Bugle   : 	at kfx.t(PG:139)
10-24 23:49:53.165  9711  9768 E Bugle   : 	at ffe.A(PG:74)
10-24 23:49:53.165  9711  9768 E Bugle   : 	at ffe.b(PG:1252)
10-24 23:49:53.165  9711  9768 E Bugle   : 	at izh.call(Unknown Source:4)
10-24 23:49:53.165  9711  9768 E Bugle   : 	at afqg.a(Unknown Source:1)
10-24 23:49:53.165  9711  9768 E Bugle   : 	at afox.a(PG:3)
10-24 23:49:53.165  9711  9768 E Bugle   : 	at aipw.b(PG:7)
10-24 23:49:53.165  9711  9768 E Bugle   : 	at aiox.run(PG:12)
10-24 23:49:53.165  9711  9768 E Bugle   : 	at aipy.run(PG:12)
10-24 23:49:53.165  9711  9768 E Bugle   : 	at aeua.run(PG:2)
10-24 23:49:53.165  9711  9768 E Bugle   : 	at java.util.concurrent.ThreadPoolExecutor.runWorker(ThreadPoolExecutor.java:1167)
10-24 23:49:53.165  9711  9768 E Bugle   : 	at java.util.concurrent.ThreadPoolExecutor$Worker.run(ThreadPoolExecutor.java:641)
10-24 23:49:53.165  9711  9768 E Bugle   : 	at aesr.run(Unknown Source:4)
10-24 23:49:53.165  9711  9768 E Bugle   : 	at java.lang.Thread.run(Thread.java:923)
10-24 23:49:53.165  9711  9768 E Bugle   : Cannot get RCS file transfer auto accept supported value
10-24 23:49:53.165  9711  9768 E Bugle   : aeei: Jibe SDK Service not available. Is the Jibe SDK service running? Did you call connect() and wait for the notification before calling an API function?
10-24 23:49:53.165  9711  9768 E Bugle   : 	at aeec.a(PG:15)
10-24 23:49:53.165  9711  9768 E Bugle   : 	at com.google.android.rcs.client.profile.RcsProfileService.a(PG:24)
10-24 23:49:53.165  9711  9768 E Bugle   : 	at com.google.android.rcs.client.profile.RcsProfileService.isFileTransferAutoAcceptSupported(PG:36)
10-24 23:49:53.165  9711  9768 E Bugle   : 	at lkn.c(PG:17)
10-24 23:49:53.165  9711  9768 E Bugle   : 	at lkn.a(PG:9)
10-24 23:49:53.165  9711  9768 E Bugle   : 	at ffe.A(PG:76)
10-24 23:49:53.165  9711  9768 E Bugle   : 	at ffe.b(PG:1252)
10-24 23:49:53.165  9711  9768 E Bugle   : 	at izh.call(Unknown Source:4)
10-24 23:49:53.165  9711  9768 E Bugle   : 	at afqg.a(Unknown Source:1)
10-24 23:49:53.165  9711  9768 E Bugle   : 	at afox.a(PG:3)
10-24 23:49:53.165  9711  9768 E Bugle   : 	at aipw.b(PG:7)
10-24 23:49:53.165  9711  9768 E Bugle   : 	at aiox.run(PG:12)
10-24 23:49:53.165  9711  9768 E Bugle   : 	at aipy.run(PG:12)
10-24 23:49:53.165  9711  9768 E Bugle   : 	at aeua.run(PG:2)
10-24 23:49:53.165  9711  9768 E Bugle   : 	at java.util.concurrent.ThreadPoolExecutor.runWorker(ThreadPoolExecutor.java:1167)
10-24 23:49:53.165  9711  9768 E Bugle   : 	at java.util.concurrent.ThreadPoolExecutor$Worker.run(ThreadPoolExecutor.java:641)
10-24 23:49:53.165  9711  9768 E Bugle   : 	at aesr.run(Unknown Source:4)
10-24 23:49:53.165  9711  9768 E Bugle   : 	at java.lang.Thread.run(Thread.java:923)
10-24 23:49:53.165  9711  9746 D MddListenableWorkerFactory: createWorker for class: com.google.android.apps.messaging.shared.datamodel.workqueue.WorkQueueWorkerShim
10-24 23:49:53.167  9711  9988 I BugleNotifications: Updating notification in conversation due to P2P suggestions [CONTEXT conversation_id="4" ]
10-24 23:49:53.168  1193  2336 W Icing   : isOptedInForAppHistory: empty Account Name encountered [CONTEXT service_id=21 ]
10-24 23:49:53.169  9711  9988 I BugleNotifications: Refreshing message notifications [CONTEXT for_incoming_messages=true for_failures=false is_silent=true is_quick_reply=false is_smart_reply_update=true conversation_id="4" ]
10-24 23:49:53.175  9711  9988 W SQLiteLog: (28) double-quoted string literal: ""
10-24 23:49:53.175  9711  9988 I chatty  : uid=10134(com.google.android.apps.messaging) Blocking Thread identical 1 line
10-24 23:49:53.175  9711  9988 W SQLiteLog: (28) double-quoted string literal: ""
10-24 23:49:53.175  1193  2336 W Icing   : isOptedInForAppHistory: empty Account Name encountered [CONTEXT service_id=21 ]
10-24 23:49:53.176  1193  7949 W Icing   : isOptedInForAppHistory: empty Account Name encountered [CONTEXT service_id=21 ]
10-24 23:49:53.181  9711  9768 W Bugle   : BuglePhoneNumberUtils: canonicalizeMccMnc: invalid mccmnc. mcc: null, mnc: null
10-24 23:49:53.210   448 10020 D AudioTrack: stop(41): called with 30720 frames delivered
10-24 23:49:53.192     0     0 W x86/PAT : NPDecoder-CL:10022 map pfn RAM range req write-combining for [mem 0x49b2e000-0x49b2efff], got write-back
10-24 23:49:53.213  9711  9744 I WM-WorkerWrapper: Worker result SUCCESS for Work [ id=68e1d6ff-ac62-410b-a9a8-4c6ff4f2b8fc, tags={ com.google.android.apps.messaging.shared.datamodel.workqueue.WorkQueueWorkerShim, log_message_sent_or_received- } ]
10-24 23:49:53.361  1753  9701 W GmsLocationProvider: Error removing location updates: 16
10-24 23:49:53.643   524   608 D InputDispatcher: Waiting to send key to Window{8f69bb5 u0 com.google.android.apps.messaging/com.google.android.apps.messaging.conversation.screen.ConversationActivity} because there are unprocessed events that may cause focus to change
10-24 23:49:53.644  9711  9711 W Bugle   : ConversationFragment{id:4}: Not sending a typing indicator because the chat service is null
10-24 23:49:53.794   524   608 D InputDispatcher: Waiting to send key to Window{8f69bb5 u0 com.google.android.apps.messaging/com.google.android.apps.messaging.conversation.screen.ConversationActivity} because there are unprocessed events that may cause focus to change
10-24 23:49:53.798  1255  2019 W native  : neural_spatial_model.cc:390 Output symbol table doesn't contain symbol: @
10-24 23:49:53.798  1255  2019 W native  : neural_spatial_model.cc:390 Output symbol table doesn't contain symbol: !
10-24 23:49:53.798  1255  2019 W native  : neural_spatial_model.cc:390 Output symbol table doesn't contain symbol: #
10-24 23:49:53.798  1255  2019 W native  : neural_spatial_model.cc:390 Output symbol table doesn't contain symbol: %
10-24 23:49:53.798  1255  2019 W native  : neural_spatial_model.cc:390 Output symbol table doesn't contain symbol: &
10-24 23:49:53.798  1255  2019 W native  : neural_spatial_model.cc:390 Output symbol table doesn't contain symbol: *
10-24 23:49:53.798  1255  2019 W native  : neural_spatial_model.cc:390 Output symbol table doesn't contain symbol: +
10-24 23:49:53.798  1255  2019 W native  : neural_spatial_model.cc:390 Output symbol table doesn't contain symbol: /
10-24 23:49:53.798  1255  2019 W native  : neural_spatial_model.cc:390 Output symbol table doesn't contain symbol: =
10-24 23:49:53.798  1255  2019 W native  : neural_spatial_model.cc:390 Output symbol table doesn't contain symbol: ?
10-24 23:49:53.798  1255  2019 W native  : neural_spatial_model.cc:390 Output symbol table doesn't contain symbol: ^
10-24 23:49:53.798  1255  2019 W native  : neural_spatial_model.cc:390 Output symbol table doesn't contain symbol: _
10-24 23:49:53.798  1255  2019 W native  : neural_spatial_model.cc:390 Output symbol table doesn't contain symbol: `
10-24 23:49:53.798  1255  2019 W native  : neural_spatial_model.cc:390 Output symbol table doesn't contain symbol: {
10-24 23:49:53.798  1255  2019 W native  : neural_spatial_model.cc:390 Output symbol table doesn't contain symbol: |
10-24 23:49:53.798  1255  2019 W native  : neural_spatial_model.cc:390 Output symbol table doesn't contain symbol: }
10-24 23:49:53.798  1255  2019 W native  : neural_spatial_model.cc:390 Output symbol table doesn't contain symbol: ~
10-24 23:49:53.839   448   448 D NuPlayerDriver: stop(0xf35c1060)
10-24 23:49:53.840  9711  9711 V MediaPlayer: resetDrmState:  mDrmInfo=null mDrmProvisioningThread=null mPrepareDrmInProgress=false mActiveDrmScheme=false
10-24 23:49:53.840  9711  9711 V MediaPlayer: cleanDrmObj: mDrmObj=null mDrmSessionId=null
10-24 23:49:53.840   448   448 D NuPlayerDriver: reset(0xf35c1060) at state 8
10-24 23:49:53.848   448 10024 I hw-BpHwBinder: onLastStrongRef automatically unlinking death recipients
10-24 23:49:53.848   457   501 I hw-BpHwBinder: onLastStrongRef automatically unlinking death recipients
10-24 23:49:53.848   457   501 V C2Store : in ~ComponentModule
10-24 23:49:53.848   457   501 V C2Store : unloading dll
10-24 23:49:53.851   448 10017 D NuPlayerDriver: notifyResetComplete(0xf35c1060)
10-24 23:49:53.851   448   448 W AMessage: failed to post message as target looper for handler 0 is gone.
10-24 23:49:53.851  9711  9711 I Bugle   : MediaPlayerManager: released 174697220
10-24 23:49:53.984   524   608 D InputDispatcher: Waiting to send key to Window{8f69bb5 u0 com.google.android.apps.messaging/com.google.android.apps.messaging.conversation.screen.ConversationActivity} because there are unprocessed events that may cause focus to change
10-24 23:49:54.223   524   608 D InputDispatcher: Waiting to send key to Window{8f69bb5 u0 com.google.android.apps.messaging/com.google.android.apps.messaging.conversation.screen.ConversationActivity} because there are unprocessed events that may cause focus to change
10-24 23:49:54.457  9711  9711 W View    : requestLayout() improperly called by android.support.v7.widget.RecyclerView{d7027dc VFED..... ......I. 0,0-1080,1523 #102000a android:id/list} during layout: running second layout pass
10-24 23:49:54.483  1255  5213 I AbstractCandidateProvider: AbstractCandidateProvider.getC2QCandidate():122 fetchPredictions() : Inactive
10-24 23:49:54.757  9711  9988 I BugleJobs: GenericWorkerQueueAction: Bailing early, no work found, no failed work found
10-24 23:49:55.779  9711  9711 I Bugle   : UI initiated message sending in conversation 4
10-24 23:49:55.783  9711  9711 I Bugle   : DraftMessageData: checkDraftForActionPreconditions, selfSubId: 1, resultPrecondition: PASSED
10-24 23:49:55.798  9711  9711 I Bugle   : MediaPlayerManager: created 193697360
10-24 23:49:55.798   448   448 D NuPlayerDriver: NuPlayerDriver(0xf35c19f0) created, clientPid(9711)
10-24 23:49:55.798  9711  9711 I Bugle   : SelectedMessagesImpl: Deselected messages []
10-24 23:49:55.800  9711  9711 E Bugle   : ConversationListItemData: Unable to get instant messaging config
10-24 23:49:55.800  9711  9711 E Bugle   : aeei: Jibe SDK Service not available. Is the Jibe SDK service running? Did you call connect() and wait for the notification before calling an API function?
10-24 23:49:55.800  9711  9711 E Bugle   : 	at aeec.a(PG:15)
10-24 23:49:55.800  9711  9711 E Bugle   : 	at com.google.android.rcs.client.profile.RcsProfileService.getRcsConfig(PG:15)
10-24 23:49:55.800  9711  9711 E Bugle   : 	at gpf.K(PG:98)
10-24 23:49:55.800  9711  9711 E Bugle   : 	at com.google.android.apps.messaging.shared.datamodel.data.ConversationData.a(PG:69)
10-24 23:49:55.800  9711  9711 E Bugle   : 	at com.google.android.apps.messaging.shared.datamodel.data.ConversationData.a(PG:150)
10-24 23:49:55.800  9711  9711 E Bugle   : 	at djj.a(PG:635)
10-24 23:49:55.800  9711  9711 E Bugle   : 	at njr.a(PG:391)
10-24 23:49:55.800  9711  9711 E Bugle   : 	at nij.a(Unknown Source:22)
10-24 23:49:55.800  9711  9711 E Bugle   : 	at gqf.a(PG:38)
10-24 23:49:55.800  9711  9711 E Bugle   : 	at ley.a(Unknown Source:1)
10-24 23:49:55.800  9711  9711 E Bugle   : 	at afoy.a(PG:3)
10-24 23:49:55.800  9711  9711 E Bugle   : 	at lfa.onPostExecute(PG:15)
10-24 23:49:55.800  9711  9711 E Bugle   : 	at android.os.AsyncTask.finish(AsyncTask.java:771)
10-24 23:49:55.800  9711  9711 E Bugle   : 	at android.os.AsyncTask.access$900(AsyncTask.java:199)
10-24 23:49:55.800  9711  9711 E Bugle   : 	at android.os.AsyncTask$InternalHandler.handleMessage(AsyncTask.java:788)
10-24 23:49:55.800  9711  9711 E Bugle   : 	at android.os.Handler.dispatchMessage(Handler.java:106)
10-24 23:49:55.800  9711  9711 E Bugle   : 	at android.os.Looper.loop(Looper.java:223)
10-24 23:49:55.800  9711  9711 E Bugle   : 	at android.app.ActivityThread.main(ActivityThread.java:7656)
10-24 23:49:55.800  9711  9711 E Bugle   : 	at java.lang.reflect.Method.invoke(Native Method)
10-24 23:49:55.800  9711  9711 E Bugle   : 	at com.android.internal.os.RuntimeInit$MethodAndArgsCaller.run(RuntimeInit.java:592)
10-24 23:49:55.800  9711  9711 E Bugle   : 	at com.android.internal.os.ZygoteInit.main(ZygoteInit.java:947)
10-24 23:49:55.801  9711  9711 W Bugle   : BugleRcsContactsServiceImpl: Error getting cached capabilities from ContactsService
10-24 23:49:55.801  9711  9711 W Bugle   : jhz: Failed to get capabilities from ContactsService.
10-24 23:49:55.801  9711  9711 W Bugle   : 	at kob.c(PG:14)
10-24 23:49:55.801  9711  9711 W Bugle   : 	at gpf.N(PG:31)
10-24 23:49:55.801  9711  9711 W Bugle   : 	at com.google.android.apps.messaging.shared.datamodel.data.ConversationData.a(PG:74)
10-24 23:49:55.801  9711  9711 W Bugle   : 	at com.google.android.apps.messaging.shared.datamodel.data.ConversationData.a(PG:150)
10-24 23:49:55.801  9711  9711 W Bugle   : 	at djj.a(PG:635)
10-24 23:49:55.801  9711  9711 W Bugle   : 	at njr.a(PG:391)
10-24 23:49:55.801  9711  9711 W Bugle   : 	at nij.a(Unknown Source:22)
10-24 23:49:55.801  9711  9711 W Bugle   : 	at gqf.a(PG:38)
10-24 23:49:55.801  9711  9711 W Bugle   : 	at ley.a(Unknown Source:1)
10-24 23:49:55.801  9711  9711 W Bugle   : 	at afoy.a(PG:3)
10-24 23:49:55.801  9711  9711 W Bugle   : 	at lfa.onPostExecute(PG:15)
10-24 23:49:55.801  9711  9711 W Bugle   : 	at android.os.AsyncTask.finish(AsyncTask.java:771)
10-24 23:49:55.801  9711  9711 W Bugle   : 	at android.os.AsyncTask.access$900(AsyncTask.java:199)
10-24 23:49:55.801  9711  9711 W Bugle   : 	at android.os.AsyncTask$InternalHandler.handleMessage(AsyncTask.java:788)
10-24 23:49:55.801  9711  9711 W Bugle   : 	at android.os.Handler.dispatchMessage(Handler.java:106)
10-24 23:49:55.801  9711  9711 W Bugle   : 	at android.os.Looper.loop(Looper.java:223)
10-24 23:49:55.801  9711  9711 W Bugle   : 	at android.app.ActivityThread.main(ActivityThread.java:7656)
10-24 23:49:55.801  9711  9711 W Bugle   : 	at java.lang.reflect.Method.invoke(Native Method)
10-24 23:49:55.801  9711  9711 W Bugle   : 	at com.android.internal.os.RuntimeInit$MethodAndArgsCaller.run(RuntimeInit.java:592)
10-24 23:49:55.801  9711  9711 W Bugle   : 	at com.android.internal.os.ZygoteInit.main(ZygoteInit.java:947)
10-24 23:49:55.801  9711  9711 W Bugle   : Caused by: aeei: Jibe SDK Service not available. Is the Jibe SDK service running? Did you call connect() and wait for the notification before calling an API function?
10-24 23:49:55.801  9711  9711 W Bugle   : 	at aeec.a(PG:15)
10-24 23:49:55.801  9711  9711 W Bugle   : 	at com.google.android.rcs.client.contacts.ContactsService.getCachedCapabilities(PG:12)
10-24 23:49:55.801  9711  9711 W Bugle   : 	at kob.c(PG:11)
10-24 23:49:55.801  9711  9711 W Bugle   : 	... 19 more
10-24 23:49:55.801  9711  9711 I BugleDataModel: ConversationData{id:4}: send message {null} to 1 recipients
10-24 23:49:55.807  9711  9711 I Bugle   : DraftMessageTypeConverter: draft switching to xMS.
10-24 23:49:55.812  9711  9768 I BugleDataModel: InsertNewMessageAction: inserting new message.
10-24 23:49:55.814  9711  9711 W View    : requestLayout() improperly called by android.support.v7.widget.RecyclerView{d7027dc VFED..... ......ID 0,0-1080,1523 #102000a android:id/list} during layout: running second layout pass
10-24 23:49:55.818   448 10027 D GenericSource: FileSource remote
10-24 23:49:55.824  9711  9711 W IInputConnectionWrapper: getTextBeforeCursor on inactive InputConnection
10-24 23:49:55.836   448 10026 I GenericSource: start
10-24 23:49:55.838  9711  9711 W IInputConnectionWrapper: getSelectedText on inactive InputConnection
10-24 23:49:55.843   448 10031 D CCodec  : allocate(c2.android.aac.decoder)
10-24 23:49:55.843  9711  9711 W IInputConnectionWrapper: getTextAfterCursor on inactive InputConnection
10-24 23:49:55.843   457   501 V C2Store : in init
10-24 23:49:55.843   457   501 V C2Store : loading dll
10-24 23:49:55.844  9711  9711 W IInputConnectionWrapper: getCursorCapsMode on inactive InputConnection
10-24 23:49:55.845  1255  5213 I AbstractCandidateProvider: AbstractCandidateProvider.getC2QCandidate():122 fetchPredictions() : Inactive
10-24 23:49:55.847   448 10031 I CCodec  : Created component [c2.android.aac.decoder]
10-24 23:49:55.847   448 10031 D CCodecConfig: read media type: audio/mp4a-latm
10-24 23:49:55.847  9711  9711 W IInputConnectionWrapper: getCursorCapsMode on inactive InputConnection
10-24 23:49:55.849  1255  1255 W SessionManager: SessionManager.beginSession():53 Try to begin an already begun session [INPUT_SESSION], end it first
10-24 23:49:55.849  1255  1255 W SessionManager: SessionManager.endSession():96 Child session [INPUT_VIEW_SESSION] is not ended while ending session [{IME_SESSION=1761324592770, INPUT_VIEW_SESSION=1761324592713, TRAINING_CACHE_SESSION=1761324592770, INPUT_SESSION=1761324592709}], ending it now.
10-24 23:49:55.849  1255  1255 W SessionManager: SessionManager.endSession():96 Child session [IME_SESSION] is not ended while ending session [{IME_SESSION=1761324592770, INPUT_VIEW_SESSION=1761324592713, TRAINING_CACHE_SESSION=1761324592770, INPUT_SESSION=1761324592709}], ending it now.
10-24 23:49:55.850  1255  1255 W SessionManager: SessionManager.endSession():96 Child session [TRAINING_CACHE_SESSION] is not ended while ending session [{IME_SESSION=1761324592770, INPUT_VIEW_SESSION=1761324592713, TRAINING_CACHE_SESSION=1761324592770, INPUT_SESSION=1761324592709}], ending it now.
10-24 23:49:55.851   448 10031 D ReflectedParamUpdater: extent() != 1 for single value type: algo.buffers.max-count.values
10-24 23:49:55.851   448 10031 D ReflectedParamUpdater: extent() != 1 for single value type: output.subscribed-indices.values
10-24 23:49:55.851   448 10031 D ReflectedParamUpdater: extent() != 1 for single value type: input.buffers.allocator-ids.values
10-24 23:49:55.852   448 10031 D ReflectedParamUpdater: extent() != 1 for single value type: output.buffers.allocator-ids.values
10-24 23:49:55.852   448 10031 D ReflectedParamUpdater: extent() != 1 for single value type: algo.buffers.allocator-ids.values
10-24 23:49:55.852   448 10031 D ReflectedParamUpdater: extent() != 1 for single value type: output.buffers.pool-ids.values
10-24 23:49:55.854   448 10031 D ReflectedParamUpdater: extent() != 1 for single value type: algo.buffers.pool-ids.values
10-24 23:49:55.860   448 10031 I CCodecConfig: query failed after returning 19 values (BAD_INDEX)
10-24 23:49:55.860   448 10031 D CCodecConfig: c2 config diff is Dict {
10-24 23:49:55.860   448 10031 D CCodecConfig:   c2::u32 coded.aac-packaging.value = 0
10-24 23:49:55.860   448 10031 D CCodecConfig:   c2::u32 coded.bitrate.value = 64000
10-24 23:49:55.860   448 10031 D CCodecConfig:   c2::u32 coded.pl.level = 0
10-24 23:49:55.860   448 10031 D CCodecConfig:   c2::u32 coded.pl.profile = 8192
10-24 23:49:55.860   448 10031 D CCodecConfig:   c2::i32 coding.drc.album-mode.value = 0
10-24 23:49:55.860   448 10031 D CCodecConfig:   c2::float coding.drc.attenuation-factor.value = 1
10-24 23:49:55.860   448 10031 D CCodecConfig:   c2::float coding.drc.boost-factor.value = 1
10-24 23:49:55.860   448 10031 D CCodecConfig:   c2::i32 coding.drc.compression-mode.value = 3
10-24 23:49:55.860   448 10031 D CCodecConfig:   c2::i32 coding.drc.effect-type.value = 3
10-24 23:49:55.860   448 10031 D CCodecConfig:   c2::float coding.drc.encoded-level.value = 0.25
10-24 23:49:55.860   448 10031 D CCodecConfig:   c2::float coding.drc.reference-level.value = -16
10-24 23:49:55.860   448 10031 D CCodecConfig:   c2::u32 input.buffers.max-size.value = 8192
10-24 23:49:55.860   448 10031 D CCodecConfig:   c2::u32 input.delay.value = 0
10-24 23:49:55.860   448 10031 D CCodecConfig:   string input.media-type.value = "audio/mp4a-latm"
10-24 23:49:55.860   448 10031 D CCodecConfig:   c2::u32 output.delay.value = 2
10-24 23:49:55.860   448 10031 D CCodecConfig:   c2::float output.drc.output-loudness.value = 0.25
10-24 23:49:55.860   448 10031 D CCodecConfig:   string output.media-type.value = "audio/raw"
10-24 23:49:55.860   448 10031 D CCodecConfig:   c2::u32 raw.channel-count.value = 1
10-24 23:49:55.860   448 10031 D CCodecConfig:   c2::u32 raw.max-channel-count.value = 8
10-24 23:49:55.860   448 10031 D CCodecConfig:   c2::u32 raw.sample-rate.value = 44100
10-24 23:49:55.860   448 10031 D CCodecConfig: }
10-24 23:49:55.863   448 10031 D CCodec  : [c2.android.aac.decoder] buffers are bound to CCodec for this session
