10-24 23:49:38.103  1255  5213 I AbstractCandidateProvider: AbstractCandidateProvider.getC2QCandidate():122 fetchPredictions() : Inactive
10-24 23:49:38.107  1255  1255 W InputContextProxy: InputContextProxy.applyClientDiffInternal():832 Ignore [FetchSuggestions] diff due to stale request: 262<266, inputStateId=260, lastInputStateId=263
10-24 23:49:38.107  1255  1255 W InputContextProxy: InputContextProxy.applyClientDiffInternal():832 Ignore [FetchSuggestions] diff due to stale request: 264<266, inputStateId=262, lastInputStateId=263
10-24 23:49:38.107   524   872 D AutofillInlineSuggestionsRequestSession: onInlineSuggestionsUnsupported() called.
10-24 23:49:38.109   524  1529 D AutofillInlineSuggestionsRequestSession: onInlineSuggestionsSessionInvalidated() called.
10-24 23:49:38.121  1193  1193 I kqw     : App[ com.google.android.apps.messaging ] or Activity[ com.google.android.apps.messaging.conversation.screen.ConversationActivity ] excluded from AwG [CONTEXT service_id=177 ]
10-24 23:49:38.135   524   524 E RemoteAugmentedAutofillService: Bad service name for flags 1048704: com.google.android.as/com.google.android.apps.miphone.aiai.app.AiAiAugmentedAutofillService
10-24 23:49:38.135   524   524 D AutofillInlineSuggestionsRequestSession: onInlineSuggestionsResponseLocked called for:1073741827@775258272
10-24 23:49:38.136   524   544 D AutofillUI: destroySaveUiUiThread(): already destroyed
10-24 23:49:38.138   989   989 V InlineSuggestionRenderService: handleDestroySuggestionViews called for 0:775258272
10-24 23:49:38.146  9922  9922 D AndroidRuntime: >>>>>> START com.android.internal.os.RuntimeInit uid 0 <<<<<<
10-24 23:49:38.150  9922  9922 I AndroidRuntime: Using default boot image
10-24 23:49:38.150  9922  9922 I AndroidRuntime: Leaving lock profiling enabled
10-24 23:49:38.151  9922  9922 I app_process: Core platform API reporting enabled, enforcing=false
10-24 23:49:38.168  1255  1272 I putmethod.lati: Background young concurrent copying GC freed 25260(1474KB) AllocSpace objects, 16(832KB) LOS objects, 45% free, 8821KB/15MB, paused 9.022ms total 38.484ms
10-24 23:49:38.222  9922  9922 D app_process: Time zone APEX ICU file found: /apex/com.android.tzdata/etc/icu/icu_tzdata.dat
10-24 23:49:38.222  9922  9922 D app_process: I18n APEX ICU file found: /apex/com.android.i18n/etc/icu/icudt66l.dat
10-24 23:49:38.228  9922  9922 W app_process: Unexpected CPU variant for X86 using defaults: x86
10-24 23:49:38.230  9922  9922 I app_process: The ClassLoaderContext is a special shared library.
10-24 23:49:38.252  9922  9922 W app_process: JNI RegisterNativeMethods: attempt to register 0 native methods for android.media.AudioAttributes
10-24 23:49:38.258  9922  9922 D AndroidRuntime: Calling main entry com.android.commands.content.Content
10-24 23:49:38.259  9922  9922 D AndroidRuntime: Shutting down VM
10-24 23:49:38.892  9711  9711 I Bugle   : SelectedMessagesImpl: Deselected messages []
10-24 23:49:38.907  9936  9936 D AndroidRuntime: >>>>>> START com.android.internal.os.RuntimeInit uid 0 <<<<<<
10-24 23:49:38.909  9711  9711 W BugleDataModel: ActionExecutorImpl: Tried to cancel job 101 that can't be found. already finished?
10-24 23:49:38.910  9936  9936 I AndroidRuntime: Using default boot image
10-24 23:49:38.910  9936  9936 I AndroidRuntime: Leaving lock profiling enabled
10-24 23:49:38.913  9936  9936 I app_process: Core platform API reporting enabled, enforcing=false
10-24 23:49:38.952  9936  9936 D app_process: Time zone APEX ICU file found: /apex/com.android.tzdata/etc/icu/icu_tzdata.dat
10-24 23:49:38.952  9936  9936 D app_process: I18n APEX ICU file found: /apex/com.android.i18n/etc/icu/icudt66l.dat
10-24 23:49:38.955  9936  9936 W app_process: Unexpected CPU variant for X86 using defaults: x86
10-24 23:49:38.956  9936  9936 I app_process: The ClassLoaderContext is a special shared library.
10-24 23:49:38.965  9936  9936 W app_process: JNI RegisterNativeMethods: attempt to register 0 native methods for android.media.AudioAttributes
10-24 23:49:38.993  9936  9936 D AndroidRuntime: Calling main entry com.android.commands.content.Content
10-24 23:49:38.994  9936  9936 D AndroidRuntime: Shutting down VM
10-24 23:49:39.100   524   608 D InputDispatcher: Waiting to send key to Window{d7067cb u0 com.google.android.apps.messaging/com.google.android.apps.messaging.conversation.screen.ConversationActivity} because there are unprocessed events that may cause focus to change
10-24 23:49:39.103  9711  9711 W Bugle   : ConversationFragment{id:3}: Not sending a typing indicator because the chat service is null
10-24 23:49:39.155  1255  1255 I ShortcutsDataManager: ShortcutsDataManager.onContentChanged():89 onContentChanged()
10-24 23:49:39.176   524   608 D InputDispatcher: Waiting to send key to Window{d7067cb u0 com.google.android.apps.messaging/com.google.android.apps.messaging.conversation.screen.ConversationActivity} because there are unprocessed events that may cause focus to change
10-24 23:49:39.180  1255  2019 W native  : neural_spatial_model.cc:390 Output symbol table doesn't contain symbol: @
10-24 23:49:39.181  1255  2019 W native  : neural_spatial_model.cc:390 Output symbol table doesn't contain symbol: !
10-24 23:49:39.181  1255  2019 W native  : neural_spatial_model.cc:390 Output symbol table doesn't contain symbol: #
10-24 23:49:39.181  1255  2019 W native  : neural_spatial_model.cc:390 Output symbol table doesn't contain symbol: %
10-24 23:49:39.181  1255  2019 W native  : neural_spatial_model.cc:390 Output symbol table doesn't contain symbol: &
10-24 23:49:39.181  1255  2019 W native  : neural_spatial_model.cc:390 Output symbol table doesn't contain symbol: *
10-24 23:49:39.181  1255  2019 W native  : neural_spatial_model.cc:390 Output symbol table doesn't contain symbol: +
10-24 23:49:39.181  1255  2019 W native  : neural_spatial_model.cc:390 Output symbol table doesn't contain symbol: /
10-24 23:49:39.181  1255  2019 W native  : neural_spatial_model.cc:390 Output symbol table doesn't contain symbol: =
10-24 23:49:39.181  1255  2019 W native  : neural_spatial_model.cc:390 Output symbol table doesn't contain symbol: ?
10-24 23:49:39.181  1255  2019 W native  : neural_spatial_model.cc:390 Output symbol table doesn't contain symbol: ^
10-24 23:49:39.181  1255  2019 W native  : neural_spatial_model.cc:390 Output symbol table doesn't contain symbol: _
10-24 23:49:39.181  1255  2019 W native  : neural_spatial_model.cc:390 Output symbol table doesn't contain symbol: `
10-24 23:49:39.181  1255  2019 W native  : neural_spatial_model.cc:390 Output symbol table doesn't contain symbol: {
10-24 23:49:39.181  1255  2019 W native  : neural_spatial_model.cc:390 Output symbol table doesn't contain symbol: |
10-24 23:49:39.181  1255  2019 W native  : neural_spatial_model.cc:390 Output symbol table doesn't contain symbol: }
10-24 23:49:39.181  1255  2019 W native  : neural_spatial_model.cc:390 Output symbol table doesn't contain symbol: ~
10-24 23:49:39.537   524   608 D InputDispatcher: Waiting to send key to Window{d7067cb u0 com.google.android.apps.messaging/com.google.android.apps.messaging.conversation.screen.ConversationActivity} because there are unprocessed events that may cause focus to change
10-24 23:49:39.656  9711  9770 I BugleJobs: GenericWorkerQueueAction: Work found
10-24 23:49:39.688   524   608 D InputDispatcher: Waiting to send key to Window{d7067cb u0 com.google.android.apps.messaging/com.google.android.apps.messaging.conversation.screen.ConversationActivity} because there are unprocessed events that may cause focus to change
10-24 23:49:39.762  9956  9958 I cmd     : oneway function results will be dropped but finished with status OK and parcel size 4
10-24 23:49:39.765  1436  4020 I MediaProvider: Begin Intent { act=android.intent.action.MEDIA_SCANNER_SCAN_FILE dat=file:////storage/emulated/0/Pictures/1.jpg flg=0x1400010 cmp=com.google.android.providers.media.module/com.android.providers.media.MediaService }
10-24 23:49:39.768   524   608 D InputDispatcher: Waiting to send key to Window{d7067cb u0 com.google.android.apps.messaging/com.google.android.apps.messaging.conversation.screen.ConversationActivity} because there are unprocessed events that may cause focus to change
10-24 23:49:39.776  1436  4020 I MediaProvider: End Intent { act=android.intent.action.MEDIA_SCANNER_SCAN_FILE dat=file:////storage/emulated/0/Pictures/1.jpg flg=0x1400010 cmp=com.google.android.providers.media.module/com.android.providers.media.MediaService }
10-24 23:49:39.784  9711  9784 W SQLiteLog: (28) double-quoted string literal: ""
10-24 23:49:39.784  9711  9784 I chatty  : uid=10134(com.google.android.apps.messaging) Blocking Thread identical 4 lines
10-24 23:49:39.784  9711  9784 W SQLiteLog: (28) double-quoted string literal: ""
10-24 23:49:39.789  9711  9784 I BugleJobs: GenericWorkerQueueAction: Rescheduling immediately
10-24 23:49:39.797   524   608 D InputDispatcher: Waiting to send key to Window{d7067cb u0 com.google.android.apps.messaging/com.google.android.apps.messaging.conversation.screen.ConversationActivity} because there are unprocessed events that may cause focus to change
10-24 23:49:39.818  9711  9748 W BugleDataModel: BugleDatabaseOperations: Unexpected list of latest{size:0} is returned.
10-24 23:49:39.854  9711  9768 I BugleJobs: GenericWorkerQueueAction: Bailing early, no work found, no failed work found
10-24 23:49:40.183  9962  9964 I cmd     : oneway function results will be dropped but finished with status OK and parcel size 4
10-24 23:49:40.184  1436  4020 I MediaProvider: Begin Intent { act=android.intent.action.MEDIA_SCANNER_SCAN_FILE dat=file:////storage/emulated/0/Pictures/2.jpg flg=0x1400010 cmp=com.google.android.providers.media.module/com.android.providers.media.MediaService }
10-24 23:49:40.195  1436  4020 I MediaProvider: End Intent { act=android.intent.action.MEDIA_SCANNER_SCAN_FILE dat=file:////storage/emulated/0/Pictures/2.jpg flg=0x1400010 cmp=com.google.android.providers.media.module/com.android.providers.media.MediaService }
10-24 23:49:40.214  9711  9746 W BugleDataModel: BugleDatabaseOperations: Unexpected list of latest{size:0} is returned.
10-24 23:49:40.364   419   419 I perfetto: probes_producer.cc:329  Producer stop (id=120)
10-24 23:49:40.365   430   430 I perfetto: ng_service_impl.cc:1948 Tracing session 120 ended, total sessions:0
10-24 23:49:40.366   419   419 I perfetto: ftrace_procfs.cc:183    disabled ftrace
10-24 23:49:40.350     0     0 W perfetto: disabled ftrace
10-24 23:49:40.388  9711  9711 I Bugle   : UI initiated message sending in conversation 3
10-24 23:49:40.392  9711  9711 I Bugle   : DraftMessageData: checkDraftForActionPreconditions, selfSubId: 1, resultPrecondition: PASSED
10-24 23:49:40.402   524  1529 I system_server: oneway function results will be dropped but finished with status OK and parcel size 4
10-24 23:49:40.402   524  1529 I system_server: oneway function results will be dropped but finished with status OK and parcel size 4
10-24 23:49:40.404  9711  9711 I Bugle   : MediaPlayerManager: created 193963623
10-24 23:49:40.407  9711  9711 I Bugle   : SelectedMessagesImpl: Deselected messages []
10-24 23:49:40.414   448  4081 D NuPlayerDriver: NuPlayerDriver(0xf35c19f0) created, clientPid(9711)
10-24 23:49:40.416  9711  9711 E Bugle   : ConversationListItemData: Unable to get instant messaging config
10-24 23:49:40.416  9711  9711 E Bugle   : aeei: Jibe SDK Service not available. Is the Jibe SDK service running? Did you call connect() and wait for the notification before calling an API function?
10-24 23:49:40.416  9711  9711 E Bugle   : 	at aeec.a(PG:15)
10-24 23:49:40.416  9711  9711 E Bugle   : 	at com.google.android.rcs.client.profile.RcsProfileService.getRcsConfig(PG:15)
10-24 23:49:40.416  9711  9711 E Bugle   : 	at gpf.K(PG:98)
10-24 23:49:40.416  9711  9711 E Bugle   : 	at com.google.android.apps.messaging.shared.datamodel.data.ConversationData.a(PG:69)
10-24 23:49:40.416  9711  9711 E Bugle   : 	at com.google.android.apps.messaging.shared.datamodel.data.ConversationData.a(PG:150)
10-24 23:49:40.416  9711  9711 E Bugle   : 	at djj.a(PG:635)
10-24 23:49:40.416  9711  9711 E Bugle   : 	at njr.a(PG:391)
10-24 23:49:40.416  9711  9711 E Bugle   : 	at nij.a(Unknown Source:22)
10-24 23:49:40.416  9711  9711 E Bugle   : 	at gqf.a(PG:38)
10-24 23:49:40.416  9711  9711 E Bugle   : 	at ley.a(Unknown Source:1)
10-24 23:49:40.416  9711  9711 E Bugle   : 	at afoy.a(PG:3)
10-24 23:49:40.416  9711  9711 E Bugle   : 	at lfa.onPostExecute(PG:15)
10-24 23:49:40.416  9711  9711 E Bugle   : 	at android.os.AsyncTask.finish(AsyncTask.java:771)
10-24 23:49:40.416  9711  9711 E Bugle   : 	at android.os.AsyncTask.access$900(AsyncTask.java:199)
10-24 23:49:40.416  9711  9711 E Bugle   : 	at android.os.AsyncTask$InternalHandler.handleMessage(AsyncTask.java:788)
10-24 23:49:40.416  9711  9711 E Bugle   : 	at android.os.Handler.dispatchMessage(Handler.java:106)
10-24 23:49:40.416  9711  9711 E Bugle   : 	at android.os.Looper.loop(Looper.java:223)
10-24 23:49:40.416  9711  9711 E Bugle   : 	at android.app.ActivityThread.main(ActivityThread.java:7656)
10-24 23:49:40.416  9711  9711 E Bugle   : 	at java.lang.reflect.Method.invoke(Native Method)
10-24 23:49:40.416  9711  9711 E Bugle   : 	at com.android.internal.os.RuntimeInit$MethodAndArgsCaller.run(RuntimeInit.java:592)
10-24 23:49:40.416  9711  9711 E Bugle   : 	at com.android.internal.os.ZygoteInit.main(ZygoteInit.java:947)
10-24 23:49:40.417  9711  9711 W Bugle   : BugleRcsContactsServiceImpl: Error getting cached capabilities from ContactsService
10-24 23:49:40.417  9711  9711 W Bugle   : jhz: Failed to get capabilities from ContactsService.
10-24 23:49:40.417  9711  9711 W Bugle   : 	at kob.c(PG:14)
10-24 23:49:40.417  9711  9711 W Bugle   : 	at gpf.N(PG:31)
10-24 23:49:40.417  9711  9711 W Bugle   : 	at com.google.android.apps.messaging.shared.datamodel.data.ConversationData.a(PG:74)
10-24 23:49:40.417  9711  9711 W Bugle   : 	at com.google.android.apps.messaging.shared.datamodel.data.ConversationData.a(PG:150)
10-24 23:49:40.417  9711  9711 W Bugle   : 	at djj.a(PG:635)
10-24 23:49:40.417  9711  9711 W Bugle   : 	at njr.a(PG:391)
10-24 23:49:40.417  9711  9711 W Bugle   : 	at nij.a(Unknown Source:22)
10-24 23:49:40.417  9711  9711 W Bugle   : 	at gqf.a(PG:38)
10-24 23:49:40.417  9711  9711 W Bugle   : 	at ley.a(Unknown Source:1)
10-24 23:49:40.417  9711  9711 W Bugle   : 	at afoy.a(PG:3)
10-24 23:49:40.417  9711  9711 W Bugle   : 	at lfa.onPostExecute(PG:15)
10-24 23:49:40.417  9711  9711 W Bugle   : 	at android.os.AsyncTask.finish(AsyncTask.java:771)
10-24 23:49:40.417  9711  9711 W Bugle   : 	at android.os.AsyncTask.access$900(AsyncTask.java:199)
10-24 23:49:40.417  9711  9711 W Bugle   : 	at android.os.AsyncTask$InternalHandler.handleMessage(AsyncTask.java:788)
10-24 23:49:40.417  9711  9711 W Bugle   : 	at android.os.Handler.dispatchMessage(Handler.java:106)
10-24 23:49:40.417  9711  9711 W Bugle   : 	at android.os.Looper.loop(Looper.java:223)
10-24 23:49:40.417  9711  9711 W Bugle   : 	at android.app.ActivityThread.main(ActivityThread.java:7656)
10-24 23:49:40.417  9711  9711 W Bugle   : 	at java.lang.reflect.Method.invoke(Native Method)
10-24 23:49:40.417  9711  9711 W Bugle   : 	at com.android.internal.os.RuntimeInit$MethodAndArgsCaller.run(RuntimeInit.java:592)
10-24 23:49:40.417  9711  9711 W Bugle   : 	at com.android.internal.os.ZygoteInit.main(ZygoteInit.java:947)
10-24 23:49:40.417  9711  9711 W Bugle   : Caused by: aeei: Jibe SDK Service not available. Is the Jibe SDK service running? Did you call connect() and wait for the notification before calling an API function?
10-24 23:49:40.417  9711  9711 W Bugle   : 	at aeec.a(PG:15)
10-24 23:49:40.417  9711  9711 W Bugle   : 	at com.google.android.rcs.client.contacts.ContactsService.getCachedCapabilities(PG:12)
10-24 23:49:40.417  9711  9711 W Bugle   : 	at kob.c(PG:11)
10-24 23:49:40.417  9711  9711 W Bugle   : 	... 19 more
10-24 23:49:40.418  9711  9711 I BugleDataModel: ConversationData{id:3}: send message {null} to 1 recipients
10-24 23:49:40.423  9711  9784 I BugleDataModel: InsertNewMessageAction: inserting new message.
10-24 23:49:40.430  9711  9746 W SQLiteLog: (28) double-quoted string literal: ""
10-24 23:49:40.430  9711  9746 I chatty  : uid=10134(com.google.android.apps.messaging) BG Thread #1 identical 1 line
10-24 23:49:40.430  9711  9746 W SQLiteLog: (28) double-quoted string literal: ""
10-24 23:49:40.443  9711  9711 I TextToSpeech: Sucessfully bound to com.google.android.tts
10-24 23:49:40.449  9711  9711 I Bugle   : DraftMessageTypeConverter: draft switching to xMS.
10-24 23:49:40.449  5247  5247 I TTS.GoogleTTSService: Creating Google TTS service, version 22.10.313224691
10-24 23:49:40.462  5247  5247 W TTS.Dispatcher: No network voice found, will fall back to local immediately
10-24 23:49:40.467  9711  9711 W IInputConnectionWrapper: getTextBeforeCursor on inactive InputConnection
10-24 23:49:40.471   448  9967 D GenericSource: FileSource remote
10-24 23:49:40.482  9711  9711 W Bugle   : contact provider didn't provide contact label information, fall back to using display name!
10-24 23:49:40.510  9711  9711 I TextToSpeech: Connected to ComponentInfo{com.google.android.tts/com.google.android.tts.service.GoogleTTSService}
10-24 23:49:40.511  9711  9711 W IInputConnectionWrapper: getSelectedText on inactive InputConnection
10-24 23:49:40.517   448  9966 I GenericSource: start
10-24 23:49:40.518  5247  9082 W TTS.Dispatcher: The requested voice is not available for this app identifier
10-24 23:49:40.523  5247  9082 I TTS.GoogleTTSServiceImp: currentLocale = en-US
10-24 23:49:40.524  5247  9082 W TTS.Dispatcher: The requested voice is not available for this app identifier
10-24 23:49:40.524   448  9973 D CCodec  : allocate(c2.android.aac.decoder)
10-24 23:49:40.525   457   892 V C2Store : in init
10-24 23:49:40.525   457   892 V C2Store : loading dll
10-24 23:49:40.526  5247  9082 I TTS.GoogleTTSServiceImp: For default lang en-us is name en-US-language (en-us-x-sfg-server)
10-24 23:49:40.526  9711  9864 I TextToSpeech: Set up connection to ComponentInfo{com.google.android.tts/com.google.android.tts.service.GoogleTTSService}
10-24 23:49:40.532   448  9973 I CCodec  : Created component [c2.android.aac.decoder]
10-24 23:49:40.532   448  9973 D CCodecConfig: read media type: audio/mp4a-latm
10-24 23:49:40.533   448  9973 D ReflectedParamUpdater: extent() != 1 for single value type: algo.buffers.max-count.values
10-24 23:49:40.533   448  9973 D ReflectedParamUpdater: extent() != 1 for single value type: output.subscribed-indices.values
10-24 23:49:40.533   448  9973 D ReflectedParamUpdater: extent() != 1 for single value type: input.buffers.allocator-ids.values
10-24 23:49:40.533   448  9973 D ReflectedParamUpdater: extent() != 1 for single value type: output.buffers.allocator-ids.values
10-24 23:49:40.533   448  9973 D ReflectedParamUpdater: extent() != 1 for single value type: algo.buffers.allocator-ids.values
10-24 23:49:40.533   448  9973 D ReflectedParamUpdater: extent() != 1 for single value type: output.buffers.pool-ids.values
10-24 23:49:40.533   448  9973 D ReflectedParamUpdater: extent() != 1 for single value type: algo.buffers.pool-ids.values
10-24 23:49:40.535   448  9973 I CCodecConfig: query failed after returning 19 values (BAD_INDEX)
10-24 23:49:40.535   448  9973 D CCodecConfig: c2 config diff is Dict {
10-24 23:49:40.535   448  9973 D CCodecConfig:   c2::u32 coded.aac-packaging.value = 0
10-24 23:49:40.535   448  9973 D CCodecConfig:   c2::u32 coded.bitrate.value = 64000
10-24 23:49:40.535   448  9973 D CCodecConfig:   c2::u32 coded.pl.level = 0
10-24 23:49:40.535   448  9973 D CCodecConfig:   c2::u32 coded.pl.profile = 8192
10-24 23:49:40.535   448  9973 D CCodecConfig:   c2::i32 coding.drc.album-mode.value = 0
10-24 23:49:40.535   448  9973 D CCodecConfig:   c2::float coding.drc.attenuation-factor.value = 1
10-24 23:49:40.535   448  9973 D CCodecConfig:   c2::float coding.drc.boost-factor.value = 1
10-24 23:49:40.535   448  9973 D CCodecConfig:   c2::i32 coding.drc.compression-mode.value = 3
10-24 23:49:40.535   448  9973 D CCodecConfig:   c2::i32 coding.drc.effect-type.value = 3
10-24 23:49:40.535   448  9973 D CCodecConfig:   c2::float coding.drc.encoded-level.value = 0.25
10-24 23:49:40.535   448  9973 D CCodecConfig:   c2::float coding.drc.reference-level.value = -16
10-24 23:49:40.535   448  9973 D CCodecConfig:   c2::u32 input.buffers.max-size.value = 8192
10-24 23:49:40.535   448  9973 D CCodecConfig:   c2::u32 input.delay.value = 0
10-24 23:49:40.535   448  9973 D CCodecConfig:   string input.media-type.value = "audio/mp4a-latm"
10-24 23:49:40.535   448  9973 D CCodecConfig:   c2::u32 output.delay.value = 2
10-24 23:49:40.535   448  9973 D CCodecConfig:   c2::float output.drc.output-loudness.value = 0.25
10-24 23:49:40.535   448  9973 D CCodecConfig:   string output.media-type.value = "audio/raw"
10-24 23:49:40.535   448  9973 D CCodecConfig:   c2::u32 raw.channel-count.value = 1
10-24 23:49:40.535   448  9973 D CCodecConfig:   c2::u32 raw.max-channel-count.value = 8
10-24 23:49:40.535   448  9973 D CCodecConfig:   c2::u32 raw.sample-rate.value = 44100
10-24 23:49:40.535   448  9973 D CCodecConfig: }
10-24 23:49:40.535  9711  9711 W IInputConnectionWrapper: getTextAfterCursor on inactive InputConnection
10-24 23:49:40.536   448  9973 D CCodec  : [c2.android.aac.decoder] buffers are bound to CCodec for this session
10-24 23:49:40.536   448  9973 D CCodecConfig: no c2 equivalents for durationUs
10-24 23:49:40.536   448  9973 D CCodecConfig: no c2 equivalents for track-id
10-24 23:49:40.536   448  9973 D CCodecConfig: no c2 equivalents for language
10-24 23:49:40.536   448  9973 D CCodecConfig: no c2 equivalents for aac-profile
10-24 23:49:40.536   448  9973 D CCodecConfig: no c2 equivalents for flags
10-24 23:49:40.538   448  9973 D CCodecConfig: config failed => CORRUPTED
10-24 23:49:40.539   448  9973 D CCodecConfig: c2 config diff is   c2::u32 raw.channel-count.value = 2
10-24 23:49:40.539   448  9973 D CCodecConfig:   c2::u32 raw.sample-rate.value = 48000
10-24 23:49:40.539  1255  5213 I AbstractCandidateProvider: AbstractCandidateProvider.getC2QCandidate():122 fetchPredictions() : Inactive
10-24 23:49:40.539   448  9973 W Codec2Client: query -- param skipped: index = 1107298332.
10-24 23:49:40.539   448  9973 D CCodec  : client requested max input size 512, which is smaller than what component recommended (8192); overriding with component recommendation.
10-24 23:49:40.539   448  9973 W CCodec  : This behavior is subject to change. It is recommended that app developers double check whether the requested max input size is in reasonable range.
10-24 23:49:40.539   448  9973 D CCodec  : setup formats input: AMessage(what = 0x00000000) = {
10-24 23:49:40.539   448  9973 D CCodec  :   int32_t aac-drc-album-mode = 0
10-24 23:49:40.539   448  9973 D CCodec  :   int32_t aac-drc-boost-level = 127
10-24 23:49:40.539   448  9973 D CCodec  :   int32_t aac-drc-cut-level = 127
10-24 23:49:40.539   448  9973 D CCodec  :   int32_t aac-drc-effect-type = 3
10-24 23:49:40.539   448  9973 D CCodec  :   int32_t aac-drc-heavy-compression = 3
10-24 23:49:40.539   448  9973 D CCodec  :   int32_t aac-encoded-target-level = -1
10-24 23:49:40.539   448  9973 D CCodec  :   int32_t aac-max-output-channel_count = 8
10-24 23:49:40.539   448  9973 D CCodec  :   int32_t aac-target-ref-level = 64
10-24 23:49:40.539   448  9973 D CCodec  :   int32_t channel-count = 2
10-24 23:49:40.539   448  9973 D CCodec  :   int32_t level = 0
10-24 23:49:40.539   448  9973 D CCodec  :   int32_t max-input-size = 8192
10-24 23:49:40.539   448  9973 D CCodec  :   string mime = "audio/mp4a-latm"
10-24 23:49:40.539   448  9973 D CCodec  :   int32_t profile = 2
10-24 23:49:40.539   448  9973 D CCodec  :   int32_t sample-rate = 48000
10-24 23:49:40.539   448  9973 D CCodec  : } and output: AMessage(what = 0x00000000) = {
10-24 23:49:40.539   448  9973 D CCodec  :   int32_t aac-drc-album-mode = 0
10-24 23:49:40.539   448  9973 D CCodec  :   int32_t aac-drc-boost-level = 127
10-24 23:49:40.539   448  9973 D CCodec  :   int32_t aac-drc-cut-level = 127
10-24 23:49:40.539   448  9973 D CCodec  :   int32_t aac-drc-effect-type = 3
10-24 23:49:40.539   448  9973 D CCodec  :   int32_t aac-drc-heavy-compression = 3
10-24 23:49:40.539   448  9973 D CCodec  :   int32_t aac-drc-output-loudness = -1
10-24 23:49:40.539   448  9973 D CCodec  :   int32_t aac-encoded-target-level = -1
10-24 23:49:40.539   448  9973 D CCodec  :   int32_t aac-max-output-channel_count = 8
10-24 23:49:40.539   448  9973 D CCodec  :   int32_t aac-target-ref-level = 64
10-24 23:49:40.539   448  9973 D CCodec  :   int32_t channel-count = 2
10-24 23:49:40.539   448  9973 D CCodec  :   string mime = "audio/raw"
10-24 23:49:40.539   448  9973 D CCodec  :   int32_t sample-rate = 48000
10-24 23:49:40.539   448  9973 D CCodec  : }
10-24 23:49:40.543   448  9973 I MediaCodec: MediaCodec will operate in async mode
10-24 23:49:40.545   448  9973 W Codec2Client: query -- param skipped: index = 1342179345.
10-24 23:49:40.546   448  9973 W Codec2Client: query -- param skipped: index = 2415921170.
10-24 23:49:40.546   448  9973 W Codec2Client: query -- param skipped: index = 1610614798.
10-24 23:49:40.546   448  9973 E FMQ     : grantorIdx must be less than 3
10-24 23:49:40.546   448  9973 E FMQ     : grantorIdx must be less than 3
10-24 23:49:40.546   448  9973 D CCodecBufferChannel: [c2.android.aac.decoder#801] Created input block pool with allocatorID 16 => poolID 32 - OK (0)
10-24 23:49:40.547   457   501 D BufferPoolAccessor2.0: bufferpool2 0xebd45528 : 0(0 size) total buffers - 0(0 size) used buffers - 27/30 (recycle/alloc) - 3/30 (fetch/transfer)
10-24 23:49:40.547   457   501 D BufferPoolAccessor2.0: Destruction - bufferpool2 0xebd45528 cached: 0/0M, 0/0% in use; allocs: 30, 90% recycled; transfers: 30, 90% unfetched
10-24 23:49:40.547   457   501 D BufferPoolAccessor2.0: bufferpool2 0xebd41bc8 : 0(0 size) total buffers - 0(0 size) used buffers - 26/30 (recycle/alloc) - 4/30 (fetch/transfer)
10-24 23:49:40.547   457   501 D BufferPoolAccessor2.0: Destruction - bufferpool2 0xebd41bc8 cached: 0/0M, 0/0% in use; allocs: 30, 87% recycled; transfers: 30, 87% unfetched
10-24 23:49:40.547   457  6049 E FMQ     : grantorIdx must be less than 3
10-24 23:49:40.547   457  6049 E FMQ     : grantorIdx must be less than 3
10-24 23:49:40.548   448   777 D BufferPoolAccessor2.0: bufferpool2 0xefac6628 : 0(0 size) total buffers - 0(0 size) used buffers - 23/35 (recycle/alloc) - 12/32 (fetch/transfer)
10-24 23:49:40.548   448   777 D BufferPoolAccessor2.0: Destruction - bufferpool2 0xefac6628 cached: 0/0M, 0/0% in use; allocs: 35, 66% recycled; transfers: 32, 63% unfetched
10-24 23:49:40.548   448  9973 I CCodecBufferChannel: [c2.android.aac.decoder#801] Created output block pool with allocatorID 16 => poolID 41 - OK
10-24 23:49:40.548   448  9973 D CCodecBufferChannel: [c2.android.aac.decoder#801] Configured output block pool ids 41 => OK
10-24 23:49:40.549   448   777 D BufferPoolAccessor2.0: bufferpool2 0xefac1898 : 0(0 size) total buffers - 0(0 size) used buffers - 24/35 (recycle/alloc) - 11/32 (fetch/transfer)
10-24 23:49:40.549   448   777 D BufferPoolAccessor2.0: Destruction - bufferpool2 0xefac1898 cached: 0/0M, 0/0% in use; allocs: 35, 69% recycled; transfers: 32, 66% unfetched
10-24 23:49:40.550   457  9974 D SimpleC2Component: Using output block pool with poolID 41 => got 41 - 0
10-24 23:49:40.551   448  9973 E FMQ     : grantorIdx must be less than 3
10-24 23:49:40.551   457   892 E FMQ     : grantorIdx must be less than 3
10-24 23:49:40.538     0     0 W x86/PAT : oid.aac.decoder:9974 map pfn RAM range req write-combining for [mem 0x49b49000-0x49b49fff], got write-back
10-24 23:49:40.576  9711  9711 W IInputConnectionWrapper: getCursorCapsMode on inactive InputConnection
10-24 23:49:40.578   457  9974 I C2SoftAacDec: Reconfiguring decoder: 0->48000 Hz, 0->2 channels
10-24 23:49:40.558     0     0 W x86/PAT : oid.aac.decoder:9974 map pfn RAM range req write-combining for [mem 0x49bc1000-0x49bc1fff], got write-back
10-24 23:49:40.564     0     0 W x86/PAT : oid.aac.decoder:9974 map pfn RAM range req write-combining for [mem 0x49bc3000-0x49bc3fff], got write-back
10-24 23:49:40.568     0     0 W x86/PAT : oid.aac.decoder:9974 map pfn RAM range req write-combining for [mem 0x49b42000-0x49b42fff], got write-back
10-24 23:49:40.601  9711  9711 W IInputConnectionWrapper: getCursorCapsMode on inactive InputConnection
10-24 23:49:40.582     0     0 W x86/PAT : oid.aac.decoder:9974 map pfn RAM range req write-combining for [mem 0x49b25000-0x49b25fff], got write-back
10-24 23:49:40.604   457  9974 E FMQ     : grantorIdx must be less than 3
10-24 23:49:40.604   448   730 E FMQ     : grantorIdx must be less than 3
10-24 23:49:40.610  1255  1255 W SessionManager: SessionManager.beginSession():53 Try to begin an already begun session [INPUT_SESSION], end it first
10-24 23:49:40.610  1255  1255 W SessionManager: SessionManager.endSession():96 Child session [INPUT_VIEW_SESSION] is not ended while ending session [{IME_SESSION=1761324578082, INPUT_VIEW_SESSION=1761324578035, TRAINING_CACHE_SESSION=1761324578083, INPUT_SESSION=1761324578034}], ending it now.
10-24 23:49:40.610  1255  1255 W SessionManager: SessionManager.endSession():96 Child session [IME_SESSION] is not ended while ending session [{IME_SESSION=1761324578082, INPUT_VIEW_SESSION=1761324578035, TRAINING_CACHE_SESSION=1761324578083, INPUT_SESSION=1761324578034}], ending it now.
10-24 23:49:40.610  1255  1255 W SessionManager: SessionManager.endSession():96 Child session [TRAINING_CACHE_SESSION] is not ended while ending session [{IME_SESSION=1761324578082, INPUT_VIEW_SESSION=1761324578035, TRAINING_CACHE_SESSION=1761324578083, INPUT_SESSION=1761324578034}], ending it now.
10-24 23:49:40.591     0     0 W x86/PAT : oid.aac.decoder:9974 map pfn RAM range req write-combining for [mem 0x49aaf000-0x49aaffff], got write-back
10-24 23:49:40.612  1255  1255 I ShortcutsDataManager: AbstractContentDataManager.startImportContentTask():208 startImportContentTask()
10-24 23:49:40.614   448  9973 D CCodecConfig: c2 config diff is   c2::i32 coding.drc.compression-mode.value = 1
10-24 23:49:40.614   448  9973 D CCodecBuffers: [c2.android.aac.decoder#801:Output[N]] popFromStashAndRegister: output format changed to AMessage(what = 0x00000000) = {
10-24 23:49:40.614   448  9973 D CCodecBuffers:   int32_t aac-drc-album-mode = 0
10-24 23:49:40.614   448  9973 D CCodecBuffers:   int32_t aac-drc-boost-level = 127
10-24 23:49:40.614   448  9973 D CCodecBuffers:   int32_t aac-drc-cut-level = 127
10-24 23:49:40.614   448  9973 D CCodecBuffers:   int32_t aac-drc-effect-type = 3
10-24 23:49:40.614   448  9973 D CCodecBuffers:   int32_t aac-drc-heavy-compression = 1
10-24 23:49:40.614   448  9973 D CCodecBuffers:   int32_t aac-drc-output-loudness = -1
10-24 23:49:40.614   448  9973 D CCodecBuffers:   int32_t aac-encoded-target-level = -1
10-24 23:49:40.614   448  9973 D CCodecBuffers:   int32_t aac-max-output-channel_count = 8
10-24 23:49:40.614   448  9973 D CCodecBuffers:   int32_t aac-target-ref-level = 64
10-24 23:49:40.614   448  9973 D CCodecBuffers:   int32_t channel-count = 2
10-24 23:49:40.614   448  9973 D CCodecBuffers:   string mime = "audio/raw"
10-24 23:49:40.614   448  9973 D CCodecBuffers:   int32_t sample-rate = 48000
10-24 23:49:40.614   448  9973 D CCodecBuffers: }
10-24 23:49:40.599     0     0 W x86/PAT : oid.aac.decoder:9974 map pfn RAM range req write-combining for [mem 0x49b44000-0x49b44fff], got write-back
10-24 23:49:40.600     0     0 W x86/PAT : NPDecoder-CL:9973 map pfn RAM range req write-combining for [mem 0x49b25000-0x49b25fff], got write-back
10-24 23:49:40.605     0     0 W x86/PAT : oid.aac.decoder:9974 map pfn RAM range req write-combining for [mem 0x49b28000-0x49b28fff], got write-back
10-24 23:49:40.607     0     0 W x86/PAT : NPDecoder-CL:9973 map pfn RAM range req write-combining for [mem 0x49b44000-0x49b44fff], got write-back
10-24 23:49:40.609     0     0 W x86/PAT : oid.aac.decoder:9974 map pfn RAM range req write-combining for [mem 0x49b25000-0x49b25fff], got write-back
10-24 23:49:40.635   392   460 D AudioFlinger: Client defaulted notificationFrames to 12213 for frameCount 24426
10-24 23:49:40.638   392   460 D AF::TrackHandle: OpPlayAudio: track:80 usage:13 not muted
10-24 23:49:40.614     0     0 W x86/PAT : oid.aac.decoder:9974 map pfn RAM range req write-combining for [mem 0x49b47000-0x49b47fff], got write-back
10-24 23:49:40.617     0     0 W x86/PAT : NPDecoder-CL:9973 map pfn RAM range req write-combining for [mem 0x49b25000-0x49b25fff], got write-back
10-24 23:49:40.618     0     0 W x86/PAT : oid.aac.decoder:9974 map pfn RAM range req write-combining for [mem 0x49b44000-0x49b44fff], got write-back
10-24 23:49:40.624     0     0 W x86/PAT : oid.aac.decoder:9974 map pfn RAM range req write-combining for [mem 0x49b64000-0x49b64fff], got write-back
10-24 23:49:40.627     0     0 W x86/PAT : oid.aac.decoder:9974 map pfn RAM range req write-combining for [mem 0x49b25000-0x49b25fff], got write-back
10-24 23:49:40.629     0     0 W x86/PAT : NPDecoder-CL:9973 map pfn RAM range req write-combining for [mem 0x49b44000-0x49b44fff], got write-back
10-24 23:49:40.631     0     0 W x86/PAT : oid.aac.decoder:9974 map pfn RAM range req write-combining for [mem 0x49b49000-0x49b49fff], got write-back
10-24 23:49:40.649   524  1804 I system_server: oneway function results will be dropped but finished with status OK and parcel size 4
10-24 23:49:40.652  1255  1376 I PeriodicStatsRunner: PeriodicStatsRunner.call():180 call()
10-24 23:49:40.652  1255  1376 I PeriodicStatsRunner: PeriodicStatsRunner.call():184 No submit PeriodicStats since input started.
10-24 23:49:40.635     0     0 W x86/PAT : NPDecoder-CL:9973 map pfn RAM range req write-combining for [mem 0x49b25000-0x49b25fff], got write-back
10-24 23:49:40.638     0     0 W x86/PAT : oid.aac.decoder:9974 map pfn RAM range req write-combining for [mem 0x49b44000-0x49b44fff], got write-back
10-24 23:49:40.642     0     0 W x86/PAT : oid.aac.decoder:9974 map pfn RAM range req write-combining for [mem 0x49ac5000-0x49ac5fff], got write-back
10-24 23:49:40.643     0     0 W x86/PAT : NPDecoder-CL:9973 map pfn RAM range req write-combining for [mem 0x49b44000-0x49b44fff], got write-back
10-24 23:49:40.646     0     0 W x86/PAT : oid.aac.decoder:9974 map pfn RAM range req write-combining for [mem 0x49b25000-0x49b25fff], got write-back
10-24 23:49:40.652     0     0 W x86/PAT : oid.aac.decoder:9974 map pfn RAM range req write-combining for [mem 0x49b35000-0x49b35fff], got write-back
10-24 23:49:40.667   448  9971 D AudioTrack: getTimestamp_l(40): device stall time corrected using current time 4526303815700
10-24 23:49:40.655     0     0 W x86/PAT : NPDecoder-CL:9973 map pfn RAM range req write-combining for [mem 0x49b25000-0x49b25fff], got write-back
10-24 23:49:40.656     0     0 W x86/PAT : oid.aac.decoder:9974 map pfn RAM range req write-combining for [mem 0x49b44000-0x49b44fff], got write-back
10-24 23:49:40.662     0     0 W x86/PAT : oid.aac.decoder:9974 map pfn RAM range req write-combining for [mem 0x49b7c000-0x49b7cfff], got write-back
10-24 23:49:40.663     0     0 W x86/PAT : NPDecoder-CL:9973 map pfn RAM range req write-combining for [mem 0x49b44000-0x49b44fff], got write-back
10-24 23:49:40.666     0     0 W x86/PAT : oid.aac.decoder:9974 map pfn RAM range req write-combining for [mem 0x49b25000-0x49b25fff], got write-back
10-24 23:49:40.690  9980  9982 I cmd     : oneway function results will be dropped but finished with status OK and parcel size 4
10-24 23:49:40.672     0     0 W x86/PAT : oid.aac.decoder:9974 map pfn RAM range req write-combining for [mem 0x49bc1000-0x49bc1fff], got write-back
10-24 23:49:40.672     0     0 W x86/PAT : NPDecoder-CL:9973 map pfn RAM range req write-combining for [mem 0x49b25000-0x49b25fff], got write-back
10-24 23:49:40.676     0     0 W x86/PAT : oid.aac.decoder:9974 map pfn RAM range req write-combining for [mem 0x49b44000-0x49b44fff], got write-back
10-24 23:49:40.683     0     0 W x86/PAT : oid.aac.decoder:9974 map pfn RAM range req write-combining for [mem 0x49aaf000-0x49aaffff], got write-back
10-24 23:49:40.683     0     0 W x86/PAT : NPDecoder-CL:9973 map pfn RAM range req write-combining for [mem 0x49b44000-0x49b44fff], got write-back
10-24 23:49:40.694  1436  4020 I MediaProvider: Begin Intent { act=android.intent.action.MEDIA_SCANNER_SCAN_FILE dat=file:////storage/emulated/0/Pictures/3.jpg flg=0x1400010 cmp=com.google.android.providers.media.module/com.android.providers.media.MediaService }
10-24 23:49:40.686     0     0 W x86/PAT : oid.aac.decoder:9974 map pfn RAM range req write-combining for [mem 0x49b25000-0x49b25fff], got write-back
10-24 23:49:40.705  1436  4020 I MediaProvider: End Intent { act=android.intent.action.MEDIA_SCANNER_SCAN_FILE dat=file:////storage/emulated/0/Pictures/3.jpg flg=0x1400010 cmp=com.google.android.providers.media.module/com.android.providers.media.MediaService }
10-24 23:49:40.711  9711  9784 W Bugle   : BuglePhoneNumberUtils: canonicalizeMccMnc: invalid mccmnc. mcc: null, mnc: null
10-24 23:49:40.701     0     0 W x86/PAT : oid.aac.decoder:9974 map pfn RAM range req write-combining for [mem 0x49bc3000-0x49bc3fff], got write-back
10-24 23:49:40.701     0     0 W x86/PAT : NPDecoder-CL:9973 map pfn RAM range req write-combining for [mem 0x49b25000-0x49b25fff], got write-back
10-24 23:49:40.704     0     0 W x86/PAT : oid.aac.decoder:9974 map pfn RAM range req write-combining for [mem 0x49b44000-0x49b44fff], got write-back
10-24 23:49:40.721  1255  1255 I KeyboardViewUtil: KeyboardViewUtil.getKeyboardHeightRatio():128 systemKeyboardHeightRatio:1.000000; userKeyboardHeightRatio:1.000000.
10-24 23:49:40.722  1255  1255 W TooltipLifecycleManager: TooltipLifecycleManager.dismissTooltip():130 dismissTooltip(): tooltip with id inline_suggestion_tooltip not found in tooltipManager.
10-24 23:49:40.722  1255  1255 W TooltipLifecycleManager: TooltipLifecycleManager.dismissTooltip():130 dismissTooltip(): tooltip with id inline_suggestion_tooltip not found in tooltipManager.
10-24 23:49:40.724  1255  1255 I KeyboardWrapper: KeyboardWrapper.consumeEvent():264 Skip consuming an event as current keyboard is deactivated (state=0, keyboard existence=true)
10-24 23:49:40.730  1255  1255 I VoiceInputManagerWrapper: VoiceInputManagerWrapper.shutdown():77 shutdown()
10-24 23:49:40.730  1255  1255 W SessionManager: SessionManager.endSession():88 Try to end a not begun session [TRAINING_CACHE_SESSION].
10-24 23:49:40.731  1255  1255 I AndroidIME: AbstractIme.onDeactivate():161 LatinIme.onDeactivate()
10-24 23:49:40.712     0     0 W x86/PAT : oid.aac.decoder:9974 map pfn RAM range req write-combining for [mem 0x49b42000-0x49b42fff], got write-back
10-24 23:49:40.713     0     0 W x86/PAT : NPDecoder-CL:9973 map pfn RAM range req write-combining for [mem 0x49b44000-0x49b44fff], got write-back
10-24 23:49:40.717     0     0 W x86/PAT : oid.aac.decoder:9974 map pfn RAM range req write-combining for [mem 0x49b25000-0x49b25fff], got write-back
10-24 23:49:40.731  1255  1255 W SessionManager: SessionManager.endSession():88 Try to end a not begun session [IME_SESSION].
10-24 23:49:40.732  1255  1255 I AndroidIME: AbstractIme.onActivate():84 LatinIme.onActivate() : EditorInfo = Package = com.google.android.apps.messaging : Type = Text : Learning = Enable : Suggestion = Show : AutoCorrection = Enable : Microphone = Show : NoPersonalizedLearning = Disable : AutoStartVoiceInput = Disable, IncognitoMode = false
10-24 23:49:40.732  1255  1255 I Delight5Facilitator: Delight5Facilitator.initializeForIme():561 initializeForIme() : Locale = [en_US], layout = qwerty
10-24 23:49:40.732  1255  1255 I VoiceInputManagerWrapper: VoiceInputManagerWrapper.cancelShutdown():55 cancelShutdown()
10-24 23:49:40.732  1255  1255 I VoiceInputManagerWrapper: VoiceInputManagerWrapper.syncLanguagePacks():67 syncLanguagePacks()
10-24 23:49:40.734  1255  5178 I SpeechFactory: SpeechRecognitionFactory.maybeScheduleAutoPackDownloadForFallback():160 maybeScheduleAutoPackDownloadForFallback()
10-24 23:49:40.734  1255  5178 I FallbackOnDeviceRecognitionProvider: FallbackOnDeviceRecognitionProvider.maybeScheduleAutoPackDownload():197 maybeScheduleAutoPackDownload() for language tag en-US
10-24 23:49:40.734  1255  1255 I KeyboardWrapper: KeyboardWrapper.consumeEvent():264 Skip consuming an event as current keyboard is deactivated (state=0, keyboard existence=true)
10-24 23:49:40.723     0     0 W x86/PAT : oid.aac.decoder:9974 map pfn RAM range req write-combining for [mem 0x49b37000-0x49b37fff], got write-back
10-24 23:49:40.724     0     0 W x86/PAT : NPDecoder-CL:9973 map pfn RAM range req write-combining for [mem 0x49b25000-0x49b25fff], got write-back
10-24 23:49:40.729     0     0 W x86/PAT : oid.aac.decoder:9974 map pfn RAM range req write-combining for [mem 0x49b44000-0x49b44fff], got write-back
10-24 23:49:40.734     0     0 W x86/PAT : NPDecoder-CL:9973 map pfn RAM range req write-combining for [mem 0x49b44000-0x49b44fff], got write-back
10-24 23:49:40.737     0     0 W x86/PAT : oid.aac.decoder:9974 map pfn RAM range req write-combining for [mem 0x49b28000-0x49b28fff], got write-back
10-24 23:49:40.741     0     0 W x86/PAT : oid.aac.decoder:9974 map pfn RAM range req write-combining for [mem 0x49b25000-0x49b25fff], got write-back
10-24 23:49:40.744     0     0 W x86/PAT : NPDecoder-CL:9973 map pfn RAM range req write-combining for [mem 0x49b25000-0x49b25fff], got write-back
10-24 23:49:40.750     0     0 W x86/PAT : oid.aac.decoder:9974 map pfn RAM range req write-combining for [mem 0x49ac9000-0x49ac9fff], got write-back
10-24 23:49:40.755     0     0 W x86/PAT : oid.aac.decoder:9974 map pfn RAM range req write-combining for [mem 0x49b25000-0x49b25fff], got write-back
10-24 23:49:40.760     0     0 W x86/PAT : NPDecoder-CL:9973 map pfn RAM range req write-combining for [mem 0x49b25000-0x49b25fff], got write-back
10-24 23:49:40.780  1255  1255 W KeyboardModeManager: KeyboardModeManager.setInputView():302 setInputView() : inputView = com.google.android.apps.inputmethod.libs.framework.core.InputView{9d56e57 V.E...... ......ID 0,0-1080,2063}
10-24 23:49:40.780  1255  1255 I ConversationToQueryExtension: ConversationToQueryExtension.onDeactivate():281 onDeactivate()
10-24 23:49:40.780  1255  1255 I MagicGCandidateProvider: MagicGCandidateProvider.deactivate():221 onDeactivate()
10-24 23:49:40.781  1255  1255 I ConversationToQueryExtension: ConversationToQueryExtension.onActivate():197 onActivate() : Locale = en_US
10-24 23:49:40.781  1255  1255 I MagicGCandidateProvider: MagicGCandidateProvider.activate():228 onActivate()
10-24 23:49:40.781  1255  1255 I ConversationToQueryClientSingleton: ConversationToQueryClientSingleton.initialize():152 Conv2Query client already exists for locale 'en_US'. Checking for update.
10-24 23:49:40.781  1255  1255 I ConversationToQueryExtension: ConversationToQueryExtension.onActivate():227 onActivate() : Finished in 0 ms. Activated = true
10-24 23:49:40.764     0     0 W x86/PAT : oid.aac.decoder:9974 map pfn RAM range req write-combining for [mem 0x49b3f000-0x49b3ffff], got write-back
10-24 23:49:40.767     0     0 W x86/PAT : oid.aac.decoder:9974 map pfn RAM range req write-combining for [mem 0x49b25000-0x49b25fff], got write-back
10-24 23:49:40.782  1255  1255 I VoiceImeExtension: VoiceImeExtension.shouldStartVoiceInputAutomatically():336 No private IME option set to start voice input.
10-24 23:49:40.771     0     0 W x86/PAT : NPDecoder-CL:9973 map pfn RAM range req write-combining for [mem 0x49b25000-0x49b25fff], got write-back
10-24 23:49:40.799  9711  9748 W BugleDataModel: BugleDatabaseOperations: Unexpected list of latest{size:0} is returned.
10-24 23:49:40.775     0     0 W x86/PAT : oid.aac.decoder:9974 map pfn RAM range req write-combining for [mem 0x49acb000-0x49acbfff], got write-back
10-24 23:49:40.779     0     0 W x86/PAT : oid.aac.decoder:9974 map pfn RAM range req write-combining for [mem 0x49b25000-0x49b25fff], got write-back
10-24 23:49:40.782     0     0 W x86/PAT : oid.aac.decoder:9974 map pfn RAM range req write-combining for [mem 0x49b49000-0x49b49fff], got write-back
10-24 23:49:40.782     0     0 W x86/PAT : NPDecoder-CL:9973 map pfn RAM range req write-combining for [mem 0x49b25000-0x49b25fff], got write-back
10-24 23:49:40.786     0     0 W x86/PAT : oid.aac.decoder:9974 map pfn RAM range req write-combining for [mem 0x49b44000-0x49b44fff], got write-back
10-24 23:49:40.791     0     0 W x86/PAT : oid.aac.decoder:9974 map pfn RAM range req write-combining for [mem 0x49ac5000-0x49ac5fff], got write-back
10-24 23:49:40.793     0     0 W x86/PAT : oid.aac.decoder:9974 map pfn RAM range req write-combining for [mem 0x49b25000-0x49b25fff], got write-back
10-24 23:49:40.821  9711  9784 I BugleDataModel: InsertNewMessageAction: Inserted SMS. message{id:16} conversation{id:3}, uri: content://sms/11, receivedTimeStamp: 1761324580452
10-24 23:49:40.798     0     0 W x86/PAT : NPDecoder-CL:9973 map pfn RAM range req write-combining for [mem 0x49b44000-0x49b44fff], got write-back
10-24 23:49:40.798     0     0 W x86/PAT : oid.aac.decoder:9974 map pfn RAM range req write-combining for [mem 0x49b35000-0x49b35fff], got write-back
10-24 23:49:40.801     0     0 W x86/PAT : NPDecoder-CL:9973 map pfn RAM range req write-combining for [mem 0x49b25000-0x49b25fff], got write-back
10-24 23:49:40.803     0     0 W x86/PAT : oid.aac.decoder:9974 map pfn RAM range req write-combining for [mem 0x49b44000-0x49b44fff], got write-back
10-24 23:49:40.821  9711  9920 I BugleDataModel: Processing changed messages for 16
10-24 23:49:40.823  9711  9920 W SQLiteLog: (28) double-quoted string literal: ""
10-24 23:49:40.823  9711  9920 I chatty  : uid=10134(com.google.android.apps.messaging) MessageListWind identical 1 line
10-24 23:49:40.823  9711  9920 W SQLiteLog: (28) double-quoted string literal: ""
10-24 23:49:40.832  9711  9784 I BugleDataModel: ProcessPendingMessagesTimers: cleared next retry time for channel sms_send including counter
10-24 23:49:40.814     0     0 W x86/PAT : NPDecoder-CL:9973 map pfn RAM range req write-combining for [mem 0x49b44000-0x49b44fff], got write-back
10-24 23:49:40.814     0     0 W x86/PAT : oid.aac.decoder:9974 map pfn RAM range req write-combining for [mem 0x49b7c000-0x49b7cfff], got write-back
10-24 23:49:40.821     0     0 W x86/PAT : oid.aac.decoder:9974 map pfn RAM range req write-combining for [mem 0x49b25000-0x49b25fff], got write-back
10-24 23:49:40.825     0     0 W x86/PAT : oid.aac.decoder:9974 map pfn RAM range req write-combining for [mem 0x49aaf000-0x49aaffff], got write-back
10-24 23:49:40.825     0     0 W x86/PAT : NPDecoder-CL:9973 map pfn RAM range req write-combining for [mem 0x49b25000-0x49b25fff], got write-back
10-24 23:49:40.828     0     0 W x86/PAT : oid.aac.decoder:9974 map pfn RAM range req write-combining for [mem 0x49b44000-0x49b44fff], got write-back
10-24 23:49:40.845  9711  9784 I BugleDataModel: PendingMessagesProcessor: process from InsertNewMessageAction due to message inserted with queues: smsMessagesToSend{size:1}
10-24 23:49:40.847  9711  9746 W Bugle   : Unable to call isMessageRevocationSupported
10-24 23:49:40.848  9711  9746 W Bugle   : aeei: Jibe SDK Service not available. Is the Jibe SDK service running? Did you call connect() and wait for the notification before calling an API function?
10-24 23:49:40.848  9711  9746 W Bugle   : 	at aeec.a(PG:15)
10-24 23:49:40.848  9711  9746 W Bugle   : 	at com.google.android.rcs.client.chatsession.ChatSessionService.isMessageRevocationSupported(PG:30)
10-24 23:49:40.848  9711  9746 W Bugle   : 	at kfx.i(PG:146)
10-24 23:49:40.848  9711  9746 W Bugle   : 	at cxj.a(Unknown Source:3)
10-24 23:49:40.848  9711  9746 W Bugle   : 	at aeyi.a(Unknown Source:2)
10-24 23:49:40.848  9711  9746 W Bugle   : 	at afoy.a(PG:3)
10-24 23:49:40.848  9711  9746 W Bugle   : 	at afoy.a(PG:3)
10-24 23:49:40.848  9711  9746 W Bugle   : 	at aeti.a(Unknown Source:1)
10-24 23:49:40.848  9711  9746 W Bugle   : 	at aimp.a(PG:3)
10-24 23:49:40.848  9711  9746 W Bugle   : 	at aily.a(PG:3)
10-24 23:49:40.848  9711  9746 W Bugle   : 	at aima.run(PG:23)
10-24 23:49:40.848  9711  9746 W Bugle   : 	at aipd.run(PG:2)
10-24 23:49:40.848  9711  9746 W Bugle   : 	at aeua.run(PG:2)
10-24 23:49:40.848  9711  9746 W Bugle   : 	at java.util.concurrent.ThreadPoolExecutor.runWorker(ThreadPoolExecutor.java:1167)
10-24 23:49:40.848  9711  9746 W Bugle   : 	at java.util.concurrent.ThreadPoolExecutor$Worker.run(ThreadPoolExecutor.java:641)
10-24 23:49:40.848  9711  9746 W Bugle   : 	at aesr.run(Unknown Source:4)
10-24 23:49:40.848  9711  9746 W Bugle   : 	at java.lang.Thread.run(Thread.java:923)
10-24 23:49:40.849  9711  9711 I BugleDataModel: Message 16 processed.
10-24 23:49:40.834     0     0 W x86/PAT : oid.aac.decoder:9974 map pfn RAM range req write-combining for [mem 0x49bc1000-0x49bc1fff], got write-back
10-24 23:49:40.835     0     0 W x86/PAT : NPDecoder-CL:9973 map pfn RAM range req write-combining for [mem 0x49b44000-0x49b44fff], got write-back
10-24 23:49:40.856  9711  9784 I BugleDataModel: SendMessageActionQueuer: prepareToQueueAction: message{id:16} changed, timeStamp: 1761324580452 to, timeStamp: 1761324580845
10-24 23:49:40.838     0     0 W x86/PAT : oid.aac.decoder:9974 map pfn RAM range req write-combining for [mem 0x49b25000-0x49b25fff], got write-back
10-24 23:49:40.843     0     0 W x86/PAT : oid.aac.decoder:9974 map pfn RAM range req write-combining for [mem 0x49b47000-0x49b47fff], got write-back
