10-24 23:49:40.845     0     0 W x86/PAT : oid.aac.decoder:9974 map pfn RAM range req write-combining for [mem 0x49b44000-0x49b44fff], got write-back
10-24 23:49:40.847     0     0 W x86/PAT : NPDecoder-CL:9973 map pfn RAM range req write-combining for [mem 0x49b25000-0x49b25fff], got write-back
10-24 23:49:40.847     0     0 W x86/PAT : oid.aac.decoder:9974 map pfn RAM range req write-combining for [mem 0x49b64000-0x49b64fff], got write-back
10-24 23:49:40.851     0     0 W x86/PAT : NPDecoder-CL:9973 map pfn RAM range req write-combining for [mem 0x49b44000-0x49b44fff], got write-back
10-24 23:49:40.853     0     0 W x86/PAT : oid.aac.decoder:9974 map pfn RAM range req write-combining for [mem 0x49b25000-0x49b25fff], got write-back
10-24 23:49:40.858     0     0 W x86/PAT : NPDecoder-CL:9973 map pfn RAM range req write-combining for [mem 0x49b25000-0x49b25fff], got write-back
10-24 23:49:40.859     0     0 W x86/PAT : oid.aac.decoder:9974 map pfn RAM range req write-combining for [mem 0x49b28000-0x49b28fff], got write-back
10-24 23:49:40.878   448  9973 D CCodecBufferChannel: [c2.android.aac.decoder#801] buffers after EOS ignored (0 us)
10-24 23:49:40.864     0     0 W x86/PAT : oid.aac.decoder:9974 map pfn RAM range req write-combining for [mem 0x49b25000-0x49b25fff], got write-back
10-24 23:49:40.867     0     0 W x86/PAT : oid.aac.decoder:9974 map pfn RAM range req write-combining for [mem 0x49b49000-0x49b49fff], got write-back
10-24 23:49:40.867     0     0 W x86/PAT : NPDecoder-CL:9973 map pfn RAM range req write-combining for [mem 0x49b25000-0x49b25fff], got write-back
10-24 23:49:40.871     0     0 W x86/PAT : oid.aac.decoder:9974 map pfn RAM range req write-combining for [mem 0x49b44000-0x49b44fff], got write-back
10-24 23:49:40.876     0     0 W x86/PAT : NPDecoder-CL:9973 map pfn RAM range req write-combining for [mem 0x49b44000-0x49b44fff], got write-back
10-24 23:49:40.876     0     0 W x86/PAT : oid.aac.decoder:9974 map pfn RAM range req write-combining for [mem 0x49b25000-0x49b25fff], got write-back
10-24 23:49:40.881     0     0 W x86/PAT : oid.aac.decoder:9974 map pfn RAM range req write-combining for [mem 0x49b44000-0x49b44fff], got write-back
10-24 23:49:40.881     0     0 W x86/PAT : NPDecoder-CL:9973 map pfn RAM range req write-combining for [mem 0x49b25000-0x49b25fff], got write-back
10-24 23:49:40.881   448  9973 I chatty  : uid=1013(media) NPDecoder-CL identical 1 line
10-24 23:49:40.886   448  9973 D CCodecBufferChannel: [c2.android.aac.decoder#801] buffers after EOS ignored (0 us)
10-24 23:49:40.916  9711  9744 I BugleMDD: Retrieved File Group Name: text_classifier, File Count = 1
10-24 23:49:40.924  9711  9744 I BugleMDD: Retrieved File Group is null
10-24 23:49:40.924  9711  9920 I BugleDataModel: Processing changed messages for 16
10-24 23:49:40.929  9711  9711 I Bugle   : DraftMessageTypeConverter: draft switching to xMS.
10-24 23:49:40.955  9711  9784 I BugleDataModel: PendingMessagesProcessor: started message{id:16}
10-24 23:49:40.956  9711  9748 W Bugle   : Unable to call isMessageRevocationSupported
10-24 23:49:40.959  9711  9748 W Bugle   : aeei: Jibe SDK Service not available. Is the Jibe SDK service running? Did you call connect() and wait for the notification before calling an API function?
10-24 23:49:40.959  9711  9748 W Bugle   : 	at aeec.a(PG:15)
10-24 23:49:40.959  9711  9748 W Bugle   : 	at com.google.android.rcs.client.chatsession.ChatSessionService.isMessageRevocationSupported(PG:30)
10-24 23:49:40.959  9711  9748 W Bugle   : 	at kfx.i(PG:146)
10-24 23:49:40.959  9711  9748 W Bugle   : 	at cxj.a(Unknown Source:3)
10-24 23:49:40.959  9711  9748 W Bugle   : 	at aeyi.a(Unknown Source:2)
10-24 23:49:40.959  9711  9748 W Bugle   : 	at afoy.a(PG:3)
10-24 23:49:40.959  9711  9748 W Bugle   : 	at afoy.a(PG:3)
10-24 23:49:40.959  9711  9748 W Bugle   : 	at aeti.a(Unknown Source:1)
10-24 23:49:40.959  9711  9748 W Bugle   : 	at aimp.a(PG:3)
10-24 23:49:40.959  9711  9748 W Bugle   : 	at aily.a(PG:3)
10-24 23:49:40.959  9711  9748 W Bugle   : 	at aima.run(PG:23)
10-24 23:49:40.959  9711  9748 W Bugle   : 	at aipd.run(PG:2)
10-24 23:49:40.959  9711  9748 W Bugle   : 	at aeua.run(PG:2)
10-24 23:49:40.959  9711  9748 W Bugle   : 	at java.util.concurrent.ThreadPoolExecutor.runWorker(ThreadPoolExecutor.java:1167)
10-24 23:49:40.959  9711  9748 W Bugle   : 	at java.util.concurrent.ThreadPoolExecutor$Worker.run(ThreadPoolExecutor.java:641)
10-24 23:49:40.959  9711  9748 W Bugle   : 	at aesr.run(Unknown Source:4)
10-24 23:49:40.959  9711  9748 W Bugle   : 	at java.lang.Thread.run(Thread.java:923)
10-24 23:49:40.973  9711  9747 W WM-WorkSpec: Backoff delay duration less than minimum value
10-24 23:49:40.974  9711  9711 I BugleDataModel: Message 16 processed.
10-24 23:49:40.979  9711  9746 I BugleWorkQueue: WorkQueue: took approximately  14  to start processing row for  WorkHandlerProcessingMetaData{src=Executor, type=request_link_preview, subKey=null, queue=request_link_preview-, cancellationTag=null, attemptCount=0} ; rowId  39
10-24 23:49:40.981  9711  9711 I Bugle   : DraftMessageTypeConverter: draft switching to xMS.
10-24 23:49:41.002  9711  9746 I Bugle   : RequestLinkPreviewAction: No link extracted from message with: message{id:16}
10-24 23:49:41.005  9711  9768 I BugleDataModel: SendMessageAction: Sending SMS message{id:16} in conversation{id:3}
10-24 23:49:41.008  9711  9768 I Bugle   : SmsSender: sending message. dest: MSISDN{d}, message: messageBody{Redacted-5}, serviceCenter: null, requireDeliveryReport: false, messageUri: content://sms/11, subId: 1
10-24 23:49:41.024   942   978 D SmsNumberUtils: enter filterDestAddr. destAddr="[QL0AFWMIX8NRZTKeof9cXsvbvu8]"
10-24 23:49:41.028  1255  1702 I ShortcutsDataManager: AbstractContentDataManager$ImportContentTask.doInBackground():222 doInBackground()
10-24 23:49:41.028  1255  1702 I PersonalDictionaryDataHandler: PersonalDictionaryDataHandler.beginProcess():111 LanguageTags = [en-US]
10-24 23:49:41.028  1255  1255 W InputContextProxy: InputContextProxy.applyClientDiffInternal():832 Ignore [FetchSuggestions] diff due to stale request: 280<282, inputStateId=278, lastInputStateId=279
10-24 23:49:41.034   942   978 D SmsNumberUtils: destAddr is not formatted.
10-24 23:49:41.034   942   978 D SmsNumberUtils: leave filterDestAddr, new destAddr="[QL0AFWMIX8NRZTKeof9cXsvbvu8]"
10-24 23:49:41.042  9711  9921 W TextClassifierLibImpl: Failed to initialize, using the fallback.
10-24 23:49:41.043  9711  9921 D androidtc: Initializing SystemTextClassifier, type = System
10-24 23:49:41.045  9711  9767 W Bugle   : TextClassifierLibManagerImpl: TextClassifierLib initialization failed during measurement.
10-24 23:49:41.045  9711  9767 W Bugle   : java.util.concurrent.ExecutionException: java.util.concurrent.ExecutionException: java.lang.UnsatisfiedLinkError: Could not load any of the native libraries: textclassifier3_jni_agsa, textclassifier3_jni_aosp, textclassifier3_jni_gmscore, textclassifier3_jni_google3, textclassifier3_jni_tclib, tclibapitest_jni, nga_jni, nga_jni_tclib_testing, com/google/android/apps/gsa/nga/testing/headless/inject/libnga_jni_headless.so, com/google/android/apps/gsa/nga/engine/annotators/libnga_jni_tclib_testing.so
10-24 23:49:41.045  9711  9767 W Bugle   : 	at ailw.a(PG:135)
10-24 23:49:41.045  9711  9767 W Bugle   : 	at ailw.get(PG:91)
10-24 23:49:41.045  9711  9767 W Bugle   : 	at akpp.run(Unknown Source:1)
10-24 23:49:41.045  9711  9767 W Bugle   : 	at aeua.run(PG:2)
10-24 23:49:41.045  9711  9767 W Bugle   : 	at java.util.concurrent.ThreadPoolExecutor.runWorker(ThreadPoolExecutor.java:1167)
10-24 23:49:41.045  9711  9767 W Bugle   : 	at java.util.concurrent.ThreadPoolExecutor$Worker.run(ThreadPoolExecutor.java:641)
10-24 23:49:41.045  9711  9767 W Bugle   : 	at aesr.run(Unknown Source:4)
10-24 23:49:41.045  9711  9767 W Bugle   : 	at java.lang.Thread.run(Thread.java:923)
10-24 23:49:41.045  9711  9767 W Bugle   : Caused by: java.util.concurrent.ExecutionException: java.lang.UnsatisfiedLinkError: Could not load any of the native libraries: textclassifier3_jni_agsa, textclassifier3_jni_aosp, textclassifier3_jni_gmscore, textclassifier3_jni_google3, textclassifier3_jni_tclib, tclibapitest_jni, nga_jni, nga_jni_tclib_testing, com/google/android/apps/gsa/nga/testing/headless/inject/libnga_jni_headless.so, com/google/android/apps/gsa/nga/engine/annotators/libnga_jni_tclib_testing.so
10-24 23:49:41.045  9711  9767 W Bugle   : 	at ailw.a(PG:135)
10-24 23:49:41.045  9711  9767 W Bugle   : 	at ailw.get(PG:91)
10-24 23:49:41.045  9711  9767 W Bugle   : 	at akoy.run(Unknown Source:9)
10-24 23:49:41.045  9711  9767 W Bugle   : 	at java.util.concurrent.ThreadPoolExecutor.runWorker(ThreadPoolExecutor.java:1167)
10-24 23:49:41.045  9711  9767 W Bugle   : 	at java.util.concurrent.ThreadPoolExecutor$Worker.run(ThreadPoolExecutor.java:641)
10-24 23:49:41.045  9711  9767 W Bugle   : 	... 1 more
10-24 23:49:41.045  9711  9767 W Bugle   : Caused by: java.lang.UnsatisfiedLinkError: Could not load any of the native libraries: textclassifier3_jni_agsa, textclassifier3_jni_aosp, textclassifier3_jni_gmscore, textclassifier3_jni_google3, textclassifier3_jni_tclib, tclibapitest_jni, nga_jni, nga_jni_tclib_testing, com/google/android/apps/gsa/nga/testing/headless/inject/libnga_jni_headless.so, com/google/android/apps/gsa/nga/engine/annotators/libnga_jni_tclib_testing.so
10-24 23:49:41.045  9711  9767 W Bugle   : 	at akmj.a(PG:13)
10-24 23:49:41.045  9711  9767 W Bugle   : 	at com.google.knowledge.cerebra.sense.textclassifier.lib3.GuardedNativeModels.<clinit>(PG:1)
10-24 23:49:41.045  9711  9767 W Bugle   : 	at akpz.a(PG:262)
10-24 23:49:41.045  9711  9767 W Bugle   : 	at akoz.c(Unknown Source:6)
10-24 23:49:41.045  9711  9767 W Bugle   : 	at akoz.a(PG:10)
10-24 23:49:41.045  9711  9767 W Bugle   : 	at akpz.<init>(PG:23)
10-24 23:49:41.045  9711  9767 W Bugle   : 	at akpz.a(PG:175)
10-24 23:49:41.045  9711  9767 W Bugle   : 	at mis.a(Unknown Source:121)
10-24 23:49:41.045  9711  9767 W Bugle   : 	at ager.a(PG:3)
10-24 23:49:41.045  9711  9767 W Bugle   : 	at miz.a(PG:13)
10-24 23:49:41.045  9711  9767 W Bugle   : 	at mit.call(Unknown Source:2)
10-24 23:49:41.045  9711  9767 W Bugle   : 	at afqg.a(Unknown Source:1)
10-24 23:49:41.045  9711  9767 W Bugle   : 	at afox.a(PG:3)
10-24 23:49:41.045  9711  9767 W Bugle   : 	at aipw.b(PG:7)
10-24 23:49:41.045  9711  9767 W Bugle   : 	at aiox.run(PG:12)
10-24 23:49:41.045  9711  9767 W Bugle   : 	at aipy.run(PG:12)
10-24 23:49:41.045  9711  9767 W Bugle   : 	at aeua.run(PG:2)
10-24 23:49:41.045  9711  9767 W Bugle   : 	at java.util.concurrent.ThreadPoolExecutor.runWorker(ThreadPoolExecutor.java:1167)
10-24 23:49:41.045  9711  9767 W Bugle   : 	at java.util.concurrent.ThreadPoolExecutor$Worker.run(ThreadPoolExecutor.java:641)
10-24 23:49:41.045  9711  9767 W Bugle   : 	at aesr.run(Unknown Source:4)
10-24 23:49:41.045  9711  9767 W Bugle   : 	... 1 more
10-24 23:49:41.064  9711  9746 D MddListenableWorkerFactory: createWorker for class: com.google.android.apps.messaging.shared.datamodel.workqueue.WorkQueueWorkerShim
10-24 23:49:41.068  1255  1702 I ShortcutsDataManager: AbstractContentDataManager.importRecords():312 importRecords() : Success : Count = 0
10-24 23:49:41.070  1255  1702 I ShortcutsDataManager: AbstractContentDataManager.importContentData():262 importContentData() : Ending import process
10-24 23:49:41.071   989  5297 W id.ext.service: Core platform API violation: Lsun/misc/Unsafe;->compareAndSwapObject(Ljava/lang/Object;JLjava/lang/Object;Ljava/lang/Object;)Z from /apex/com.android.extservices/priv-app/GoogleExtServices/GoogleExtServices.apk using linking
10-24 23:49:41.086  9711  9748 I WM-WorkerWrapper: Worker result SUCCESS for Work [ id=f06660f5-8836-4a86-baba-184bc638b8b8, tags={ com.google.android.apps.messaging.shared.datamodel.workqueue.WorkQueueWorkerShim, request_link_preview- } ]
10-24 23:49:41.097  1255  1702 I PersonalLanguageModelUpdater: PersonalLanguageModelUpdater$UpdateOperation.performInternal():160 run() : Added 0 words and 0 shortcuts
10-24 23:49:41.097  1255  1702 I DynamicLanguageModelOperation: DynamicLanguageModelOperation.perform():37 perform() : 4 : coc : Completed
10-24 23:49:41.098  1255  2019 I Delight5Decoder: Delight5DecoderWrapper.loadLanguageModel():578 loadLanguageModel() : 4, version [n/a]
10-24 23:49:41.099  1255  1255 I ShortcutsDataManager: AbstractContentDataManager$ImportContentTask.onPostExecute():233 onPostExecute() : Result = [2,0]
10-24 23:49:41.099  1255  1255 I ShortcutsDataManager: ShortcutsDataManager.onImportFinished():99 onImportFinished() : Result = 2 : Count = 0
10-24 23:49:41.099  1255  2019 I Delight5Decoder: Delight5DecoderWrapper.loadLanguageModel():616 Loaded dynamic LM 4.en
10-24 23:49:41.115     0     0 W x86/PAT : NPDecoder-CL:9973 map pfn RAM range req write-combining for [mem 0x49b44000-0x49b44fff], got write-back
10-24 23:49:41.135   448  9971 D AudioTrack: stop(40): called with 30720 frames delivered
10-24 23:49:41.152  9711  9784 W TextClassifierLibImpl: Failed to initialize, using the fallback.
10-24 23:49:41.158   989  5294 W id.ext.service: Core platform API violation: Lsun/misc/Unsafe;->compareAndSwapObject(Ljava/lang/Object;JLjava/lang/Object;Ljava/lang/Object;)Z from /apex/com.android.extservices/priv-app/GoogleExtServices/GoogleExtServices.apk using linking
10-24 23:49:41.171  9711  9784 I BugleMDD: Retrieved File Group Name: scripted_reply, File Count = 5
10-24 23:49:41.181  9711  9988 I BugleDataModel: SentMessageProcessor: Done sending SMS message{id:16} conversation{id:3}, status: SUCCEEDED
10-24 23:49:41.181  9711  9920 I BugleDataModel: Processing changed messages for 16
10-24 23:49:41.184  9711  9711 I BugleDataModel: Message 16 processed.
10-24 23:49:41.190  9711  9748 W Bugle   : Unable to call isMessageRevocationSupported
10-24 23:49:41.190  9711  9748 W Bugle   : aeei: Jibe SDK Service not available. Is the Jibe SDK service running? Did you call connect() and wait for the notification before calling an API function?
10-24 23:49:41.190  9711  9748 W Bugle   : 	at aeec.a(PG:15)
10-24 23:49:41.190  9711  9748 W Bugle   : 	at com.google.android.rcs.client.chatsession.ChatSessionService.isMessageRevocationSupported(PG:30)
10-24 23:49:41.190  9711  9748 W Bugle   : 	at kfx.i(PG:146)
10-24 23:49:41.190  9711  9748 W Bugle   : 	at cxj.a(Unknown Source:3)
10-24 23:49:41.190  9711  9748 W Bugle   : 	at aeyi.a(Unknown Source:2)
10-24 23:49:41.190  9711  9748 W Bugle   : 	at afoy.a(PG:3)
10-24 23:49:41.190  9711  9748 W Bugle   : 	at afoy.a(PG:3)
10-24 23:49:41.190  9711  9748 W Bugle   : 	at aeti.a(Unknown Source:1)
10-24 23:49:41.190  9711  9748 W Bugle   : 	at aimp.a(PG:3)
10-24 23:49:41.190  9711  9748 W Bugle   : 	at aily.a(PG:3)
10-24 23:49:41.190  9711  9748 W Bugle   : 	at aima.run(PG:23)
10-24 23:49:41.190  9711  9748 W Bugle   : 	at aipd.run(PG:2)
10-24 23:49:41.190  9711  9748 W Bugle   : 	at aeua.run(PG:2)
10-24 23:49:41.190  9711  9748 W Bugle   : 	at java.util.concurrent.ThreadPoolExecutor.runWorker(ThreadPoolExecutor.java:1167)
10-24 23:49:41.190  9711  9748 W Bugle   : 	at java.util.concurrent.ThreadPoolExecutor$Worker.run(ThreadPoolExecutor.java:641)
10-24 23:49:41.190  9711  9748 W Bugle   : 	at aesr.run(Unknown Source:4)
10-24 23:49:41.190  9711  9748 W Bugle   : 	at java.lang.Thread.run(Thread.java:923)
10-24 23:49:41.195  9711  9988 W WM-WorkSpec: Backoff delay duration less than minimum value
10-24 23:49:41.200  9711  9711 I Bugle   : DraftMessageTypeConverter: draft switching to xMS.
10-24 23:49:41.204  9711  9921 W TextClassifierLibImpl: Failed to initialize, using the fallback.
10-24 23:49:41.211   989  5297 W id.ext.service: Core platform API violation: Lsun/misc/Unsafe;->compareAndSwapObject(Ljava/lang/Object;JLjava/lang/Object;Ljava/lang/Object;)Z from /apex/com.android.extservices/priv-app/GoogleExtServices/GoogleExtServices.apk using linking
10-24 23:49:41.211  9711  9988 I BugleDataModel: PendingMessagesProcessor: process from ProcessSentMessageAction due to sms_send success with queues:
10-24 23:49:41.211  9711  9988 I BugleDataModel: ProcessPendingMessagesTimers: cleared next retry time for channel sms_send including counter
10-24 23:49:41.213  9711  9748 I BugleWorkQueue: WorkQueue: took approximately  24  to start processing row for  WorkHandlerProcessingMetaData{src=Executor, type=log_message_sent_or_received, subKey=null, queue=log_message_sent_or_received-, cancellationTag=null, attemptCount=0} ; rowId  40
10-24 23:49:41.215  9711  9784 I BugleJobs: GenericWorkerQueueAction: Rescheduling immediately
10-24 23:49:41.226  9711  9747 W BugleAnnotation: MessageAnnotationData: bind should only be called with annotations for a single message. Message IDs: 
10-24 23:49:41.237  9711  9747 I Bugle   : P2pConversationSuggestionsUtils: Loading Smart Reply JNIs.
10-24 23:49:41.250  9711  9747 W Bugle   : P2pConversationSuggestionsUtils: Problem linking Smart Reply JNIs.
10-24 23:49:41.250  9711  9747 W Bugle   : java.lang.UnsatisfiedLinkError: dlopen failed: library "libhobbes_jni.so" not found
10-24 23:49:41.250  9711  9747 W Bugle   : 	at java.lang.Runtime.loadLibrary0(Runtime.java:1087)
10-24 23:49:41.250  9711  9747 W Bugle   : 	at java.lang.Runtime.loadLibrary0(Runtime.java:1008)
10-24 23:49:41.250  9711  9747 W Bugle   : 	at java.lang.System.loadLibrary(System.java:1664)
10-24 23:49:41.250  9711  9747 W Bugle   : 	at lfb.a(PG:2)
10-24 23:49:41.250  9711  9747 W Bugle   : 	at lsg.h(PG:379)
10-24 23:49:41.250  9711  9747 W Bugle   : 	at lrm.a(Unknown Source:2)
10-24 23:49:41.250  9711  9747 W Bugle   : 	at afoy.a(PG:3)
10-24 23:49:41.250  9711  9747 W Bugle   : 	at ailz.a(PG:3)
10-24 23:49:41.250  9711  9747 W Bugle   : 	at aima.run(PG:23)
10-24 23:49:41.250  9711  9747 W Bugle   : 	at aipd.run(PG:2)
10-24 23:49:41.250  9711  9747 W Bugle   : 	at aeua.run(PG:2)
10-24 23:49:41.250  9711  9747 W Bugle   : 	at java.util.concurrent.ThreadPoolExecutor.runWorker(ThreadPoolExecutor.java:1167)
10-24 23:49:41.250  9711  9747 W Bugle   : 	at java.util.concurrent.ThreadPoolExecutor$Worker.run(ThreadPoolExecutor.java:641)
10-24 23:49:41.250  9711  9747 W Bugle   : 	at aesr.run(Unknown Source:4)
10-24 23:49:41.250  9711  9747 W Bugle   : 	at java.lang.Thread.run(Thread.java:923)
10-24 23:49:41.250  9711  9747 W Bugle   : P2pConversationSuggestionsUtils: SmartReplyLib is null.
10-24 23:49:41.250  9711  9747 I Bugle   : P2pConversationSuggestionsUtils: suggestionsCount: 0
10-24 23:49:41.255  9711  9747 D MddListenableWorkerFactory: createWorker for class: com.google.android.apps.messaging.shared.datamodel.workqueue.WorkQueueWorkerShim
10-24 23:49:41.363   524  4228 D HostConnection: HostConnection::get() New Host Connection established 0xe7b3b5e0, tid 4228
10-24 23:49:41.366  1078  1096 W System  : A resource failed to call release. 
10-24 23:49:41.366  1078  1096 I chatty  : uid=10154(com.google.android.apps.nexuslauncher) FinalizerDaemon identical 1 line
10-24 23:49:41.366  1078  1096 W System  : A resource failed to call release. 
10-24 23:49:41.366   524  4228 D HostConnection: HostComposition ext ANDROID_EMU_CHECKSUM_HELPER_v1 ANDROID_EMU_native_sync_v2 ANDROID_EMU_native_sync_v3 ANDROID_EMU_native_sync_v4 ANDROID_EMU_dma_v1 ANDROID_EMU_direct_mem ANDROID_EMU_host_composition_v1 ANDROID_EMU_host_composition_v2 ANDROID_EMU_vulkan ANDROID_EMU_deferred_vulkan_commands ANDROID_EMU_vulkan_null_optional_strings ANDROID_EMU_vulkan_create_resources_with_requirements ANDROID_EMU_YUV_Cache ANDROID_EMU_vulkan_ignored_handles ANDROID_EMU_has_shared_slots_host_memory_allocator ANDROID_EMU_vulkan_free_memory_sync ANDROID_EMU_vulkan_shader_float16_int8 ANDROID_EMU_vulkan_async_queue_submit ANDROID_EMU_sync_buffer_data ANDROID_EMU_vulkan_async_qsri ANDROID_EMU_read_color_buffer_dma GL_OES_vertex_array_object GL_KHR_texture_compression_astc_ldr ANDROID_EMU_host_side_tracing ANDROID_EMU_gles_max_version_2 
10-24 23:49:41.367   524  4228 W OpenGLRenderer: Failed to choose config with EGL_SWAP_BEHAVIOR_PRESERVED, retrying without...
10-24 23:49:41.367  1078  1096 W System  : A resource failed to call release. 
10-24 23:49:41.367  1078  1096 W System  : A resource failed to call release. 
10-24 23:49:41.368  9711  9768 W Bugle   : PermissionCheckerImpl: Missing Permission android.permission.ACCESS_FINE_LOCATION
10-24 23:49:41.368  9711  9768 E Bugle   : Failed to check if revocation is enabled
10-24 23:49:41.371  9711  9768 E Bugle   : aeei: Jibe SDK Service not available. Is the Jibe SDK service running? Did you call connect() and wait for the notification before calling an API function?
10-24 23:49:41.371  9711  9768 E Bugle   : 	at aeec.a(PG:15)
10-24 23:49:41.371  9711  9768 E Bugle   : 	at com.google.android.rcs.client.profile.RcsProfileService.getRcsConfig(PG:15)
10-24 23:49:41.371  9711  9768 E Bugle   : 	at kfx.o(PG:545)
10-24 23:49:41.371  9711  9768 E Bugle   : 	at kfx.t(PG:139)
10-24 23:49:41.371  9711  9768 E Bugle   : 	at ffe.A(PG:74)
10-24 23:49:41.371  9711  9768 E Bugle   : 	at ffe.b(PG:1252)
10-24 23:49:41.371  9711  9768 E Bugle   : 	at izh.call(Unknown Source:4)
10-24 23:49:41.371  9711  9768 E Bugle   : 	at afqg.a(Unknown Source:1)
10-24 23:49:41.371  9711  9768 E Bugle   : 	at afox.a(PG:3)
10-24 23:49:41.371  9711  9768 E Bugle   : 	at aipw.b(PG:7)
10-24 23:49:41.371  9711  9768 E Bugle   : 	at aiox.run(PG:12)
10-24 23:49:41.371  9711  9768 E Bugle   : 	at aipy.run(PG:12)
10-24 23:49:41.371  9711  9768 E Bugle   : 	at aeua.run(PG:2)
10-24 23:49:41.371  9711  9768 E Bugle   : 	at java.util.concurrent.ThreadPoolExecutor.runWorker(ThreadPoolExecutor.java:1167)
10-24 23:49:41.371  9711  9768 E Bugle   : 	at java.util.concurrent.ThreadPoolExecutor$Worker.run(ThreadPoolExecutor.java:641)
10-24 23:49:41.371  9711  9768 E Bugle   : 	at aesr.run(Unknown Source:4)
10-24 23:49:41.371  9711  9768 E Bugle   : 	at java.lang.Thread.run(Thread.java:923)
10-24 23:49:41.380  9711  9744 W Bugle   : Unable to call isMessageRevocationSupported
10-24 23:49:41.381  9711  9768 E Bugle   : Cannot get RCS file transfer auto accept supported value
10-24 23:49:41.381  9711  9768 E Bugle   : aeei: Jibe SDK Service not available. Is the Jibe SDK service running? Did you call connect() and wait for the notification before calling an API function?
10-24 23:49:41.381  9711  9768 E Bugle   : 	at aeec.a(PG:15)
10-24 23:49:41.381  9711  9768 E Bugle   : 	at com.google.android.rcs.client.profile.RcsProfileService.a(PG:24)
10-24 23:49:41.381  9711  9768 E Bugle   : 	at com.google.android.rcs.client.profile.RcsProfileService.isFileTransferAutoAcceptSupported(PG:36)
10-24 23:49:41.381  9711  9768 E Bugle   : 	at lkn.c(PG:17)
10-24 23:49:41.381  9711  9768 E Bugle   : 	at lkn.a(PG:9)
10-24 23:49:41.381  9711  9768 E Bugle   : 	at ffe.A(PG:76)
10-24 23:49:41.381  9711  9768 E Bugle   : 	at ffe.b(PG:1252)
10-24 23:49:41.381  9711  9768 E Bugle   : 	at izh.call(Unknown Source:4)
10-24 23:49:41.381  9711  9768 E Bugle   : 	at afqg.a(Unknown Source:1)
10-24 23:49:41.381  9711  9768 E Bugle   : 	at afox.a(PG:3)
10-24 23:49:41.381  9711  9768 E Bugle   : 	at aipw.b(PG:7)
10-24 23:49:41.381  9711  9768 E Bugle   : 	at aiox.run(PG:12)
10-24 23:49:41.381  9711  9768 E Bugle   : 	at aipy.run(PG:12)
10-24 23:49:41.381  9711  9768 E Bugle   : 	at aeua.run(PG:2)
10-24 23:49:41.381  9711  9768 E Bugle   : 	at java.util.concurrent.ThreadPoolExecutor.runWorker(ThreadPoolExecutor.java:1167)
10-24 23:49:41.381  9711  9768 E Bugle   : 	at java.util.concurrent.ThreadPoolExecutor$Worker.run(ThreadPoolExecutor.java:641)
10-24 23:49:41.381  9711  9768 E Bugle   : 	at aesr.run(Unknown Source:4)
10-24 23:49:41.381  9711  9768 E Bugle   : 	at java.lang.Thread.run(Thread.java:923)
10-24 23:49:41.381  9711  9744 W Bugle   : aeei: Jibe SDK Service not available. Is the Jibe SDK service running? Did you call connect() and wait for the notification before calling an API function?
10-24 23:49:41.381  9711  9744 W Bugle   : 	at aeec.a(PG:15)
10-24 23:49:41.381  9711  9744 W Bugle   : 	at com.google.android.rcs.client.chatsession.ChatSessionService.isMessageRevocationSupported(PG:30)
10-24 23:49:41.381  9711  9744 W Bugle   : 	at kfx.i(PG:146)
10-24 23:49:41.381  9711  9744 W Bugle   : 	at cxj.a(Unknown Source:3)
10-24 23:49:41.381  9711  9744 W Bugle   : 	at aeyi.a(Unknown Source:2)
10-24 23:49:41.381  9711  9744 W Bugle   : 	at afoy.a(PG:3)
10-24 23:49:41.381  9711  9744 W Bugle   : 	at afoy.a(PG:3)
10-24 23:49:41.381  9711  9744 W Bugle   : 	at aeti.a(Unknown Source:1)
10-24 23:49:41.381  9711  9744 W Bugle   : 	at aimp.a(PG:3)
10-24 23:49:41.381  9711  9744 W Bugle   : 	at aily.a(PG:3)
10-24 23:49:41.381  9711  9744 W Bugle   : 	at aima.run(PG:23)
10-24 23:49:41.381  9711  9744 W Bugle   : 	at aipd.run(PG:2)
10-24 23:49:41.381  9711  9744 W Bugle   : 	at aeua.run(PG:2)
10-24 23:49:41.381  9711  9744 W Bugle   : 	at java.util.concurrent.ThreadPoolExecutor.runWorker(ThreadPoolExecutor.java:1167)
10-24 23:49:41.381  9711  9744 W Bugle   : 	at java.util.concurrent.ThreadPoolExecutor$Worker.run(ThreadPoolExecutor.java:641)
10-24 23:49:41.381  9711  9744 W Bugle   : 	at aesr.run(Unknown Source:4)
10-24 23:49:41.381  9711  9744 W Bugle   : 	at java.lang.Thread.run(Thread.java:923)
10-24 23:49:41.385   524  4228 D EGL_emulation: eglCreateContext: 0xe7b32900: maj 2 min 0 rcv 2
10-24 23:49:41.393  9711  9768 W Bugle   : BuglePhoneNumberUtils: canonicalizeMccMnc: invalid mccmnc. mcc: null, mnc: null
10-24 23:49:41.395  1193  3539 W Icing   : isOptedInForAppHistory: empty Account Name encountered [CONTEXT service_id=21 ]
10-24 23:49:41.407  9711  9988 I BugleNotifications: Updating notification in conversation due to P2P suggestions [CONTEXT conversation_id="3" ]
10-24 23:49:41.411  1325  2301 I Icing   : IndexChimeraService.getServiceInterface callingPackage=com.google.android.gms componentName=null serviceId=30 [CONTEXT service_id=21 ]
10-24 23:49:41.417  1193  7949 W Icing   : isOptedInForAppHistory: empty Account Name encountered [CONTEXT service_id=21 ]
10-24 23:49:41.417  1193  3539 W Icing   : isOptedInForAppHistory: empty Account Name encountered [CONTEXT service_id=21 ]
10-24 23:49:41.418  1325  2597 I Icing   : IndexChimeraService.getServiceInterface callingPackage=com.google.android.gms componentName=null serviceId=36 [CONTEXT service_id=21 ]
10-24 23:49:41.422   524  4228 D EGL_emulation: eglMakeCurrent: 0xe7b32900: ver 2 0 (tinfo 0xaf7af6d0) (first time)
10-24 23:49:41.427   392   464 D AudioFlinger: mixer(0xedd13030) throttle end: throttle time(28)
10-24 23:49:41.450  9711  9711 W Bugle   : widthToGrow is negative!
10-24 23:49:41.459  9711  9988 I BugleNotifications: Refreshing message notifications [CONTEXT for_incoming_messages=true for_failures=false is_silent=true is_quick_reply=false is_smart_reply_update=true conversation_id="3" ]
10-24 23:49:41.463  1325  1973 E native  : document-store.cc:1218 Failed to update per-doc-data with usage report
10-24 23:49:41.463  9711  9711 I BugleDataModel: ParticipantRefresh: Skipped full participant refresh
10-24 23:49:41.464  1325  1973 E native  : document-store.cc:1218 Failed to update per-doc-data with usage report
10-24 23:49:41.465  1325  1973 I chatty  : uid=10121(com.google.android.gms) lowpool[0] identical 1 line
10-24 23:49:41.465  1325  1973 E native  : document-store.cc:1218 Failed to update per-doc-data with usage report
10-24 23:49:41.466  9711  9711 I AppLifecycleTracker: App foreground state unchanged: inForeground ? true
10-24 23:49:41.472  1325  1973 E native  : document-store.cc:1218 Failed to update per-doc-data with usage report
10-24 23:49:41.472  1325  1973 E native  : document-store.cc:1218 Failed to update per-doc-data with usage report
10-24 23:49:41.473  9711  9711 D AppCompatDelegate: updateForNightMode [allowRecreation:true, currentNightMode:16, newNightMode:16, activityHandlingUiMode:false, baseContextAttached:true, created:true, canReturnDifferentContext:true, host:com.google.android.apps.messaging.home.HomeActivity@4897ffc]
10-24 23:49:41.473  9711  9711 D AppCompatDelegate: updateForNightMode. Skipping. Night mode: -1 for host:com.google.android.apps.messaging.home.HomeActivity@4897ffc
10-24 23:49:41.475  1325  1973 E native  : document-store.cc:1218 Failed to update per-doc-data with usage report
10-24 23:49:41.475  1325  1973 I chatty  : uid=10121(com.google.android.gms) lowpool[0] identical 1 line
10-24 23:49:41.475  1325  1973 E native  : document-store.cc:1218 Failed to update per-doc-data with usage report
10-24 23:49:41.496  9711  9988 W SQLiteLog: (28) double-quoted string literal: ""
10-24 23:49:41.496  9711  9988 I chatty  : uid=10134(com.google.android.apps.messaging) Blocking Thread identical 1 line
10-24 23:49:41.496  9711  9988 W SQLiteLog: (28) double-quoted string literal: ""
10-24 23:49:41.497  9711  9711 I Bugle   : DraftMessageTypeConverter: draft switching to xMS.
10-24 23:49:41.502  9711  9747 W WM-WorkSpec: Backoff delay duration less than minimum value
10-24 23:49:41.517  9711  9748 I BugleWorkQueue: WorkQueue: took approximately  32  to start processing row for  WorkHandlerProcessingMetaData{src=Executor, type=mark_as_notified, subKey=null, queue=mark_as_notified-, cancellationTag=null, attemptCount=0} ; rowId  41
10-24 23:49:41.551  9711  9711 W Bugle   : widthToGrow is negative!
10-24 23:49:41.556  1325  1973 I Icing   : Usage reports ok 7, Failed Usage reports 9, indexed 0, rejected 0 [CONTEXT service_id=21 ]
10-24 23:49:41.576  9711  9747 D MddListenableWorkerFactory: createWorker for class: com.google.android.apps.messaging.shared.datamodel.workqueue.WorkQueueWorkerShim
10-24 23:49:41.596  1325  1973 I Icing   : Usage reports ok 0, Failed Usage reports 0, indexed 0, rejected 0 [CONTEXT service_id=21 ]
10-24 23:49:41.621  9711  9768 I BugleMDD: Retrieved File Group Name: smart_actions_grammars, File Count = 30
10-24 23:49:41.653  9711  9768 I BugleMDD: Retrieved File Group Name: smart_actions_emotive_models, File Count = 54
10-24 23:49:41.673  9711  9711 W Bugle   : widthToGrow is negative!
10-24 23:49:41.685  9711  9768 I BugleMDD: Retrieved File Group Name: multitask_experiment, File Count = 58
10-24 23:49:41.687  9711  9711 W Bugle   : widthToGrow is negative!
10-24 23:49:41.694  9711  9744 I WM-WorkerWrapper: Worker result SUCCESS for Work [ id=e9dc6137-67c0-46fc-af28-31d8aa334284, tags={ com.google.android.apps.messaging.shared.datamodel.workqueue.WorkQueueWorkerShim, mark_as_notified- } ]
10-24 23:49:41.698  9711  9768 I BugleMDD: Retrieved File Group Name: birthday_grammars, File Count = 4
10-24 23:49:41.702  9711  9768 I BugleMDD: Retrieved File Group is null
10-24 23:49:41.703  1255  1255 W TooltipLifecycleManager: TooltipLifecycleManager.dismissTooltip():130 dismissTooltip(): tooltip with id inline_suggestion_tooltip not found in tooltipManager.
10-24 23:49:41.703  1255  1255 W TooltipLifecycleManager: TooltipLifecycleManager.dismissTooltip():130 dismissTooltip(): tooltip with id inline_suggestion_tooltip not found in tooltipManager.
10-24 23:49:41.703  9711  9768 W Bugle   : Error reading FileSpec: mdd_file {    id: model_based_provider_configs_pumpkin_screen_effects_experiment
10-24 23:49:41.703  9711  9768 W Bugle   :     group: screen_effect_suggestions
10-24 23:49:41.703  9711  9768 W Bugle   : }
10-24 23:49:41.706  1255  1255 I KeyboardWrapper: KeyboardWrapper.consumeEvent():264 Skip consuming an event as current keyboard is deactivated (state=0, keyboard existence=true)
10-24 23:49:41.706  1255  1255 I VoiceInputManagerWrapper: VoiceInputManagerWrapper.shutdown():77 shutdown()
10-24 23:49:41.707  1255  1255 I AndroidIME: AbstractIme.onDeactivate():161 LatinIme.onDeactivate()
10-24 23:49:41.704  9711  9768 W Bugle   : java.io.IOException: Could not get URI for file:, mdd_file {    id: model_based_provider_configs_pumpkin_screen_effects_experiment
10-24 23:49:41.704  9711  9768 W Bugle   :     group: screen_effect_suggestions
10-24 23:49:41.704  9711  9768 W Bugle   : }
10-24 23:49:41.704  9711  9768 W Bugle   : 	at jhv.a(PG:33)
10-24 23:49:41.704  9711  9768 W Bugle   : 	at lqs.a(Unknown Source:220)
10-24 23:49:41.704  9711  9768 W Bugle   : 	at ager.a(PG:3)
10-24 23:49:41.704  9711  9768 W Bugle   : 	at lqz.a(PG:116)
10-24 23:49:41.704  9711  9768 W Bugle   : 	at lrd.a(PG:50)
10-24 23:49:41.704  9711  9768 W Bugle   : 	at ffe.b(PG:1370)
10-24 23:49:41.704  9711  9768 W Bugle   : 	at izh.call(Unknown Source:4)
10-24 23:49:41.704  9711  9768 W Bugle   : 	at afqg.a(Unknown Source:1)
10-24 23:49:41.704  9711  9768 W Bugle   : 	at afox.a(PG:3)
10-24 23:49:41.704  9711  9768 W Bugle   : 	at aipw.b(PG:7)
10-24 23:49:41.704  9711  9768 W Bugle   : 	at aiox.run(PG:12)
10-24 23:49:41.704  9711  9768 W Bugle   : 	at aipy.run(PG:12)
10-24 23:49:41.704  9711  9768 W Bugle   : 	at aeua.run(PG:2)
10-24 23:49:41.704  9711  9768 W Bugle   : 	at java.util.concurrent.ThreadPoolExecutor.runWorker(ThreadPoolExecutor.java:1167)
10-24 23:49:41.704  9711  9768 W Bugle   : 	at java.util.concurrent.ThreadPoolExecutor$Worker.run(ThreadPoolExecutor.java:641)
10-24 23:49:41.704  9711  9768 W Bugle   : 	at aesr.run(Unknown Source:4)
10-24 23:49:41.704  9711  9768 W Bugle   : 	at java.lang.Thread.run(Thread.java:923)
10-24 23:49:41.714  1255  1255 I ConversationToQueryExtension: ConversationToQueryExtension.onDeactivate():281 onDeactivate()
10-24 23:49:41.714  1255  1255 I MagicGCandidateProvider: MagicGCandidateProvider.deactivate():221 onDeactivate()
10-24 23:49:41.733  9711  9746 I WM-WorkerWrapper: Worker result SUCCESS for Work [ id=138db4bb-8247-4ee1-94e3-d77c19ae725b, tags={ com.google.android.apps.messaging.shared.datamodel.workqueue.WorkQueueWorkerShim, log_message_sent_or_received- } ]
10-24 23:49:41.756  9711  9748 I BugleWorkQueue: WorkQueue: took approximately  10  to start processing row for  WorkHandlerProcessingMetaData{src=Executor, type=mark_as_notified, subKey=null, queue=mark_as_notified-, cancellationTag=null, attemptCount=0} ; rowId  42
10-24 23:49:41.763  9711  9744 W WM-WorkSpec: Backoff delay duration less than minimum value
10-24 23:49:41.791  9711  9746 D MddListenableWorkerFactory: createWorker for class: com.google.android.apps.messaging.shared.datamodel.workqueue.WorkQueueWorkerShim
10-24 23:49:41.795   448  4081 D NuPlayerDriver: stop(0xf35c19f0)
10-24 23:49:41.795  9711  9711 V MediaPlayer: resetDrmState:  mDrmInfo=null mDrmProvisioningThread=null mPrepareDrmInProgress=false mActiveDrmScheme=false
10-24 23:49:41.795  9711  9711 V MediaPlayer: cleanDrmObj: mDrmObj=null mDrmSessionId=null
10-24 23:49:41.795   448  4081 D NuPlayerDriver: reset(0xf35c19f0) at state 8
10-24 23:49:41.800   448  9973 I hw-BpHwBinder: onLastStrongRef automatically unlinking death recipients
10-24 23:49:41.800   457   503 I hw-BpHwBinder: onLastStrongRef automatically unlinking death recipients
10-24 23:49:41.801   457   503 V C2Store : in ~ComponentModule
10-24 23:49:41.801   457   503 V C2Store : unloading dll
10-24 23:49:41.802   448  9966 D NuPlayerDriver: notifyResetComplete(0xf35c19f0)
10-24 23:49:41.802   448  4081 W AMessage: failed to post message as target looper for handler 0 is gone.
10-24 23:49:41.802  9711  9711 I Bugle   : MediaPlayerManager: released 193963623
10-24 23:49:41.883  9711  9746 I WM-WorkerWrapper: Worker result SUCCESS for Work [ id=9d351778-2cc9-481c-8676-b477658f11c0, tags={ com.google.android.apps.messaging.shared.datamodel.workqueue.WorkQueueWorkerShim, mark_as_notified- } ]
10-24 23:49:42.119  9711  9711 I AppLifecycleTracker: App foreground state unchanged: inForeground ? true
10-24 23:49:42.122  9711  9711 D AutofillManager: onActivityFinishing(): calling cancelLocked()
10-24 23:49:42.122  1193  2057 W Icing   : isOptedInForAppHistory: empty Account Name encountered [CONTEXT service_id=21 ]
10-24 23:49:42.131  1193  2057 W Icing   : isOptedInForAppHistory: empty Account Name encountered [CONTEXT service_id=21 ]
10-24 23:49:42.132  1193  7949 W Icing   : isOptedInForAppHistory: empty Account Name encountered [CONTEXT service_id=21 ]
10-24 23:49:42.825  9711  9988 I BugleJobs: GenericWorkerQueueAction: Bailing early, no work found, no failed work found
10-24 23:49:43.035  1255  1376 I PeriodicStatsRunner: PeriodicStatsRunner.call():180 call()
10-24 23:49:43.035  1255  1376 I PeriodicStatsRunner: PeriodicStatsRunner.call():184 No submit PeriodicStats since input started.
10-24 23:49:43.056   524   546 D EventSequenceValidator: inc AccIntentStartedEvents to 2
10-24 23:49:43.056   524  1027 I ActivityTaskManager: START u0 {flg=0x14000001 cmp=com.google.android.apps.messaging/.conversation.screen.ConversationActivity} from uid 10134
10-24 23:49:43.060   430   430 I perfetto: ing_service_impl.cc:758 Configured tracing session 121, #sources:1, duration:5000 ms, #buffers:1, total buffer size:4096 KB, total sessions:1, uid:1071 session name: ""
10-24 23:49:43.060   419   419 I perfetto: probes_producer.cc:230  Ftrace setup (target_buf=121)
10-24 23:49:43.062   524   546 D EventSequenceValidator: dec AccIntentStartedEvents to 1
10-24 23:49:43.067   524  1027 W ActivityTaskManager: Tried to set launchTime (0) < mLastActivityLaunchTime (4521007)
10-24 23:49:43.070  9711  9711 D AppCompatDelegate: Application config ({1.0 310mcc260mnc [en_US] ldltr sw392dp w392dp h750dp 440dpi nrml long port finger qwerty/v/v dpad/v winConfig={ mBounds=Rect(0, 0 - 1080, 2340) mAppBounds=Rect(0, 136 - 1080, 2208) mWindowingMode=fullscreen mDisplayWindowingMode=fullscreen mActivityType=undefined mAlwaysOnTop=undefined mRotation=ROTATION_0} s.34}) does not match base config ({1.0 310mcc260mnc [en_US] ldltr sw392dp w392dp h750dp 440dpi nrml long port finger qwerty/v/v dpad/v winConfig={ mBounds=Rect(0, 0 - 1080, 2340) mAppBounds=Rect(0, 136 - 1080, 2208) mWindowingMode=fullscreen mDisplayWindowingMode=fullscreen mActivityType=standard mAlwaysOnTop=undefined mRotation=ROTATION_0} s.1}), using base overlay: {0.0 ?mcc?mnc ?localeList ?layoutDir ?swdp ?wdp ?hdp ?density ?lsize ?long ?ldr ?wideColorGamut ?orien ?uimode ?night ?touch ?keyb/?/? ?nav/? winConfig={ mBounds=Rect(0, 0 - 0, 0) mAppBounds=null mWindowingMode=undefined mDisplayWindowingMode=undefined mActivityType=undefined mAlwaysOnTop=undefined mRotation=undefined}}
10-24 23:49:43.070  9711  9711 D AppCompatDelegate: Applying night mode using ContextThemeWrapper and applyOverrideConfiguration(). Config: {0.0 ?mcc?mnc ?localeList ?layoutDir ?swdp ?wdp ?hdp ?density ?lsize ?long ?ldr ?wideColorGamut ?orien ?uimode ?touch ?keyb/?/? ?nav/? winConfig={ mBounds=Rect(0, 0 - 0, 0) mAppBounds=null mWindowingMode=undefined mDisplayWindowingMode=undefined mActivityType=undefined mAlwaysOnTop=undefined mRotation=undefined}}
10-24 23:49:43.073  9711  9711 D AppCompatDelegate: updateForNightMode [allowRecreation:false, currentNightMode:16, newNightMode:16, activityHandlingUiMode:false, baseContextAttached:true, created:false, canReturnDifferentContext:true, host:com.google.android.apps.messaging.conversation.screen.ConversationActivity@cdac5ff]
10-24 23:49:43.073  9711  9711 D AppCompatDelegate: updateForNightMode. Skipping. Night mode: -1 for host:com.google.android.apps.messaging.conversation.screen.ConversationActivity@cdac5ff
10-24 23:49:43.078  9711  9711 I AppCompatViewInflater: app:theme is now deprecated. Please move to using android:theme instead.
10-24 23:49:43.080  9711  9747 I BugleUsageStatistics: UsageStatistics: app created, openCause: 7
10-24 23:49:43.084  9711  9711 I AppLifecycleTracker: App foreground state unchanged: inForeground ? true
10-24 23:49:43.097   419   419 I perfetto: ftrace_procfs.cc:176    enabled ftrace
10-24 23:49:43.082     0     0 W perfetto: enabled ftrace
10-24 23:49:43.105  9711  9711 W Bugle   : contact provider didn't provide contact label information, fall back to using display name!
10-24 23:49:43.111  9711  9711 D AppCompatDelegate: updateForNightMode [allowRecreation:true, currentNightMode:16, newNightMode:16, activityHandlingUiMode:false, baseContextAttached:true, created:true, canReturnDifferentContext:true, host:com.google.android.apps.messaging.conversation.screen.ConversationActivity@cdac5ff]
10-24 23:49:43.111  9711  9711 D AppCompatDelegate: updateForNightMode. Skipping. Night mode: -1 for host:com.google.android.apps.messaging.conversation.screen.ConversationActivity@cdac5ff
10-24 23:49:43.119  9711  9711 I BugleDataModel: ParticipantRefresh: Skipped full participant refresh
10-24 23:49:43.127  9711  9711 I BugleDataModel: ParticipantRefresh: Skipped full participant refresh
10-24 23:49:43.128  9711  9711 I Bugle   : ContactPickerFragment: picker not rcs: rcs not connected
10-24 23:49:43.128  9711  9711 W Bugle   : ContactPickerFragment: fail to subscribe rcsEventService
10-24 23:49:43.128  9711  9711 W Bugle   : aeei: Jibe SDK Service not available. Is the Jibe SDK service running? Did you call connect() and wait for the notification before calling an API function?
10-24 23:49:43.128  9711  9711 W Bugle   : 	at aeec.a(PG:15)
10-24 23:49:43.128  9711  9711 W Bugle   : 	at com.google.android.rcs.client.events.EventService.subscribe(PG:19)
10-24 23:49:43.128  9711  9711 W Bugle   : 	at nfl.j(PG:316)
10-24 23:49:43.128  9711  9711 W Bugle   : 	at neh.D(PG:187)
10-24 23:49:43.128  9711  9711 W Bugle   : 	at jh.j(PG:210)
10-24 23:49:43.128  9711  9711 W Bugle   : 	at iy.a(PG:499)
10-24 23:49:43.128  9711  9711 W Bugle   : 	at iy.c(PG:446)
10-24 23:49:43.128  9711  9711 W Bugle   : 	at iy.d(PG:396)
10-24 23:49:43.128  9711  9711 W Bugle   : 	at iy.a(PG:437)
10-24 23:49:43.128  9711  9711 W Bugle   : 	at iy.c(PG:110)
10-24 23:49:43.128  9711  9711 W Bugle   : 	at iy.k(PG:107)
10-24 23:49:43.128  9711  9711 W Bugle   : 	at hz.onPostResume(PG:83)
10-24 23:49:43.128  9711  9711 W Bugle   : 	at vu.onPostResume(PG:43)
10-24 23:49:43.128  9711  9711 W Bugle   : 	at adjd.onPostResume(PG:42)
10-24 23:49:43.128  9711  9711 W Bugle   : 	at com.google.android.apps.messaging.conversation.screen.ConversationActivity.onPostResume(PG:56)
10-24 23:49:43.128  9711  9711 W Bugle   : 	at android.app.Activity.performResume(Activity.java:8154)
10-24 23:49:43.128  9711  9711 W Bugle   : 	at android.app.ActivityThread.performResumeActivity(ActivityThread.java:4434)
10-24 23:49:43.128  9711  9711 W Bugle   : 	at android.app.ActivityThread.handleResumeActivity(ActivityThread.java:4476)
10-24 23:49:43.128  9711  9711 W Bugle   : 	at android.app.servertransaction.ResumeActivityItem.execute(ResumeActivityItem.java:52)
10-24 23:49:43.128  9711  9711 W Bugle   : 	at android.app.servertransaction.TransactionExecutor.executeLifecycleState(TransactionExecutor.java:176)
10-24 23:49:43.128  9711  9711 W Bugle   : 	at android.app.servertransaction.TransactionExecutor.execute(TransactionExecutor.java:97)
10-24 23:49:43.128  9711  9711 W Bugle   : 	at android.app.ActivityThread$H.handleMessage(ActivityThread.java:2066)
10-24 23:49:43.128  9711  9711 W Bugle   : 	at android.os.Handler.dispatchMessage(Handler.java:106)
10-24 23:49:43.128  9711  9711 W Bugle   : 	at android.os.Looper.loop(Looper.java:223)
10-24 23:49:43.128  9711  9711 W Bugle   : 	at android.app.ActivityThread.main(ActivityThread.java:7656)
10-24 23:49:43.128  9711  9711 W Bugle   : 	at java.lang.reflect.Method.invoke(Native Method)
10-24 23:49:43.128  9711  9711 W Bugle   : 	at com.android.internal.os.RuntimeInit$MethodAndArgsCaller.run(RuntimeInit.java:592)
10-24 23:49:43.128  9711  9711 W Bugle   : 	at com.android.internal.os.ZygoteInit.main(ZygoteInit.java:947)
10-24 23:49:43.129  9711  9711 I Bugle   : ContactPickerFragment: group not RCS because RCS is not available yet
10-24 23:49:43.129  9711  9711 I Bugle   : ContactPickerFragment: picker is RCS: false
10-24 23:49:43.129  9711  9711 I Bugle   : ContactPickerFragment: group not RCS because RCS is not available yet
10-24 23:49:43.269   524   552 I ActivityTaskManager: Displayed com.google.android.apps.messaging/.conversation.screen.ConversationActivity: +212ms
10-24 23:49:43.300  9711  9711 W Bugle   : contact provider didn't provide contact label information, fall back to using display name!
10-24 23:49:43.405   524  6313 I system_server: oneway function results will be dropped but finished with status OK and parcel size 4
10-24 23:49:43.684  9711  9711 I AppLifecycleTracker: App foreground state unchanged: inForeground ? true
10-24 23:49:43.786  1325  9977 I GmscoreIpa: Starting mediastore instant index
10-24 23:49:43.935  9711  9768 I BugleNotifications: Refreshing message notifications [CONTEXT for_incoming_messages=true for_failures=true is_silent=false is_quick_reply=false is_smart_reply_update=false ]
10-24 23:49:43.938  9711  9768 W SQLiteLog: (28) double-quoted string literal: ""
10-24 23:49:43.948  9711  9768 I chatty  : uid=10134(com.google.android.apps.messaging) Blocking Thread identical 4 lines
10-24 23:49:43.948  9711  9768 W SQLiteLog: (28) double-quoted string literal: ""
10-24 23:49:44.324  1255  1255 I KeyboardViewUtil: KeyboardViewUtil.getKeyboardHeightRatio():128 systemKeyboardHeightRatio:1.000000; userKeyboardHeightRatio:1.000000.
10-24 23:49:44.324  1255  1255 I AndroidIME: AbstractIme.onActivate():84 LatinIme.onActivate() : EditorInfo = Package = com.google.android.apps.messaging : Type = Email : Learning = Disable : Suggestion = Hide : AutoCorrection = Disable : Microphone = DisabledMic : NoPersonalizedLearning = Disable : AutoStartVoiceInput = Disable, IncognitoMode = false
10-24 23:49:44.325  1255  1255 I Delight5Facilitator: Delight5Facilitator.initializeForIme():561 initializeForIme() : Locale = [en_US], layout = qwerty
10-24 23:49:44.325  1255  1255 I VoiceInputManagerWrapper: VoiceInputManagerWrapper.cancelShutdown():55 cancelShutdown()
10-24 23:49:44.325  1255  1255 I VoiceInputManagerWrapper: VoiceInputManagerWrapper.syncLanguagePacks():67 syncLanguagePacks()
10-24 23:49:44.326  1255  5178 I SpeechFactory: SpeechRecognitionFactory.maybeScheduleAutoPackDownloadForFallback():160 maybeScheduleAutoPackDownloadForFallback()
10-24 23:49:44.326  1255  5178 I FallbackOnDeviceRecognitionProvider: FallbackOnDeviceRecognitionProvider.maybeScheduleAutoPackDownload():197 maybeScheduleAutoPackDownload() for language tag en-US
10-24 23:49:44.328  1255  1255 I KeyboardWrapper: KeyboardWrapper.consumeEvent():264 Skip consuming an event as current keyboard is deactivated (state=0, keyboard existence=true)
10-24 23:49:44.341  1255  1255 W KeyboardModeManager: KeyboardModeManager.setInputView():302 setInputView() : inputView = com.google.android.apps.inputmethod.libs.framework.core.InputView{9d56e57 V.E...... ......ID 0,0-1080,2063}
10-24 23:49:44.342  1255  1255 I ConversationToQueryExtension: ConversationToQueryExtension.onActivate():192 onActivate: Expression disabled --> Conv2Query not activated
10-24 23:49:44.342  1255  1255 I CurrentMicStatusHolder: CurrentMicStatusHolder.onStartInputView():79 Current Mic status = {MicIconHidden-EmailInputType,}
10-24 23:49:44.343  1255  1255 I VoiceImeExtension: VoiceImeExtension.shouldStartVoiceInputAutomatically():336 No private IME option set to start voice input.
10-24 23:49:45.391   524  6313 I system_server: oneway function results will be dropped but finished with status OK and parcel size 4
10-24 23:49:45.550   524   608 D InputDispatcher: Waiting to send key to Window{8f69bb5 u0 com.google.android.apps.messaging/com.google.android.apps.messaging.conversation.screen.ConversationActivity} because there are unprocessed events that may cause focus to change
10-24 23:49:45.551   448  4294 D BufferPoolAccessor2.0: evictor expired: 2, evicted: 0
10-24 23:49:45.551   457   853 D BufferPoolAccessor2.0: evictor expired: 2, evicted: 0
10-24 23:49:45.745   524   608 D InputDispatcher: Waiting to send key to Window{8f69bb5 u0 com.google.android.apps.messaging/com.google.android.apps.messaging.conversation.screen.ConversationActivity} because there are unprocessed events that may cause focus to change
10-24 23:49:45.962   524   608 D InputDispatcher: Waiting to send key to Window{8f69bb5 u0 com.google.android.apps.messaging/com.google.android.apps.messaging.conversation.screen.ConversationActivity} because there are unprocessed events that may cause focus to change
10-24 23:49:46.759  1255  1376 I PeriodicStatsRunner: PeriodicStatsRunner.call():180 call()
10-24 23:49:46.759  1255  1376 I PeriodicStatsRunner: PeriodicStatsRunner.call():184 No submit PeriodicStats since input started.
10-24 23:49:46.950  9711  9753 D OpenGLRenderer: endAllActiveAnimators on 0xb09d2950 (RippleDrawable) with handle 0xb141c690
10-24 23:49:46.950  9711  9753 D OpenGLRenderer: endAllActiveAnimators on 0xafb6e730 (DropDownListView) with handle 0xb141b430
10-24 23:49:46.972  9711  9711 I Bugle   : ContactPickerFragment: group not RCS because RCS is not available yet
10-24 23:49:46.973  9711  9711 I chatty  : uid=10134(com.google.android.apps.messaging) identical 1 line
10-24 23:49:46.973  9711  9711 I Bugle   : ContactPickerFragment: group not RCS because RCS is not available yet
10-24 23:49:46.976  9711  9711 I Bugle   : ContactPickerFragment: contact picker creating conversation. participants{size:1}
10-24 23:49:47.029   524  1027 I Telecom : PhoneAccountRegistrar: getSimCallManager: SimCallManager for subId 1 queried, returning: null: TSI.gDOPA@Dlg
10-24 23:49:47.045   942  1188 D MmsSmsProvider: getSingleAddressId: insert new canonical_address for xxxxxx, _id=6
10-24 23:49:47.046   942  1188 D MmsSmsProvider: getThreadId: create new thread_id for recipients xxxxxxxx
10-24 23:49:47.046   942  1188 D MmsSmsProvider: insertThread: created new thread_id 6 for recipientIds xxxxxxx
10-24 23:49:47.079  9711  9768 W Bugle   : SubscriptionMetadataUtils get: invalid subId = -2
10-24 23:49:47.080  9711  9768 I chatty  : uid=10134(com.google.android.apps.messaging) Blocking Thread identical 1 line
10-24 23:49:47.082  9711  9768 W Bugle   : SubscriptionMetadataUtils get: invalid subId = -2
