10-24 23:39:43.849  8326  8326 D AppCompatDelegate: updateForNightMode. Skipping. Night mode: -1 for host:com.google.android.apps.messaging.home.HomeActivity@2a899df
10-24 23:39:43.869  8326  8365 W WM-WorkSpec: Backoff delay duration less than minimum value
10-24 23:39:43.887  8326  8365 I BugleWorkQueue: WorkQueue: took approximately  23  to start processing row for  WorkHandlerProcessingMetaData{src=Executor, type=mark_as_notified, subKey=null, queue=mark_as_notified-, cancellationTag=null, attemptCount=0} ; rowId  37
10-24 23:39:43.906  8326  9004 I BugleNotifications: Refreshing message notifications [CONTEXT for_incoming_messages=true for_failures=true is_silent=false is_quick_reply=false is_smart_reply_update=false ]
10-24 23:39:43.914  8326  9004 W SQLiteLog: (28) double-quoted string literal: ""
10-24 23:39:43.922  8326  9004 I chatty  : uid=10134(com.google.android.apps.messaging) Blocking Thread identical 4 lines
10-24 23:39:43.922  8326  9004 W SQLiteLog: (28) double-quoted string literal: ""
10-24 23:39:43.927  8326  8364 D MddListenableWorkerFactory: createWorker for class: com.google.android.apps.messaging.shared.datamodel.workqueue.WorkQueueWorkerShim
10-24 23:39:43.928  8326  9004 W SQLiteLog: (28) double-quoted string literal: ""
10-24 23:39:43.928  8326  9004 I chatty  : uid=10134(com.google.android.apps.messaging) Blocking Thread identical 1 line
10-24 23:39:43.928  8326  9004 W SQLiteLog: (28) double-quoted string literal: ""
10-24 23:39:43.991  8326  8363 I WM-WorkerWrapper: Worker result SUCCESS for Work [ id=202a9583-4c7b-47c6-bd97-cb38e8480fbc, tags={ com.google.android.apps.messaging.shared.datamodel.workqueue.WorkQueueWorkerShim, mark_as_notified- } ]
10-24 23:39:44.112   524  6313 I system_server: oneway function results will be dropped but finished with status OK and parcel size 4
10-24 23:39:44.378  8326  8326 I AppLifecycleTracker: App foreground state unchanged: inForeground ? true
10-24 23:39:44.380  8326  8326 D AutofillManager: onActivityFinishing(): calling cancelLocked()
10-24 23:39:44.383  1193  1696 W Icing   : isOptedInForAppHistory: empty Account Name encountered [CONTEXT service_id=21 ]
10-24 23:39:44.399  1193  1696 I chatty  : uid=10121(com.google.android.gms) Binder:1193_6 identical 1 line
10-24 23:39:44.400  1193  1696 W Icing   : isOptedInForAppHistory: empty Account Name encountered [CONTEXT service_id=21 ]
10-24 23:39:44.401  1193  8987 W Icing   : isOptedInForAppHistory: empty Account Name encountered [CONTEXT service_id=21 ]
10-24 23:39:44.408  1193  1696 W Icing   : isOptedInForAppHistory: empty Account Name encountered [CONTEXT service_id=21 ]
10-24 23:39:44.408  1193  8984 W Icing   : isOptedInForAppHistory: empty Account Name encountered [CONTEXT service_id=21 ]
10-24 23:39:44.410  1193  2383 W Icing   : isOptedInForAppHistory: empty Account Name encountered [CONTEXT service_id=21 ]
10-24 23:39:44.416  1193  2383 W Icing   : isOptedInForAppHistory: empty Account Name encountered [CONTEXT service_id=21 ]
10-24 23:39:44.416  1193  8987 W Icing   : isOptedInForAppHistory: empty Account Name encountered [CONTEXT service_id=21 ]
10-24 23:39:44.417  1193  1696 W Icing   : isOptedInForAppHistory: empty Account Name encountered [CONTEXT service_id=21 ]
10-24 23:39:44.423  1193  1696 W Icing   : isOptedInForAppHistory: empty Account Name encountered [CONTEXT service_id=21 ]
10-24 23:39:44.424  1193  8984 W Icing   : isOptedInForAppHistory: empty Account Name encountered [CONTEXT service_id=21 ]
10-24 23:39:44.428  1193  2383 W Icing   : isOptedInForAppHistory: empty Account Name encountered [CONTEXT service_id=21 ]
10-24 23:39:44.433  1193  2383 W Icing   : isOptedInForAppHistory: empty Account Name encountered [CONTEXT service_id=21 ]
10-24 23:39:44.434  1193  8987 W Icing   : isOptedInForAppHistory: empty Account Name encountered [CONTEXT service_id=21 ]
10-24 23:39:44.941   524   544 D AutofillManagerService: onBackKeyPressed()
10-24 23:39:44.941   524   544 E RemoteAugmentedAutofillService: Bad service name for flags 1048704: com.google.android.as/com.google.android.apps.miphone.aiai.app.AiAiAugmentedAutofillService
10-24 23:39:44.999   524  1387 W ActivityManager: Unable to start service Intent { act=android.service.appprediction.AppPredictionService cmp=com.google.android.as/com.google.android.apps.miphone.aiai.app.AiAiPredictionService } U=0: not found
10-24 23:39:44.999   524  1387 W RemoteAppPredictionService: could not bind to Intent { act=android.service.appprediction.AppPredictionService cmp=com.google.android.as/com.google.android.apps.miphone.aiai.app.AiAiPredictionService } using flags 67108865
10-24 23:39:45.185  1753  2133 W ThreadPoolDumper: Queue length for executor EventBus is now 11. Perhaps some tasks are too long, or the pool is too small.
10-24 23:39:45.199  1753  1946 W LocationOracle: No location history returned by ContextManager
10-24 23:39:45.239  1753  1753 I BgTaskExecutorImpl: Starting EXCLUSIVE background task TNG_MINUS_ONE_SYNC.
10-24 23:39:45.244  1193  2235 W GCoreFlp: No location to return for getLastLocation()
10-24 23:39:45.252  1753  1960 E MDD     : DownloadProgressMonitor: Can't find file group for uri: android://com.google.android.googlequicksearchbox/files/sharedminusonemodule/shared/SharedMinusOneData.pb.tmp
10-24 23:39:45.254  1753  2133 I TngMinusOneSync: Syncing TNG:-1
10-24 23:39:45.572   524  1387 I system_server: oneway function results will be dropped but finished with status OK and parcel size 4
10-24 23:39:45.614   524   543 D AutofillManagerService: Close system dialogs
10-24 23:39:45.615   702   702 V ShadeControllerImpl: NotificationShadeWindow: com.android.systemui.statusbar.phone.NotificationShadeWindowView{f018b61 I.E...... ......ID 0,0-1080,2340} canPanelBeCollapsed(): false
10-24 23:39:45.615   524   546 D EventSequenceValidator: inc AccIntentStartedEvents to 2
10-24 23:39:45.615   524   544 I ActivityTaskManager: START u0 {act=android.intent.action.MAIN cat=[android.intent.category.HOME] flg=0x10000100 cmp=com.google.android.apps.nexuslauncher/.NexusLauncherActivity (has extras)} from uid 0
10-24 23:39:45.617  1078  1078 D TaplTarget: Launcher.onNewIntent: Intent { act=android.intent.action.MAIN cat=[android.intent.category.HOME] flg=0x10000100 cmp=com.google.android.apps.nexuslauncher/.NexusLauncherActivity (has extras) }
10-24 23:39:45.619   524  6313 W ActivityManager: Unable to start service Intent { act=android.service.appprediction.AppPredictionService cmp=com.google.android.as/com.google.android.apps.miphone.aiai.app.AiAiPredictionService } U=0: not found
10-24 23:39:45.619   524  6313 W RemoteAppPredictionService: could not bind to Intent { act=android.service.appprediction.AppPredictionService cmp=com.google.android.as/com.google.android.apps.miphone.aiai.app.AiAiPredictionService } using flags 67108865
10-24 23:39:45.619   430   430 I perfetto: ing_service_impl.cc:758 Configured tracing session 105, #sources:1, duration:5000 ms, #buffers:1, total buffer size:4096 KB, total sessions:1, uid:1071 session name: ""
10-24 23:39:45.620   419   419 I perfetto: probes_producer.cc:230  Ftrace setup (target_buf=105)
10-24 23:39:45.620   524   546 D EventSequenceValidator: dec AccIntentStartedEvents to 1
10-24 23:39:45.622   524   543 D AutofillManagerService: Close system dialogs
10-24 23:39:45.626   702   702 V ShadeControllerImpl: NotificationShadeWindow: com.android.systemui.statusbar.phone.NotificationShadeWindowView{f018b61 I.E...... ......ID 0,0-1080,2340} canPanelBeCollapsed(): false
10-24 23:39:45.663   419   419 I perfetto: ftrace_procfs.cc:176    enabled ftrace
10-24 23:39:45.647     0     0 W perfetto: enabled ftrace
10-24 23:39:45.849  8326  8326 I AppLifecycleTracker: App transition to background
10-24 23:39:45.866  1078  1078 D TaplEvents: Main / Touch event: MotionEvent { action=ACTION_DOWN, actionButton=0, id[0]=0, x[0]=676.97754, y[0]=1301.8964, toolType[0]=TOOL_TYPE_FINGER, buttonState=0, classification=NONE, metaState=0, flags=0x1, edgeFlags=0x0, pointerCount=1, historySize=0, eventTime=3931502, downTime=3931502, deviceId=8, source=0x5002, displayId=0 }
10-24 23:39:45.947  1078  1078 D TaplEvents: Main / Touch event: MotionEvent { action=ACTION_UP, actionButton=0, id[0]=0, x[0]=676.97754, y[0]=837.93823, toolType[0]=TOOL_TYPE_FINGER, buttonState=0, classification=NONE, metaState=0, flags=0x1, edgeFlags=0x0, pointerCount=1, historySize=0, eventTime=3931582, downTime=3931502, deviceId=8, source=0x5002, displayId=0 }
10-24 23:39:46.481   524  1384 I system_server: oneway function results will be dropped but finished with status OK and parcel size 4
10-24 23:39:46.559   524  1384 I system_server: oneway function results will be dropped but finished with status OK and parcel size 4
10-24 23:39:46.659  1078  1078 D TaplEvents: Main / Touch event: MotionEvent { action=ACTION_DOWN, actionButton=0, id[0]=0, x[0]=317.98828, y[0]=814.94385, toolType[0]=TOOL_TYPE_FINGER, buttonState=0, classification=NONE, metaState=0, flags=0x1, edgeFlags=0x0, pointerCount=1, historySize=0, eventTime=3932294, downTime=3932294, deviceId=8, source=0x5002, displayId=0 }
10-24 23:39:46.755  1078  1078 D TaplEvents: Main / Touch event: MotionEvent { action=ACTION_UP, actionButton=0, id[0]=0, x[0]=317.98828, y[0]=814.94385, toolType[0]=TOOL_TYPE_FINGER, buttonState=0, classification=NONE, metaState=0, flags=0x1, edgeFlags=0x0, pointerCount=1, historySize=0, eventTime=3932390, downTime=3932294, deviceId=8, source=0x5002, displayId=0 }
10-24 23:39:46.772  1078  1078 D TaplEvents: Main / start: startAppShortcutOrInfoActivity
10-24 23:39:46.773   524   546 D EventSequenceValidator: inc AccIntentStartedEvents to 2
10-24 23:39:46.773   524  1384 I ActivityTaskManager: START u0 {act=android.intent.action.MAIN cat=[android.intent.category.LAUNCHER] flg=0x10200000 cmp=com.google.android.documentsui/com.android.documentsui.LauncherActivity bnds=[238,654][439,965]} from uid 10154
10-24 23:39:46.777   524  1805 I system_server: oneway function results will be dropped but finished with status OK and parcel size 4
10-24 23:39:46.778   430   430 I perfetto: ing_service_impl.cc:758 Configured tracing session 106, #sources:1, duration:5000 ms, #buffers:1, total buffer size:4096 KB, total sessions:2, uid:1071 session name: ""
10-24 23:39:46.779   524  1805 I system_server: oneway function results will be dropped but finished with status OK and parcel size 4
10-24 23:39:46.779   419   419 I perfetto: probes_producer.cc:230  Ftrace setup (target_buf=106)
10-24 23:39:46.785   524   546 D CompatibilityChangeReporter: Compat change id reported: 135634846; UID 10083; state: DISABLED
10-24 23:39:46.785   524   554 D CompatibilityChangeReporter: Compat change id reported: 143937733; UID 10083; state: ENABLED
10-24 23:39:46.787   524   524 W ActivityManager: Unable to start service Intent { act=android.service.appprediction.AppPredictionService cmp=com.google.android.as/com.google.android.apps.miphone.aiai.app.AiAiPredictionService } U=0: not found
10-24 23:39:46.787   524   524 W RemoteAppPredictionService: could not bind to Intent { act=android.service.appprediction.AppPredictionService cmp=com.google.android.as/com.google.android.apps.miphone.aiai.app.AiAiPredictionService } using flags 67108865
10-24 23:39:46.792   297   297 D Zygote  : Forked child process 9105
10-24 23:39:46.795   524   554 I ActivityManager: Start proc 9105:com.google.android.documentsui/u0a83 for pre-top-activity {com.google.android.documentsui/com.android.documentsui.LauncherActivity}
10-24 23:39:46.814  9105  9105 W oid.documentsu: Unexpected CPU variant for X86 using defaults: x86
10-24 23:39:46.820  4518  4524 I adbd    : jdwp connection from 9105
10-24 23:39:46.836   448  4294 D BufferPoolAccessor2.0: bufferpool2 0xefac6628 : 0(0 size) total buffers - 0(0 size) used buffers - 23/35 (recycle/alloc) - 12/32 (fetch/transfer)
10-24 23:39:46.836   448  4294 D BufferPoolAccessor2.0: evictor expired: 1, evicted: 1
10-24 23:39:46.845   457   853 D BufferPoolAccessor2.0: bufferpool2 0xebd45528 : 0(0 size) total buffers - 0(0 size) used buffers - 27/30 (recycle/alloc) - 3/30 (fetch/transfer)
10-24 23:39:46.845   457   853 D BufferPoolAccessor2.0: evictor expired: 1, evicted: 1
10-24 23:39:46.855  9105  9105 I oid.documentsu: The ClassLoaderContext is a special shared library.
10-24 23:39:46.862  9105  9105 D NetworkSecurityConfig: No Network Security Config specified, using platform default
10-24 23:39:46.864  9105  9105 D NetworkSecurityConfig: No Network Security Config specified, using platform default
10-24 23:39:46.906  9105  9132 D libEGL  : loaded /vendor/lib/egl/libEGL_emulation.so
10-24 23:39:46.907  9105  9132 D libEGL  : loaded /vendor/lib/egl/libGLESv1_CM_emulation.so
10-24 23:39:46.908  9105  9132 D libEGL  : loaded /vendor/lib/egl/libGLESv2_emulation.so
10-24 23:39:46.912  9105  9105 D LauncherActivity: Starting new task > //com.android.documentsui.launchControl#1761323986911
10-24 23:39:46.912   524  1387 I ActivityTaskManager: START u0 {dat=//com.android.documentsui.launchControl flg=0x10200000 cmp=com.google.android.documentsui/com.android.documentsui.files.FilesActivity (has extras)} from uid 10083
10-24 23:39:46.926   524  4165 D HostConnection: HostConnection::get() New Host Connection established 0xe7b3ce60, tid 4165
10-24 23:39:46.931   524  4165 D HostConnection: HostComposition ext ANDROID_EMU_CHECKSUM_HELPER_v1 ANDROID_EMU_native_sync_v2 ANDROID_EMU_native_sync_v3 ANDROID_EMU_native_sync_v4 ANDROID_EMU_dma_v1 ANDROID_EMU_direct_mem ANDROID_EMU_host_composition_v1 ANDROID_EMU_host_composition_v2 ANDROID_EMU_vulkan ANDROID_EMU_deferred_vulkan_commands ANDROID_EMU_vulkan_null_optional_strings ANDROID_EMU_vulkan_create_resources_with_requirements ANDROID_EMU_YUV_Cache ANDROID_EMU_vulkan_ignored_handles ANDROID_EMU_has_shared_slots_host_memory_allocator ANDROID_EMU_vulkan_free_memory_sync ANDROID_EMU_vulkan_shader_float16_int8 ANDROID_EMU_vulkan_async_queue_submit ANDROID_EMU_sync_buffer_data ANDROID_EMU_vulkan_async_qsri ANDROID_EMU_read_color_buffer_dma GL_OES_vertex_array_object GL_KHR_texture_compression_astc_ldr ANDROID_EMU_host_side_tracing ANDROID_EMU_gles_max_version_2 
10-24 23:39:46.931   524  4165 W OpenGLRenderer: Failed to choose config with EGL_SWAP_BEHAVIOR_PRESERVED, retrying without...
10-24 23:39:46.932  9105  9105 D DocumentsApplication: OverlayManager.setEnabled() result: true
10-24 23:39:46.933   524  1384 W ActivityTaskManager: Tried to set launchTime (0) < mLastActivityLaunchTime (3932472)
10-24 23:39:46.948   524  4165 D EGL_emulation: eglCreateContext: 0xaf186e50: maj 2 min 0 rcv 2
10-24 23:39:46.953  9105  9127 I ProvidersCache: Provider returned no roots. Possibly naughty: com.google.android.apps.docs.storage
10-24 23:39:46.995  9105  9105 D Documents: shouldRestrictStorageAccessFramework = true, packageName = null
10-24 23:39:46.997  9105  9105 D FilesActivity: Created new state object: State{action=1, acceptMimes=[*/*], allowMultiple=true, localOnly=false, stack=DocumentStack{root=null, docStack=[], stackTouched=false}, dirConfigs={}, excludedAuthorities=[], openableOnly=false, restrictScopeStorage=true, sortModel=SortModel{dimensions={16908304=SortDimension{id=16908304, labelId=2131755247, dataType=0, sortCapability=0, defaultSortDirection=1, sortDirection=0, visibility=4}, 16908310=SortDimension{id=16908310, labelId=2131755241, dataType=0, sortCapability=3, defaultSortDirection=1, sortDirection=0, visibility=0}, 2131296377=SortDimension{id=2131296377, labelId=2131755234, dataType=1, sortCapability=3, defaultSortDirection=2, sortDirection=0, visibility=0}, 2131296425=SortDimension{id=2131296425, labelId=2131755238, dataType=0, sortCapability=3, defaultSortDirection=1, sortDirection=0, visibility=0}, 2131296571=SortDimension{id=2131296571, labelId=2131755244, dataType=1, sortCapability=3, defaultSortDirection=1, sortDirection=0, visibility=0}}, defaultDimensionId=0, sortedDimension=null}}
10-24 23:39:46.997  9105  9105 D DrawerController: Calculated drawer width:280.0
10-24 23:39:47.010   524  4165 D EGL_emulation: eglMakeCurrent: 0xaf186e50: ver 2 0 (tinfo 0xaf7a0750) (first time)
10-24 23:39:47.011   524  3622 D HostConnection: HostConnection::get() New Host Connection established 0xe7b35fb0, tid 3622
10-24 23:39:47.047  9105  9105 D ManagerActionHandler: Launching directly into Home directory.
10-24 23:39:47.048   524  3622 D HostConnection: HostComposition ext ANDROID_EMU_CHECKSUM_HELPER_v1 ANDROID_EMU_native_sync_v2 ANDROID_EMU_native_sync_v3 ANDROID_EMU_native_sync_v4 ANDROID_EMU_dma_v1 ANDROID_EMU_direct_mem ANDROID_EMU_host_composition_v1 ANDROID_EMU_host_composition_v2 ANDROID_EMU_vulkan ANDROID_EMU_deferred_vulkan_commands ANDROID_EMU_vulkan_null_optional_strings ANDROID_EMU_vulkan_create_resources_with_requirements ANDROID_EMU_YUV_Cache ANDROID_EMU_vulkan_ignored_handles ANDROID_EMU_has_shared_slots_host_memory_allocator ANDROID_EMU_vulkan_free_memory_sync ANDROID_EMU_vulkan_shader_float16_int8 ANDROID_EMU_vulkan_async_queue_submit ANDROID_EMU_sync_buffer_data ANDROID_EMU_vulkan_async_qsri ANDROID_EMU_read_color_buffer_dma GL_OES_vertex_array_object GL_KHR_texture_compression_astc_ldr ANDROID_EMU_host_side_tracing ANDROID_EMU_gles_max_version_2 
10-24 23:39:47.054  9105  9138 D LoadRootTask: Loading root: content://com.android.providers.downloads.documents/root/downloads on user 0
10-24 23:39:47.068  9105  9129 D ProvidersAccess: Matched roots: [Root{userId=0, authority=null, rootId=null, title=Recent, isUsb=false, isSd=false, isMtp=false} @ content:/root/null, Root{userId=0, authority=com.android.externalstorage.documents, rootId=0000-0000, title=SDCARD, isUsb=false, isSd=true, isMtp=false} @ content://com.android.externalstorage.documents/root/0000-0000, Root{userId=0, authority=com.android.externalstorage.documents, rootId=primary, title=sdk_gphone_x86, isUsb=false, isSd=false, isMtp=false} @ content://com.android.externalstorage.documents/root/primary, Root{userId=0, authority=com.android.providers.downloads.documents, rootId=downloads, title=Downloads, isUsb=false, isSd=false, isMtp=false} @ content://com.android.providers.downloads.documents/root/downloads, Root{userId=0, authority=com.android.providers.media.documents, rootId=images_root, title=Images, isUsb=false, isSd=false, isMtp=false} @ content://com.android.providers.media.documents/root/images_root, Root{userId=0, authority=com.android.providers.media.documents, rootId=videos_root, title=Videos, isUsb=false, isSd=false, isMtp=false} @ content://com.android.providers.media.documents/root/videos_root, Root{userId=0, authority=com.android.providers.media.documents, rootId=audio_root, title=Audio, isUsb=false, isSd=false, isMtp=false} @ content://com.android.providers.media.documents/root/audio_root, Root{userId=0, authority=com.android.providers.media.documents, rootId=documents_root, title=Documents, isUsb=false, isSd=false, isMtp=false} @ content://com.android.providers.media.documents/root/documents_root]
10-24 23:39:47.076  9105  9105 D LoadRootTask: Loaded root: Root{userId=0, authority=com.android.providers.downloads.documents, rootId=downloads, title=Downloads, isUsb=false, isSd=false, isMtp=false} @ content://com.android.providers.downloads.documents/root/downloads
10-24 23:39:47.076  9105  9105 W ActionModeController: Tried to finish a null action mode.
10-24 23:39:47.076  9105  9105 D DocumentStack: Root changed to: Root{userId=0, authority=com.android.providers.downloads.documents, rootId=downloads, title=Downloads, isUsb=false, isSd=false, isMtp=false} @ content://com.android.providers.downloads.documents/root/downloads
10-24 23:39:47.140  9105  9130 D HostConnection: HostConnection::get() New Host Connection established 0xe7b28950, tid 9130
10-24 23:39:47.165  9105  9130 D HostConnection: HostComposition ext ANDROID_EMU_CHECKSUM_HELPER_v1 ANDROID_EMU_native_sync_v2 ANDROID_EMU_native_sync_v3 ANDROID_EMU_native_sync_v4 ANDROID_EMU_dma_v1 ANDROID_EMU_direct_mem ANDROID_EMU_host_composition_v1 ANDROID_EMU_host_composition_v2 ANDROID_EMU_vulkan ANDROID_EMU_deferred_vulkan_commands ANDROID_EMU_vulkan_null_optional_strings ANDROID_EMU_vulkan_create_resources_with_requirements ANDROID_EMU_YUV_Cache ANDROID_EMU_vulkan_ignored_handles ANDROID_EMU_has_shared_slots_host_memory_allocator ANDROID_EMU_vulkan_free_memory_sync ANDROID_EMU_vulkan_shader_float16_int8 ANDROID_EMU_vulkan_async_queue_submit ANDROID_EMU_sync_buffer_data ANDROID_EMU_vulkan_async_qsri ANDROID_EMU_read_color_buffer_dma GL_OES_vertex_array_object GL_KHR_texture_compression_astc_ldr ANDROID_EMU_host_side_tracing ANDROID_EMU_gles_max_version_2 
10-24 23:39:47.167   183   183 I hwservicemanager: getTransport: Cannot find entry android.hardware.configstore@1.0::ISurfaceFlingerConfigs/default in either framework or device manifest.
10-24 23:39:47.168  9105  9130 W OpenGLRenderer: Failed to choose config with EGL_SWAP_BEHAVIOR_PRESERVED, retrying without...
10-24 23:39:47.185  9105  9130 D EGL_emulation: eglCreateContext: 0xe7b28330: maj 2 min 0 rcv 2
10-24 23:39:47.186  9105  9127 I ProvidersCache: Provider returned no roots. Possibly naughty: com.google.android.apps.docs.storage
10-24 23:39:47.225  9105  9130 D EGL_emulation: eglMakeCurrent: 0xe7b28330: ver 2 0 (tinfo 0xe7e775b0) (first time)
10-24 23:39:47.253   183   183 I hwservicemanager: getTransport: Cannot find entry android.hardware.graphics.mapper@4.0::IMapper/default in either framework or device manifest.
10-24 23:39:47.254  9105  9130 I Gralloc4: mapper 4.x is not supported
10-24 23:39:47.255   314   371 W EmuHWC2 : validate: layer 274 CompositionType 1, fallback
10-24 23:39:47.257   524   535 W JavaBinder: BinderProxy is being destroyed but the application did not call unlinkToDeath to unlink all of its death recipients beforehand.  Releasing leaked death recipient: com.android.server.AlarmManagerService$2
10-24 23:39:47.257   524   535 I BpBinder: onLastStrongRef automatically unlinking death recipients: <uncached descriptor>
10-24 23:39:47.258   314   371 W EmuHWC2 : No layers, exit, buffer 0xf3f81390
10-24 23:39:47.258  9105  9130 D HostConnection: createUnique: call
10-24 23:39:47.259  9105  9130 D HostConnection: HostConnection::get() New Host Connection established 0xe7b29210, tid 9130
10-24 23:39:47.263  9105  9130 D HostConnection: HostComposition ext ANDROID_EMU_CHECKSUM_HELPER_v1 ANDROID_EMU_native_sync_v2 ANDROID_EMU_native_sync_v3 ANDROID_EMU_native_sync_v4 ANDROID_EMU_dma_v1 ANDROID_EMU_direct_mem ANDROID_EMU_host_composition_v1 ANDROID_EMU_host_composition_v2 ANDROID_EMU_vulkan ANDROID_EMU_deferred_vulkan_commands ANDROID_EMU_vulkan_null_optional_strings ANDROID_EMU_vulkan_create_resources_with_requirements ANDROID_EMU_YUV_Cache ANDROID_EMU_vulkan_ignored_handles ANDROID_EMU_has_shared_slots_host_memory_allocator ANDROID_EMU_vulkan_free_memory_sync ANDROID_EMU_vulkan_shader_float16_int8 ANDROID_EMU_vulkan_async_queue_submit ANDROID_EMU_sync_buffer_data ANDROID_EMU_vulkan_async_qsri ANDROID_EMU_read_color_buffer_dma GL_OES_vertex_array_object GL_KHR_texture_compression_astc_ldr ANDROID_EMU_host_side_tracing ANDROID_EMU_gles_max_version_2 
10-24 23:39:47.272   314   371 W EmuHWC2 : validate: layer 274 CompositionType 1, fallback
10-24 23:39:47.285   314   371 W EmuHWC2 : No layers, exit, buffer 0xf3f81090
10-24 23:39:47.304   314   371 W EmuHWC2 : validate: layer 274 CompositionType 1, fallback
10-24 23:39:47.313   314   371 W EmuHWC2 : No layers, exit, buffer 0xf3f81390
10-24 23:39:47.323   314   371 W EmuHWC2 : validate: layer 274 CompositionType 1, fallback
10-24 23:39:47.325   314   371 W EmuHWC2 : No layers, exit, buffer 0xf3f81090
10-24 23:39:47.339   314   371 W EmuHWC2 : validate: layer 274 CompositionType 1, fallback
10-24 23:39:47.342   314   371 W EmuHWC2 : No layers, exit, buffer 0xf3f81390
10-24 23:39:47.355   314   371 W EmuHWC2 : validate: layer 274 CompositionType 1, fallback
10-24 23:39:47.357   314   371 W EmuHWC2 : No layers, exit, buffer 0xf3f81090
10-24 23:39:47.367   524   546 D EventSequenceValidator: dec AccIntentStartedEvents to 1
10-24 23:39:47.372   314   371 W EmuHWC2 : validate: layer 275 CompositionType 1, fallback
10-24 23:39:47.374   314   371 W EmuHWC2 : No layers, exit, buffer 0xf3f81390
10-24 23:39:47.384  9105  9105 D DocumentStack: Adding doc to stack: DocumentInfo{docId=downloads, userId=0, name=Downloads, mimeType=vnd.android.document/directory, isContainer=true, isDirectory=true, isArchive=false, isInArchive=false, isPartial=false, isVirtual=false, isDeleteSupported=false, isCreateSupported=true, isMoveSupported=false, isRenameSupported=false, isMetadataSupported=false, isBlockedFromTree=false} @ content://com.android.providers.downloads.documents/document/downloads
10-24 23:39:47.385  9105  9105 D DirectoryFragment: Showing directory: content://com.android.providers.downloads.documents/document/downloads
10-24 23:39:47.385  9105  9105 D DirectoryFragment: Creating new fragment for directory: content://com.android.providers.downloads.documents/document/downloads
10-24 23:39:47.387  9105  9129 D ProvidersAccess: Matched roots: [Root{userId=0, authority=null, rootId=null, title=Recent, isUsb=false, isSd=false, isMtp=false} @ content:/root/null, Root{userId=0, authority=com.android.externalstorage.documents, rootId=0000-0000, title=SDCARD, isUsb=false, isSd=true, isMtp=false} @ content://com.android.externalstorage.documents/root/0000-0000, Root{userId=0, authority=com.android.externalstorage.documents, rootId=primary, title=sdk_gphone_x86, isUsb=false, isSd=false, isMtp=false} @ content://com.android.externalstorage.documents/root/primary, Root{userId=0, authority=com.android.providers.downloads.documents, rootId=downloads, title=Downloads, isUsb=false, isSd=false, isMtp=false} @ content://com.android.providers.downloads.documents/root/downloads, Root{userId=0, authority=com.android.providers.media.documents, rootId=images_root, title=Images, isUsb=false, isSd=false, isMtp=false} @ content://com.android.providers.media.documents/root/images_root, Root{userId=0, authority=com.android.providers.media.documents, rootId=videos_root, title=Videos, isUsb=false, isSd=false, isMtp=false} @ content://com.android.providers.media.documents/root/videos_root, Root{userId=0, authority=com.android.providers.media.documents, rootId=audio_root, title=Audio, isUsb=false, isSd=false, isMtp=false} @ content://com.android.providers.media.documents/root/audio_root, Root{userId=0, authority=com.android.providers.media.documents, rootId=documents_root, title=Documents, isUsb=false, isSd=false, isMtp=false} @ content://com.android.providers.media.documents/root/documents_root]
10-24 23:39:47.387   314   371 W EmuHWC2 : validate: layer 275 CompositionType 1, fallback
10-24 23:39:47.390   314   371 W EmuHWC2 : No layers, exit, buffer 0xf3f81090
10-24 23:39:47.398   524   552 D ArtManagerInternalImpl: /data/misc/iorapd/com.google.android.documentsui/300900700/com.android.documentsui.files.FilesActivity/compiled_traces/compiled_trace.pb doesn't exist
10-24 23:39:47.399   524   552 I ActivityTaskManager: Displayed com.google.android.documentsui/com.android.documentsui.files.FilesActivity: +592ms
10-24 23:39:47.404   314   371 W EmuHWC2 : validate: layer 275 CompositionType 1, fallback
10-24 23:39:47.417   314   371 W EmuHWC2 : No layers, exit, buffer 0xf3f81390
10-24 23:39:47.424   314   371 W EmuHWC2 : validate: layer 275 CompositionType 1, fallback
10-24 23:39:47.427   314   371 W EmuHWC2 : No layers, exit, buffer 0xf3f81090
10-24 23:39:47.437   314   371 W EmuHWC2 : validate: layer 275 CompositionType 1, fallback
10-24 23:39:47.439   314   371 W EmuHWC2 : No layers, exit, buffer 0xf3f81390
10-24 23:39:47.452  9105  9105 W SelectionTracker: Setting gestureTooltypes is likely to result in unexpected behavior.
10-24 23:39:47.454   314   371 W EmuHWC2 : validate: layer 275 CompositionType 1, fallback
10-24 23:39:47.456   314   371 W EmuHWC2 : No layers, exit, buffer 0xf3f81090
10-24 23:39:47.457  9105  9105 D AbstractActionHandler: Creating new directory loader for: content://com.android.providers.downloads.documents/document/downloads
10-24 23:39:47.471   314   371 W EmuHWC2 : validate: layer 275 CompositionType 1, fallback
10-24 23:39:47.473   314   371 W EmuHWC2 : No layers, exit, buffer 0xf3f81390
10-24 23:39:47.488   314   371 W EmuHWC2 : validate: layer 275 CompositionType 1, fallback
10-24 23:39:47.490   314   371 W EmuHWC2 : No layers, exit, buffer 0xf3f81090
10-24 23:39:47.504   314   371 W EmuHWC2 : validate: layer 275 CompositionType 1, fallback
10-24 23:39:47.505  9105  9105 D AbstractActionHandler: Loader has finished for: content://com.android.providers.downloads.documents/document/downloads
10-24 23:39:47.505  9105  9105 I Model   : Updating model with new result set.
10-24 23:39:47.505  9105  9105 D DirectoryFragment: Received model update. Loading=false
10-24 23:39:47.506   314   371 W EmuHWC2 : No layers, exit, buffer 0xf3f81390
10-24 23:39:47.522   314   371 W EmuHWC2 : validate: layer 275 CompositionType 1, fallback
10-24 23:39:47.524   314   371 W EmuHWC2 : No layers, exit, buffer 0xf3f81090
10-24 23:39:47.538   314   371 W EmuHWC2 : validate: layer 275 CompositionType 1, fallback
10-24 23:39:47.541   314   371 W EmuHWC2 : No layers, exit, buffer 0xf3f81390
10-24 23:39:47.555   314   371 W EmuHWC2 : validate: layer 275 CompositionType 1, fallback
10-24 23:39:47.557   314   371 W EmuHWC2 : No layers, exit, buffer 0xf3f81090
10-24 23:39:47.572   314   371 W EmuHWC2 : validate: layer 275 CompositionType 1, fallback
10-24 23:39:47.574   314   371 W EmuHWC2 : No layers, exit, buffer 0xf3f81390
10-24 23:39:47.588   314   371 W EmuHWC2 : validate: layer 275 CompositionType 1, fallback
10-24 23:39:47.591   314   371 W EmuHWC2 : No layers, exit, buffer 0xf3f81090
10-24 23:39:47.671   380   380 E Layer   : [Surface(name=Task=64)/@0x55cc73f - animation-leash#0] No local sync point found
10-24 23:39:47.671   380   380 E Layer   : [Surface(name=Task=64)/@0x55cc73f - animation-leash#0] No local sync point found
10-24 23:39:47.671   380   380 E Layer   : [Surface(name=Task=1)/@0xc554124 - animation-leash#0] No local sync point found
10-24 23:39:47.671   380   380 E Layer   : [Surface(name=Task=1)/@0xc554124 - animation-leash#0] No local sync point found
10-24 23:39:47.698  1753  8654 I PBSessionCacheImpl: Deleted sessionId[7711536854049042] from persistence.
10-24 23:39:47.710  1753  2133 W SearchServiceCore: Abort, client detached.
10-24 23:39:47.837   448  4294 D BufferPoolAccessor2.0: evictor expired: 1, evicted: 0
10-24 23:39:47.846   457   853 D BufferPoolAccessor2.0: evictor expired: 1, evicted: 0
10-24 23:39:48.118   392   464 D AudioFlinger: mixer(0xedd13030) throttle end: throttle time(35)
10-24 23:39:48.532  9105  9127 I ProvidersCache: Provider returned no roots. Possibly naughty: com.google.android.apps.docs.storage
10-24 23:39:48.535  9105  9129 D ProvidersAccess: Matched roots: [Root{userId=0, authority=null, rootId=null, title=Recent, isUsb=false, isSd=false, isMtp=false} @ content:/root/null, Root{userId=0, authority=com.android.externalstorage.documents, rootId=0000-0000, title=SDCARD, isUsb=false, isSd=true, isMtp=false} @ content://com.android.externalstorage.documents/root/0000-0000, Root{userId=0, authority=com.android.externalstorage.documents, rootId=primary, title=sdk_gphone_x86, isUsb=false, isSd=false, isMtp=false} @ content://com.android.externalstorage.documents/root/primary, Root{userId=0, authority=com.android.providers.downloads.documents, rootId=downloads, title=Downloads, isUsb=false, isSd=false, isMtp=false} @ content://com.android.providers.downloads.documents/root/downloads, Root{userId=0, authority=com.android.providers.media.documents, rootId=images_root, title=Images, isUsb=false, isSd=false, isMtp=false} @ content://com.android.providers.media.documents/root/images_root, Root{userId=0, authority=com.android.providers.media.documents, rootId=videos_root, title=Videos, isUsb=false, isSd=false, isMtp=false} @ content://com.android.providers.media.documents/root/videos_root, Root{userId=0, authority=com.android.providers.media.documents, rootId=audio_root, title=Audio, isUsb=false, isSd=false, isMtp=false} @ content://com.android.providers.media.documents/root/audio_root, Root{userId=0, authority=com.android.providers.media.documents, rootId=documents_root, title=Documents, isUsb=false, isSd=false, isMtp=false} @ content://com.android.providers.media.documents/root/documents_root]
10-24 23:39:48.780  9105  9105 W ActionModeController: Tried to finish a null action mode.
10-24 23:39:48.780  9105  9105 D DocumentStack: Root changed to: Root{userId=0, authority=com.android.providers.media.documents, rootId=images_root, title=Images, isUsb=false, isSd=false, isMtp=false} @ content://com.android.providers.media.documents/root/images_root
10-24 23:39:48.797  9105  9105 D DocumentStack: Adding doc to stack: DocumentInfo{docId=images_root, userId=0, name=Images, mimeType=vnd.android.document/directory, isContainer=true, isDirectory=true, isArchive=false, isInArchive=false, isPartial=false, isVirtual=false, isDeleteSupported=false, isCreateSupported=false, isMoveSupported=false, isRenameSupported=false, isMetadataSupported=false, isBlockedFromTree=false} @ content://com.android.providers.media.documents/document/images_root
10-24 23:39:48.798  9105  9105 D DirectoryFragment: Showing directory: content://com.android.providers.media.documents/document/images_root
10-24 23:39:48.798  9105  9105 D DirectoryFragment: Creating new fragment for directory: content://com.android.providers.media.documents/document/images_root
10-24 23:39:48.838   448  4294 D BufferPoolAccessor2.0: bufferpool2 0xefac1898 : 0(0 size) total buffers - 0(0 size) used buffers - 24/35 (recycle/alloc) - 11/32 (fetch/transfer)
10-24 23:39:48.838   448  4294 D BufferPoolAccessor2.0: evictor expired: 1, evicted: 1
10-24 23:39:48.848   457   853 D BufferPoolAccessor2.0: bufferpool2 0xebd41bc8 : 0(0 size) total buffers - 0(0 size) used buffers - 26/30 (recycle/alloc) - 4/30 (fetch/transfer)
10-24 23:39:48.848   457   853 D BufferPoolAccessor2.0: evictor expired: 1, evicted: 1
10-24 23:39:48.850  9105  9105 W SelectionTracker: Setting gestureTooltypes is likely to result in unexpected behavior.
10-24 23:39:48.851  9105  9105 D AbstractActionHandler: Creating new directory loader for: content://com.android.providers.media.documents/document/images_root
10-24 23:39:48.872  9105  9105 D AbstractActionHandler: Loader has finished for: content://com.android.providers.media.documents/document/images_root
10-24 23:39:48.872  9105  9105 I Model   : Updating model with new result set.
10-24 23:39:48.873  9105  9105 D DirectoryFragment: Received model update. Loading=false
10-24 23:39:49.037  1255  1376 I PeriodicStatsRunner: PeriodicStatsRunner.call():180 call()
10-24 23:39:49.037  1255  1376 I PeriodicStatsRunner: PeriodicStatsRunner.call():184 No submit PeriodicStats since input started.
10-24 23:39:49.428  9105  9105 D DocumentStack: Adding doc to stack: DocumentInfo{docId=images_bucket:-1617409521, userId=0, name=Pictures, mimeType=vnd.android.document/directory, isContainer=true, isDirectory=true, isArchive=false, isInArchive=false, isPartial=false, isVirtual=false, isDeleteSupported=false, isCreateSupported=false, isMoveSupported=false, isRenameSupported=false, isMetadataSupported=false, isBlockedFromTree=false} @ content://com.android.providers.media.documents/document/images_bucket%3A-1617409521
10-24 23:39:49.429  9105  9105 D DirectoryFragment: Showing directory: content://com.android.providers.media.documents/document/images_bucket%3A-1617409521
10-24 23:39:49.429  9105  9105 D DirectoryFragment: Creating new fragment for directory: content://com.android.providers.media.documents/document/images_bucket%3A-1617409521
10-24 23:39:49.456  9105  9105 D DirectoryFragment: Received model update. Loading=false
10-24 23:39:49.460  9105  9105 W SelectionTracker: Setting gestureTooltypes is likely to result in unexpected behavior.
10-24 23:39:49.461  9105  9105 D AbstractActionHandler: Creating new directory loader for: content://com.android.providers.media.documents/document/images_bucket%3A-1617409521
10-24 23:39:49.472  9105  9105 D AbstractActionHandler: Loader has finished for: content://com.android.providers.media.documents/document/images_bucket%3A-1617409521
10-24 23:39:49.472  9105  9105 I Model   : Updating model with new result set.
10-24 23:39:49.472  9105  9105 D DirectoryFragment: Received model update. Loading=false
10-24 23:39:49.474  9105  9105 D DirectoryFragment: Received model update. Loading=false
10-24 23:39:50.021  5247  5262 W gle.android.tt: Reducing the number of considered missed Gc histogram windows from 248 to 100
10-24 23:39:50.211  1255  1376 I PeriodicStatsRunner: PeriodicStatsRunner.call():180 call()
10-24 23:39:50.211  1255  1376 I PeriodicStatsRunner: PeriodicStatsRunner.call():184 No submit PeriodicStats since input started.
10-24 23:39:50.340  8326  8342 W System  : A resource failed to call dispose. 
10-24 23:39:50.621   419   419 I perfetto: probes_producer.cc:329  Producer stop (id=105)
10-24 23:39:50.622   430   430 I perfetto: ng_service_impl.cc:1948 Tracing session 105 ended, total sessions:1
10-24 23:39:50.646   524   543 D AutofillManagerService: Close system dialogs
10-24 23:39:50.648   524   544 I ActivityTaskManager: START u0 {act=android.intent.action.MAIN cat=[android.intent.category.HOME] flg=0x10000100 cmp=com.google.android.apps.nexuslauncher/.NexusLauncherActivity (has extras)} from uid 0
10-24 23:39:50.648   524   546 D EventSequenceValidator: inc AccIntentStartedEvents to 2
10-24 23:39:50.649   702   702 V ShadeControllerImpl: NotificationShadeWindow: com.android.systemui.statusbar.phone.NotificationShadeWindowView{f018b61 I.E...... ......ID 0,0-1080,2340} canPanelBeCollapsed(): false
10-24 23:39:50.652   430   430 I perfetto: ing_service_impl.cc:758 Configured tracing session 107, #sources:1, duration:5000 ms, #buffers:1, total buffer size:4096 KB, total sessions:2, uid:1071 session name: ""
10-24 23:39:50.654   419   419 I perfetto: probes_producer.cc:230  Ftrace setup (target_buf=107)
10-24 23:39:50.661  1078  1078 D TaplTarget: Launcher.onNewIntent: Intent { act=android.intent.action.MAIN cat=[android.intent.category.HOME] flg=0x10400100 cmp=com.google.android.apps.nexuslauncher/.NexusLauncherActivity (has extras) }
10-24 23:39:50.671   524   543 D AutofillManagerService: Close system dialogs
10-24 23:39:50.672   702   702 V ShadeControllerImpl: NotificationShadeWindow: com.android.systemui.statusbar.phone.NotificationShadeWindowView{f018b61 I.E...... ......ID 0,0-1080,2340} canPanelBeCollapsed(): false
10-24 23:39:50.684   524  1808 W ActivityManager: Unable to start service Intent { act=android.service.appprediction.AppPredictionService cmp=com.google.android.as/com.google.android.apps.miphone.aiai.app.AiAiPredictionService } U=0: not found
10-24 23:39:50.684   524  1808 W RemoteAppPredictionService: could not bind to Intent { act=android.service.appprediction.AppPredictionService cmp=com.google.android.as/com.google.android.apps.miphone.aiai.app.AiAiPredictionService } using flags 67108865
10-24 23:39:50.854  1753  2133 W ThreadPoolDumper: Queue length for executor EventBus is now 11. Perhaps some tasks are too long, or the pool is too small.
10-24 23:39:50.901   524   552 D ArtManagerInternalImpl: /data/misc/iorapd/com.google.android.apps.nexuslauncher/821/com.google.android.apps.nexuslauncher.NexusLauncherActivity/compiled_traces/compiled_trace.pb doesn't exist
10-24 23:39:50.902  1078  1078 D RecentsOrientedState: current RecentsOrientedState: [this=RecentsOrientedState@9f62c4a mOrientationHandler=PortraitPagedViewHandler@a8b97bb mDisplayRotation=0 mTouchRotation=0 mRecentsActivityRotation=0 isRecentsActivityRotationAllowed=false mSystemRotation=true mFlags=299]
10-24 23:39:50.902  1078  1078 I chatty  : uid=10154(com.google.android.apps.nexuslauncher) identical 2 lines
10-24 23:39:50.902  1078  1078 D RecentsOrientedState: current RecentsOrientedState: [this=RecentsOrientedState@9f62c4a mOrientationHandler=PortraitPagedViewHandler@a8b97bb mDisplayRotation=0 mTouchRotation=0 mRecentsActivityRotation=0 isRecentsActivityRotationAllowed=false mSystemRotation=true mFlags=299]
10-24 23:39:50.908   524   546 D EventSequenceValidator: dec AccIntentStartedEvents to 1
10-24 23:39:50.912  1753  1753 I BgTaskExecutorImpl: Starting EXCLUSIVE background task TNG_MINUS_ONE_SYNC.
10-24 23:39:50.913  1753  1962 E MDD     : DownloadProgressMonitor: Can't find file group for uri: android://com.google.android.googlequicksearchbox/files/sharedminusonemodule/shared/SharedMinusOneData.pb.tmp
10-24 23:39:50.916  1753  2133 I TngMinusOneSync: Syncing TNG:-1
10-24 23:39:50.970  1078  1096 W System  : A resource failed to call release. 
10-24 23:39:50.971  1078  1096 I chatty  : uid=10154(com.google.android.apps.nexuslauncher) FinalizerDaemon identical 2 lines
10-24 23:39:50.971  1078  1096 W System  : A resource failed to call release. 
10-24 23:39:51.598   524  4228 D HostConnection: HostConnection::get() New Host Connection established 0xaf184300, tid 4228
10-24 23:39:51.605   524  4228 D HostConnection: HostComposition ext ANDROID_EMU_CHECKSUM_HELPER_v1 ANDROID_EMU_native_sync_v2 ANDROID_EMU_native_sync_v3 ANDROID_EMU_native_sync_v4 ANDROID_EMU_dma_v1 ANDROID_EMU_direct_mem ANDROID_EMU_host_composition_v1 ANDROID_EMU_host_composition_v2 ANDROID_EMU_vulkan ANDROID_EMU_deferred_vulkan_commands ANDROID_EMU_vulkan_null_optional_strings ANDROID_EMU_vulkan_create_resources_with_requirements ANDROID_EMU_YUV_Cache ANDROID_EMU_vulkan_ignored_handles ANDROID_EMU_has_shared_slots_host_memory_allocator ANDROID_EMU_vulkan_free_memory_sync ANDROID_EMU_vulkan_shader_float16_int8 ANDROID_EMU_vulkan_async_queue_submit ANDROID_EMU_sync_buffer_data ANDROID_EMU_vulkan_async_qsri ANDROID_EMU_read_color_buffer_dma GL_OES_vertex_array_object GL_KHR_texture_compression_astc_ldr ANDROID_EMU_host_side_tracing ANDROID_EMU_gles_max_version_2 
10-24 23:39:51.605   524  4228 W OpenGLRenderer: Failed to choose config with EGL_SWAP_BEHAVIOR_PRESERVED, retrying without...
10-24 23:39:51.632   524  4228 D EGL_emulation: eglCreateContext: 0xaf183e30: maj 2 min 0 rcv 2
10-24 23:39:51.714   524  4228 D EGL_emulation: eglMakeCurrent: 0xaf183e30: ver 2 0 (tinfo 0xaf7af6d0) (first time)
10-24 23:39:51.785   419   419 I perfetto: probes_producer.cc:329  Producer stop (id=106)
10-24 23:39:51.786   430   430 I perfetto: ng_service_impl.cc:1948 Tracing session 106 ended, total sessions:1
10-24 23:39:51.787   439  9100 I iorapd  : Perfetto TraceBuffer saved to file: /data/misc/iorapd/com.google.android.documentsui/300900700/com.android.documentsui.LauncherActivity/raw_traces/1761323991787412700.perfetto_trace.pb
10-24 23:39:51.865  9105  9126 I oid.documentsu: Waiting for a blocking GC ProfileSaver
10-24 23:39:52.147   524  1387 I system_server: oneway function results will be dropped but finished with status OK and parcel size 4
10-24 23:39:52.160   524  1384 I system_server: oneway function results will be dropped but finished with status OK and parcel size 4
10-24 23:39:52.482  1255  1376 I PeriodicStatsRunner: PeriodicStatsRunner.call():180 call()
10-24 23:39:52.482  1255  1376 I PeriodicStatsRunner: PeriodicStatsRunner.call():184 No submit PeriodicStats since input started.
10-24 23:39:53.153  1255  1376 I PeriodicStatsRunner: PeriodicStatsRunner.call():180 call()
10-24 23:39:53.154  1255  1376 I PeriodicStatsRunner: PeriodicStatsRunner.call():184 No submit PeriodicStats since input started.
10-24 23:39:53.518  2658  2678 W d.process.medi: Reducing the number of considered missed Gc histogram windows from 165 to 100
10-24 23:39:54.524  4954  4968 W externalstorag: Reducing the number of considered missed Gc histogram windows from 166 to 100
10-24 23:39:55.656   419   419 I perfetto: probes_producer.cc:329  Producer stop (id=107)
10-24 23:39:55.657   430   430 I perfetto: ng_service_impl.cc:1948 Tracing session 107 ended, total sessions:0
10-24 23:39:55.657   419   419 I perfetto: ftrace_procfs.cc:183    disabled ftrace
10-24 23:39:55.642     0     0 W perfetto: disabled ftrace
10-24 23:39:55.996  1255  1376 I PeriodicStatsRunner: PeriodicStatsRunner.call():180 call()
10-24 23:39:55.996  1255  1376 I PeriodicStatsRunner: PeriodicStatsRunner.call():184 No submit PeriodicStats since input started.
