--------- beginning of main
10-24 23:39:15.857  8751  8751 D sqlite3 : Time zone APEX ICU file found: /apex/com.android.tzdata/etc/icu/icu_tzdata.dat
10-24 23:39:15.857  8751  8751 D sqlite3 : I18n APEX ICU file found: /apex/com.android.i18n/etc/icu/icudt66l.dat
--------- beginning of kernel
10-24 23:39:18.004     0     0 D logd    : logdr: UID=0 GID=0 PID=8754 b tail=0 logMask=99 pid=0 start=0ns timeout=0ns
10-24 23:39:21.059  8758  8758 E remount : Skipping /system for remount
10-24 23:39:21.062  8758  8758 I remount : [liblp]Partition scratch will resize from 0 bytes to 536870912 bytes
10-24 23:39:21.062  8758  8758 E remount : [liblp]bool android::fs_mgr::WritePrimaryMetadata(int, const android::fs_mgr::LpMetadata &, uint32_t, const std::string &, const std::function<bool (int, const std::string &)> &) write 740 bytes failed: Operation not permitted
10-24 23:39:21.062  8758  8758 E remount : [libfs_mgr]add partition scratch
10-24 23:39:21.065  8758  8758 I remount : [liblp]Partition scratch will resize from 0 bytes to 536870912 bytes
10-24 23:39:21.065  8758  8758 E remount : [liblp]bool android::fs_mgr::WritePrimaryMetadata(int, const android::fs_mgr::LpMetadata &, uint32_t, const std::string &, const std::function<bool (int, const std::string &)> &) write 740 bytes failed: Operation not permitted
10-24 23:39:21.065  8758  8758 E remount : [libfs_mgr]add partition scratch
10-24 23:39:21.068  8758  8758 I remount : [liblp]Partition scratch will resize from 0 bytes to 536870912 bytes
10-24 23:39:21.068  8758  8758 E remount : [liblp]bool android::fs_mgr::WritePrimaryMetadata(int, const android::fs_mgr::LpMetadata &, uint32_t, const std::string &, const std::function<bool (int, const std::string &)> &) write 740 bytes failed: Operation not permitted
10-24 23:39:21.068  8758  8758 E remount : [libfs_mgr]add partition scratch
10-24 23:39:21.071  8758  8758 E remount : Can not mount overlayfs for partitions: No such file or directory
10-24 23:39:21.057     0     0 E EXT4-fs (dm-3): couldn't mount RDWR because of unsupported optional features (4000)
10-24 23:39:21.100  8758  8758 E remount : failed to remount partition dev:/dev/block/dm-3 mnt:/vendor: Read-only file system
10-24 23:39:21.100  8758  8758 E remount : Consider providing all the dependencies to enable overlayfs
10-24 23:39:21.087     0     0 E EXT4-fs (dm-2): couldn't mount RDWR because of unsupported optional features (4000)
10-24 23:39:21.133  8758  8758 E remount : failed to remount partition dev:/dev/block/dm-2 mnt:/product: Read-only file system
10-24 23:39:21.133  8758  8758 E remount : Consider providing all the dependencies to enable overlayfs
10-24 23:39:21.118     0     0 E EXT4-fs (dm-1): couldn't mount RDWR because of unsupported optional features (4000)
10-24 23:39:21.165  8758  8758 E remount : failed to remount partition dev:/dev/block/dm-1 mnt:/system_ext: Read-only file system
10-24 23:39:21.165  8758  8758 E remount : Consider providing all the dependencies to enable overlayfs
10-24 23:39:22.260  8762  8762 D sqlite3 : Time zone APEX ICU file found: /apex/com.android.tzdata/etc/icu/icu_tzdata.dat
10-24 23:39:22.260  8762  8762 D sqlite3 : I18n APEX ICU file found: /apex/com.android.i18n/etc/icu/icudt66l.dat
10-24 23:39:22.292  8765  8765 D sqlite3 : Time zone APEX ICU file found: /apex/com.android.tzdata/etc/icu/icu_tzdata.dat
10-24 23:39:22.292  8765  8765 D sqlite3 : I18n APEX ICU file found: /apex/com.android.i18n/etc/icu/icudt66l.dat
10-24 23:39:22.549  8768  8768 D sqlite3 : Time zone APEX ICU file found: /apex/com.android.tzdata/etc/icu/icu_tzdata.dat
10-24 23:39:22.549  8768  8768 D sqlite3 : I18n APEX ICU file found: /apex/com.android.i18n/etc/icu/icudt66l.dat
10-24 23:39:22.587  8771  8771 D sqlite3 : Time zone APEX ICU file found: /apex/com.android.tzdata/etc/icu/icu_tzdata.dat
10-24 23:39:22.587  8771  8771 D sqlite3 : I18n APEX ICU file found: /apex/com.android.i18n/etc/icu/icudt66l.dat
10-24 23:39:22.835  8774  8774 D sqlite3 : Time zone APEX ICU file found: /apex/com.android.tzdata/etc/icu/icu_tzdata.dat
10-24 23:39:22.835  8774  8774 D sqlite3 : I18n APEX ICU file found: /apex/com.android.i18n/etc/icu/icudt66l.dat
10-24 23:39:22.873  8777  8777 D sqlite3 : Time zone APEX ICU file found: /apex/com.android.tzdata/etc/icu/icu_tzdata.dat
10-24 23:39:22.873  8777  8777 D sqlite3 : I18n APEX ICU file found: /apex/com.android.i18n/etc/icu/icudt66l.dat
10-24 23:39:23.164  8778  8778 D AndroidRuntime: >>>>>> START com.android.internal.os.RuntimeInit uid 0 <<<<<<
10-24 23:39:23.166  8778  8778 I AndroidRuntime: Using default boot image
10-24 23:39:23.166  8778  8778 I AndroidRuntime: Leaving lock profiling enabled
10-24 23:39:23.168  8778  8778 W app_process: Could not reserve sentinel fault page
10-24 23:39:23.168  8778  8778 I app_process: Core platform API reporting enabled, enforcing=false
10-24 23:39:23.214  8778  8778 D app_process: Time zone APEX ICU file found: /apex/com.android.tzdata/etc/icu/icu_tzdata.dat
10-24 23:39:23.214  8778  8778 D app_process: I18n APEX ICU file found: /apex/com.android.i18n/etc/icu/icudt66l.dat
10-24 23:39:23.218  8778  8778 W app_process: Unexpected CPU variant for X86 using defaults: x86
10-24 23:39:23.219  8778  8778 I app_process: The ClassLoaderContext is a special shared library.
10-24 23:39:23.229  8778  8778 W app_process: JNI RegisterNativeMethods: attempt to register 0 native methods for android.media.AudioAttributes
10-24 23:39:23.233  8778  8778 D AndroidRuntime: Calling main entry com.android.commands.content.Content
10-24 23:39:23.255  8715  8715 D CompatibilityChangeReporter: Compat change id reported: 150939131; UID 10114; state: DISABLED
--------- beginning of system
10-24 23:39:23.258   524   553 D CompatibilityChangeReporter: Compat change id reported: 135634846; UID 10078; state: DISABLED
10-24 23:39:23.259   524   554 D CompatibilityChangeReporter: Compat change id reported: 143937733; UID 10078; state: ENABLED
10-24 23:39:23.263  8778  8778 D AndroidRuntime: Shutting down VM
10-24 23:39:23.267   297   297 D Zygote  : Forked child process 8793
10-24 23:39:23.270   524   554 I ActivityManager: Start proc 8793:com.android.calllogbackup/u0a78 for broadcast {com.android.calllogbackup/com.android.calllogbackup.CallLogChangeReceiver}
10-24 23:39:23.276  8793  8793 W d.calllogbacku: Unexpected CPU variant for X86 using defaults: x86
10-24 23:39:23.282  4518  4524 I adbd    : jdwp connection from 8793
10-24 23:39:23.306   524  1027 I Telecom : PhoneAccountRegistrar: getSimCallManager: SimCallManager for subId 1 queried, returning: null: TSI.gDOPA@DPs
10-24 23:39:23.311  8793  8793 I d.calllogbacku: The ClassLoaderContext is a special shared library.
10-24 23:39:23.312  8715  8715 W UnsafeUtil: platform method missing - proto runtime falling back to safer methods: java.lang.NoSuchMethodException: sun.misc.Unsafe.copyMemory [class java.lang.Object, long, class java.lang.Object, long, long]
10-24 23:39:23.319  8793  8793 D NetworkSecurityConfig: No Network Security Config specified, using platform default
10-24 23:39:23.319  8793  8793 D NetworkSecurityConfig: No Network Security Config specified, using platform default
10-24 23:39:23.400  8715  8715 I Dialer  : ContactPhotoManagerImpl.ContactPhotoManagerImpl - cache adj: 1.0
10-24 23:39:23.916  8817  8817 D AndroidRuntime: >>>>>> START com.android.internal.os.RuntimeInit uid 0 <<<<<<
10-24 23:39:23.918  8817  8817 I AndroidRuntime: Using default boot image
10-24 23:39:23.918  8817  8817 I AndroidRuntime: Leaving lock profiling enabled
10-24 23:39:23.919  8817  8817 I app_process: Core platform API reporting enabled, enforcing=false
10-24 23:39:23.951   524   543 D AutofillManagerService: Close system dialogs
10-24 23:39:23.951   524   544 I ActivityTaskManager: START u0 {act=android.intent.action.MAIN cat=[android.intent.category.HOME] flg=0x10000100 cmp=com.google.android.apps.nexuslauncher/.NexusLauncherActivity (has extras)} from uid 0
10-24 23:39:23.951   524   546 D EventSequenceValidator: inc AccIntentStartedEvents to 2
10-24 23:39:23.952   702   702 V ShadeControllerImpl: NotificationShadeWindow: com.android.systemui.statusbar.phone.NotificationShadeWindowView{f018b61 I.E...... ......ID 0,0-1080,2340} canPanelBeCollapsed(): false
10-24 23:39:23.955   430   430 I perfetto: ing_service_impl.cc:758 Configured tracing session 101, #sources:1, duration:5000 ms, #buffers:1, total buffer size:4096 KB, total sessions:1, uid:1071 session name: ""
10-24 23:39:23.955   419   419 I perfetto: probes_producer.cc:230  Ftrace setup (target_buf=101)
10-24 23:39:23.960  8715  8715 I Dialer  : CallLogFragment.onPause - enter
10-24 23:39:23.961  8715  8715 I Dialer  : CallLogFragment.onPageUnselected - enter
10-24 23:39:23.961  8715  8715 I Dialer  : MainSearchController.onActivityPause - enter
10-24 23:39:23.979  1078  1078 D TaplTarget: Launcher.onNewIntent: Intent { act=android.intent.action.MAIN cat=[android.intent.category.HOME] flg=0x10400100 cmp=com.google.android.apps.nexuslauncher/.NexusLauncherActivity (has extras) }
10-24 23:39:23.982   524   543 D AutofillManagerService: Close system dialogs
10-24 23:39:23.983   702   702 V ShadeControllerImpl: NotificationShadeWindow: com.android.systemui.statusbar.phone.NotificationShadeWindowView{f018b61 I.E...... ......ID 0,0-1080,2340} canPanelBeCollapsed(): false
10-24 23:39:23.979     0     0 W perfetto: enabled ftrace
10-24 23:39:23.991  8817  8817 D app_process: Time zone APEX ICU file found: /apex/com.android.tzdata/etc/icu/icu_tzdata.dat
10-24 23:39:23.991  8817  8817 D app_process: I18n APEX ICU file found: /apex/com.android.i18n/etc/icu/icudt66l.dat
10-24 23:39:23.994  8817  8817 W app_process: Unexpected CPU variant for X86 using defaults: x86
10-24 23:39:23.995   419   419 I perfetto: ftrace_procfs.cc:176    enabled ftrace
10-24 23:39:23.995  8817  8817 I app_process: The ClassLoaderContext is a special shared library.
10-24 23:39:23.998   524  1394 W ActivityManager: Unable to start service Intent { act=android.service.appprediction.AppPredictionService cmp=com.google.android.as/com.google.android.apps.miphone.aiai.app.AiAiPredictionService } U=0: not found
10-24 23:39:23.998   524  1394 W RemoteAppPredictionService: could not bind to Intent { act=android.service.appprediction.AppPredictionService cmp=com.google.android.as/com.google.android.apps.miphone.aiai.app.AiAiPredictionService } using flags 67108865
10-24 23:39:24.013  8817  8817 W app_process: JNI RegisterNativeMethods: attempt to register 0 native methods for android.media.AudioAttributes
10-24 23:39:24.019  8817  8817 D AndroidRuntime: Calling main entry com.android.commands.content.Content
10-24 23:39:24.073  8817  8817 D AndroidRuntime: Shutting down VM
10-24 23:39:24.122   524  1804 I Telecom : PhoneAccountRegistrar: getSimCallManager: SimCallManager for subId 1 queried, returning: null: TSI.gDOPA@DRI
10-24 23:39:24.185   524   552 D ArtManagerInternalImpl: /data/misc/iorapd/com.google.android.apps.nexuslauncher/821/com.google.android.apps.nexuslauncher.NexusLauncherActivity/compiled_traces/compiled_trace.pb doesn't exist
10-24 23:39:24.193   524   546 D EventSequenceValidator: dec AccIntentStartedEvents to 1
10-24 23:39:24.201  1078  1078 D RecentsOrientedState: current RecentsOrientedState: [this=RecentsOrientedState@9f62c4a mOrientationHandler=PortraitPagedViewHandler@a8b97bb mDisplayRotation=0 mTouchRotation=0 mRecentsActivityRotation=0 isRecentsActivityRotationAllowed=false mSystemRotation=true mFlags=299]
10-24 23:39:24.202  1078  1078 I chatty  : uid=10154(com.google.android.apps.nexuslauncher) identical 2 lines
10-24 23:39:24.202  1078  1078 D RecentsOrientedState: current RecentsOrientedState: [this=RecentsOrientedState@9f62c4a mOrientationHandler=PortraitPagedViewHandler@a8b97bb mDisplayRotation=0 mTouchRotation=0 mRecentsActivityRotation=0 isRecentsActivityRotationAllowed=false mSystemRotation=true mFlags=299]
10-24 23:39:24.217  1753  2133 W ThreadPoolDumper: Queue length for executor EventBus is now 11. Perhaps some tasks are too long, or the pool is too small.
10-24 23:39:24.229  1753  1962 W LocationOracle: No location history returned by ContextManager
10-24 23:39:24.267  1078  1094 I s.nexuslaunche: NativeAlloc concurrent copying GC freed 21380(1041KB) AllocSpace objects, 0(0B) LOS objects, 49% free, 4340KB/8680KB, paused 8.637ms total 63.139ms
10-24 23:39:24.278  1753  1961 E MDD     : DownloadProgressMonitor: Can't find file group for uri: android://com.google.android.googlequicksearchbox/files/sharedminusonemodule/shared/SharedMinusOneData.pb.tmp
10-24 23:39:24.282  1753  1753 I BgTaskExecutorImpl: Starting EXCLUSIVE background task TNG_MINUS_ONE_SYNC.
10-24 23:39:24.286  1753  2133 I TngMinusOneSync: Syncing TNG:-1
10-24 23:39:24.295  1078  1096 W System  : A resource failed to call release. 
10-24 23:39:24.297  1193  2235 W GCoreFlp: No location to return for getLastLocation()
10-24 23:39:24.297  1078  1096 W System  : A resource failed to call release. 
10-24 23:39:24.298  1078  1096 I chatty  : uid=10154(com.google.android.apps.nexuslauncher) FinalizerDaemon identical 3 lines
10-24 23:39:24.298  1078  1096 W System  : A resource failed to call release. 
10-24 23:39:24.751  8840  8840 D AndroidRuntime: >>>>>> START com.android.internal.os.RuntimeInit uid 0 <<<<<<
10-24 23:39:24.754  8840  8840 I AndroidRuntime: Using default boot image
10-24 23:39:24.754  8840  8840 I AndroidRuntime: Leaving lock profiling enabled
10-24 23:39:24.755  8840  8840 I app_process: Core platform API reporting enabled, enforcing=false
10-24 23:39:24.806  8840  8840 D app_process: Time zone APEX ICU file found: /apex/com.android.tzdata/etc/icu/icu_tzdata.dat
10-24 23:39:24.806  8840  8840 D app_process: I18n APEX ICU file found: /apex/com.android.i18n/etc/icu/icudt66l.dat
10-24 23:39:24.809  8840  8840 W app_process: Unexpected CPU variant for X86 using defaults: x86
10-24 23:39:24.810  8840  8840 I app_process: The ClassLoaderContext is a special shared library.
10-24 23:39:24.820  8840  8840 W app_process: JNI RegisterNativeMethods: attempt to register 0 native methods for android.media.AudioAttributes
10-24 23:39:24.824  8840  8840 D AndroidRuntime: Calling main entry com.android.commands.content.Content
10-24 23:39:24.849  8840  8840 D AndroidRuntime: Shutting down VM
10-24 23:39:24.890   524  4228 D HostConnection: HostConnection::get() New Host Connection established 0xaf180860, tid 4228
10-24 23:39:24.894   524  4228 D HostConnection: HostComposition ext ANDROID_EMU_CHECKSUM_HELPER_v1 ANDROID_EMU_native_sync_v2 ANDROID_EMU_native_sync_v3 ANDROID_EMU_native_sync_v4 ANDROID_EMU_dma_v1 ANDROID_EMU_direct_mem ANDROID_EMU_host_composition_v1 ANDROID_EMU_host_composition_v2 ANDROID_EMU_vulkan ANDROID_EMU_deferred_vulkan_commands ANDROID_EMU_vulkan_null_optional_strings ANDROID_EMU_vulkan_create_resources_with_requirements ANDROID_EMU_YUV_Cache ANDROID_EMU_vulkan_ignored_handles ANDROID_EMU_has_shared_slots_host_memory_allocator ANDROID_EMU_vulkan_free_memory_sync ANDROID_EMU_vulkan_shader_float16_int8 ANDROID_EMU_vulkan_async_queue_submit ANDROID_EMU_sync_buffer_data ANDROID_EMU_vulkan_async_qsri ANDROID_EMU_read_color_buffer_dma GL_OES_vertex_array_object GL_KHR_texture_compression_astc_ldr ANDROID_EMU_host_side_tracing ANDROID_EMU_gles_max_version_2 
10-24 23:39:24.895   524  4228 W OpenGLRenderer: Failed to choose config with EGL_SWAP_BEHAVIOR_PRESERVED, retrying without...
10-24 23:39:24.915   524  4228 D EGL_emulation: eglCreateContext: 0xaf183f10: maj 2 min 0 rcv 2
10-24 23:39:24.952   524  4228 D EGL_emulation: eglMakeCurrent: 0xaf183f10: ver 2 0 (tinfo 0xaf7af6d0) (first time)
10-24 23:39:24.953  8715  8715 I Dialer  : CallLogFragment.onStop - enter
10-24 23:39:24.959  8715  8715 I Dialer  : CallLogNotificationsService.cancelAllMissedCalls - enter
10-24 23:39:24.960  8715  8715 I Dialer  : NonUiTaskBuilder.newThread - creating serial thread
10-24 23:39:24.960  8715  8855 I Dialer  : CallLogNotificationsService.cancelAllMissedCallsBackground - enter
10-24 23:39:24.961  8715  8715 I Dialer  : CallLogAdapter.onSaveInstanceState - saved: 0, selectedItemsSize:0
10-24 23:39:24.962  1078  1078 D TaplEvents: Main / Touch event: MotionEvent { action=ACTION_DOWN, actionButton=0, id[0]=0, x[0]=372.96387, y[0]=1906.8915, toolType[0]=TOOL_TYPE_FINGER, buttonState=0, classification=NONE, metaState=0, flags=0x1, edgeFlags=0x0, pointerCount=1, historySize=0, eventTime=3910598, downTime=3910598, deviceId=8, source=0x5002, displayId=0 }
10-24 23:39:24.968   524  1804 W Telecom : MissedCallNotifierImpl: Showing missed calls through default dialer.: TSI.cMCN@DSw
10-24 23:39:24.975  8715  8715 I Dialer  : MissedCallNotificationReceiver.onReceive - enter
10-24 23:39:24.977  8715  8715 I Dialer  : DialerExecutorModule.newThread - creating low priority thread
10-24 23:39:25.004  8715  8856 I Dialer  : MissedCallNotifier.updateMissedCallNotification - enter
10-24 23:39:25.034  8715  8715 I Dialer  : MissedCallNotificationReceiver.onReceive - update missed call notifications successful
10-24 23:39:25.045  8715  8715 I Dialer  : MissedCallNotificationReceiver.updateBadgeCount - update badge count: 0 success: false
10-24 23:39:25.059  1078  1078 D TaplEvents: Main / Touch event: MotionEvent { action=ACTION_UP, actionButton=0, id[0]=0, x[0]=372.96387, y[0]=1906.8915, toolType[0]=TOOL_TYPE_FINGER, buttonState=0, classification=NONE, metaState=0, flags=0x1, edgeFlags=0x0, pointerCount=1, historySize=0, eventTime=3910695, downTime=3910598, deviceId=8, source=0x5002, displayId=0 }
10-24 23:39:25.060  1078  1078 D TaplEvents: Main / start: startAppShortcutOrInfoActivity
10-24 23:39:25.068   524  1807 I ActivityTaskManager: START u0 {act=android.intent.action.MAIN cat=[android.intent.category.LAUNCHER] flg=0x10200000 cmp=com.google.android.apps.messaging/.ui.ConversationListActivity bnds=[239,1757][440,1972]} from uid 10154
10-24 23:39:25.069   524  1804 I system_server: oneway function results will be dropped but finished with status OK and parcel size 4
10-24 23:39:25.069   524  1804 I system_server: oneway function results will be dropped but finished with status OK and parcel size 4
10-24 23:39:25.070   524   546 D EventSequenceValidator: inc AccIntentStartedEvents to 2
10-24 23:39:25.080   392   464 D AudioFlinger: mixer(0xedd13030) throttle end: throttle time(38)
10-24 23:39:25.083   430   430 I perfetto: ing_service_impl.cc:758 Configured tracing session 102, #sources:1, duration:5000 ms, #buffers:1, total buffer size:4096 KB, total sessions:2, uid:1071 session name: ""
10-24 23:39:25.084   419   419 I perfetto: probes_producer.cc:230  Ftrace setup (target_buf=102)
10-24 23:39:25.087   524   524 W ActivityManager: Unable to start service Intent { act=android.service.appprediction.AppPredictionService cmp=com.google.android.as/com.google.android.apps.miphone.aiai.app.AiAiPredictionService } U=0: not found
10-24 23:39:25.087   524   524 W RemoteAppPredictionService: could not bind to Intent { act=android.service.appprediction.AppPredictionService cmp=com.google.android.as/com.google.android.apps.miphone.aiai.app.AiAiPredictionService } using flags 67108865
10-24 23:39:25.159  8326  8326 D AppCompatDelegate: Application config ({1.0 310mcc260mnc [en_US] ldltr sw392dp w392dp h750dp 440dpi nrml long port finger qwerty/v/v dpad/v winConfig={ mBounds=Rect(0, 0 - 1080, 2340) mAppBounds=Rect(0, 136 - 1080, 2208) mWindowingMode=fullscreen mDisplayWindowingMode=fullscreen mActivityType=undefined mAlwaysOnTop=undefined mRotation=ROTATION_0} s.34}) does not match base config ({1.0 310mcc260mnc [en_US] ldltr sw392dp w392dp h750dp 440dpi nrml long port finger qwerty/v/v dpad/v winConfig={ mBounds=Rect(0, 0 - 1080, 2340) mAppBounds=Rect(0, 136 - 1080, 2208) mWindowingMode=fullscreen mDisplayWindowingMode=fullscreen mActivityType=standard mAlwaysOnTop=undefined mRotation=ROTATION_0} s.1}), using base overlay: {0.0 ?mcc?mnc ?localeList ?layoutDir ?swdp ?wdp ?hdp ?density ?lsize ?long ?ldr ?wideColorGamut ?orien ?uimode ?night ?touch ?keyb/?/? ?nav/? winConfig={ mBounds=Rect(0, 0 - 0, 0) mAppBounds=null mWindowingMode=undefined mDisplayWindowingMode=undefined mActivityType=undefined mAlwaysOnTop=undefined mRotation=undefined}}
10-24 23:39:25.159  8326  8326 D AppCompatDelegate: Applying night mode using ContextThemeWrapper and applyOverrideConfiguration(). Config: {0.0 ?mcc?mnc ?localeList ?layoutDir ?swdp ?wdp ?hdp ?density ?lsize ?long ?ldr ?wideColorGamut ?orien ?uimode ?touch ?keyb/?/? ?nav/? winConfig={ mBounds=Rect(0, 0 - 0, 0) mAppBounds=null mWindowingMode=undefined mDisplayWindowingMode=undefined mActivityType=undefined mAlwaysOnTop=undefined mRotation=undefined}}
10-24 23:39:25.173  8326  8326 D AppCompatDelegate: updateForNightMode [allowRecreation:false, currentNightMode:16, newNightMode:16, activityHandlingUiMode:false, baseContextAttached:true, created:false, canReturnDifferentContext:true, host:com.google.android.apps.messaging.home.HomeActivity@2a899df]
10-24 23:39:25.187  8326  8326 D AppCompatDelegate: updateForNightMode. Skipping. Night mode: -1 for host:com.google.android.apps.messaging.home.HomeActivity@2a899df
10-24 23:39:25.192  8326  8866 D libEGL  : loaded /vendor/lib/egl/libEGL_emulation.so
10-24 23:39:25.194  8326  8866 D libEGL  : loaded /vendor/lib/egl/libGLESv1_CM_emulation.so
10-24 23:39:25.197  8326  8866 D libEGL  : loaded /vendor/lib/egl/libGLESv2_emulation.so
10-24 23:39:25.231   524  1804 D CompatibilityChangeReporter: Compat change id reported: 136274596; UID 10134; state: DISABLED
10-24 23:39:25.272   314   314 W EmuHWC2 : validate: layer 265 CompositionType 1, fallback
10-24 23:39:25.275   314   314 W EmuHWC2 : No layers, exit, buffer 0xf3f81390
10-24 23:39:25.287   314   314 W EmuHWC2 : validate: layer 265 CompositionType 1, fallback
10-24 23:39:25.289   314   314 W EmuHWC2 : No layers, exit, buffer 0xf3f81090
10-24 23:39:25.294  8326  8326 I AppCompatViewInflater: app:theme is now deprecated. Please move to using android:theme instead.
10-24 23:39:25.305   314   314 W EmuHWC2 : validate: layer 265 CompositionType 1, fallback
10-24 23:39:25.307   314   314 W EmuHWC2 : No layers, exit, buffer 0xf3f81390
10-24 23:39:25.318  8326  8361 I BugleUsageStatistics: UsageStatistics: app created, openCause: 1
10-24 23:39:25.320   314   314 W EmuHWC2 : validate: layer 265 CompositionType 1, fallback
10-24 23:39:25.322   314   314 W EmuHWC2 : No layers, exit, buffer 0xf3f81090
10-24 23:39:25.327  8326  8326 I AppLifecycleTracker: App transition to foreground
10-24 23:39:25.337   314   314 W EmuHWC2 : validate: layer 265 CompositionType 1, fallback
10-24 23:39:25.339   314   314 W EmuHWC2 : No layers, exit, buffer 0xf3f81390
10-24 23:39:25.342  8326  8326 D AppCompatDelegate: updateForNightMode [allowRecreation:true, currentNightMode:16, newNightMode:16, activityHandlingUiMode:false, baseContextAttached:true, created:true, canReturnDifferentContext:true, host:com.google.android.apps.messaging.home.HomeActivity@2a899df]
10-24 23:39:25.342  8326  8326 D AppCompatDelegate: updateForNightMode. Skipping. Night mode: -1 for host:com.google.android.apps.messaging.home.HomeActivity@2a899df
10-24 23:39:25.354  8326  8363 I Bugle   : Does not need RCS Promo (PEv2)
10-24 23:39:25.355   314   314 W EmuHWC2 : validate: layer 265 CompositionType 1, fallback
10-24 23:39:25.357   314   314 W EmuHWC2 : No layers, exit, buffer 0xf3f81090
10-24 23:39:25.370   314   314 W EmuHWC2 : validate: layer 265 CompositionType 1, fallback
10-24 23:39:25.372   314   314 W EmuHWC2 : No layers, exit, buffer 0xf3f81390
10-24 23:39:25.374  8326  8340 W .apps.messagin: Reducing the number of considered missed Gc histogram windows from 110 to 100
10-24 23:39:25.387   314   314 W EmuHWC2 : validate: layer 265 CompositionType 1, fallback
10-24 23:39:25.389   314   314 W EmuHWC2 : No layers, exit, buffer 0xf3f81090
10-24 23:39:25.391  8326  8365 W InstanceID: Instance ID SDK is deprecated, com.google.android.apps.messaging should update to use Firebase Instance ID
10-24 23:39:25.399  8326  8868 I FA      : Tag Manager is not found and thus will not be used
10-24 23:39:25.404   314   314 W EmuHWC2 : validate: layer 265 CompositionType 1, fallback
10-24 23:39:25.406   314   314 W EmuHWC2 : No layers, exit, buffer 0xf3f81390
10-24 23:39:25.420   314   314 W EmuHWC2 : validate: layer 265 CompositionType 1, fallback
10-24 23:39:25.423   314   314 W EmuHWC2 : No layers, exit, buffer 0xf3f81090
10-24 23:39:25.437   314   314 W EmuHWC2 : validate: layer 265 CompositionType 1, fallback
10-24 23:39:25.439   314   314 W EmuHWC2 : No layers, exit, buffer 0xf3f81390
10-24 23:39:25.454   314   314 W EmuHWC2 : validate: layer 265 CompositionType 1, fallback
10-24 23:39:25.456   314   314 W EmuHWC2 : No layers, exit, buffer 0xf3f81090
10-24 23:39:25.472   314   314 W EmuHWC2 : validate: layer 265 CompositionType 1, fallback
10-24 23:39:25.474   314   314 W EmuHWC2 : No layers, exit, buffer 0xf3f81390
10-24 23:39:25.488   314   314 W EmuHWC2 : validate: layer 265 CompositionType 1, fallback
10-24 23:39:25.495   314   314 W EmuHWC2 : No layers, exit, buffer 0xf3f81090
10-24 23:39:25.505   314   314 W EmuHWC2 : validate: layer 265 CompositionType 1, fallback
10-24 23:39:25.510   314   314 W EmuHWC2 : No layers, exit, buffer 0xf3f81390
10-24 23:39:25.521   314   314 W EmuHWC2 : validate: layer 265 CompositionType 1, fallback
10-24 23:39:25.525   314   314 W EmuHWC2 : No layers, exit, buffer 0xf3f81090
10-24 23:39:25.532  8326  8863 D HostConnection: HostConnection::get() New Host Connection established 0xe7b0af80, tid 8863
10-24 23:39:25.535  8326  8863 D HostConnection: HostComposition ext ANDROID_EMU_CHECKSUM_HELPER_v1 ANDROID_EMU_native_sync_v2 ANDROID_EMU_native_sync_v3 ANDROID_EMU_native_sync_v4 ANDROID_EMU_dma_v1 ANDROID_EMU_direct_mem ANDROID_EMU_host_composition_v1 ANDROID_EMU_host_composition_v2 ANDROID_EMU_vulkan ANDROID_EMU_deferred_vulkan_commands ANDROID_EMU_vulkan_null_optional_strings ANDROID_EMU_vulkan_create_resources_with_requirements ANDROID_EMU_YUV_Cache ANDROID_EMU_vulkan_ignored_handles ANDROID_EMU_has_shared_slots_host_memory_allocator ANDROID_EMU_vulkan_free_memory_sync ANDROID_EMU_vulkan_shader_float16_int8 ANDROID_EMU_vulkan_async_queue_submit ANDROID_EMU_sync_buffer_data ANDROID_EMU_vulkan_async_qsri ANDROID_EMU_read_color_buffer_dma GL_OES_vertex_array_object GL_KHR_texture_compression_astc_ldr ANDROID_EMU_host_side_tracing ANDROID_EMU_gles_max_version_2 
10-24 23:39:25.537   183   183 I hwservicemanager: getTransport: Cannot find entry android.hardware.configstore@1.0::ISurfaceFlingerConfigs/default in either framework or device manifest.
10-24 23:39:25.537   314   314 W EmuHWC2 : validate: layer 265 CompositionType 1, fallback
10-24 23:39:25.538  8326  8863 W OpenGLRenderer: Failed to choose config with EGL_SWAP_BEHAVIOR_PRESERVED, retrying without...
10-24 23:39:25.546  8326  8326 W Bugle   : widthToGrow is negative!
10-24 23:39:25.557  8326  8863 D EGL_emulation: eglCreateContext: 0xe7b0ea90: maj 2 min 0 rcv 2
10-24 23:39:25.577  8872  8872 D AndroidRuntime: >>>>>> START com.android.internal.os.RuntimeInit uid 0 <<<<<<
10-24 23:39:25.579  8872  8872 I AndroidRuntime: Using default boot image
10-24 23:39:25.579  8872  8872 I AndroidRuntime: Leaving lock profiling enabled
10-24 23:39:25.581  8872  8872 I app_process: Core platform API reporting enabled, enforcing=false
10-24 23:39:25.584  8326  8863 D EGL_emulation: eglMakeCurrent: 0xe7b0ea90: ver 2 0 (tinfo 0xb4305b50) (first time)
10-24 23:39:25.585   314   314 W EmuHWC2 : No layers, exit, buffer 0xf3f81390
10-24 23:39:25.592   314   314 W EmuHWC2 : validate: layer 265 CompositionType 1, fallback
10-24 23:39:25.615   314   314 W EmuHWC2 : No layers, exit, buffer 0xf3f81090
10-24 23:39:25.617   183   183 I hwservicemanager: getTransport: Cannot find entry android.hardware.graphics.mapper@4.0::IMapper/default in either framework or device manifest.
10-24 23:39:25.617  8326  8863 I Gralloc4: mapper 4.x is not supported
10-24 23:39:25.618  8326  8863 D HostConnection: createUnique: call
10-24 23:39:25.618  8326  8863 D HostConnection: HostConnection::get() New Host Connection established 0xe7b10150, tid 8863
10-24 23:39:25.625   314   314 W EmuHWC2 : validate: layer 265 CompositionType 1, fallback
10-24 23:39:25.631   314   314 W EmuHWC2 : No layers, exit, buffer 0xf3f81390
10-24 23:39:25.634  8326  8365 W WM-WorkSpec: Backoff delay duration less than minimum value
10-24 23:39:25.637   314   314 W EmuHWC2 : validate: layer 265 CompositionType 1, fallback
10-24 23:39:25.641  8326  8863 D HostConnection: HostComposition ext ANDROID_EMU_CHECKSUM_HELPER_v1 ANDROID_EMU_native_sync_v2 ANDROID_EMU_native_sync_v3 ANDROID_EMU_native_sync_v4 ANDROID_EMU_dma_v1 ANDROID_EMU_direct_mem ANDROID_EMU_host_composition_v1 ANDROID_EMU_host_composition_v2 ANDROID_EMU_vulkan ANDROID_EMU_deferred_vulkan_commands ANDROID_EMU_vulkan_null_optional_strings ANDROID_EMU_vulkan_create_resources_with_requirements ANDROID_EMU_YUV_Cache ANDROID_EMU_vulkan_ignored_handles ANDROID_EMU_has_shared_slots_host_memory_allocator ANDROID_EMU_vulkan_free_memory_sync ANDROID_EMU_vulkan_shader_float16_int8 ANDROID_EMU_vulkan_async_queue_submit ANDROID_EMU_sync_buffer_data ANDROID_EMU_vulkan_async_qsri ANDROID_EMU_read_color_buffer_dma GL_OES_vertex_array_object GL_KHR_texture_compression_astc_ldr ANDROID_EMU_host_side_tracing ANDROID_EMU_gles_max_version_2 
10-24 23:39:25.642   314   314 W EmuHWC2 : No layers, exit, buffer 0xf3f81090
10-24 23:39:25.646  8326  8364 I BugleWorkQueue: WorkQueue: took approximately  78  to start processing row for  WorkHandlerProcessingMetaData{src=Executor, type=mark_as_notified, subKey=null, queue=mark_as_notified-, cancellationTag=null, attemptCount=0} ; rowId  29
10-24 23:39:25.662  8872  8872 D app_process: Time zone APEX ICU file found: /apex/com.android.tzdata/etc/icu/icu_tzdata.dat
10-24 23:39:25.662  8872  8872 D app_process: I18n APEX ICU file found: /apex/com.android.i18n/etc/icu/icudt66l.dat
10-24 23:39:25.680  8872  8872 W app_process: Unexpected CPU variant for X86 using defaults: x86
10-24 23:39:25.681  8872  8872 I app_process: The ClassLoaderContext is a special shared library.
10-24 23:39:25.699  8872  8872 W app_process: JNI RegisterNativeMethods: attempt to register 0 native methods for android.media.AudioAttributes
10-24 23:39:25.706  8872  8872 D AndroidRuntime: Calling main entry com.android.commands.content.Content
10-24 23:39:25.708   380   380 E Layer   : [Surface(name=Task=1)/@0xc554124 - animation-leash#0] No local sync point found
10-24 23:39:25.708   380   380 E Layer   : [Surface(name=Task=62)/@0xaed005e - animation-leash#0] No local sync point found
10-24 23:39:25.720   380   380 E Layer   : [Surface(name=Task=1)/@0xc554124 - animation-leash#0] No local sync point found
10-24 23:39:25.720   380   380 E Layer   : [Surface(name=Task=62)/@0xaed005e - animation-leash#0] No local sync point found
10-24 23:39:25.750  8326  8889 I BugleNotifications: Refreshing message notifications [CONTEXT for_incoming_messages=true for_failures=true is_silent=false is_quick_reply=false is_smart_reply_update=false ]
10-24 23:39:25.773   524   546 D EventSequenceValidator: dec AccIntentStartedEvents to 1
10-24 23:39:25.773  8872  8872 D AndroidRuntime: Shutting down VM
10-24 23:39:25.776  8326  8889 W SQLiteLog: (28) double-quoted string literal: ""
10-24 23:39:25.782  8326  8889 I chatty  : uid=10134(com.google.android.apps.messaging) Blocking Thread identical 7 lines
10-24 23:39:25.782  8326  8889 W SQLiteLog: (28) double-quoted string literal: ""
10-24 23:39:25.789   524   552 D ArtManagerInternalImpl: /data/misc/iorapd/com.google.android.apps.messaging/60117070/com.google.android.apps.messaging.ui.ConversationListActivity/compiled_traces/compiled_trace.pb doesn't exist
10-24 23:39:25.791   524   552 I ActivityTaskManager: Displayed com.google.android.apps.messaging/.ui.ConversationListActivity: +700ms
10-24 23:39:25.797  8326  8889 W SQLiteLog: (28) double-quoted string literal: ""
10-24 23:39:25.799  8326  8889 I chatty  : uid=10134(com.google.android.apps.messaging) Blocking Thread identical 4 lines
10-24 23:39:25.799  8326  8889 W SQLiteLog: (28) double-quoted string literal: ""
10-24 23:39:25.799  8326  8361 D MddListenableWorkerFactory: createWorker for class: com.google.android.apps.messaging.shared.datamodel.workqueue.WorkQueueWorkerShim
10-24 23:39:25.824   524   552 I ActivityTaskManager: Fully drawn com.google.android.apps.messaging/.ui.ConversationListActivity: +754ms
10-24 23:39:25.829  8326  8363 I BugleRcsEngine: [458] aeec.connect: Connecting SignupService
10-24 23:39:25.829  8326  8326 I BugleDataModel: ParticipantRefresh: ContactContentObserver initialize
10-24 23:39:25.830  8326  8363 I BugleRcsEngine: [458] aeec.connect: shouldUseCarrierServicesJibeService: true, CarrierServices rcs service found: true
10-24 23:39:25.831  8326  8363 I BugleRcsEngine: [458] aeec.connect: Binding to JibeService in CarrierServices.
10-24 23:39:25.833  8326  8326 I BugleDataModel: ParticipantRefresh: Started full participant refresh
10-24 23:39:25.851  8326  8364 I ShortcutBadger: Checking if platform supports badge counters, attempt 1/3.
10-24 23:39:25.857  8326  8890 I BugleDataModel: ParticipantRefresh: Start participant refresh. refreshMode: FULL
10-24 23:39:25.861  8326  8361 I WM-WorkerWrapper: Worker result SUCCESS for Work [ id=1f3398e7-ca32-43fb-b4fe-2651b53f3044, tags={ com.google.android.apps.messaging.shared.datamodel.workqueue.WorkQueueWorkerShim, mark_as_notified- } ]
10-24 23:39:25.866  8326  8364 I ShortcutBadger: Checking if platform supports badge counters, attempt 2/3.
10-24 23:39:25.868  8326  8326 I RcsClientLib: Service com.google.android.rcs.client.signup.SignupService connected. Will notify listeners: true
10-24 23:39:25.868  8326  8364 I ShortcutBadger: Checking if platform supports badge counters, attempt 3/3.
10-24 23:39:25.870  2258  2538 I CarrierServices: [214] dsd.a: RcsAvailabilityManager: Calculating Rcs Availability
10-24 23:39:25.873  8326  8364 W ShortcutBadger: Badge counter seems not supported in this platform: unable to resolve intent: Intent { act=android.intent.action.BADGE_COUNT_UPDATE (has extras) }
10-24 23:39:25.898  1753  8707 I PBSessionCacheImpl: Deleted sessionId[7711536854049039] from persistence.
10-24 23:39:25.904  2258  2538 I CarrierServices: [214] dtf.b: Bugle has minimum required RCS permissions: true
10-24 23:39:25.917  1753  2133 W SearchServiceCore: Abort, client detached.
10-24 23:39:25.932  2258  2538 I CarrierServices: [214] dtf.a: Rcs is enabled from user settings: true
10-24 23:39:25.936  2258  2538 I CarrierServices: [214] dtf.c: Bugle is default SMS app: true
10-24 23:39:25.941  2258  2538 W CarrierServices: [214] dvk.a: No config URL. RCS will be disabled!
10-24 23:39:25.942  2258  2538 I CarrierServices: [214] ekb.b: Checking if using CarrierServices.apk is possible. Enabled: true, isAtLeastM: true, runningInsideBugle: false
10-24 23:39:25.944  2258  2538 I CarrierServices: [214] chn.h: BindingManager: binding and reset P/H Flag stay same
10-24 23:39:25.944  2258  2538 I CarrierServices: [214] dsd.a: RcsAvailabilityManager: Rcs Availability still DISABLED_VIA_GSERVICES (RCS is disabled for this carrier by Google)
10-24 23:39:25.947  8326  8365 I BugleRcs: RcsAvailabilityUtilForProvisioningEngineV2: Get Updated RcsAvailability, RcsAvailability: DISABLED_VIA_GSERVICES, SimId: Redacted-20
10-24 23:39:25.947  8326  8365 I BugleRcsEngine: [460] aeec.disconnect: Disconnecting SignupService
10-24 23:39:25.948  8326  8326 I BugleRcsEngine: [2] aeec.disconnect: Disconnecting ChatSessionService
10-24 23:39:25.948  8326  8326 W RcsClientLib: Unexpected error when trying to unbind com.google.android.ims.rcsservice.chatsession.IChatSession: Service not registered: aeed@1f2caf
10-24 23:39:25.948  8326  8326 W RcsClientLib: java.lang.IllegalArgumentException: Service not registered: aeed@1f2caf
10-24 23:39:25.948  8326  8326 W RcsClientLib: 	at android.app.LoadedApk.forgetServiceDispatcher(LoadedApk.java:1757)
10-24 23:39:25.948  8326  8326 W RcsClientLib: 	at android.app.ContextImpl.unbindService(ContextImpl.java:1874)
10-24 23:39:25.948  8326  8326 W RcsClientLib: 	at android.content.ContextWrapper.unbindService(ContextWrapper.java:792)
10-24 23:39:25.948  8326  8326 W RcsClientLib: 	at aeec.b(PG:43)
10-24 23:39:25.948  8326  8326 W RcsClientLib: 	at aeec.disconnect(PG:41)
10-24 23:39:25.948  8326  8326 W RcsClientLib: 	at koc.b(PG:36)
10-24 23:39:25.948  8326  8326 W RcsClientLib: 	at kof.a(PG:38)
10-24 23:39:25.948  8326  8326 W RcsClientLib: 	at riw.a(PG:43)
10-24 23:39:25.948  8326  8326 W RcsClientLib: 	at rif.run(Unknown Source:1)
10-24 23:39:25.948  8326  8326 W RcsClientLib: 	at afou.run(PG:3)
10-24 23:39:25.948  8326  8326 W RcsClientLib: 	at android.os.Handler.handleCallback(Handler.java:938)
10-24 23:39:25.948  8326  8326 W RcsClientLib: 	at android.os.Handler.dispatchMessage(Handler.java:99)
10-24 23:39:25.948  8326  8326 W RcsClientLib: 	at android.os.Looper.loop(Looper.java:223)
10-24 23:39:25.948  8326  8326 W RcsClientLib: 	at android.app.ActivityThread.main(ActivityThread.java:7656)
10-24 23:39:25.948  8326  8326 W RcsClientLib: 	at java.lang.reflect.Method.invoke(Native Method)
10-24 23:39:25.948  8326  8326 W RcsClientLib: 	at com.android.internal.os.RuntimeInit$MethodAndArgsCaller.run(RuntimeInit.java:592)
10-24 23:39:25.948  8326  8326 W RcsClientLib: 	at com.android.internal.os.ZygoteInit.main(ZygoteInit.java:947)
10-24 23:39:25.949  8326  8326 I BugleRcsEngine: [2] aeec.disconnect: Disconnecting EventService
10-24 23:39:25.949  8326  8326 W RcsClientLib: Unexpected error when trying to unbind com.google.android.ims.rcsservice.events.IEvent: Service not registered: aeed@352439a
10-24 23:39:25.949  8326  8326 W RcsClientLib: java.lang.IllegalArgumentException: Service not registered: aeed@352439a
10-24 23:39:25.949  8326  8326 W RcsClientLib: 	at android.app.LoadedApk.forgetServiceDispatcher(LoadedApk.java:1757)
10-24 23:39:25.949  8326  8326 W RcsClientLib: 	at android.app.ContextImpl.unbindService(ContextImpl.java:1874)
10-24 23:39:25.949  8326  8326 W RcsClientLib: 	at android.content.ContextWrapper.unbindService(ContextWrapper.java:792)
10-24 23:39:25.949  8326  8326 W RcsClientLib: 	at aeec.b(PG:43)
10-24 23:39:25.949  8326  8326 W RcsClientLib: 	at aeec.disconnect(PG:41)
10-24 23:39:25.949  8326  8326 W RcsClientLib: 	at com.google.android.rcs.client.events.EventService.disconnect(PG:7)
10-24 23:39:25.949  8326  8326 W RcsClientLib: 	at koc.b(PG:37)
10-24 23:39:25.949  8326  8326 W RcsClientLib: 	at kof.a(PG:38)
10-24 23:39:25.949  8326  8326 W RcsClientLib: 	at riw.a(PG:43)
10-24 23:39:25.949  8326  8326 W RcsClientLib: 	at rif.run(Unknown Source:1)
10-24 23:39:25.949  8326  8326 W RcsClientLib: 	at afou.run(PG:3)
10-24 23:39:25.949  8326  8326 W RcsClientLib: 	at android.os.Handler.handleCallback(Handler.java:938)
10-24 23:39:25.949  8326  8326 W RcsClientLib: 	at android.os.Handler.dispatchMessage(Handler.java:99)
10-24 23:39:25.949  8326  8326 W RcsClientLib: 	at android.os.Looper.loop(Looper.java:223)
10-24 23:39:25.949  8326  8326 W RcsClientLib: 	at android.app.ActivityThread.main(ActivityThread.java:7656)
10-24 23:39:25.949  8326  8326 W RcsClientLib: 	at java.lang.reflect.Method.invoke(Native Method)
10-24 23:39:25.949  8326  8326 W RcsClientLib: 	at com.android.internal.os.RuntimeInit$MethodAndArgsCaller.run(RuntimeInit.java:592)
10-24 23:39:25.949  8326  8326 W RcsClientLib: 	at com.android.internal.os.ZygoteInit.main(ZygoteInit.java:947)
10-24 23:39:25.949  8326  8326 I BugleRcsEngine: [2] aeec.disconnect: Disconnecting ContactsService
10-24 23:39:25.949  8326  8326 W RcsClientLib: Unexpected error when trying to unbind com.google.android.ims.rcsservice.contacts.IContactsManagement: Service not registered: aeed@8b874a8
10-24 23:39:25.949  8326  8326 W RcsClientLib: java.lang.IllegalArgumentException: Service not registered: aeed@8b874a8
10-24 23:39:25.949  8326  8326 W RcsClientLib: 	at android.app.LoadedApk.forgetServiceDispatcher(LoadedApk.java:1757)
10-24 23:39:25.949  8326  8326 W RcsClientLib: 	at android.app.ContextImpl.unbindService(ContextImpl.java:1874)
10-24 23:39:25.949  8326  8326 W RcsClientLib: 	at android.content.ContextWrapper.unbindService(ContextWrapper.java:792)
10-24 23:39:25.949  8326  8326 W RcsClientLib: 	at aeec.b(PG:43)
10-24 23:39:25.949  8326  8326 W RcsClientLib: 	at aeec.disconnect(PG:41)
10-24 23:39:25.949  8326  8326 W RcsClientLib: 	at koc.b(PG:38)
10-24 23:39:25.949  8326  8326 W RcsClientLib: 	at kof.a(PG:38)
10-24 23:39:25.949  8326  8326 W RcsClientLib: 	at riw.a(PG:43)
10-24 23:39:25.949  8326  8326 W RcsClientLib: 	at rif.run(Unknown Source:1)
10-24 23:39:25.949  8326  8326 W RcsClientLib: 	at afou.run(PG:3)
10-24 23:39:25.949  8326  8326 W RcsClientLib: 	at android.os.Handler.handleCallback(Handler.java:938)
10-24 23:39:25.949  8326  8326 W RcsClientLib: 	at android.os.Handler.dispatchMessage(Handler.java:99)
10-24 23:39:25.949  8326  8326 W RcsClientLib: 	at android.os.Looper.loop(Looper.java:223)
10-24 23:39:25.949  8326  8326 W RcsClientLib: 	at android.app.ActivityThread.main(ActivityThread.java:7656)
10-24 23:39:25.949  8326  8326 W RcsClientLib: 	at java.lang.reflect.Method.invoke(Native Method)
10-24 23:39:25.949  8326  8326 W RcsClientLib: 	at com.android.internal.os.RuntimeInit$MethodAndArgsCaller.run(RuntimeInit.java:592)
10-24 23:39:25.949  8326  8326 W RcsClientLib: 	at com.android.internal.os.ZygoteInit.main(ZygoteInit.java:947)
10-24 23:39:25.949  8326  8326 I BugleRcsEngine: [2] aeec.disconnect: Disconnecting FileTransferService
10-24 23:39:25.949  8326  8326 W RcsClientLib: Unexpected error when trying to unbind com.google.android.ims.rcsservice.filetransfer.IFileTransfer: Service not registered: aeed@ff66
10-24 23:39:25.949  8326  8326 W RcsClientLib: java.lang.IllegalArgumentException: Service not registered: aeed@ff66
10-24 23:39:25.949  8326  8326 W RcsClientLib: 	at android.app.LoadedApk.forgetServiceDispatcher(LoadedApk.java:1757)
10-24 23:39:25.949  8326  8326 W RcsClientLib: 	at android.app.ContextImpl.unbindService(ContextImpl.java:1874)
10-24 23:39:25.949  8326  8326 W RcsClientLib: 	at android.content.ContextWrapper.unbindService(ContextWrapper.java:792)
10-24 23:39:25.949  8326  8326 W RcsClientLib: 	at aeec.b(PG:43)
10-24 23:39:25.949  8326  8326 W RcsClientLib: 	at aeec.disconnect(PG:41)
10-24 23:39:25.949  8326  8326 W RcsClientLib: 	at koc.b(PG:39)
10-24 23:39:25.949  8326  8326 W RcsClientLib: 	at kof.a(PG:38)
10-24 23:39:25.949  8326  8326 W RcsClientLib: 	at riw.a(PG:43)
10-24 23:39:25.949  8326  8326 W RcsClientLib: 	at rif.run(Unknown Source:1)
10-24 23:39:25.949  8326  8326 W RcsClientLib: 	at afou.run(PG:3)
10-24 23:39:25.949  8326  8326 W RcsClientLib: 	at android.os.Handler.handleCallback(Handler.java:938)
10-24 23:39:25.949  8326  8326 W RcsClientLib: 	at android.os.Handler.dispatchMessage(Handler.java:99)
10-24 23:39:25.949  8326  8326 W RcsClientLib: 	at android.os.Looper.loop(Looper.java:223)
10-24 23:39:25.949  8326  8326 W RcsClientLib: 	at android.app.ActivityThread.main(ActivityThread.java:7656)
10-24 23:39:25.949  8326  8326 W RcsClientLib: 	at java.lang.reflect.Method.invoke(Native Method)
10-24 23:39:25.949  8326  8326 W RcsClientLib: 	at com.android.internal.os.RuntimeInit$MethodAndArgsCaller.run(RuntimeInit.java:592)
10-24 23:39:25.949  8326  8326 W RcsClientLib: 	at com.android.internal.os.ZygoteInit.main(ZygoteInit.java:947)
10-24 23:39:25.949  8326  8326 I BugleRcsEngine: [2] aeec.disconnect: Disconnecting LocationSharingService
10-24 23:39:25.949  8326  8326 W RcsClientLib: Unexpected error when trying to unbind com.google.android.ims.rcsservice.locationsharing.ILocationSharing: Service not registered: aeed@8743354
10-24 23:39:25.949  8326  8326 W RcsClientLib: java.lang.IllegalArgumentException: Service not registered: aeed@8743354
10-24 23:39:25.949  8326  8326 W RcsClientLib: 	at android.app.LoadedApk.forgetServiceDispatcher(LoadedApk.java:1757)
10-24 23:39:25.949  8326  8326 W RcsClientLib: 	at android.app.ContextImpl.unbindService(ContextImpl.java:1874)
10-24 23:39:25.949  8326  8326 W RcsClientLib: 	at android.content.ContextWrapper.unbindService(ContextWrapper.java:792)
10-24 23:39:25.949  8326  8326 W RcsClientLib: 	at aeec.b(PG:43)
10-24 23:39:25.949  8326  8326 W RcsClientLib: 	at aeec.disconnect(PG:41)
10-24 23:39:25.949  8326  8326 W RcsClientLib: 	at koc.b(PG:40)
10-24 23:39:25.949  8326  8326 W RcsClientLib: 	at kof.a(PG:38)
10-24 23:39:25.949  8326  8326 W RcsClientLib: 	at riw.a(PG:43)
10-24 23:39:25.949  8326  8326 W RcsClientLib: 	at rif.run(Unknown Source:1)
10-24 23:39:25.949  8326  8326 W RcsClientLib: 	at afou.run(PG:3)
10-24 23:39:25.949  8326  8326 W RcsClientLib: 	at android.os.Handler.handleCallback(Handler.java:938)
10-24 23:39:25.949  8326  8326 W RcsClientLib: 	at android.os.Handler.dispatchMessage(Handler.java:99)
10-24 23:39:25.949  8326  8326 W RcsClientLib: 	at android.os.Looper.loop(Looper.java:223)
10-24 23:39:25.949  8326  8326 W RcsClientLib: 	at android.app.ActivityThread.main(ActivityThread.java:7656)
10-24 23:39:25.949  8326  8326 W RcsClientLib: 	at java.lang.reflect.Method.invoke(Native Method)
10-24 23:39:25.949  8326  8326 W RcsClientLib: 	at com.android.internal.os.RuntimeInit$MethodAndArgsCaller.run(RuntimeInit.java:592)
10-24 23:39:25.949  8326  8326 W RcsClientLib: 	at com.android.internal.os.ZygoteInit.main(ZygoteInit.java:947)
10-24 23:39:25.949  8326  8326 I BugleRcsEngine: [2] aeec.disconnect: Disconnecting ImsConnectionTrackerService
10-24 23:39:25.949  8326  8326 W RcsClientLib: Unexpected error when trying to unbind com.google.android.ims.rcsservice.ims.IImsConnectionTracker: Service not registered: aeed@58dabf2
10-24 23:39:25.949  8326  8326 W RcsClientLib: java.lang.IllegalArgumentException: Service not registered: aeed@58dabf2
10-24 23:39:25.949  8326  8326 W RcsClientLib: 	at android.app.LoadedApk.forgetServiceDispatcher(LoadedApk.java:1757)
10-24 23:39:25.949  8326  8326 W RcsClientLib: 	at android.app.ContextImpl.unbindService(ContextImpl.java:1874)
10-24 23:39:25.949  8326  8326 W RcsClientLib: 	at android.content.ContextWrapper.unbindService(ContextWrapper.java:792)
10-24 23:39:25.949  8326  8326 W RcsClientLib: 	at aeec.b(PG:43)
10-24 23:39:25.949  8326  8326 W RcsClientLib: 	at aeec.disconnect(PG:41)
10-24 23:39:25.949  8326  8326 W RcsClientLib: 	at koc.b(PG:41)
10-24 23:39:25.949  8326  8326 W RcsClientLib: 	at kof.a(PG:38)
10-24 23:39:25.949  8326  8326 W RcsClientLib: 	at riw.a(PG:43)
10-24 23:39:25.949  8326  8326 W RcsClientLib: 	at rif.run(Unknown Source:1)
10-24 23:39:25.949  8326  8326 W RcsClientLib: 	at afou.run(PG:3)
10-24 23:39:25.949  8326  8326 W RcsClientLib: 	at android.os.Handler.handleCallback(Handler.java:938)
10-24 23:39:25.949  8326  8326 W RcsClientLib: 	at android.os.Handler.dispatchMessage(Handler.java:99)
10-24 23:39:25.949  8326  8326 W RcsClientLib: 	at android.os.Looper.loop(Looper.java:223)
10-24 23:39:25.949  8326  8326 W RcsClientLib: 	at android.app.ActivityThread.main(ActivityThread.java:7656)
10-24 23:39:25.949  8326  8326 W RcsClientLib: 	at java.lang.reflect.Method.invoke(Native Method)
10-24 23:39:25.949  8326  8326 W RcsClientLib: 	at com.android.internal.os.RuntimeInit$MethodAndArgsCaller.run(RuntimeInit.java:592)
10-24 23:39:25.949  8326  8326 W RcsClientLib: 	at com.android.internal.os.ZygoteInit.main(ZygoteInit.java:947)
10-24 23:39:25.949  8326  8326 I BugleRcsEngine: [2] aeec.disconnect: Disconnecting RcsProfileService
10-24 23:39:25.949  8326  8326 W RcsClientLib: Unexpected error when trying to unbind com.google.android.ims.rcsservice.profile.IRcsProfile: Service not registered: aeed@78b30c0
10-24 23:39:25.950  8326  8326 W RcsClientLib: java.lang.IllegalArgumentException: Service not registered: aeed@78b30c0
10-24 23:39:25.950  8326  8326 W RcsClientLib: 	at android.app.LoadedApk.forgetServiceDispatcher(LoadedApk.java:1757)
10-24 23:39:25.950  8326  8326 W RcsClientLib: 	at android.app.ContextImpl.unbindService(ContextImpl.java:1874)
10-24 23:39:25.950  8326  8326 W RcsClientLib: 	at android.content.ContextWrapper.unbindService(ContextWrapper.java:792)
10-24 23:39:25.950  8326  8326 W RcsClientLib: 	at aeec.b(PG:43)
10-24 23:39:25.950  8326  8326 W RcsClientLib: 	at aeec.disconnect(PG:41)
10-24 23:39:25.950  8326  8326 W RcsClientLib: 	at koc.b(PG:42)
10-24 23:39:25.950  8326  8326 W RcsClientLib: 	at kof.a(PG:38)
10-24 23:39:25.950  8326  8326 W RcsClientLib: 	at riw.a(PG:43)
10-24 23:39:25.950  8326  8326 W RcsClientLib: 	at rif.run(Unknown Source:1)
10-24 23:39:25.950  8326  8326 W RcsClientLib: 	at afou.run(PG:3)
10-24 23:39:25.950  8326  8326 W RcsClientLib: 	at android.os.Handler.handleCallback(Handler.java:938)
10-24 23:39:25.950  8326  8326 W RcsClientLib: 	at android.os.Handler.dispatchMessage(Handler.java:99)
10-24 23:39:25.950  8326  8326 W RcsClientLib: 	at android.os.Looper.loop(Looper.java:223)
10-24 23:39:25.950  8326  8326 W RcsClientLib: 	at android.app.ActivityThread.main(ActivityThread.java:7656)
10-24 23:39:25.950  8326  8326 W RcsClientLib: 	at java.lang.reflect.Method.invoke(Native Method)
10-24 23:39:25.950  8326  8326 W RcsClientLib: 	at com.android.internal.os.RuntimeInit$MethodAndArgsCaller.run(RuntimeInit.java:592)
10-24 23:39:25.950  8326  8326 W RcsClientLib: 	at com.android.internal.os.ZygoteInit.main(ZygoteInit.java:947)
10-24 23:39:25.950  8326  8326 I BugleRcsEngine: [2] aeec.disconnect: Disconnecting BusinessInfoService
10-24 23:39:25.950  8326  8326 W RcsClientLib: Unexpected error when trying to unbind com.google.android.ims.rcsservice.businessinfo.IBusinessInfo: Service not registered: aeed@c6953e
