10-24 23:39:25.950  8326  8326 W RcsClientLib: java.lang.IllegalArgumentException: Service not registered: aeed@c6953e
10-24 23:39:25.950  8326  8326 W RcsClientLib: 	at android.app.LoadedApk.forgetServiceDispatcher(LoadedApk.java:1757)
10-24 23:39:25.950  8326  8326 W RcsClientLib: 	at android.app.ContextImpl.unbindService(ContextImpl.java:1874)
10-24 23:39:25.950  8326  8326 W RcsClientLib: 	at android.content.ContextWrapper.unbindService(ContextWrapper.java:792)
10-24 23:39:25.950  8326  8326 W RcsClientLib: 	at aeec.b(PG:43)
10-24 23:39:25.950  8326  8326 W RcsClientLib: 	at aeec.disconnect(PG:41)
10-24 23:39:25.950  8326  8326 W RcsClientLib: 	at koc.b(PG:43)
10-24 23:39:25.950  8326  8326 W RcsClientLib: 	at kof.a(PG:38)
10-24 23:39:25.950  8326  8326 W RcsClientLib: 	at riw.a(PG:43)
10-24 23:39:25.950  8326  8326 W RcsClientLib: 	at rif.run(Unknown Source:1)
10-24 23:39:25.950  8326  8326 W RcsClientLib: 	at afou.run(PG:3)
10-24 23:39:25.950  8326  8326 W RcsClientLib: 	at android.os.Handler.handleCallback(Handler.java:938)
10-24 23:39:25.950  8326  8326 W RcsClientLib: 	at android.os.Handler.dispatchMessage(Handler.java:99)
10-24 23:39:25.950  8326  8326 W RcsClientLib: 	at android.os.Looper.loop(Looper.java:223)
10-24 23:39:25.950  8326  8326 W RcsClientLib: 	at android.app.ActivityThread.main(ActivityThread.java:7656)
10-24 23:39:25.950  8326  8326 W RcsClientLib: 	at java.lang.reflect.Method.invoke(Native Method)
10-24 23:39:25.950  8326  8326 W RcsClientLib: 	at com.android.internal.os.RuntimeInit$MethodAndArgsCaller.run(RuntimeInit.java:592)
10-24 23:39:25.950  8326  8326 W RcsClientLib: 	at com.android.internal.os.ZygoteInit.main(ZygoteInit.java:947)
10-24 23:39:25.950  8326  8326 I BugleRcsEngine: [2] aeec.disconnect: Disconnecting RcsMessagingService
10-24 23:39:25.950  8326  8326 W RcsClientLib: Unexpected error when trying to unbind com.google.android.rcs.client.messaging.IMessaging: Service not registered: aeed@85298ec
10-24 23:39:25.950  8326  8326 W RcsClientLib: java.lang.IllegalArgumentException: Service not registered: aeed@85298ec
10-24 23:39:25.950  8326  8326 W RcsClientLib: 	at android.app.LoadedApk.forgetServiceDispatcher(LoadedApk.java:1757)
10-24 23:39:25.950  8326  8326 W RcsClientLib: 	at android.app.ContextImpl.unbindService(ContextImpl.java:1874)
10-24 23:39:25.950  8326  8326 W RcsClientLib: 	at android.content.ContextWrapper.unbindService(ContextWrapper.java:792)
10-24 23:39:25.950  8326  8326 W RcsClientLib: 	at aeec.b(PG:43)
10-24 23:39:25.950  8326  8326 W RcsClientLib: 	at aeec.disconnect(PG:41)
10-24 23:39:25.950  8326  8326 W RcsClientLib: 	at koc.b(PG:44)
10-24 23:39:25.950  8326  8326 W RcsClientLib: 	at kof.a(PG:38)
10-24 23:39:25.950  8326  8326 W RcsClientLib: 	at riw.a(PG:43)
10-24 23:39:25.950  8326  8326 W RcsClientLib: 	at rif.run(Unknown Source:1)
10-24 23:39:25.950  8326  8326 W RcsClientLib: 	at afou.run(PG:3)
10-24 23:39:25.950  8326  8326 W RcsClientLib: 	at android.os.Handler.handleCallback(Handler.java:938)
10-24 23:39:25.950  8326  8326 W RcsClientLib: 	at android.os.Handler.dispatchMessage(Handler.java:99)
10-24 23:39:25.950  8326  8326 W RcsClientLib: 	at android.os.Looper.loop(Looper.java:223)
10-24 23:39:25.950  8326  8326 W RcsClientLib: 	at android.app.ActivityThread.main(ActivityThread.java:7656)
10-24 23:39:25.950  8326  8326 W RcsClientLib: 	at java.lang.reflect.Method.invoke(Native Method)
10-24 23:39:25.950  8326  8326 W RcsClientLib: 	at com.android.internal.os.RuntimeInit$MethodAndArgsCaller.run(RuntimeInit.java:592)
10-24 23:39:25.950  8326  8326 W RcsClientLib: 	at com.android.internal.os.ZygoteInit.main(ZygoteInit.java:947)
10-24 23:39:25.950  8326  8326 I BugleRcsEngine: [2] aeec.disconnect: Disconnecting TransportControlService
10-24 23:39:25.950  8326  8326 W RcsClientLib: Unexpected error when trying to unbind com.google.android.ims.rcsservice.transportcontrol.ITransportControl: Service not registered: aeed@b12c74a
10-24 23:39:25.950  8326  8326 W RcsClientLib: java.lang.IllegalArgumentException: Service not registered: aeed@b12c74a
10-24 23:39:25.950  8326  8326 W RcsClientLib: 	at android.app.LoadedApk.forgetServiceDispatcher(LoadedApk.java:1757)
10-24 23:39:25.950  8326  8326 W RcsClientLib: 	at android.app.ContextImpl.unbindService(ContextImpl.java:1874)
10-24 23:39:25.950  8326  8326 W RcsClientLib: 	at android.content.ContextWrapper.unbindService(ContextWrapper.java:792)
10-24 23:39:25.950  8326  8326 W RcsClientLib: 	at aeec.b(PG:43)
10-24 23:39:25.950  8326  8326 W RcsClientLib: 	at aeec.disconnect(PG:41)
10-24 23:39:25.950  8326  8326 W RcsClientLib: 	at koc.b(PG:45)
10-24 23:39:25.950  8326  8326 W RcsClientLib: 	at kof.a(PG:38)
10-24 23:39:25.950  8326  8326 W RcsClientLib: 	at riw.a(PG:43)
10-24 23:39:25.950  8326  8326 W RcsClientLib: 	at rif.run(Unknown Source:1)
10-24 23:39:25.950  8326  8326 W RcsClientLib: 	at afou.run(PG:3)
10-24 23:39:25.950  8326  8326 W RcsClientLib: 	at android.os.Handler.handleCallback(Handler.java:938)
10-24 23:39:25.950  8326  8326 W RcsClientLib: 	at android.os.Handler.dispatchMessage(Handler.java:99)
10-24 23:39:25.950  8326  8326 W RcsClientLib: 	at android.os.Looper.loop(Looper.java:223)
10-24 23:39:25.950  8326  8326 W RcsClientLib: 	at android.app.ActivityThread.main(ActivityThread.java:7656)
10-24 23:39:25.950  8326  8326 W RcsClientLib: 	at java.lang.reflect.Method.invoke(Native Method)
10-24 23:39:25.950  8326  8326 W RcsClientLib: 	at com.android.internal.os.RuntimeInit$MethodAndArgsCaller.run(RuntimeInit.java:592)
10-24 23:39:25.950  8326  8326 W RcsClientLib: 	at com.android.internal.os.ZygoteInit.main(ZygoteInit.java:947)
10-24 23:39:25.950  8326  8326 W BugleRcs: disconnecting from all Rcs Services
10-24 23:39:25.952  8326  8365 I BugleRcs: RcsAvailabilityUtilForProvisioningEngineV2: success updating RCS availability async
10-24 23:39:25.999  8326  8890 W BugleDataModel: SelfParticipantsData: Failed to update self participants' subscription info. updateCount: 0
10-24 23:39:26.055  8326  8890 W BugleDataModel: SelfParticipantsData: Failed to update self participants' subscription info. updateCount: 0
10-24 23:39:26.184  8326  8890 I BugleDataModel: ParticipantRefresh: Number of participants refreshed: 0
10-24 23:39:26.184   524  3622 W ActivityManager: Unable to start service Intent { act=com.google.android.apps.tachyon.services.CLIENT_API pkg=com.google.android.apps.tachyon } U=0: not found
10-24 23:39:26.187   524  1804 W ActivityManager: Unable to start service Intent { cmp=com.google.android.apps.tachyon/.contacts.reachability.ReachabilityService } U=0: not found
10-24 23:39:26.190   524  3622 I Telecom : PhoneAccountRegistrar: getSimCallManager: SimCallManager for subId 1 queried, returning: null: TSI.gDOPA@DTw
10-24 23:39:26.435  8893  8893 D AndroidRuntime: >>>>>> START com.android.internal.os.RuntimeInit uid 0 <<<<<<
10-24 23:39:26.437  8893  8893 I AndroidRuntime: Using default boot image
10-24 23:39:26.437  8893  8893 I AndroidRuntime: Leaving lock profiling enabled
10-24 23:39:26.438  8893  8893 I app_process: Core platform API reporting enabled, enforcing=false
10-24 23:39:26.479   524  3622 I ActivityTaskManager: START u0 {flg=0x14000001 cmp=com.google.android.apps.messaging/.conversation.screen.ConversationActivity} from uid 10134
10-24 23:39:26.479   524   546 D EventSequenceValidator: inc AccIntentStartedEvents to 2
10-24 23:39:26.483   430   430 I perfetto: ing_service_impl.cc:758 Configured tracing session 103, #sources:1, duration:5000 ms, #buffers:1, total buffer size:4096 KB, total sessions:3, uid:1071 session name: ""
10-24 23:39:26.484   419   419 I perfetto: probes_producer.cc:230  Ftrace setup (target_buf=103)
10-24 23:39:26.485   524   546 D EventSequenceValidator: dec AccIntentStartedEvents to 1
10-24 23:39:26.496   524  1804 W ActivityTaskManager: Tried to set launchTime (0) < mLastActivityLaunchTime (3910731)
10-24 23:39:26.498   392   464 D AudioFlinger: mixer(0xedd13030) throttle end: throttle time(37)
10-24 23:39:26.503  8326  8326 D AppCompatDelegate: Application config ({1.0 310mcc260mnc [en_US] ldltr sw392dp w392dp h750dp 440dpi nrml long port finger qwerty/v/v dpad/v winConfig={ mBounds=Rect(0, 0 - 1080, 2340) mAppBounds=Rect(0, 136 - 1080, 2208) mWindowingMode=fullscreen mDisplayWindowingMode=fullscreen mActivityType=undefined mAlwaysOnTop=undefined mRotation=ROTATION_0} s.34}) does not match base config ({1.0 310mcc260mnc [en_US] ldltr sw392dp w392dp h750dp 440dpi nrml long port finger qwerty/v/v dpad/v winConfig={ mBounds=Rect(0, 0 - 1080, 2340) mAppBounds=Rect(0, 136 - 1080, 2208) mWindowingMode=fullscreen mDisplayWindowingMode=fullscreen mActivityType=standard mAlwaysOnTop=undefined mRotation=ROTATION_0} s.1}), using base overlay: {0.0 ?mcc?mnc ?localeList ?layoutDir ?swdp ?wdp ?hdp ?density ?lsize ?long ?ldr ?wideColorGamut ?orien ?uimode ?night ?touch ?keyb/?/? ?nav/? winConfig={ mBounds=Rect(0, 0 - 0, 0) mAppBounds=null mWindowingMode=undefined mDisplayWindowingMode=undefined mActivityType=undefined mAlwaysOnTop=undefined mRotation=undefined}}
10-24 23:39:26.503  8326  8326 D AppCompatDelegate: Applying night mode using ContextThemeWrapper and applyOverrideConfiguration(). Config: {0.0 ?mcc?mnc ?localeList ?layoutDir ?swdp ?wdp ?hdp ?density ?lsize ?long ?ldr ?wideColorGamut ?orien ?uimode ?touch ?keyb/?/? ?nav/? winConfig={ mBounds=Rect(0, 0 - 0, 0) mAppBounds=null mWindowingMode=undefined mDisplayWindowingMode=undefined mActivityType=undefined mAlwaysOnTop=undefined mRotation=undefined}}
10-24 23:39:26.514  8326  8326 D AppCompatDelegate: updateForNightMode [allowRecreation:false, currentNightMode:16, newNightMode:16, activityHandlingUiMode:false, baseContextAttached:true, created:false, canReturnDifferentContext:true, host:com.google.android.apps.messaging.conversation.screen.ConversationActivity@b7e706b]
10-24 23:39:26.514  8326  8326 D AppCompatDelegate: updateForNightMode. Skipping. Night mode: -1 for host:com.google.android.apps.messaging.conversation.screen.ConversationActivity@b7e706b
10-24 23:39:26.519  8326  8326 I AppCompatViewInflater: app:theme is now deprecated. Please move to using android:theme instead.
10-24 23:39:26.527  8326  8364 I BugleUsageStatistics: UsageStatistics: app created, openCause: 7
10-24 23:39:26.537  8326  8326 I AppLifecycleTracker: App foreground state unchanged: inForeground ? true
10-24 23:39:26.591  8893  8893 D app_process: Time zone APEX ICU file found: /apex/com.android.tzdata/etc/icu/icu_tzdata.dat
10-24 23:39:26.591  8893  8893 D app_process: I18n APEX ICU file found: /apex/com.android.i18n/etc/icu/icudt66l.dat
10-24 23:39:26.599  8893  8893 W app_process: Unexpected CPU variant for X86 using defaults: x86
10-24 23:39:26.600  8893  8893 I app_process: The ClassLoaderContext is a special shared library.
10-24 23:39:26.611  8326  8326 W Bugle   : contact provider didn't provide contact label information, fall back to using display name!
10-24 23:39:26.622  8893  8893 W app_process: JNI RegisterNativeMethods: attempt to register 0 native methods for android.media.AudioAttributes
10-24 23:39:26.624  8326  8326 D AppCompatDelegate: updateForNightMode [allowRecreation:true, currentNightMode:16, newNightMode:16, activityHandlingUiMode:false, baseContextAttached:true, created:true, canReturnDifferentContext:true, host:com.google.android.apps.messaging.conversation.screen.ConversationActivity@b7e706b]
10-24 23:39:26.624  8326  8326 D AppCompatDelegate: updateForNightMode. Skipping. Night mode: -1 for host:com.google.android.apps.messaging.conversation.screen.ConversationActivity@b7e706b
10-24 23:39:26.629  8326  8326 I BugleDataModel: ParticipantRefresh: Skipped full participant refresh
10-24 23:39:26.631  8326  8326 I BugleDataModel: ParticipantRefresh: Skipped full participant refresh
10-24 23:39:26.632  8326  8326 I Bugle   : ContactPickerFragment: picker not rcs: rcs not connected
10-24 23:39:26.635  8326  8326 W Bugle   : ContactPickerFragment: fail to subscribe rcsEventService
10-24 23:39:26.635  8326  8326 W Bugle   : aeei: Jibe SDK Service not available. Is the Jibe SDK service running? Did you call connect() and wait for the notification before calling an API function?
10-24 23:39:26.635  8326  8326 W Bugle   : 	at aeec.a(PG:15)
10-24 23:39:26.635  8326  8326 W Bugle   : 	at com.google.android.rcs.client.events.EventService.subscribe(PG:19)
10-24 23:39:26.635  8326  8326 W Bugle   : 	at nfl.j(PG:316)
10-24 23:39:26.635  8326  8326 W Bugle   : 	at neh.D(PG:187)
10-24 23:39:26.635  8326  8326 W Bugle   : 	at jh.j(PG:210)
10-24 23:39:26.635  8326  8326 W Bugle   : 	at iy.a(PG:499)
10-24 23:39:26.635  8326  8326 W Bugle   : 	at iy.c(PG:446)
10-24 23:39:26.635  8326  8326 W Bugle   : 	at iy.d(PG:396)
10-24 23:39:26.635  8326  8326 W Bugle   : 	at iy.a(PG:437)
10-24 23:39:26.635  8326  8326 W Bugle   : 	at iy.c(PG:110)
10-24 23:39:26.635  8326  8326 W Bugle   : 	at iy.k(PG:107)
10-24 23:39:26.635  8326  8326 W Bugle   : 	at hz.onPostResume(PG:83)
10-24 23:39:26.635  8326  8326 W Bugle   : 	at vu.onPostResume(PG:43)
10-24 23:39:26.635  8326  8326 W Bugle   : 	at adjd.onPostResume(PG:42)
10-24 23:39:26.635  8326  8326 W Bugle   : 	at com.google.android.apps.messaging.conversation.screen.ConversationActivity.onPostResume(PG:56)
10-24 23:39:26.635  8326  8326 W Bugle   : 	at android.app.Activity.performResume(Activity.java:8154)
10-24 23:39:26.635  8326  8326 W Bugle   : 	at android.app.ActivityThread.performResumeActivity(ActivityThread.java:4434)
10-24 23:39:26.635  8326  8326 W Bugle   : 	at android.app.ActivityThread.handleResumeActivity(ActivityThread.java:4476)
10-24 23:39:26.635  8326  8326 W Bugle   : 	at android.app.servertransaction.ResumeActivityItem.execute(ResumeActivityItem.java:52)
10-24 23:39:26.635  8326  8326 W Bugle   : 	at android.app.servertransaction.TransactionExecutor.executeLifecycleState(TransactionExecutor.java:176)
10-24 23:39:26.635  8326  8326 W Bugle   : 	at android.app.servertransaction.TransactionExecutor.execute(TransactionExecutor.java:97)
10-24 23:39:26.635  8326  8326 W Bugle   : 	at android.app.ActivityThread$H.handleMessage(ActivityThread.java:2066)
10-24 23:39:26.635  8326  8326 W Bugle   : 	at android.os.Handler.dispatchMessage(Handler.java:106)
10-24 23:39:26.635  8326  8326 W Bugle   : 	at android.os.Looper.loop(Looper.java:223)
10-24 23:39:26.635  8326  8326 W Bugle   : 	at android.app.ActivityThread.main(ActivityThread.java:7656)
10-24 23:39:26.635  8326  8326 W Bugle   : 	at java.lang.reflect.Method.invoke(Native Method)
10-24 23:39:26.635  8326  8326 W Bugle   : 	at com.android.internal.os.RuntimeInit$MethodAndArgsCaller.run(RuntimeInit.java:592)
10-24 23:39:26.635  8326  8326 W Bugle   : 	at com.android.internal.os.ZygoteInit.main(ZygoteInit.java:947)
10-24 23:39:26.635  8326  8326 I Bugle   : ContactPickerFragment: group not RCS because RCS is not available yet
10-24 23:39:26.635  8326  8326 I Bugle   : ContactPickerFragment: picker is RCS: false
10-24 23:39:26.635  8326  8326 I Bugle   : ContactPickerFragment: group not RCS because RCS is not available yet
10-24 23:39:26.644  8893  8893 D AndroidRuntime: Calling main entry com.android.commands.content.Content
10-24 23:39:26.706  8893  8893 D AndroidRuntime: Shutting down VM
10-24 23:39:26.752   524   552 I ActivityTaskManager: Displayed com.google.android.apps.messaging/.conversation.screen.ConversationActivity: +270ms
10-24 23:39:26.781  8326  8326 W Bugle   : contact provider didn't provide contact label information, fall back to using display name!
10-24 23:39:27.121   524  1804 D WifiNl80211Manager: Scan result ready event
10-24 23:39:27.121   524  1804 D WifiNative: Scan result ready event
10-24 23:39:27.181  8326  8326 I AppLifecycleTracker: App foreground state unchanged: inForeground ? true
10-24 23:39:27.384  8917  8917 D AndroidRuntime: >>>>>> START com.android.internal.os.RuntimeInit uid 0 <<<<<<
10-24 23:39:27.387  8917  8917 I AndroidRuntime: Using default boot image
10-24 23:39:27.387  8917  8917 I AndroidRuntime: Leaving lock profiling enabled
10-24 23:39:27.388  8917  8917 I app_process: Core platform API reporting enabled, enforcing=false
10-24 23:39:27.452  8917  8917 D app_process: Time zone APEX ICU file found: /apex/com.android.tzdata/etc/icu/icu_tzdata.dat
10-24 23:39:27.452  8917  8917 D app_process: I18n APEX ICU file found: /apex/com.android.i18n/etc/icu/icudt66l.dat
10-24 23:39:27.456  8917  8917 W app_process: Unexpected CPU variant for X86 using defaults: x86
10-24 23:39:27.457  8917  8917 I app_process: The ClassLoaderContext is a special shared library.
10-24 23:39:27.466  8917  8917 W app_process: JNI RegisterNativeMethods: attempt to register 0 native methods for android.media.AudioAttributes
10-24 23:39:27.469  8917  8917 D AndroidRuntime: Calling main entry com.android.commands.content.Content
10-24 23:39:27.471  8917  8917 D AndroidRuntime: Shutting down VM
10-24 23:39:27.812   524  4228 D HostConnection: HostConnection::get() New Host Connection established 0xe7b1c240, tid 4228
10-24 23:39:27.816   524  4228 D HostConnection: HostComposition ext ANDROID_EMU_CHECKSUM_HELPER_v1 ANDROID_EMU_native_sync_v2 ANDROID_EMU_native_sync_v3 ANDROID_EMU_native_sync_v4 ANDROID_EMU_dma_v1 ANDROID_EMU_direct_mem ANDROID_EMU_host_composition_v1 ANDROID_EMU_host_composition_v2 ANDROID_EMU_vulkan ANDROID_EMU_deferred_vulkan_commands ANDROID_EMU_vulkan_null_optional_strings ANDROID_EMU_vulkan_create_resources_with_requirements ANDROID_EMU_YUV_Cache ANDROID_EMU_vulkan_ignored_handles ANDROID_EMU_has_shared_slots_host_memory_allocator ANDROID_EMU_vulkan_free_memory_sync ANDROID_EMU_vulkan_shader_float16_int8 ANDROID_EMU_vulkan_async_queue_submit ANDROID_EMU_sync_buffer_data ANDROID_EMU_vulkan_async_qsri ANDROID_EMU_read_color_buffer_dma GL_OES_vertex_array_object GL_KHR_texture_compression_astc_ldr ANDROID_EMU_host_side_tracing ANDROID_EMU_gles_max_version_2 
10-24 23:39:27.817   524  4228 W OpenGLRenderer: Failed to choose config with EGL_SWAP_BEHAVIOR_PRESERVED, retrying without...
10-24 23:39:27.837   524  4228 D EGL_emulation: eglCreateContext: 0xaf184450: maj 2 min 0 rcv 2
10-24 23:39:27.866   524  4228 D EGL_emulation: eglMakeCurrent: 0xaf184450: ver 2 0 (tinfo 0xaf7af6d0) (first time)
10-24 23:39:27.885  8326  8326 I BugleDataModel: ParticipantRefresh: Skipped full participant refresh
10-24 23:39:27.887  8326  8326 I AppLifecycleTracker: App foreground state unchanged: inForeground ? true
10-24 23:39:27.890  8326  8326 D AppCompatDelegate: updateForNightMode [allowRecreation:true, currentNightMode:16, newNightMode:16, activityHandlingUiMode:false, baseContextAttached:true, created:true, canReturnDifferentContext:true, host:com.google.android.apps.messaging.home.HomeActivity@2a899df]
10-24 23:39:27.890  8326  8326 D AppCompatDelegate: updateForNightMode. Skipping. Night mode: -1 for host:com.google.android.apps.messaging.home.HomeActivity@2a899df
10-24 23:39:27.920  8326  8364 W WM-WorkSpec: Backoff delay duration less than minimum value
10-24 23:39:27.923  8326  8365 I BugleWorkQueue: WorkQueue: took approximately  29  to start processing row for  WorkHandlerProcessingMetaData{src=Executor, type=mark_as_notified, subKey=null, queue=mark_as_notified-, cancellationTag=null, attemptCount=0} ; rowId  30
10-24 23:39:27.940  8326  8889 I BugleNotifications: Refreshing message notifications [CONTEXT for_incoming_messages=true for_failures=true is_silent=false is_quick_reply=false is_smart_reply_update=false ]
10-24 23:39:27.952  8326  8889 W SQLiteLog: (28) double-quoted string literal: ""
10-24 23:39:27.958  8326  8889 I chatty  : uid=10134(com.google.android.apps.messaging) Blocking Thread identical 4 lines
10-24 23:39:27.958  8326  8889 W SQLiteLog: (28) double-quoted string literal: ""
10-24 23:39:27.979  8326  8363 D MddListenableWorkerFactory: createWorker for class: com.google.android.apps.messaging.shared.datamodel.workqueue.WorkQueueWorkerShim
10-24 23:39:28.050   524   534 I system_server: NativeAlloc concurrent copying GC freed 289080(12MB) AllocSpace objects, 16(680KB) LOS objects, 50% free, 15MB/30MB, paused 514us total 138.797ms
10-24 23:39:28.065   524   535 W JavaBinder: BinderProxy is being destroyed but the application did not call unlinkToDeath to unlink all of its death recipients beforehand.  Releasing leaked death recipient: com.android.server.AlarmManagerService$2
10-24 23:39:28.065   524   535 I BpBinder: onLastStrongRef automatically unlinking death recipients: <uncached descriptor>
10-24 23:39:28.087   524   535 W JavaBinder: BinderProxy is being destroyed but the application did not call unlinkToDeath to unlink all of its death recipients beforehand.  Releasing leaked death recipient: com.android.server.AlarmManagerService$2
10-24 23:39:28.087   524   535 I BpBinder: onLastStrongRef automatically unlinking death recipients: <uncached descriptor>
10-24 23:39:28.091  8326  8365 I WM-WorkerWrapper: Worker result SUCCESS for Work [ id=48cec09f-5be7-43ab-af63-8bf876b3553f, tags={ com.google.android.apps.messaging.shared.datamodel.workqueue.WorkQueueWorkerShim, mark_as_notified- } ]
10-24 23:39:28.166  8934  8934 D AndroidRuntime: >>>>>> START com.android.internal.os.RuntimeInit uid 0 <<<<<<
10-24 23:39:28.168  8934  8934 I AndroidRuntime: Using default boot image
10-24 23:39:28.168  8934  8934 I AndroidRuntime: Leaving lock profiling enabled
10-24 23:39:28.171  8934  8934 I app_process: Core platform API reporting enabled, enforcing=false
10-24 23:39:28.217  8934  8934 D app_process: Time zone APEX ICU file found: /apex/com.android.tzdata/etc/icu/icu_tzdata.dat
10-24 23:39:28.217  8934  8934 D app_process: I18n APEX ICU file found: /apex/com.android.i18n/etc/icu/icudt66l.dat
10-24 23:39:28.220  8934  8934 W app_process: Unexpected CPU variant for X86 using defaults: x86
10-24 23:39:28.222  8934  8934 I app_process: The ClassLoaderContext is a special shared library.
10-24 23:39:28.231  8934  8934 W app_process: JNI RegisterNativeMethods: attempt to register 0 native methods for android.media.AudioAttributes
10-24 23:39:28.235  8934  8934 D AndroidRuntime: Calling main entry com.android.commands.content.Content
10-24 23:39:28.237  8934  8934 D AndroidRuntime: Shutting down VM
10-24 23:39:28.480  8326  8326 I AppLifecycleTracker: App foreground state unchanged: inForeground ? true
10-24 23:39:28.482  8326  8326 W Bugle   : contact provider didn't provide contact label information, fall back to using display name!
10-24 23:39:28.533   524  1384 I ActivityTaskManager: START u0 {flg=0x14000001 cmp=com.google.android.apps.messaging/.conversation.screen.ConversationActivity (has extras)} from uid 10134
10-24 23:39:28.533   524   546 D EventSequenceValidator: inc AccIntentStartedEvents to 2
10-24 23:39:28.537   430   430 I perfetto: ing_service_impl.cc:758 Configured tracing session 104, #sources:1, duration:5000 ms, #buffers:1, total buffer size:4096 KB, total sessions:4, uid:1071 session name: ""
10-24 23:39:28.538   419   419 I perfetto: probes_producer.cc:230  Ftrace setup (target_buf=104)
10-24 23:39:28.545  8326  8361 I BugleUsageStatistics: UsageStatistics: ConversationClicked Conversation Orign: 1
10-24 23:39:28.547   524   546 D EventSequenceValidator: dec AccIntentStartedEvents to 1
10-24 23:39:28.549   524  1384 W ActivityTaskManager: Tried to set launchTime (0) < mLastActivityLaunchTime (3912133)
10-24 23:39:28.554  8326  8326 D AppCompatDelegate: Application config ({1.0 310mcc260mnc [en_US] ldltr sw392dp w392dp h750dp 440dpi nrml long port finger qwerty/v/v dpad/v winConfig={ mBounds=Rect(0, 0 - 1080, 2340) mAppBounds=Rect(0, 136 - 1080, 2208) mWindowingMode=fullscreen mDisplayWindowingMode=fullscreen mActivityType=undefined mAlwaysOnTop=undefined mRotation=ROTATION_0} s.34}) does not match base config ({1.0 310mcc260mnc [en_US] ldltr sw392dp w392dp h750dp 440dpi nrml long port finger qwerty/v/v dpad/v winConfig={ mBounds=Rect(0, 0 - 1080, 2340) mAppBounds=Rect(0, 136 - 1080, 2208) mWindowingMode=fullscreen mDisplayWindowingMode=fullscreen mActivityType=standard mAlwaysOnTop=undefined mRotation=ROTATION_0} s.1}), using base overlay: {0.0 ?mcc?mnc ?localeList ?layoutDir ?swdp ?wdp ?hdp ?density ?lsize ?long ?ldr ?wideColorGamut ?orien ?uimode ?night ?touch ?keyb/?/? ?nav/? winConfig={ mBounds=Rect(0, 0 - 0, 0) mAppBounds=null mWindowingMode=undefined mDisplayWindowingMode=undefined mActivityType=undefined mAlwaysOnTop=undefined mRotation=undefined}}
10-24 23:39:28.554  8326  8326 D AppCompatDelegate: Applying night mode using ContextThemeWrapper and applyOverrideConfiguration(). Config: {0.0 ?mcc?mnc ?localeList ?layoutDir ?swdp ?wdp ?hdp ?density ?lsize ?long ?ldr ?wideColorGamut ?orien ?uimode ?touch ?keyb/?/? ?nav/? winConfig={ mBounds=Rect(0, 0 - 0, 0) mAppBounds=null mWindowingMode=undefined mDisplayWindowingMode=undefined mActivityType=undefined mAlwaysOnTop=undefined mRotation=undefined}}
10-24 23:39:28.557  8326  8326 D AppCompatDelegate: updateForNightMode [allowRecreation:false, currentNightMode:16, newNightMode:16, activityHandlingUiMode:false, baseContextAttached:true, created:false, canReturnDifferentContext:true, host:com.google.android.apps.messaging.conversation.screen.ConversationActivity@9f6fdb4]
10-24 23:39:28.557  8326  8326 D AppCompatDelegate: updateForNightMode. Skipping. Night mode: -1 for host:com.google.android.apps.messaging.conversation.screen.ConversationActivity@9f6fdb4
10-24 23:39:28.561  8326  8326 I AppCompatViewInflater: app:theme is now deprecated. Please move to using android:theme instead.
10-24 23:39:28.564  8326  8365 I BugleUsageStatistics: UsageStatistics: app created, openCause: 7
10-24 23:39:28.567  8326  8326 I AppLifecycleTracker: App foreground state unchanged: inForeground ? true
10-24 23:39:28.725  8326  8326 I TextToSpeech: Sucessfully bound to com.google.android.tts
10-24 23:39:28.738  5247  5247 I TTS.GoogleTTSService: Creating Google TTS service, version 22.10.313224691
10-24 23:39:28.759  8326  8326 E Bugle   : P2pConversationSuggestionsConfigUtils: Unknown suggestion type STARRING
10-24 23:39:28.760  8326  8326 E Bugle   : java.lang.IllegalArgumentException: No enum constant alyr.STARRING
10-24 23:39:28.760  8326  8326 E Bugle   : 	at java.lang.Enum.valueOf(Enum.java:257)
10-24 23:39:28.760  8326  8326 E Bugle   : 	at alyr.a(PG:30)
10-24 23:39:28.760  8326  8326 E Bugle   : 	at lqz.c(PG:156)
10-24 23:39:28.760  8326  8326 E Bugle   : 	at lqr.a(Unknown Source:3)
10-24 23:39:28.760  8326  8326 E Bugle   : 	at ager.a(PG:3)
10-24 23:39:28.760  8326  8326 E Bugle   : 	at lqz.h(PG:117)
10-24 23:39:28.760  8326  8326 E Bugle   : 	at lqz.a(PG:118)
10-24 23:39:28.760  8326  8326 E Bugle   : 	at lqz.d(PG:24)
10-24 23:39:28.760  8326  8326 E Bugle   : 	at ddx.i(PG:132)
10-24 23:39:28.760  8326  8326 E Bugle   : 	at jh.g(PG:17)
10-24 23:39:28.760  8326  8326 E Bugle   : 	at iy.a(PG:496)
10-24 23:39:28.760  8326  8326 E Bugle   : 	at iy.c(PG:446)
10-24 23:39:28.760  8326  8326 E Bugle   : 	at iy.d(PG:396)
10-24 23:39:28.760  8326  8326 E Bugle   : 	at iy.a(PG:437)
10-24 23:39:28.760  8326  8326 E Bugle   : 	at iy.b(PG:329)
10-24 23:39:28.760  8326  8326 E Bugle   : 	at iy.a(PG:547)
10-24 23:39:28.760  8326  8326 E Bugle   : 	at iy.c(PG:219)
10-24 23:39:28.760  8326  8326 E Bugle   : 	at iy.c(PG:112)
10-24 23:39:28.760  8326  8326 E Bugle   : 	at iy.i(PG:63)
10-24 23:39:28.760  8326  8326 E Bugle   : 	at hz.onStart(PG:114)
10-24 23:39:28.760  8326  8326 E Bugle   : 	at vu.onStart(PG:47)
10-24 23:39:28.760  8326  8326 E Bugle   : 	at adjd.onStart(PG:59)
10-24 23:39:28.760  8326  8326 E Bugle   : 	at mjw.onStart(PG:29)
10-24 23:39:28.760  8326  8326 E Bugle   : 	at mkc.onStart(PG:68)
10-24 23:39:28.760  8326  8326 E Bugle   : 	at com.google.android.apps.messaging.conversation.screen.ConversationActivity.onStart(PG:68)
10-24 23:39:28.760  8326  8326 E Bugle   : 	at android.app.Instrumentation.callActivityOnStart(Instrumentation.java:1435)
10-24 23:39:28.760  8326  8326 E Bugle   : 	at android.app.Activity.performStart(Activity.java:8018)
10-24 23:39:28.760  8326  8326 E Bugle   : 	at android.app.ActivityThread.handleStartActivity(ActivityThread.java:3475)
10-24 23:39:28.760  8326  8326 E Bugle   : 	at android.app.servertransaction.TransactionExecutor.performLifecycleSequence(TransactionExecutor.java:221)
10-24 23:39:28.760  8326  8326 E Bugle   : 	at android.app.servertransaction.TransactionExecutor.cycleToPath(TransactionExecutor.java:201)
10-24 23:39:28.760  8326  8326 E Bugle   : 	at android.app.servertransaction.TransactionExecutor.executeLifecycleState(TransactionExecutor.java:173)
10-24 23:39:28.760  8326  8326 E Bugle   : 	at android.app.servertransaction.TransactionExecutor.execute(TransactionExecutor.java:97)
10-24 23:39:28.760  8326  8326 E Bugle   : 	at android.app.ActivityThread$H.handleMessage(ActivityThread.java:2066)
10-24 23:39:28.760  8326  8326 E Bugle   : 	at android.os.Handler.dispatchMessage(Handler.java:106)
10-24 23:39:28.760  8326  8326 E Bugle   : 	at android.os.Looper.loop(Looper.java:223)
10-24 23:39:28.760  8326  8326 E Bugle   : 	at android.app.ActivityThread.main(ActivityThread.java:7656)
10-24 23:39:28.760  8326  8326 E Bugle   : 	at java.lang.reflect.Method.invoke(Native Method)
10-24 23:39:28.760  8326  8326 E Bugle   : 	at com.android.internal.os.RuntimeInit$MethodAndArgsCaller.run(RuntimeInit.java:592)
10-24 23:39:28.760  8326  8326 E Bugle   : 	at com.android.internal.os.ZygoteInit.main(ZygoteInit.java:947)
10-24 23:39:28.761  8326  8326 E Bugle   : P2pConversationSuggestionsConfigUtils: Unknown suggestion type SCREEN_EFFECTS
10-24 23:39:28.761  8326  8326 E Bugle   : java.lang.IllegalArgumentException: No enum constant alyr.SCREEN_EFFECTS
10-24 23:39:28.761  8326  8326 E Bugle   : 	at java.lang.Enum.valueOf(Enum.java:257)
10-24 23:39:28.761  8326  8326 E Bugle   : 	at alyr.a(PG:30)
10-24 23:39:28.761  8326  8326 E Bugle   : 	at lqz.c(PG:156)
10-24 23:39:28.761  8326  8326 E Bugle   : 	at lqr.a(Unknown Source:3)
10-24 23:39:28.761  8326  8326 E Bugle   : 	at ager.a(PG:3)
10-24 23:39:28.761  8326  8326 E Bugle   : 	at lqz.h(PG:117)
10-24 23:39:28.761  8326  8326 E Bugle   : 	at lqz.a(PG:118)
10-24 23:39:28.761  8326  8326 E Bugle   : 	at lqz.d(PG:24)
10-24 23:39:28.761  8326  8326 E Bugle   : 	at ddx.i(PG:132)
10-24 23:39:28.761  8326  8326 E Bugle   : 	at jh.g(PG:17)
10-24 23:39:28.761  8326  8326 E Bugle   : 	at iy.a(PG:496)
10-24 23:39:28.761  8326  8326 E Bugle   : 	at iy.c(PG:446)
10-24 23:39:28.761  8326  8326 E Bugle   : 	at iy.d(PG:396)
10-24 23:39:28.761  8326  8326 E Bugle   : 	at iy.a(PG:437)
10-24 23:39:28.761  8326  8326 E Bugle   : 	at iy.b(PG:329)
10-24 23:39:28.761  8326  8326 E Bugle   : 	at iy.a(PG:547)
10-24 23:39:28.761  8326  8326 E Bugle   : 	at iy.c(PG:219)
10-24 23:39:28.761  8326  8326 E Bugle   : 	at iy.c(PG:112)
10-24 23:39:28.761  8326  8326 E Bugle   : 	at iy.i(PG:63)
10-24 23:39:28.761  8326  8326 E Bugle   : 	at hz.onStart(PG:114)
10-24 23:39:28.761  8326  8326 E Bugle   : 	at vu.onStart(PG:47)
10-24 23:39:28.761  8326  8326 E Bugle   : 	at adjd.onStart(PG:59)
10-24 23:39:28.761  8326  8326 E Bugle   : 	at mjw.onStart(PG:29)
10-24 23:39:28.761  8326  8326 E Bugle   : 	at mkc.onStart(PG:68)
10-24 23:39:28.761  8326  8326 E Bugle   : 	at com.google.android.apps.messaging.conversation.screen.ConversationActivity.onStart(PG:68)
10-24 23:39:28.761  8326  8326 E Bugle   : 	at android.app.Instrumentation.callActivityOnStart(Instrumentation.java:1435)
10-24 23:39:28.761  8326  8326 E Bugle   : 	at android.app.Activity.performStart(Activity.java:8018)
10-24 23:39:28.761  8326  8326 E Bugle   : 	at android.app.ActivityThread.handleStartActivity(ActivityThread.java:3475)
10-24 23:39:28.761  8326  8326 E Bugle   : 	at android.app.servertransaction.TransactionExecutor.performLifecycleSequence(TransactionExecutor.java:221)
10-24 23:39:28.761  8326  8326 E Bugle   : 	at android.app.servertransaction.TransactionExecutor.cycleToPath(TransactionExecutor.java:201)
10-24 23:39:28.761  8326  8326 E Bugle   : 	at android.app.servertransaction.TransactionExecutor.executeLifecycleState(TransactionExecutor.java:173)
10-24 23:39:28.761  8326  8326 E Bugle   : 	at android.app.servertransaction.TransactionExecutor.execute(TransactionExecutor.java:97)
10-24 23:39:28.761  8326  8326 E Bugle   : 	at android.app.ActivityThread$H.handleMessage(ActivityThread.java:2066)
10-24 23:39:28.761  8326  8326 E Bugle   : 	at android.os.Handler.dispatchMessage(Handler.java:106)
10-24 23:39:28.761  8326  8326 E Bugle   : 	at android.os.Looper.loop(Looper.java:223)
10-24 23:39:28.761  8326  8326 E Bugle   : 	at android.app.ActivityThread.main(ActivityThread.java:7656)
10-24 23:39:28.761  8326  8326 E Bugle   : 	at java.lang.reflect.Method.invoke(Native Method)
10-24 23:39:28.761  8326  8326 E Bugle   : 	at com.android.internal.os.RuntimeInit$MethodAndArgsCaller.run(RuntimeInit.java:592)
10-24 23:39:28.761  8326  8326 E Bugle   : 	at com.android.internal.os.ZygoteInit.main(ZygoteInit.java:947)
10-24 23:39:28.761  8326  8326 E Bugle   : P2pConversationSuggestionsConfigUtils: Unknown suggestion type SAVE_BIRTHDAY
10-24 23:39:28.761  8326  8326 E Bugle   : java.lang.IllegalArgumentException: No enum constant alyr.SAVE_BIRTHDAY
10-24 23:39:28.761  8326  8326 E Bugle   : 	at java.lang.Enum.valueOf(Enum.java:257)
10-24 23:39:28.761  8326  8326 E Bugle   : 	at alyr.a(PG:30)
10-24 23:39:28.761  8326  8326 E Bugle   : 	at lqz.c(PG:156)
10-24 23:39:28.761  8326  8326 E Bugle   : 	at lqr.a(Unknown Source:5)
10-24 23:39:28.761  8326  8326 E Bugle   : 	at ager.a(PG:3)
10-24 23:39:28.761  8326  8326 E Bugle   : 	at lqz.h(PG:117)
10-24 23:39:28.761  8326  8326 E Bugle   : 	at lqz.a(PG:118)
10-24 23:39:28.761  8326  8326 E Bugle   : 	at lqz.d(PG:24)
10-24 23:39:28.761  8326  8326 E Bugle   : 	at ddx.i(PG:132)
10-24 23:39:28.761  8326  8326 E Bugle   : 	at jh.g(PG:17)
10-24 23:39:28.761  8326  8326 E Bugle   : 	at iy.a(PG:496)
10-24 23:39:28.761  8326  8326 E Bugle   : 	at iy.c(PG:446)
10-24 23:39:28.761  8326  8326 E Bugle   : 	at iy.d(PG:396)
10-24 23:39:28.761  8326  8326 E Bugle   : 	at iy.a(PG:437)
10-24 23:39:28.761  8326  8326 E Bugle   : 	at iy.b(PG:329)
10-24 23:39:28.761  8326  8326 E Bugle   : 	at iy.a(PG:547)
10-24 23:39:28.761  8326  8326 E Bugle   : 	at iy.c(PG:219)
10-24 23:39:28.761  8326  8326 E Bugle   : 	at iy.c(PG:112)
10-24 23:39:28.761  8326  8326 E Bugle   : 	at iy.i(PG:63)
10-24 23:39:28.761  8326  8326 E Bugle   : 	at hz.onStart(PG:114)
10-24 23:39:28.761  8326  8326 E Bugle   : 	at vu.onStart(PG:47)
10-24 23:39:28.761  8326  8326 E Bugle   : 	at adjd.onStart(PG:59)
10-24 23:39:28.761  8326  8326 E Bugle   : 	at mjw.onStart(PG:29)
10-24 23:39:28.761  8326  8326 E Bugle   : 	at mkc.onStart(PG:68)
10-24 23:39:28.761  8326  8326 E Bugle   : 	at com.google.android.apps.messaging.conversation.screen.ConversationActivity.onStart(PG:68)
10-24 23:39:28.761  8326  8326 E Bugle   : 	at android.app.Instrumentation.callActivityOnStart(Instrumentation.java:1435)
10-24 23:39:28.761  8326  8326 E Bugle   : 	at android.app.Activity.performStart(Activity.java:8018)
10-24 23:39:28.761  8326  8326 E Bugle   : 	at android.app.ActivityThread.handleStartActivity(ActivityThread.java:3475)
10-24 23:39:28.761  8326  8326 E Bugle   : 	at android.app.servertransaction.TransactionExecutor.performLifecycleSequence(TransactionExecutor.java:221)
10-24 23:39:28.761  8326  8326 E Bugle   : 	at android.app.servertransaction.TransactionExecutor.cycleToPath(TransactionExecutor.java:201)
10-24 23:39:28.761  8326  8326 E Bugle   : 	at android.app.servertransaction.TransactionExecutor.executeLifecycleState(TransactionExecutor.java:173)
10-24 23:39:28.761  8326  8326 E Bugle   : 	at android.app.servertransaction.TransactionExecutor.execute(TransactionExecutor.java:97)
10-24 23:39:28.761  8326  8326 E Bugle   : 	at android.app.ActivityThread$H.handleMessage(ActivityThread.java:2066)
10-24 23:39:28.761  8326  8326 E Bugle   : 	at android.os.Handler.dispatchMessage(Handler.java:106)
10-24 23:39:28.761  8326  8326 E Bugle   : 	at android.os.Looper.loop(Looper.java:223)
10-24 23:39:28.761  8326  8326 E Bugle   : 	at android.app.ActivityThread.main(ActivityThread.java:7656)
10-24 23:39:28.761  8326  8326 E Bugle   : 	at java.lang.reflect.Method.invoke(Native Method)
10-24 23:39:28.761  8326  8326 E Bugle   : 	at com.android.internal.os.RuntimeInit$MethodAndArgsCaller.run(RuntimeInit.java:592)
10-24 23:39:28.761  8326  8326 E Bugle   : 	at com.android.internal.os.ZygoteInit.main(ZygoteInit.java:947)
10-24 23:39:28.761  8326  8326 E Bugle   : P2pConversationSuggestionsConfigUtils: Unknown suggestion type SCREEN_EFFECTS
10-24 23:39:28.764  8326  8326 E Bugle   : java.lang.IllegalArgumentException: No enum constant alyr.SCREEN_EFFECTS
10-24 23:39:28.764  8326  8326 E Bugle   : 	at java.lang.Enum.valueOf(Enum.java:257)
10-24 23:39:28.764  8326  8326 E Bugle   : 	at alyr.a(PG:30)
10-24 23:39:28.764  8326  8326 E Bugle   : 	at lqz.c(PG:156)
10-24 23:39:28.764  8326  8326 E Bugle   : 	at lqr.a(Unknown Source:5)
10-24 23:39:28.764  8326  8326 E Bugle   : 	at ager.a(PG:3)
10-24 23:39:28.764  8326  8326 E Bugle   : 	at lqz.h(PG:117)
10-24 23:39:28.764  8326  8326 E Bugle   : 	at lqz.a(PG:118)
10-24 23:39:28.764  8326  8326 E Bugle   : 	at lqz.d(PG:24)
10-24 23:39:28.764  8326  8326 E Bugle   : 	at ddx.i(PG:132)
10-24 23:39:28.764  8326  8326 E Bugle   : 	at jh.g(PG:17)
10-24 23:39:28.764  8326  8326 E Bugle   : 	at iy.a(PG:496)
10-24 23:39:28.764  8326  8326 E Bugle   : 	at iy.c(PG:446)
10-24 23:39:28.764  8326  8326 E Bugle   : 	at iy.d(PG:396)
10-24 23:39:28.764  8326  8326 E Bugle   : 	at iy.a(PG:437)
10-24 23:39:28.764  8326  8326 E Bugle   : 	at iy.b(PG:329)
10-24 23:39:28.764  8326  8326 E Bugle   : 	at iy.a(PG:547)
10-24 23:39:28.764  8326  8326 E Bugle   : 	at iy.c(PG:219)
10-24 23:39:28.764  8326  8326 E Bugle   : 	at iy.c(PG:112)
10-24 23:39:28.764  8326  8326 E Bugle   : 	at iy.i(PG:63)
10-24 23:39:28.764  8326  8326 E Bugle   : 	at hz.onStart(PG:114)
10-24 23:39:28.764  8326  8326 E Bugle   : 	at vu.onStart(PG:47)
10-24 23:39:28.764  8326  8326 E Bugle   : 	at adjd.onStart(PG:59)
10-24 23:39:28.764  8326  8326 E Bugle   : 	at mjw.onStart(PG:29)
10-24 23:39:28.764  8326  8326 E Bugle   : 	at mkc.onStart(PG:68)
10-24 23:39:28.764  8326  8326 E Bugle   : 	at com.google.android.apps.messaging.conversation.screen.ConversationActivity.onStart(PG:68)
10-24 23:39:28.764  8326  8326 E Bugle   : 	at android.app.Instrumentation.callActivityOnStart(Instrumentation.java:1435)
10-24 23:39:28.764  8326  8326 E Bugle   : 	at android.app.Activity.performStart(Activity.java:8018)
10-24 23:39:28.764  8326  8326 E Bugle   : 	at android.app.ActivityThread.handleStartActivity(ActivityThread.java:3475)
10-24 23:39:28.764  8326  8326 E Bugle   : 	at android.app.servertransaction.TransactionExecutor.performLifecycleSequence(TransactionExecutor.java:221)
10-24 23:39:28.764  8326  8326 E Bugle   : 	at android.app.servertransaction.TransactionExecutor.cycleToPath(TransactionExecutor.java:201)
10-24 23:39:28.764  8326  8326 E Bugle   : 	at android.app.servertransaction.TransactionExecutor.executeLifecycleState(TransactionExecutor.java:173)
10-24 23:39:28.764  8326  8326 E Bugle   : 	at android.app.servertransaction.TransactionExecutor.execute(TransactionExecutor.java:97)
10-24 23:39:28.764  8326  8326 E Bugle   : 	at android.app.ActivityThread$H.handleMessage(ActivityThread.java:2066)
10-24 23:39:28.764  8326  8326 E Bugle   : 	at android.os.Handler.dispatchMessage(Handler.java:106)
10-24 23:39:28.764  8326  8326 E Bugle   : 	at android.os.Looper.loop(Looper.java:223)
10-24 23:39:28.764  8326  8326 E Bugle   : 	at android.app.ActivityThread.main(ActivityThread.java:7656)
10-24 23:39:28.764  8326  8326 E Bugle   : 	at java.lang.reflect.Method.invoke(Native Method)
10-24 23:39:28.764  8326  8326 E Bugle   : 	at com.android.internal.os.RuntimeInit$MethodAndArgsCaller.run(RuntimeInit.java:592)
10-24 23:39:28.764  8326  8326 E Bugle   : 	at com.android.internal.os.ZygoteInit.main(ZygoteInit.java:947)
10-24 23:39:28.768  5247  5247 I TTS.VoiceGenerator: Get absoluteFilePath /data/user_de/0/com.google.android.tts/files/superpacks/en-us/en-us-x-sfg-r19
10-24 23:39:28.769  5247  5247 I TTS.VoiceGenerator: Get absoluteFilePath /data/user_de/0/com.google.android.tts/files/superpacks/en-us/en-us-x-hol-r19
10-24 23:39:28.769  8326  8955 W SQLiteLog: (28) double-quoted string literal: ""
10-24 23:39:28.769  8326  8955 I chatty  : uid=10134(com.google.android.apps.messaging) MessageListWind identical 1 line
10-24 23:39:28.769  8326  8955 W SQLiteLog: (28) double-quoted string literal: ""
10-24 23:39:28.770  5247  5247 I TTS.VoiceGenerator: Get absoluteFilePath null
10-24 23:39:28.770  5247  5247 I TTS.VoiceGenerator: Get absoluteFilePath /data/user_de/0/com.google.android.tts/files/superpacks/en-us/en-us-x-jmp-r19
10-24 23:39:28.770  5247  5247 I TTS.VoiceGenerator: Get absoluteFilePath null
10-24 23:39:28.770  5247  5247 I TTS.VoiceGenerator: Get absoluteFilePath /data/user_de/0/com.google.android.tts/files/superpacks/en-us/en-us-x-iod-r19
10-24 23:39:28.771  5247  5247 I TTS.VoiceGenerator: Get absoluteFilePath /data/user_de/0/com.google.android.tts/files/superpacks/en-us/en-us-x-iof-r19
10-24 23:39:28.771  5247  5247 I TTS.VoiceGenerator: Get absoluteFilePath /data/user_de/0/com.google.android.tts/files/superpacks/en-us/en-us-x-ioh-r19
10-24 23:39:28.771  5247  5247 I TTS.VoiceGenerator: Get absoluteFilePath /data/user_de/0/com.google.android.tts/files/superpacks/en-us/en-us-x-ioj-r19
10-24 23:39:28.771  5247  5247 I TTS.VoiceGenerator: Get absoluteFilePath /data/user_de/0/com.google.android.tts/files/superpacks/en-us/en-us-x-tme-r19
10-24 23:39:28.771  5247  5247 I TTS.VoiceGenerator: Get absoluteFilePath /data/user_de/0/com.google.android.tts/files/superpacks/en-us/en-us-x-tpd-r19
10-24 23:39:28.772  5247  5247 I TTS.VoiceGenerator: Get absoluteFilePath /data/user_de/0/com.google.android.tts/files/superpacks/en-us/en-us-x-afh-r19
10-24 23:39:28.772  5247  5247 I TTS.VoiceGenerator: Get absoluteFilePath /data/user_de/0/com.google.android.tts/files/superpacks/en-us/en-us-x-fis-r19
10-24 23:39:28.772  5247  5247 I TTS.VoiceGenerator: Get absoluteFilePath null
10-24 23:39:28.774  5247  5247 I chatty  : uid=10126(com.google.android.tts) identical 18 lines
10-24 23:39:28.775  5247  5247 I TTS.VoiceGenerator: Get absoluteFilePath null
10-24 23:39:28.780  5247  5247 W TTS.Dispatcher: No network voice found, will fall back to local immediately
10-24 23:39:28.788  8326  8890 W BugleAction: exception getting msisdn from engine, and no default number
10-24 23:39:28.788  8326  8890 W BugleAction: aeei: Jibe SDK Service not available. Is the Jibe SDK service running? Did you call connect() and wait for the notification before calling an API function?
10-24 23:39:28.788  8326  8890 W BugleAction: 	at aeec.a(PG:15)
10-24 23:39:28.788  8326  8890 W BugleAction: 	at com.google.android.rcs.client.profile.RcsProfileService.a(PG:24)
10-24 23:39:28.788  8326  8890 W BugleAction: 	at com.google.android.rcs.client.profile.RcsProfileService.getMsisdn(PG:12)
10-24 23:39:28.788  8326  8890 W BugleAction: 	at kfx.l(PG:330)
10-24 23:39:28.788  8326  8890 W BugleAction: 	at jlg.a(PG:4)
10-24 23:39:28.788  8326  8890 W BugleAction: 	at com.google.android.apps.messaging.shared.datamodel.action.UpdateConversationEncryptionStatusAction.e(PG:31)
10-24 23:39:28.788  8326  8890 W BugleAction: 	at com.google.android.apps.messaging.shared.datamodel.action.UpdateConversationEncryptionStatusAction.c(PG:9)
10-24 23:39:28.788  8326  8890 W BugleAction: 	at gjr.a(PG:11)
10-24 23:39:28.788  8326  8890 W BugleAction: 	at gjf.run(PG:10)
10-24 23:39:28.788  8326  8890 W BugleAction: 	at afou.run(PG:3)
10-24 23:39:28.788  8326  8890 W BugleAction: 	at gjg.run(PG:7)
10-24 23:39:28.788  8326  8890 W BugleAction: 	at aipn.run(PG:2)
10-24 23:39:28.788  8326  8890 W BugleAction: 	at aipo.run(PG:6)
10-24 23:39:28.788  8326  8890 W BugleAction: 	at aeua.run(PG:2)
10-24 23:39:28.788  8326  8890 W BugleAction: 	at java.util.concurrent.ThreadPoolExecutor.runWorker(ThreadPoolExecutor.java:1167)
10-24 23:39:28.788  8326  8890 W BugleAction: 	at java.util.concurrent.ThreadPoolExecutor$Worker.run(ThreadPoolExecutor.java:641)
10-24 23:39:28.788  8326  8890 W BugleAction: 	at aesr.run(Unknown Source:4)
10-24 23:39:28.788  8326  8890 W BugleAction: 	at java.lang.Thread.run(Thread.java:923)
10-24 23:39:28.788  8326  8890 W BugleNetwork: RcsMsisdnAccessor: Failed to access Rcs msisdn. subId: -2
10-24 23:39:28.789  8326  8365 W SQLiteLog: (28) double-quoted string literal: ""
10-24 23:39:28.789  8326  8365 I chatty  : uid=10134(com.google.android.apps.messaging) BG Thread #3 identical 2 lines
10-24 23:39:28.807  8326  8365 W SQLiteLog: (28) double-quoted string literal: ""
10-24 23:39:28.813  8326  8326 D AppCompatDelegate: updateForNightMode [allowRecreation:true, currentNightMode:16, newNightMode:16, activityHandlingUiMode:false, baseContextAttached:true, created:true, canReturnDifferentContext:true, host:com.google.android.apps.messaging.conversation.screen.ConversationActivity@9f6fdb4]
10-24 23:39:28.814  8326  8326 D AppCompatDelegate: updateForNightMode. Skipping. Night mode: -1 for host:com.google.android.apps.messaging.conversation.screen.ConversationActivity@9f6fdb4
10-24 23:39:28.815  8326  8361 W SQLiteLog: (28) double-quoted string literal: ""
10-24 23:39:28.815  8326  8361 I chatty  : uid=10134(com.google.android.apps.messaging) BG Thread #0 identical 4 lines
10-24 23:39:28.815  8326  8361 W SQLiteLog: (28) double-quoted string literal: ""
10-24 23:39:28.817  8326  8326 I BugleDataModel: ParticipantRefresh: Skipped full participant refresh
10-24 23:39:28.818  8326  8326 I BugleDataModel: ParticipantRefresh: Skipped full participant refresh
10-24 23:39:28.819  8326  8365 W SQLiteLog: (28) double-quoted string literal: ""
10-24 23:39:28.819  8326  8365 W SQLiteLog: (28) double-quoted string literal: ""
10-24 23:39:28.824  8326  8326 I Bugle   : SelectedMessagesImpl: Deselected messages []
10-24 23:39:28.826  8326  8365 W SQLiteLog: (28) double-quoted string literal: ""
10-24 23:39:28.826  8326  8365 I chatty  : uid=10134(com.google.android.apps.messaging) BG Thread #3 identical 1 line
10-24 23:39:28.826  8326  8365 W SQLiteLog: (28) double-quoted string literal: ""
10-24 23:39:28.833  8326  8326 I Bugle   : DraftMessageTypeConverter: draft switching to xMS.
10-24 23:39:28.852  8326  8364 W Bugle   : Unable to call isMessageRevocationSupported
10-24 23:39:28.852  8326  8364 W Bugle   : aeei: Jibe SDK Service not available. Is the Jibe SDK service running? Did you call connect() and wait for the notification before calling an API function?
10-24 23:39:28.852  8326  8364 W Bugle   : 	at aeec.a(PG:15)
10-24 23:39:28.852  8326  8364 W Bugle   : 	at com.google.android.rcs.client.chatsession.ChatSessionService.isMessageRevocationSupported(PG:30)
10-24 23:39:28.852  8326  8364 W Bugle   : 	at kfx.i(PG:146)
10-24 23:39:28.852  8326  8364 W Bugle   : 	at cxj.a(Unknown Source:3)
10-24 23:39:28.852  8326  8364 W Bugle   : 	at aeyi.a(Unknown Source:2)
10-24 23:39:28.852  8326  8364 W Bugle   : 	at afoy.a(PG:3)
10-24 23:39:28.852  8326  8364 W Bugle   : 	at afoy.a(PG:3)
10-24 23:39:28.852  8326  8364 W Bugle   : 	at aeti.a(Unknown Source:1)
10-24 23:39:28.852  8326  8364 W Bugle   : 	at aimp.a(PG:3)
10-24 23:39:28.852  8326  8364 W Bugle   : 	at aily.a(PG:3)
10-24 23:39:28.852  8326  8364 W Bugle   : 	at aima.run(PG:23)
10-24 23:39:28.852  8326  8364 W Bugle   : 	at aipd.run(PG:2)
10-24 23:39:28.852  8326  8364 W Bugle   : 	at aeua.run(PG:2)
10-24 23:39:28.852  8326  8364 W Bugle   : 	at java.util.concurrent.ThreadPoolExecutor.runWorker(ThreadPoolExecutor.java:1167)
10-24 23:39:28.852  8326  8364 W Bugle   : 	at java.util.concurrent.ThreadPoolExecutor$Worker.run(ThreadPoolExecutor.java:641)
10-24 23:39:28.852  8326  8364 W Bugle   : 	at aesr.run(Unknown Source:4)
10-24 23:39:28.852  8326  8364 W Bugle   : 	at java.lang.Thread.run(Thread.java:923)
10-24 23:39:28.879   524  1804 D CompatibilityChangeReporter: Compat change id reported: 149924527; UID 10134; state: ENABLED
10-24 23:39:28.881   524  1384 D CompatibilityChangeReporter: Compat change id reported: 132649864; UID 10134; state: DISABLED
10-24 23:39:28.965   419   419 I perfetto: probes_producer.cc:329  Producer stop (id=101)
10-24 23:39:28.967   430   430 I perfetto: ng_service_impl.cc:1948 Tracing session 101 ended, total sessions:3
10-24 23:39:28.996  8326  8326 I TextToSpeech: Connected to ComponentInfo{com.google.android.tts/com.google.android.tts.service.GoogleTTSService}
10-24 23:39:28.997  8326  8326 I BugleDataModel: We reached the end for load around 9 on the newer messages side (bottom of the screen).
10-24 23:39:28.997  8326  8326 I BugleDataModel: We reached the end for load around 9 on the older messages side (top of the screen).
10-24 23:39:28.999  8326  8326 I BugleDataModel: 3 results retrieved for load around 9
10-24 23:39:29.003   524   552 I ActivityTaskManager: Displayed com.google.android.apps.messaging/.conversation.screen.ConversationActivity: +464ms
10-24 23:39:29.003  5247  5295 W TTS.Dispatcher: The requested voice is not available for this app identifier
10-24 23:39:29.005  5247  5295 I TTS.GoogleTTSServiceImp: currentLocale = en-US
10-24 23:39:29.011  5247  5295 W TTS.Dispatcher: The requested voice is not available for this app identifier
10-24 23:39:29.016  5247  5295 I TTS.GoogleTTSServiceImp: For default lang en-us is name en-US-language (en-us-x-sfg-server)
10-24 23:39:29.017  8326  8912 I TextToSpeech: Set up connection to ComponentInfo{com.google.android.tts/com.google.android.tts.service.GoogleTTSService}
10-24 23:39:29.041  8326  8326 I Bugle   : DraftMessageTypeConverter: draft switching to xMS.
