10-24 23:39:34.881     0     0 W x86/PAT : oid.aac.decoder:9000 map pfn RAM range req write-combining for [mem 0x49b8c000-0x49b8cfff], got write-back
10-24 23:39:34.885     0     0 W x86/PAT : oid.aac.decoder:9000 map pfn RAM range req write-combining for [mem 0x49b80000-0x49b80fff], got write-back
10-24 23:39:34.885     0     0 W x86/PAT : NPDecoder-CL:8999 map pfn RAM range req write-combining for [mem 0x49b8c000-0x49b8cfff], got write-back
10-24 23:39:34.887     0     0 W x86/PAT : oid.aac.decoder:9000 map pfn RAM range req write-combining for [mem 0x49b8d000-0x49b8dfff], got write-back
10-24 23:39:34.894     0     0 W x86/PAT : oid.aac.decoder:9000 map pfn RAM range req write-combining for [mem 0x49b8a000-0x49b8afff], got write-back
10-24 23:39:34.895     0     0 W x86/PAT : NPDecoder-CL:8999 map pfn RAM range req write-combining for [mem 0x49b8d000-0x49b8dfff], got write-back
10-24 23:39:34.907  8326  8955 I BugleDataModel: Processing changed messages for 12
10-24 23:39:34.908  8326  8955 W SQLiteLog: (28) double-quoted string literal: ""
10-24 23:39:34.897     0     0 W x86/PAT : oid.aac.decoder:9000 map pfn RAM range req write-combining for [mem 0x49b8c000-0x49b8cfff], got write-back
10-24 23:39:34.917  8326  8955 I chatty  : uid=10134(com.google.android.apps.messaging) MessageListWind identical 1 line
10-24 23:39:34.918  8326  8955 W SQLiteLog: (28) double-quoted string literal: ""
10-24 23:39:34.918   448  8997 D AudioTrack: getTimestamp_l(37): device stall time corrected using current time 3920555004900
10-24 23:39:34.920   524  1808 I system_server: oneway function results will be dropped but finished with status OK and parcel size 4
10-24 23:39:34.921  8326  8889 I BugleDataModel: InsertNewMessageAction: Inserted SMS. message{id:12} conversation{id:2}, uri: content://sms/8, receivedTimeStamp: 1761323974661
10-24 23:39:34.907     0     0 W x86/PAT : oid.aac.decoder:9000 map pfn RAM range req write-combining for [mem 0x49bc4000-0x49bc4fff], got write-back
10-24 23:39:34.909     0     0 W x86/PAT : NPDecoder-CL:8999 map pfn RAM range req write-combining for [mem 0x49b8c000-0x49b8cfff], got write-back
10-24 23:39:34.910     0     0 W x86/PAT : oid.aac.decoder:9000 map pfn RAM range req write-combining for [mem 0x49b8d000-0x49b8dfff], got write-back
10-24 23:39:34.915     0     0 W x86/PAT : oid.aac.decoder:9000 map pfn RAM range req write-combining for [mem 0x49bc7000-0x49bc7fff], got write-back
10-24 23:39:34.916     0     0 W x86/PAT : NPDecoder-CL:8999 map pfn RAM range req write-combining for [mem 0x49b8d000-0x49b8dfff], got write-back
10-24 23:39:34.918     0     0 W x86/PAT : oid.aac.decoder:9000 map pfn RAM range req write-combining for [mem 0x49b8c000-0x49b8cfff], got write-back
10-24 23:39:34.930  8326  8326 I BugleDataModel: Message 12 processed.
10-24 23:39:34.924     0     0 W x86/PAT : oid.aac.decoder:9000 map pfn RAM range req write-combining for [mem 0x49b70000-0x49b70fff], got write-back
10-24 23:39:34.924     0     0 W x86/PAT : NPDecoder-CL:8999 map pfn RAM range req write-combining for [mem 0x49b8c000-0x49b8cfff], got write-back
10-24 23:39:34.939  8326  8889 I BugleDataModel: ProcessPendingMessagesTimers: cleared next retry time for channel sms_send including counter
10-24 23:39:34.926     0     0 W x86/PAT : oid.aac.decoder:9000 map pfn RAM range req write-combining for [mem 0x49b8d000-0x49b8dfff], got write-back
10-24 23:39:34.932     0     0 W x86/PAT : oid.aac.decoder:9000 map pfn RAM range req write-combining for [mem 0x49bb7000-0x49bb7fff], got write-back
10-24 23:39:34.932     0     0 W x86/PAT : NPDecoder-CL:8999 map pfn RAM range req write-combining for [mem 0x49b8d000-0x49b8dfff], got write-back
10-24 23:39:34.934     0     0 W x86/PAT : oid.aac.decoder:9000 map pfn RAM range req write-combining for [mem 0x49b8c000-0x49b8cfff], got write-back
10-24 23:39:34.939     0     0 W x86/PAT : oid.aac.decoder:9000 map pfn RAM range req write-combining for [mem 0x49bb5000-0x49bb5fff], got write-back
10-24 23:39:34.939     0     0 W x86/PAT : NPDecoder-CL:8999 map pfn RAM range req write-combining for [mem 0x49b8c000-0x49b8cfff], got write-back
10-24 23:39:34.961  8326  8361 W Bugle   : Unable to call isMessageRevocationSupported
10-24 23:39:34.961  8326  8361 W Bugle   : aeei: Jibe SDK Service not available. Is the Jibe SDK service running? Did you call connect() and wait for the notification before calling an API function?
10-24 23:39:34.961  8326  8361 W Bugle   : 	at aeec.a(PG:15)
10-24 23:39:34.961  8326  8361 W Bugle   : 	at com.google.android.rcs.client.chatsession.ChatSessionService.isMessageRevocationSupported(PG:30)
10-24 23:39:34.961  8326  8361 W Bugle   : 	at kfx.i(PG:146)
10-24 23:39:34.961  8326  8361 W Bugle   : 	at cxj.a(Unknown Source:3)
10-24 23:39:34.961  8326  8361 W Bugle   : 	at aeyi.a(Unknown Source:2)
10-24 23:39:34.961  8326  8361 W Bugle   : 	at afoy.a(PG:3)
10-24 23:39:34.961  8326  8361 W Bugle   : 	at afoy.a(PG:3)
10-24 23:39:34.961  8326  8361 W Bugle   : 	at aeti.a(Unknown Source:1)
10-24 23:39:34.961  8326  8361 W Bugle   : 	at aimp.a(PG:3)
10-24 23:39:34.961  8326  8361 W Bugle   : 	at aily.a(PG:3)
10-24 23:39:34.961  8326  8361 W Bugle   : 	at aima.run(PG:23)
10-24 23:39:34.961  8326  8361 W Bugle   : 	at aipd.run(PG:2)
10-24 23:39:34.961  8326  8361 W Bugle   : 	at aeua.run(PG:2)
10-24 23:39:34.961  8326  8361 W Bugle   : 	at java.util.concurrent.ThreadPoolExecutor.runWorker(ThreadPoolExecutor.java:1167)
10-24 23:39:34.961  8326  8361 W Bugle   : 	at java.util.concurrent.ThreadPoolExecutor$Worker.run(ThreadPoolExecutor.java:641)
10-24 23:39:34.961  8326  8361 W Bugle   : 	at aesr.run(Unknown Source:4)
10-24 23:39:34.961  8326  8361 W Bugle   : 	at java.lang.Thread.run(Thread.java:923)
10-24 23:39:34.942     0     0 W x86/PAT : oid.aac.decoder:9000 map pfn RAM range req write-combining for [mem 0x49b8d000-0x49b8dfff], got write-back
10-24 23:39:34.946     0     0 W x86/PAT : oid.aac.decoder:9000 map pfn RAM range req write-combining for [mem 0x49ac4000-0x49ac4fff], got write-back
10-24 23:39:34.946     0     0 W x86/PAT : NPDecoder-CL:8999 map pfn RAM range req write-combining for [mem 0x49b8d000-0x49b8dfff], got write-back
10-24 23:39:34.948     0     0 W x86/PAT : oid.aac.decoder:9000 map pfn RAM range req write-combining for [mem 0x49b8c000-0x49b8cfff], got write-back
10-24 23:39:34.975  8326  8966 W TextClassifierLibImpl: Failed to initialize, using the fallback.
10-24 23:39:34.953     0     0 W x86/PAT : oid.aac.decoder:9000 map pfn RAM range req write-combining for [mem 0x49b82000-0x49b82fff], got write-back
10-24 23:39:34.954     0     0 W x86/PAT : NPDecoder-CL:8999 map pfn RAM range req write-combining for [mem 0x49b8c000-0x49b8cfff], got write-back
10-24 23:39:34.956     0     0 W x86/PAT : oid.aac.decoder:9000 map pfn RAM range req write-combining for [mem 0x49b8d000-0x49b8dfff], got write-back
10-24 23:39:34.960     0     0 W x86/PAT : oid.aac.decoder:9000 map pfn RAM range req write-combining for [mem 0x49b80000-0x49b80fff], got write-back
10-24 23:39:34.962     0     0 W x86/PAT : NPDecoder-CL:8999 map pfn RAM range req write-combining for [mem 0x49b8d000-0x49b8dfff], got write-back
10-24 23:39:34.963     0     0 W x86/PAT : oid.aac.decoder:9000 map pfn RAM range req write-combining for [mem 0x49b8c000-0x49b8cfff], got write-back
10-24 23:39:34.968     0     0 W x86/PAT : oid.aac.decoder:9000 map pfn RAM range req write-combining for [mem 0x49bb9000-0x49bb9fff], got write-back
10-24 23:39:34.970     0     0 W x86/PAT : NPDecoder-CL:8999 map pfn RAM range req write-combining for [mem 0x49b8c000-0x49b8cfff], got write-back
10-24 23:39:34.971     0     0 W x86/PAT : oid.aac.decoder:9000 map pfn RAM range req write-combining for [mem 0x49b8d000-0x49b8dfff], got write-back
10-24 23:39:34.990  8326  8326 I Bugle   : DraftMessageTypeConverter: draft switching to xMS.
10-24 23:39:34.990   989  5297 W id.ext.service: Core platform API violation: Lsun/misc/Unsafe;->compareAndSwapObject(Ljava/lang/Object;JLjava/lang/Object;Ljava/lang/Object;)Z from /apex/com.android.extservices/priv-app/GoogleExtServices/GoogleExtServices.apk using linking
10-24 23:39:34.998  8326  8889 I BugleDataModel: PendingMessagesProcessor: process from InsertNewMessageAction due to message inserted with queues: smsMessagesToSend{size:1}
10-24 23:39:34.976     0     0 W x86/PAT : oid.aac.decoder:9000 map pfn RAM range req write-combining for [mem 0x49b7e000-0x49b7efff], got write-back
10-24 23:39:34.979     0     0 W x86/PAT : oid.aac.decoder:9000 map pfn RAM range req write-combining for [mem 0x49b8c000-0x49b8cfff], got write-back
10-24 23:39:34.981     0     0 W x86/PAT : oid.aac.decoder:9000 map pfn RAM range req write-combining for [mem 0x49b70000-0x49b70fff], got write-back
10-24 23:39:34.984     0     0 W x86/PAT : oid.aac.decoder:9000 map pfn RAM range req write-combining for [mem 0x49ac1000-0x49ac1fff], got write-back
10-24 23:39:34.984     0     0 W x86/PAT : NPDecoder-CL:8999 map pfn RAM range req write-combining for [mem 0x49b8d000-0x49b8dfff], got write-back
10-24 23:39:35.003  8326  8889 I BugleDataModel: SendMessageActionQueuer: prepareToQueueAction: message{id:12} changed, timeStamp: 1761323974661 to, timeStamp: 1761323974998
10-24 23:39:34.987     0     0 W x86/PAT : oid.aac.decoder:9000 map pfn RAM range req write-combining for [mem 0x49b8a000-0x49b8afff], got write-back
10-24 23:39:34.989     0     0 W x86/PAT : NPDecoder-CL:8999 map pfn RAM range req write-combining for [mem 0x49b8c000-0x49b8cfff], got write-back
10-24 23:39:34.992     0     0 W x86/PAT : oid.aac.decoder:9000 map pfn RAM range req write-combining for [mem 0x49b8d000-0x49b8dfff], got write-back
10-24 23:39:34.994     0     0 W x86/PAT : NPDecoder-CL:8999 map pfn RAM range req write-combining for [mem 0x49ac1000-0x49ac1fff], got write-back
10-24 23:39:34.996     0     0 W x86/PAT : oid.aac.decoder:9000 map pfn RAM range req write-combining for [mem 0x49bc4000-0x49bc4fff], got write-back
10-24 23:39:34.998     0     0 W x86/PAT : NPDecoder-CL:8999 map pfn RAM range req write-combining for [mem 0x49b8d000-0x49b8dfff], got write-back
10-24 23:39:35.000     0     0 W x86/PAT : oid.aac.decoder:9000 map pfn RAM range req write-combining for [mem 0x49b8c000-0x49b8cfff], got write-back
10-24 23:39:35.006     0     0 W x86/PAT : oid.aac.decoder:9000 map pfn RAM range req write-combining for [mem 0x49bc7000-0x49bc7fff], got write-back
10-24 23:39:35.006     0     0 W x86/PAT : NPDecoder-CL:8999 map pfn RAM range req write-combining for [mem 0x49b8c000-0x49b8cfff], got write-back
10-24 23:39:35.008     0     0 W x86/PAT : oid.aac.decoder:9000 map pfn RAM range req write-combining for [mem 0x49b8d000-0x49b8dfff], got write-back
10-24 23:39:35.015     0     0 W x86/PAT : oid.aac.decoder:9000 map pfn RAM range req write-combining for [mem 0x49b82000-0x49b82fff], got write-back
10-24 23:39:35.015     0     0 W x86/PAT : NPDecoder-CL:8999 map pfn RAM range req write-combining for [mem 0x49b8d000-0x49b8dfff], got write-back
10-24 23:39:35.018     0     0 W x86/PAT : oid.aac.decoder:9000 map pfn RAM range req write-combining for [mem 0x49b8c000-0x49b8cfff], got write-back
10-24 23:39:35.024     0     0 W x86/PAT : oid.aac.decoder:9000 map pfn RAM range req write-combining for [mem 0x49bb7000-0x49bb7fff], got write-back
10-24 23:39:35.024     0     0 W x86/PAT : NPDecoder-CL:8999 map pfn RAM range req write-combining for [mem 0x49b8c000-0x49b8cfff], got write-back
10-24 23:39:35.026     0     0 W x86/PAT : oid.aac.decoder:9000 map pfn RAM range req write-combining for [mem 0x49b8d000-0x49b8dfff], got write-back
10-24 23:39:35.032     0     0 W x86/PAT : oid.aac.decoder:9000 map pfn RAM range req write-combining for [mem 0x49bb5000-0x49bb5fff], got write-back
10-24 23:39:35.033     0     0 W x86/PAT : NPDecoder-CL:8999 map pfn RAM range req write-combining for [mem 0x49b8d000-0x49b8dfff], got write-back
10-24 23:39:35.035     0     0 W x86/PAT : oid.aac.decoder:9000 map pfn RAM range req write-combining for [mem 0x49b8c000-0x49b8cfff], got write-back
10-24 23:39:35.040     0     0 W x86/PAT : oid.aac.decoder:9000 map pfn RAM range req write-combining for [mem 0x49b80000-0x49b80fff], got write-back
10-24 23:39:35.040     0     0 W x86/PAT : NPDecoder-CL:8999 map pfn RAM range req write-combining for [mem 0x49b8c000-0x49b8cfff], got write-back
10-24 23:39:35.043     0     0 W x86/PAT : oid.aac.decoder:9000 map pfn RAM range req write-combining for [mem 0x49b8d000-0x49b8dfff], got write-back
10-24 23:39:35.059   448  8999 D CCodecBufferChannel: [c2.android.aac.decoder#705] buffers after EOS ignored (0 us)
10-24 23:39:35.048     0     0 W x86/PAT : oid.aac.decoder:9000 map pfn RAM range req write-combining for [mem 0x49ac4000-0x49ac4fff], got write-back
10-24 23:39:35.048     0     0 W x86/PAT : NPDecoder-CL:8999 map pfn RAM range req write-combining for [mem 0x49b8d000-0x49b8dfff], got write-back
10-24 23:39:35.050     0     0 W x86/PAT : oid.aac.decoder:9000 map pfn RAM range req write-combining for [mem 0x49b8c000-0x49b8cfff], got write-back
10-24 23:39:35.056     0     0 W x86/PAT : oid.aac.decoder:9000 map pfn RAM range req write-combining for [mem 0x49b70000-0x49b70fff], got write-back
10-24 23:39:35.056     0     0 W x86/PAT : NPDecoder-CL:8999 map pfn RAM range req write-combining for [mem 0x49b8c000-0x49b8cfff], got write-back
10-24 23:39:35.058     0     0 W x86/PAT : oid.aac.decoder:9000 map pfn RAM range req write-combining for [mem 0x49b8d000-0x49b8dfff], got write-back
10-24 23:39:35.064     0     0 W x86/PAT : oid.aac.decoder:9000 map pfn RAM range req write-combining for [mem 0x49bb9000-0x49bb9fff], got write-back
10-24 23:39:35.064     0     0 W x86/PAT : NPDecoder-CL:8999 map pfn RAM range req write-combining for [mem 0x49b8d000-0x49b8dfff], got write-back
10-24 23:39:35.067     0     0 W x86/PAT : oid.aac.decoder:9000 map pfn RAM range req write-combining for [mem 0x49b8c000-0x49b8cfff], got write-back
10-24 23:39:35.072     0     0 W x86/PAT : oid.aac.decoder:9000 map pfn RAM range req write-combining for [mem 0x49b8d000-0x49b8dfff], got write-back
10-24 23:39:35.073     0     0 W x86/PAT : NPDecoder-CL:8999 map pfn RAM range req write-combining for [mem 0x49b8c000-0x49b8cfff], got write-back
10-24 23:39:35.075     0     0 W x86/PAT : oid.aac.decoder:9000 map pfn RAM range req write-combining for [mem 0x49ac1000-0x49ac1fff], got write-back
10-24 23:39:35.077     0     0 W x86/PAT : NPDecoder-CL:8999 map pfn RAM range req write-combining for [mem 0x49b8d000-0x49b8dfff], got write-back
10-24 23:39:35.095   392   464 D AudioFlinger: mixer(0xedd13030) throttle end: throttle time(28)
10-24 23:39:35.098  8326  8955 I BugleDataModel: Processing changed messages for 12
10-24 23:39:35.101  8326  8326 I BugleDataModel: Message 12 processed.
10-24 23:39:35.114  8326  8889 I BugleDataModel: PendingMessagesProcessor: started message{id:12}
10-24 23:39:35.120  8326  8361 W Bugle   : Unable to call isMessageRevocationSupported
10-24 23:39:35.120  8326  8361 W Bugle   : aeei: Jibe SDK Service not available. Is the Jibe SDK service running? Did you call connect() and wait for the notification before calling an API function?
10-24 23:39:35.120  8326  8361 W Bugle   : 	at aeec.a(PG:15)
10-24 23:39:35.120  8326  8361 W Bugle   : 	at com.google.android.rcs.client.chatsession.ChatSessionService.isMessageRevocationSupported(PG:30)
10-24 23:39:35.120  8326  8361 W Bugle   : 	at kfx.i(PG:146)
10-24 23:39:35.120  8326  8361 W Bugle   : 	at cxj.a(Unknown Source:3)
10-24 23:39:35.120  8326  8361 W Bugle   : 	at aeyi.a(Unknown Source:2)
10-24 23:39:35.120  8326  8361 W Bugle   : 	at afoy.a(PG:3)
10-24 23:39:35.120  8326  8361 W Bugle   : 	at afoy.a(PG:3)
10-24 23:39:35.120  8326  8361 W Bugle   : 	at aeti.a(Unknown Source:1)
10-24 23:39:35.120  8326  8361 W Bugle   : 	at aimp.a(PG:3)
10-24 23:39:35.120  8326  8361 W Bugle   : 	at aily.a(PG:3)
10-24 23:39:35.120  8326  8361 W Bugle   : 	at aima.run(PG:23)
10-24 23:39:35.120  8326  8361 W Bugle   : 	at aipd.run(PG:2)
10-24 23:39:35.120  8326  8361 W Bugle   : 	at aeua.run(PG:2)
10-24 23:39:35.120  8326  8361 W Bugle   : 	at java.util.concurrent.ThreadPoolExecutor.runWorker(ThreadPoolExecutor.java:1167)
10-24 23:39:35.120  8326  8361 W Bugle   : 	at java.util.concurrent.ThreadPoolExecutor$Worker.run(ThreadPoolExecutor.java:641)
10-24 23:39:35.120  8326  8361 W Bugle   : 	at aesr.run(Unknown Source:4)
10-24 23:39:35.120  8326  8361 W Bugle   : 	at java.lang.Thread.run(Thread.java:923)
10-24 23:39:35.124  8326  8363 I BugleWorkQueue: WorkQueue: took approximately  2  to start processing row for  WorkHandlerProcessingMetaData{src=Executor, type=request_link_preview, subKey=null, queue=request_link_preview-, cancellationTag=null, attemptCount=0} ; rowId  31
10-24 23:39:35.126  8326  8365 W WM-WorkSpec: Backoff delay duration less than minimum value
10-24 23:39:35.127  8326  8363 I Bugle   : RequestLinkPreviewAction: No link extracted from message with: message{id:12}
10-24 23:39:35.135  8326  8326 I Bugle   : DraftMessageTypeConverter: draft switching to xMS.
10-24 23:39:35.160  8326  8890 I BugleDataModel: SendMessageAction: Sending SMS message{id:12} in conversation{id:2}
10-24 23:39:35.161  8326  8890 I Bugle   : SmsSender: sending message. dest: MSISDN{d}, message: messageBody{Redacted-5}, serviceCenter: null, requireDeliveryReport: false, messageUri: content://sms/8, subId: 1
10-24 23:39:35.179   942  1352 D SmsNumberUtils: enter filterDestAddr. destAddr="[YRiPJDloB7p8o4kZoVh2bek1hS4]"
10-24 23:39:35.181  8326  8364 D MddListenableWorkerFactory: createWorker for class: com.google.android.apps.messaging.shared.datamodel.workqueue.WorkQueueWorkerShim
10-24 23:39:35.181   942  1352 D SmsNumberUtils: destAddr is not formatted.
10-24 23:39:35.181   942  1352 D SmsNumberUtils: leave filterDestAddr, new destAddr="[YRiPJDloB7p8o4kZoVh2bek1hS4]"
10-24 23:39:35.184  8326  8363 I WM-WorkerWrapper: Worker result SUCCESS for Work [ id=38db981f-7986-4a3d-81e8-3155b919b436, tags={ com.google.android.apps.messaging.shared.datamodel.workqueue.WorkQueueWorkerShim, request_link_preview- } ]
10-24 23:39:35.202  8326  8890 W SQLiteLog: (28) double-quoted string literal: ""
10-24 23:39:35.202  8326  8890 I chatty  : uid=10134(com.google.android.apps.messaging) Blocking Thread identical 1 line
10-24 23:39:35.202  8326  8890 W SQLiteLog: (28) double-quoted string literal: ""
10-24 23:39:35.257  8326  8955 I BugleDataModel: Processing changed messages for 12
10-24 23:39:35.263  8326  8889 I BugleDataModel: SentMessageProcessor: Done sending SMS message{id:12} conversation{id:2}, status: SUCCEEDED
10-24 23:39:35.269  8326  8326 I Bugle   : DraftMessageTypeConverter: draft switching to xMS.
10-24 23:39:35.271  8326  8955 W SQLiteLog: (28) double-quoted string literal: ""
10-24 23:39:35.271  8326  8955 I chatty  : uid=10134(com.google.android.apps.messaging) MessageListWind identical 1 line
10-24 23:39:35.271  8326  8955 W SQLiteLog: (28) double-quoted string literal: ""
10-24 23:39:35.285  8326  8326 I Bugle   : SelectedMessagesImpl: Deselected messages []
10-24 23:39:35.290  8326  8363 W Bugle   : Unable to call isMessageRevocationSupported
10-24 23:39:35.291  8326  8363 W Bugle   : aeei: Jibe SDK Service not available. Is the Jibe SDK service running? Did you call connect() and wait for the notification before calling an API function?
10-24 23:39:35.291  8326  8363 W Bugle   : 	at aeec.a(PG:15)
10-24 23:39:35.291  8326  8363 W Bugle   : 	at com.google.android.rcs.client.chatsession.ChatSessionService.isMessageRevocationSupported(PG:30)
10-24 23:39:35.291  8326  8363 W Bugle   : 	at kfx.i(PG:146)
10-24 23:39:35.291  8326  8363 W Bugle   : 	at cxj.a(Unknown Source:3)
10-24 23:39:35.291  8326  8363 W Bugle   : 	at aeyi.a(Unknown Source:2)
10-24 23:39:35.291  8326  8363 W Bugle   : 	at afoy.a(PG:3)
10-24 23:39:35.291  8326  8363 W Bugle   : 	at afoy.a(PG:3)
10-24 23:39:35.291  8326  8363 W Bugle   : 	at aeti.a(Unknown Source:1)
10-24 23:39:35.291  8326  8363 W Bugle   : 	at aimp.a(PG:3)
10-24 23:39:35.291  8326  8363 W Bugle   : 	at aily.a(PG:3)
10-24 23:39:35.291  8326  8363 W Bugle   : 	at aima.run(PG:23)
10-24 23:39:35.291  8326  8363 W Bugle   : 	at aipd.run(PG:2)
10-24 23:39:35.291  8326  8363 W Bugle   : 	at aeua.run(PG:2)
10-24 23:39:35.291  8326  8363 W Bugle   : 	at java.util.concurrent.ThreadPoolExecutor.runWorker(ThreadPoolExecutor.java:1167)
10-24 23:39:35.291  8326  8363 W Bugle   : 	at java.util.concurrent.ThreadPoolExecutor$Worker.run(ThreadPoolExecutor.java:641)
10-24 23:39:35.291  8326  8363 W Bugle   : 	at aesr.run(Unknown Source:4)
10-24 23:39:35.291  8326  8363 W Bugle   : 	at java.lang.Thread.run(Thread.java:923)
10-24 23:39:35.298  8326  8326 I BugleDataModel: Message 12 processed.
10-24 23:39:35.303  8326  8889 W WM-WorkSpec: Backoff delay duration less than minimum value
10-24 23:39:35.318   448  8997 D AudioTrack: stop(37): called with 30720 frames delivered
10-24 23:39:35.301     0     0 W x86/PAT : NPDecoder-CL:8999 map pfn RAM range req write-combining for [mem 0x49ac1000-0x49ac1fff], got write-back
10-24 23:39:35.330  1193  1213 W Icing   : isOptedInForAppHistory: empty Account Name encountered [CONTEXT service_id=21 ]
10-24 23:39:35.334  8326  8363 I BugleWorkQueue: WorkQueue: took approximately  64  to start processing row for  WorkHandlerProcessingMetaData{src=Executor, type=log_message_sent_or_received, subKey=null, queue=log_message_sent_or_received-, cancellationTag=null, attemptCount=0} ; rowId  32
10-24 23:39:35.343  8326  8966 W TextClassifierLibImpl: Failed to initialize, using the fallback.
10-24 23:39:35.346   989  5294 W id.ext.service: Core platform API violation: Lsun/misc/Unsafe;->compareAndSwapObject(Ljava/lang/Object;JLjava/lang/Object;Ljava/lang/Object;)Z from /apex/com.android.extservices/priv-app/GoogleExtServices/GoogleExtServices.apk using linking
10-24 23:39:35.348  1193  7803 W Icing   : isOptedInForAppHistory: empty Account Name encountered [CONTEXT service_id=21 ]
10-24 23:39:35.348  1193  1213 W Icing   : isOptedInForAppHistory: empty Account Name encountered [CONTEXT service_id=21 ]
10-24 23:39:35.349  8326  8889 I BugleDataModel: PendingMessagesProcessor: process from ProcessSentMessageAction due to sms_send success with queues:
10-24 23:39:35.350  8326  8889 I BugleDataModel: ProcessPendingMessagesTimers: cleared next retry time for channel sms_send including counter
10-24 23:39:35.363  8326  9004 W TextClassifierLibImpl: Failed to initialize, using the fallback.
10-24 23:39:35.365   989  5297 W id.ext.service: Core platform API violation: Lsun/misc/Unsafe;->compareAndSwapObject(Ljava/lang/Object;JLjava/lang/Object;Ljava/lang/Object;)Z from /apex/com.android.extservices/priv-app/GoogleExtServices/GoogleExtServices.apk using linking
10-24 23:39:35.370  8326  8365 D MddListenableWorkerFactory: createWorker for class: com.google.android.apps.messaging.shared.datamodel.workqueue.WorkQueueWorkerShim
10-24 23:39:35.381  8326  8890 W Bugle   : PermissionCheckerImpl: Missing Permission android.permission.ACCESS_FINE_LOCATION
10-24 23:39:35.382  8326  8890 E Bugle   : Failed to check if revocation is enabled
10-24 23:39:35.382  8326  8890 E Bugle   : aeei: Jibe SDK Service not available. Is the Jibe SDK service running? Did you call connect() and wait for the notification before calling an API function?
10-24 23:39:35.382  8326  8890 E Bugle   : 	at aeec.a(PG:15)
10-24 23:39:35.382  8326  8890 E Bugle   : 	at com.google.android.rcs.client.profile.RcsProfileService.getRcsConfig(PG:15)
10-24 23:39:35.382  8326  8890 E Bugle   : 	at kfx.o(PG:545)
10-24 23:39:35.382  8326  8890 E Bugle   : 	at kfx.t(PG:139)
10-24 23:39:35.382  8326  8890 E Bugle   : 	at ffe.A(PG:74)
10-24 23:39:35.382  8326  8890 E Bugle   : 	at ffe.b(PG:1252)
10-24 23:39:35.382  8326  8890 E Bugle   : 	at izh.call(Unknown Source:4)
10-24 23:39:35.382  8326  8890 E Bugle   : 	at afqg.a(Unknown Source:1)
10-24 23:39:35.382  8326  8890 E Bugle   : 	at afox.a(PG:3)
10-24 23:39:35.382  8326  8890 E Bugle   : 	at aipw.b(PG:7)
10-24 23:39:35.382  8326  8890 E Bugle   : 	at aiox.run(PG:12)
10-24 23:39:35.382  8326  8890 E Bugle   : 	at aipy.run(PG:12)
10-24 23:39:35.382  8326  8890 E Bugle   : 	at aeua.run(PG:2)
10-24 23:39:35.382  8326  8890 E Bugle   : 	at java.util.concurrent.ThreadPoolExecutor.runWorker(ThreadPoolExecutor.java:1167)
10-24 23:39:35.382  8326  8890 E Bugle   : 	at java.util.concurrent.ThreadPoolExecutor$Worker.run(ThreadPoolExecutor.java:641)
10-24 23:39:35.382  8326  8890 E Bugle   : 	at aesr.run(Unknown Source:4)
10-24 23:39:35.382  8326  8890 E Bugle   : 	at java.lang.Thread.run(Thread.java:923)
10-24 23:39:35.382  8326  8890 E Bugle   : Cannot get RCS file transfer auto accept supported value
10-24 23:39:35.383  8326  8890 E Bugle   : aeei: Jibe SDK Service not available. Is the Jibe SDK service running? Did you call connect() and wait for the notification before calling an API function?
10-24 23:39:35.383  8326  8890 E Bugle   : 	at aeec.a(PG:15)
10-24 23:39:35.383  8326  8890 E Bugle   : 	at com.google.android.rcs.client.profile.RcsProfileService.a(PG:24)
10-24 23:39:35.383  8326  8890 E Bugle   : 	at com.google.android.rcs.client.profile.RcsProfileService.isFileTransferAutoAcceptSupported(PG:36)
10-24 23:39:35.383  8326  8890 E Bugle   : 	at lkn.c(PG:17)
10-24 23:39:35.383  8326  8890 E Bugle   : 	at lkn.a(PG:9)
10-24 23:39:35.383  8326  8890 E Bugle   : 	at ffe.A(PG:76)
10-24 23:39:35.383  8326  8890 E Bugle   : 	at ffe.b(PG:1252)
10-24 23:39:35.383  8326  8890 E Bugle   : 	at izh.call(Unknown Source:4)
10-24 23:39:35.383  8326  8890 E Bugle   : 	at afqg.a(Unknown Source:1)
10-24 23:39:35.383  8326  8890 E Bugle   : 	at afox.a(PG:3)
10-24 23:39:35.383  8326  8890 E Bugle   : 	at aipw.b(PG:7)
10-24 23:39:35.383  8326  8890 E Bugle   : 	at aiox.run(PG:12)
10-24 23:39:35.383  8326  8890 E Bugle   : 	at aipy.run(PG:12)
10-24 23:39:35.383  8326  8890 E Bugle   : 	at aeua.run(PG:2)
10-24 23:39:35.383  8326  8890 E Bugle   : 	at java.util.concurrent.ThreadPoolExecutor.runWorker(ThreadPoolExecutor.java:1167)
10-24 23:39:35.383  8326  8890 E Bugle   : 	at java.util.concurrent.ThreadPoolExecutor$Worker.run(ThreadPoolExecutor.java:641)
10-24 23:39:35.383  8326  8890 E Bugle   : 	at aesr.run(Unknown Source:4)
10-24 23:39:35.383  8326  8890 E Bugle   : 	at java.lang.Thread.run(Thread.java:923)
10-24 23:39:35.383  8326  9004 I BugleMDD: Retrieved File Group Name: scripted_reply, File Count = 5
10-24 23:39:35.396  8326  9004 I BugleJobs: GenericWorkerQueueAction: Rescheduling immediately
10-24 23:39:35.399  8326  8890 W Bugle   : BuglePhoneNumberUtils: canonicalizeMccMnc: invalid mccmnc. mcc: null, mnc: null
10-24 23:39:35.402  8326  8364 W BugleAnnotation: MessageAnnotationData: bind should only be called with annotations for a single message. Message IDs: 
10-24 23:39:35.404  8326  8364 I chatty  : uid=10134(com.google.android.apps.messaging) BG Thread #2 identical 1 line
10-24 23:39:35.410  8326  8364 W BugleAnnotation: MessageAnnotationData: bind should only be called with annotations for a single message. Message IDs: 
10-24 23:39:35.417  8326  8364 I Bugle   : P2pConversationSuggestionsUtils: Loading Smart Reply JNIs.
10-24 23:39:35.422  8326  8364 W Bugle   : P2pConversationSuggestionsUtils: Problem linking Smart Reply JNIs.
10-24 23:39:35.422  8326  8364 W Bugle   : java.lang.UnsatisfiedLinkError: dlopen failed: library "libhobbes_jni.so" not found
10-24 23:39:35.422  8326  8364 W Bugle   : 	at java.lang.Runtime.loadLibrary0(Runtime.java:1087)
10-24 23:39:35.422  8326  8364 W Bugle   : 	at java.lang.Runtime.loadLibrary0(Runtime.java:1008)
10-24 23:39:35.422  8326  8364 W Bugle   : 	at java.lang.System.loadLibrary(System.java:1664)
10-24 23:39:35.422  8326  8364 W Bugle   : 	at lfb.a(PG:2)
10-24 23:39:35.422  8326  8364 W Bugle   : 	at lsg.h(PG:379)
10-24 23:39:35.422  8326  8364 W Bugle   : 	at lrm.a(Unknown Source:2)
10-24 23:39:35.422  8326  8364 W Bugle   : 	at afoy.a(PG:3)
10-24 23:39:35.422  8326  8364 W Bugle   : 	at ailz.a(PG:3)
10-24 23:39:35.422  8326  8364 W Bugle   : 	at aima.run(PG:23)
10-24 23:39:35.422  8326  8364 W Bugle   : 	at aipd.run(PG:2)
10-24 23:39:35.422  8326  8364 W Bugle   : 	at aeua.run(PG:2)
10-24 23:39:35.422  8326  8364 W Bugle   : 	at java.util.concurrent.ThreadPoolExecutor.runWorker(ThreadPoolExecutor.java:1167)
10-24 23:39:35.422  8326  8364 W Bugle   : 	at java.util.concurrent.ThreadPoolExecutor$Worker.run(ThreadPoolExecutor.java:641)
10-24 23:39:35.422  8326  8364 W Bugle   : 	at aesr.run(Unknown Source:4)
10-24 23:39:35.422  8326  8364 W Bugle   : 	at java.lang.Thread.run(Thread.java:923)
10-24 23:39:35.422  8326  8364 W Bugle   : P2pConversationSuggestionsUtils: SmartReplyLib is null.
10-24 23:39:35.422  8326  8364 I Bugle   : P2pConversationSuggestionsUtils: suggestionsCount: 0
10-24 23:39:35.447  8326  9004 I BugleNotifications: Updating notification in conversation due to P2P suggestions [CONTEXT conversation_id="2" ]
10-24 23:39:35.449  8326  9004 I BugleNotifications: Refreshing message notifications [CONTEXT for_incoming_messages=true for_failures=false is_silent=true is_quick_reply=false is_smart_reply_update=true conversation_id="2" ]
10-24 23:39:35.456  8326  9004 W SQLiteLog: (28) double-quoted string literal: ""
10-24 23:39:35.456  8326  9004 I chatty  : uid=10134(com.google.android.apps.messaging) Blocking Thread identical 1 line
10-24 23:39:35.456  8326  9004 W SQLiteLog: (28) double-quoted string literal: ""
10-24 23:39:35.515  8326  8890 I BugleMDD: Retrieved File Group Name: smart_actions_grammars, File Count = 30
10-24 23:39:35.536  8326  8890 I BugleMDD: Retrieved File Group Name: smart_actions_emotive_models, File Count = 54
10-24 23:39:35.562  8326  8890 I BugleMDD: Retrieved File Group Name: multitask_experiment, File Count = 58
10-24 23:39:35.566  8326  8890 I BugleMDD: Retrieved File Group Name: birthday_grammars, File Count = 4
10-24 23:39:35.568  8326  8890 I BugleMDD: Retrieved File Group is null
10-24 23:39:35.569  8326  8890 W Bugle   : Error reading FileSpec: mdd_file {    id: model_based_provider_configs_pumpkin_screen_effects_experiment
10-24 23:39:35.569  8326  8890 W Bugle   :     group: screen_effect_suggestions
10-24 23:39:35.569  8326  8890 W Bugle   : }
10-24 23:39:35.569  8326  8890 W Bugle   : java.io.IOException: Could not get URI for file:, mdd_file {    id: model_based_provider_configs_pumpkin_screen_effects_experiment
10-24 23:39:35.569  8326  8890 W Bugle   :     group: screen_effect_suggestions
10-24 23:39:35.569  8326  8890 W Bugle   : }
10-24 23:39:35.569  8326  8890 W Bugle   : 	at jhv.a(PG:33)
10-24 23:39:35.569  8326  8890 W Bugle   : 	at lqs.a(Unknown Source:220)
10-24 23:39:35.569  8326  8890 W Bugle   : 	at ager.a(PG:3)
10-24 23:39:35.569  8326  8890 W Bugle   : 	at lqz.a(PG:116)
10-24 23:39:35.569  8326  8890 W Bugle   : 	at lrd.a(PG:50)
10-24 23:39:35.569  8326  8890 W Bugle   : 	at ffe.b(PG:1370)
10-24 23:39:35.569  8326  8890 W Bugle   : 	at izh.call(Unknown Source:4)
10-24 23:39:35.569  8326  8890 W Bugle   : 	at afqg.a(Unknown Source:1)
10-24 23:39:35.569  8326  8890 W Bugle   : 	at afox.a(PG:3)
10-24 23:39:35.569  8326  8890 W Bugle   : 	at aipw.b(PG:7)
10-24 23:39:35.569  8326  8890 W Bugle   : 	at aiox.run(PG:12)
10-24 23:39:35.569  8326  8890 W Bugle   : 	at aipy.run(PG:12)
10-24 23:39:35.569  8326  8890 W Bugle   : 	at aeua.run(PG:2)
10-24 23:39:35.569  8326  8890 W Bugle   : 	at java.util.concurrent.ThreadPoolExecutor.runWorker(ThreadPoolExecutor.java:1167)
10-24 23:39:35.569  8326  8890 W Bugle   : 	at java.util.concurrent.ThreadPoolExecutor$Worker.run(ThreadPoolExecutor.java:641)
10-24 23:39:35.569  8326  8890 W Bugle   : 	at aesr.run(Unknown Source:4)
10-24 23:39:35.569  8326  8890 W Bugle   : 	at java.lang.Thread.run(Thread.java:923)
10-24 23:39:35.576  8326  8361 I WM-WorkerWrapper: Worker result SUCCESS for Work [ id=eb06e588-0712-4790-b104-8e3de6ab3a9a, tags={ com.google.android.apps.messaging.shared.datamodel.workqueue.WorkQueueWorkerShim, log_message_sent_or_received- } ]
10-24 23:39:35.953   448  4081 D NuPlayerDriver: stop(0xf35c1060)
10-24 23:39:35.953  8326  8326 V MediaPlayer: resetDrmState:  mDrmInfo=null mDrmProvisioningThread=null mPrepareDrmInProgress=false mActiveDrmScheme=false
10-24 23:39:35.953  8326  8326 V MediaPlayer: cleanDrmObj: mDrmObj=null mDrmSessionId=null
10-24 23:39:35.953   448  4081 D NuPlayerDriver: reset(0xf35c1060) at state 8
10-24 23:39:35.957   448  8999 I hw-BpHwBinder: onLastStrongRef automatically unlinking death recipients
10-24 23:39:35.957   457   503 I hw-BpHwBinder: onLastStrongRef automatically unlinking death recipients
10-24 23:39:35.958   457   503 V C2Store : in ~ComponentModule
10-24 23:39:35.958   457   503 V C2Store : unloading dll
10-24 23:39:35.960   448  8994 D NuPlayerDriver: notifyResetComplete(0xf35c1060)
10-24 23:39:35.961   448  4081 W AMessage: failed to post message as target looper for handler 0 is gone.
10-24 23:39:35.961  8326  8326 I Bugle   : MediaPlayerManager: released 198353253
10-24 23:39:36.901   524   608 D InputDispatcher: Waiting to send key to Window{46015fe u0 com.google.android.apps.messaging/com.google.android.apps.messaging.conversation.screen.ConversationActivity} because there are unprocessed events that may cause focus to change
10-24 23:39:36.904  8326  8326 W Bugle   : ConversationFragment{id:2}: Not sending a typing indicator because the chat service is null
10-24 23:39:36.911  8326  9004 I BugleJobs: GenericWorkerQueueAction: Bailing early, no work found, no failed work found
10-24 23:39:37.145   524   608 D InputDispatcher: Waiting to send key to Window{46015fe u0 com.google.android.apps.messaging/com.google.android.apps.messaging.conversation.screen.ConversationActivity} because there are unprocessed events that may cause focus to change
10-24 23:39:37.151  1255  2019 W native  : neural_spatial_model.cc:390 Output symbol table doesn't contain symbol: @
10-24 23:39:37.151  1255  2019 W native  : neural_spatial_model.cc:390 Output symbol table doesn't contain symbol: !
10-24 23:39:37.151  1255  2019 W native  : neural_spatial_model.cc:390 Output symbol table doesn't contain symbol: #
10-24 23:39:37.151  1255  2019 W native  : neural_spatial_model.cc:390 Output symbol table doesn't contain symbol: %
10-24 23:39:37.151  1255  2019 W native  : neural_spatial_model.cc:390 Output symbol table doesn't contain symbol: &
10-24 23:39:37.151  1255  2019 W native  : neural_spatial_model.cc:390 Output symbol table doesn't contain symbol: *
10-24 23:39:37.151  1255  2019 W native  : neural_spatial_model.cc:390 Output symbol table doesn't contain symbol: +
10-24 23:39:37.151  1255  2019 W native  : neural_spatial_model.cc:390 Output symbol table doesn't contain symbol: /
10-24 23:39:37.151  1255  2019 W native  : neural_spatial_model.cc:390 Output symbol table doesn't contain symbol: =
10-24 23:39:37.151  1255  2019 W native  : neural_spatial_model.cc:390 Output symbol table doesn't contain symbol: ?
10-24 23:39:37.151  1255  2019 W native  : neural_spatial_model.cc:390 Output symbol table doesn't contain symbol: ^
10-24 23:39:37.151  1255  2019 W native  : neural_spatial_model.cc:390 Output symbol table doesn't contain symbol: _
10-24 23:39:37.151  1255  2019 W native  : neural_spatial_model.cc:390 Output symbol table doesn't contain symbol: `
10-24 23:39:37.151  1255  2019 W native  : neural_spatial_model.cc:390 Output symbol table doesn't contain symbol: {
10-24 23:39:37.151  1255  2019 W native  : neural_spatial_model.cc:390 Output symbol table doesn't contain symbol: |
10-24 23:39:37.151  1255  2019 W native  : neural_spatial_model.cc:390 Output symbol table doesn't contain symbol: }
10-24 23:39:37.151  1255  2019 W native  : neural_spatial_model.cc:390 Output symbol table doesn't contain symbol: ~
10-24 23:39:37.632   524  1384 I system_server: oneway function results will be dropped but finished with status OK and parcel size 4
10-24 23:39:38.481   524   608 D InputDispatcher: Waiting to send key to Window{46015fe u0 com.google.android.apps.messaging/com.google.android.apps.messaging.conversation.screen.ConversationActivity} because there are unprocessed events that may cause focus to change
10-24 23:39:38.555   524  1384 I system_server: oneway function results will be dropped but finished with status OK and parcel size 4
10-24 23:39:38.578   524   608 D InputDispatcher: Waiting to send key to Window{46015fe u0 com.google.android.apps.messaging/com.google.android.apps.messaging.conversation.screen.ConversationActivity} because there are unprocessed events that may cause focus to change
10-24 23:39:38.782   524   608 D InputDispatcher: Waiting to send key to Window{46015fe u0 com.google.android.apps.messaging/com.google.android.apps.messaging.conversation.screen.ConversationActivity} because there are unprocessed events that may cause focus to change
10-24 23:39:38.845   524  1394 I system_server: oneway function results will be dropped but finished with status OK and parcel size 4
10-24 23:39:38.962   524  1394 I system_server: oneway function results will be dropped but finished with status OK and parcel size 4
10-24 23:39:39.832   457   853 D BufferPoolAccessor2.0: evictor expired: 3, evicted: 0
10-24 23:39:39.889  8326  8326 I Bugle   : UI initiated message sending in conversation 2
10-24 23:39:39.892   524  1384 I system_server: oneway function results will be dropped but finished with status OK and parcel size 4
10-24 23:39:39.893  8326  8326 I Bugle   : DraftMessageData: checkDraftForActionPreconditions, selfSubId: 1, resultPrecondition: PASSED
10-24 23:39:39.893   524  1808 I system_server: oneway function results will be dropped but finished with status OK and parcel size 4
10-24 23:39:39.916  8326  8326 I Bugle   : MediaPlayerManager: created 236610618
10-24 23:39:39.917  8326  8326 I Bugle   : SelectedMessagesImpl: Deselected messages []
10-24 23:39:39.918   448  4081 D NuPlayerDriver: NuPlayerDriver(0xf35c19f0) created, clientPid(8326)
10-24 23:39:39.921  8326  8326 E Bugle   : ConversationListItemData: Unable to get instant messaging config
10-24 23:39:39.921  8326  8326 E Bugle   : aeei: Jibe SDK Service not available. Is the Jibe SDK service running? Did you call connect() and wait for the notification before calling an API function?
10-24 23:39:39.921  8326  8326 E Bugle   : 	at aeec.a(PG:15)
10-24 23:39:39.921  8326  8326 E Bugle   : 	at com.google.android.rcs.client.profile.RcsProfileService.getRcsConfig(PG:15)
10-24 23:39:39.921  8326  8326 E Bugle   : 	at gpf.K(PG:98)
10-24 23:39:39.921  8326  8326 E Bugle   : 	at com.google.android.apps.messaging.shared.datamodel.data.ConversationData.a(PG:69)
10-24 23:39:39.921  8326  8326 E Bugle   : 	at com.google.android.apps.messaging.shared.datamodel.data.ConversationData.a(PG:150)
10-24 23:39:39.921  8326  8326 E Bugle   : 	at djj.a(PG:635)
10-24 23:39:39.921  8326  8326 E Bugle   : 	at njr.a(PG:391)
10-24 23:39:39.921  8326  8326 E Bugle   : 	at nij.a(Unknown Source:22)
10-24 23:39:39.921  8326  8326 E Bugle   : 	at gqf.a(PG:38)
10-24 23:39:39.921  8326  8326 E Bugle   : 	at ley.a(Unknown Source:1)
10-24 23:39:39.921  8326  8326 E Bugle   : 	at afoy.a(PG:3)
10-24 23:39:39.921  8326  8326 E Bugle   : 	at lfa.onPostExecute(PG:15)
10-24 23:39:39.921  8326  8326 E Bugle   : 	at android.os.AsyncTask.finish(AsyncTask.java:771)
10-24 23:39:39.921  8326  8326 E Bugle   : 	at android.os.AsyncTask.access$900(AsyncTask.java:199)
10-24 23:39:39.921  8326  8326 E Bugle   : 	at android.os.AsyncTask$InternalHandler.handleMessage(AsyncTask.java:788)
10-24 23:39:39.921  8326  8326 E Bugle   : 	at android.os.Handler.dispatchMessage(Handler.java:106)
10-24 23:39:39.921  8326  8326 E Bugle   : 	at android.os.Looper.loop(Looper.java:223)
10-24 23:39:39.921  8326  8326 E Bugle   : 	at android.app.ActivityThread.main(ActivityThread.java:7656)
10-24 23:39:39.921  8326  8326 E Bugle   : 	at java.lang.reflect.Method.invoke(Native Method)
10-24 23:39:39.921  8326  8326 E Bugle   : 	at com.android.internal.os.RuntimeInit$MethodAndArgsCaller.run(RuntimeInit.java:592)
10-24 23:39:39.921  8326  8326 E Bugle   : 	at com.android.internal.os.ZygoteInit.main(ZygoteInit.java:947)
10-24 23:39:39.922  8326  8326 W Bugle   : BugleRcsContactsServiceImpl: Error getting cached capabilities from ContactsService
10-24 23:39:39.922  8326  8326 W Bugle   : jhz: Failed to get capabilities from ContactsService.
10-24 23:39:39.922  8326  8326 W Bugle   : 	at kob.c(PG:14)
10-24 23:39:39.922  8326  8326 W Bugle   : 	at gpf.N(PG:31)
10-24 23:39:39.922  8326  8326 W Bugle   : 	at com.google.android.apps.messaging.shared.datamodel.data.ConversationData.a(PG:74)
10-24 23:39:39.922  8326  8326 W Bugle   : 	at com.google.android.apps.messaging.shared.datamodel.data.ConversationData.a(PG:150)
10-24 23:39:39.922  8326  8326 W Bugle   : 	at djj.a(PG:635)
10-24 23:39:39.922  8326  8326 W Bugle   : 	at njr.a(PG:391)
10-24 23:39:39.922  8326  8326 W Bugle   : 	at nij.a(Unknown Source:22)
10-24 23:39:39.922  8326  8326 W Bugle   : 	at gqf.a(PG:38)
10-24 23:39:39.922  8326  8326 W Bugle   : 	at ley.a(Unknown Source:1)
10-24 23:39:39.922  8326  8326 W Bugle   : 	at afoy.a(PG:3)
10-24 23:39:39.922  8326  8326 W Bugle   : 	at lfa.onPostExecute(PG:15)
10-24 23:39:39.922  8326  8326 W Bugle   : 	at android.os.AsyncTask.finish(AsyncTask.java:771)
10-24 23:39:39.922  8326  8326 W Bugle   : 	at android.os.AsyncTask.access$900(AsyncTask.java:199)
10-24 23:39:39.922  8326  8326 W Bugle   : 	at android.os.AsyncTask$InternalHandler.handleMessage(AsyncTask.java:788)
10-24 23:39:39.922  8326  8326 W Bugle   : 	at android.os.Handler.dispatchMessage(Handler.java:106)
10-24 23:39:39.922  8326  8326 W Bugle   : 	at android.os.Looper.loop(Looper.java:223)
10-24 23:39:39.922  8326  8326 W Bugle   : 	at android.app.ActivityThread.main(ActivityThread.java:7656)
10-24 23:39:39.922  8326  8326 W Bugle   : 	at java.lang.reflect.Method.invoke(Native Method)
10-24 23:39:39.922  8326  8326 W Bugle   : 	at com.android.internal.os.RuntimeInit$MethodAndArgsCaller.run(RuntimeInit.java:592)
10-24 23:39:39.922  8326  8326 W Bugle   : 	at com.android.internal.os.ZygoteInit.main(ZygoteInit.java:947)
10-24 23:39:39.922  8326  8326 W Bugle   : Caused by: aeei: Jibe SDK Service not available. Is the Jibe SDK service running? Did you call connect() and wait for the notification before calling an API function?
10-24 23:39:39.922  8326  8326 W Bugle   : 	at aeec.a(PG:15)
10-24 23:39:39.922  8326  8326 W Bugle   : 	at com.google.android.rcs.client.contacts.ContactsService.getCachedCapabilities(PG:12)
10-24 23:39:39.922  8326  8326 W Bugle   : 	at kob.c(PG:11)
10-24 23:39:39.922  8326  8326 W Bugle   : 	... 19 more
10-24 23:39:39.922  8326  8326 I BugleDataModel: ConversationData{id:2}: send message {null} to 1 recipients
10-24 23:39:39.930  8326  8890 I BugleDataModel: InsertNewMessageAction: inserting new message.
10-24 23:39:39.931  8326  8326 I Bugle   : DraftMessageTypeConverter: draft switching to xMS.
10-24 23:39:39.939   448  9012 D GenericSource: FileSource remote
10-24 23:39:39.950  8326  8326 W IInputConnectionWrapper: getTextBeforeCursor on inactive InputConnection
10-24 23:39:39.970   448  9011 I GenericSource: start
10-24 23:39:39.972  8326  8326 W IInputConnectionWrapper: getSelectedText on inactive InputConnection
10-24 23:39:39.973   524   524 D CompatibilityChangeReporter: Compat change id reported: 135634846; UID 10135; state: DISABLED
10-24 23:39:39.974   524   554 D CompatibilityChangeReporter: Compat change id reported: 143937733; UID 10135; state: ENABLED
10-24 23:39:39.978  8326  8326 W IInputConnectionWrapper: getTextAfterCursor on inactive InputConnection
10-24 23:39:39.980  1255  5213 I AbstractCandidateProvider: AbstractCandidateProvider.getC2QCandidate():122 fetchPredictions() : Inactive
10-24 23:39:39.983   297   297 D Zygote  : Forked child process 9017
10-24 23:39:39.984   448  9016 D CCodec  : allocate(c2.android.aac.decoder)
10-24 23:39:39.984   457   892 V C2Store : in init
10-24 23:39:39.984   457   892 V C2Store : loading dll
10-24 23:39:39.985   524   554 I ActivityManager: Start proc 9017:com.google.android.apps.photos/u0a135 for service {com.google.android.apps.photos/com.google.android.libraries.social.mediamonitor.MediaMonitorJobSchedulerService}
10-24 23:39:39.986   448  9016 I CCodec  : Created component [c2.android.aac.decoder]
10-24 23:39:39.986   448  9016 D CCodecConfig: read media type: audio/mp4a-latm
10-24 23:39:39.992  8326  8326 W IInputConnectionWrapper: getCursorCapsMode on inactive InputConnection
10-24 23:39:39.993  8326  8326 W IInputConnectionWrapper: getCursorCapsMode on inactive InputConnection
10-24 23:39:39.993  9017  9017 W oid.apps.photo: Unexpected CPU variant for X86 using defaults: x86
10-24 23:39:39.993  1255  1255 W SessionManager: SessionManager.beginSession():53 Try to begin an already begun session [INPUT_SESSION], end it first
10-24 23:39:39.993  1255  1255 W SessionManager: SessionManager.endSession():96 Child session [INPUT_VIEW_SESSION] is not ended while ending session [{IME_SESSION=1761323974690, INPUT_VIEW_SESSION=1761323974618, TRAINING_CACHE_SESSION=1761323974691, INPUT_SESSION=1761323974616}], ending it now.
10-24 23:39:39.994  1255  1255 W SessionManager: SessionManager.endSession():96 Child session [IME_SESSION] is not ended while ending session [{IME_SESSION=1761323974690, INPUT_VIEW_SESSION=1761323974618, TRAINING_CACHE_SESSION=1761323974691, INPUT_SESSION=1761323974616}], ending it now.
10-24 23:39:39.994  1255  1255 W SessionManager: SessionManager.endSession():96 Child session [TRAINING_CACHE_SESSION] is not ended while ending session [{IME_SESSION=1761323974690, INPUT_VIEW_SESSION=1761323974618, TRAINING_CACHE_SESSION=1761323974691, INPUT_SESSION=1761323974616}], ending it now.
10-24 23:39:39.999  1255  1255 I KeyboardViewUtil: KeyboardViewUtil.getKeyboardHeightRatio():128 systemKeyboardHeightRatio:1.000000; userKeyboardHeightRatio:1.000000.
10-24 23:39:39.999  1255  1255 W TooltipLifecycleManager: TooltipLifecycleManager.dismissTooltip():130 dismissTooltip(): tooltip with id inline_suggestion_tooltip not found in tooltipManager.
10-24 23:39:39.999  1255  1255 W TooltipLifecycleManager: TooltipLifecycleManager.dismissTooltip():130 dismissTooltip(): tooltip with id inline_suggestion_tooltip not found in tooltipManager.
10-24 23:39:40.001  1255  1255 I KeyboardWrapper: KeyboardWrapper.consumeEvent():264 Skip consuming an event as current keyboard is deactivated (state=0, keyboard existence=true)
10-24 23:39:40.001  1255  1255 I VoiceInputManagerWrapper: VoiceInputManagerWrapper.shutdown():77 shutdown()
10-24 23:39:40.001  1255  1255 W SessionManager: SessionManager.endSession():88 Try to end a not begun session [TRAINING_CACHE_SESSION].
10-24 23:39:40.002  1255  1255 I AndroidIME: AbstractIme.onDeactivate():161 LatinIme.onDeactivate()
10-24 23:39:40.002  1255  1255 W SessionManager: SessionManager.endSession():88 Try to end a not begun session [IME_SESSION].
10-24 23:39:40.002  1255  1255 I AndroidIME: AbstractIme.onActivate():84 LatinIme.onActivate() : EditorInfo = Package = com.google.android.apps.messaging : Type = Text : Learning = Enable : Suggestion = Show : AutoCorrection = Enable : Microphone = Show : NoPersonalizedLearning = Disable : AutoStartVoiceInput = Disable, IncognitoMode = false
10-24 23:39:40.002  1255  1255 I Delight5Facilitator: Delight5Facilitator.initializeForIme():561 initializeForIme() : Locale = [en_US], layout = qwerty
10-24 23:39:40.003  1255  1255 I VoiceInputManagerWrapper: VoiceInputManagerWrapper.cancelShutdown():55 cancelShutdown()
10-24 23:39:40.003  1255  1255 I VoiceInputManagerWrapper: VoiceInputManagerWrapper.syncLanguagePacks():67 syncLanguagePacks()
10-24 23:39:40.004   448  9016 D ReflectedParamUpdater: extent() != 1 for single value type: algo.buffers.max-count.values
10-24 23:39:40.005   448  9016 D ReflectedParamUpdater: extent() != 1 for single value type: output.subscribed-indices.values
10-24 23:39:40.006  1255  1255 I KeyboardWrapper: KeyboardWrapper.consumeEvent():264 Skip consuming an event as current keyboard is deactivated (state=0, keyboard existence=true)
10-24 23:39:40.007   448  9016 D ReflectedParamUpdater: extent() != 1 for single value type: input.buffers.allocator-ids.values
10-24 23:39:40.008  4518  4524 I adbd    : jdwp connection from 9017
10-24 23:39:40.009  1255  5178 I SpeechFactory: SpeechRecognitionFactory.maybeScheduleAutoPackDownloadForFallback():160 maybeScheduleAutoPackDownloadForFallback()
10-24 23:39:40.009  1255  5178 I FallbackOnDeviceRecognitionProvider: FallbackOnDeviceRecognitionProvider.maybeScheduleAutoPackDownload():197 maybeScheduleAutoPackDownload() for language tag en-US
10-24 23:39:40.009   448  9016 D ReflectedParamUpdater: extent() != 1 for single value type: output.buffers.allocator-ids.values
10-24 23:39:40.010   448  9016 D ReflectedParamUpdater: extent() != 1 for single value type: algo.buffers.allocator-ids.values
10-24 23:39:40.010   448  9016 D ReflectedParamUpdater: extent() != 1 for single value type: output.buffers.pool-ids.values
10-24 23:39:40.010   448  9016 D ReflectedParamUpdater: extent() != 1 for single value type: algo.buffers.pool-ids.values
10-24 23:39:40.017   448  9016 I CCodecConfig: query failed after returning 19 values (BAD_INDEX)
10-24 23:39:40.017   448  9016 D CCodecConfig: c2 config diff is Dict {
10-24 23:39:40.017   448  9016 D CCodecConfig:   c2::u32 coded.aac-packaging.value = 0
10-24 23:39:40.017   448  9016 D CCodecConfig:   c2::u32 coded.bitrate.value = 64000
10-24 23:39:40.017   448  9016 D CCodecConfig:   c2::u32 coded.pl.level = 0
10-24 23:39:40.017   448  9016 D CCodecConfig:   c2::u32 coded.pl.profile = 8192
10-24 23:39:40.017   448  9016 D CCodecConfig:   c2::i32 coding.drc.album-mode.value = 0
