10-24 23:41:32.474  9411  9411 I .android.diale: The ClassLoaderContext is a special shared library.
10-24 23:41:32.475  9411  9411 D nativeloader: classloader namespace configured for unbundled product apk. library_path=/product/priv-app/Dialer/lib/x86:/product/lib:/system/product/lib
10-24 23:41:32.479  9411  9411 D NetworkSecurityConfig: No Network Security Config specified, using platform default
10-24 23:41:32.479  9411  9411 D NetworkSecurityConfig: No Network Security Config specified, using platform default
10-24 23:41:32.491  9411  9411 I Dialer  : DialerExecutorModule.newThread - creating low priority thread
10-24 23:41:32.497  9411  9411 I Dialer  : CallLogConfigImpl.schedulePollingJob - scheduling
10-24 23:41:32.500  9411  9411 I Dialer  : DialerApplication.initializeAnnotatedCallLog - framework not enabled
10-24 23:41:32.512   419   419 I perfetto: probes_producer.cc:230  Ftrace setup (target_buf=114)
10-24 23:41:32.518  9411  9440 D libEGL  : loaded /vendor/lib/egl/libEGL_emulation.so
10-24 23:41:32.527  9411  9411 I Dialer  : MainActivity.onCreate - enter
10-24 23:41:32.527  9411  9411 I Dialer  : OldMainActivityPeer.onActivityCreate - enter
10-24 23:41:32.515     0     0 W perfetto: enabled ftrace
10-24 23:41:32.531   419   419 I perfetto: ftrace_procfs.cc:176    enabled ftrace
10-24 23:41:32.532  9411  9440 D libEGL  : loaded /vendor/lib/egl/libGLESv1_CM_emulation.so
10-24 23:41:32.534  9411  9440 D libEGL  : loaded /vendor/lib/egl/libGLESv2_emulation.so
10-24 23:41:32.567  1078  1096 W System  : A resource failed to call release. 
10-24 23:41:32.569  1078  1096 I chatty  : uid=10154(com.google.android.apps.nexuslauncher) FinalizerDaemon identical 3 lines
10-24 23:41:32.569  1078  1096 W System  : A resource failed to call release. 
10-24 23:41:32.577  9411  9411 I Dialer  : UiListener.create - creating new UiListener for Query last phone number
10-24 23:41:32.577  9411  9411 I Dialer  : UiListener.create - creating new UiListener for Missed call observer
10-24 23:41:32.587   524  1804 I Telecom : PhoneAccountRegistrar: getSimCallManager: SimCallManager for subId 1 queried, returning: null: TSI.gDOPA@DeY
10-24 23:41:32.587   314   314 W EmuHWC2 : validate: layer 293 CompositionType 1, fallback
10-24 23:41:32.589   314   314 W EmuHWC2 : No layers, exit, buffer 0xf3f81090
10-24 23:41:32.599  9411  9411 I Dialer  : VoicemailModule.provideVoicemailClient - providing VoicemailClientImpl
10-24 23:41:32.604   314   314 W EmuHWC2 : validate: layer 293 CompositionType 1, fallback
10-24 23:41:32.605  9411  9411 I Dialer  : OldMainActivityPeer.canVoicemailTabBeShown - Voicemail is enabled
10-24 23:41:32.605  9411  9411 I Dialer  : OldMainActivityPeer.showVoicemail - showing Tab:true
10-24 23:41:32.606   314   314 W EmuHWC2 : No layers, exit, buffer 0xf3f81390
10-24 23:41:32.608  9411  9411 I Dialer  : OldMainActivityPeer.onHandleIntent - Show last tab
10-24 23:41:32.608  9411  9411 I Dialer  : MainBottomNavBarBottomNavTabListener.onCallLogSelected - enter
10-24 23:41:32.609  9411  9411 I Dialer  : MainBottomNavBarBottomNavTabListener.showFragment - enter
10-24 23:41:32.609  9411  9411 I Dialer  : MainBottomNavBarBottomNavTabListener.showFragment - Not added yet: CallLogFragment{c63fe6a}
10-24 23:41:32.615  9411  9411 I Dialer  : CallLogFragment.onCreate - enter
10-24 23:41:32.620   314   314 W EmuHWC2 : validate: layer 293 CompositionType 1, fallback
10-24 23:41:32.623   314   314 W EmuHWC2 : No layers, exit, buffer 0xf3f81090
10-24 23:41:32.625  9411  9411 I Dialer  : CallLogFragment.onActivityCreated - enter
10-24 23:41:32.630  9411  9411 W Dialer  : CountryDetector.registerForLocationUpdates - no location permissions, not registering for location updates
10-24 23:41:32.637   314   314 W EmuHWC2 : validate: layer 293 CompositionType 1, fallback
10-24 23:41:32.639   314   314 W EmuHWC2 : No layers, exit, buffer 0xf3f81390
10-24 23:41:32.645  9411  9411 I Dialer  : CallLogFragment.onStart - enter
10-24 23:41:32.646  9411  9411 I Dialer  : MainBottomNavBarBottomNavTabListener.onActivityResume - enter
10-24 23:41:32.647  9411  9411 I Dialer  : MainCallLogFragmentListener.onActivityResume - enter
10-24 23:41:32.647  9411  9411 I Dialer  : MainCallLogFragmentListener.registerVoicemailStatusContentObserver - enter
10-24 23:41:32.647  9411  9411 I Dialer  : MainCallLogFragmentListener.registerVoicemailStatusContentObserver - register
10-24 23:41:32.655   314   314 W EmuHWC2 : validate: layer 293 CompositionType 1, fallback
10-24 23:41:32.658   314   314 W EmuHWC2 : No layers, exit, buffer 0xf3f81090
10-24 23:41:32.659  9411  9411 I Dialer  : CallLogQueryHandler.fetchVoicemailStatus - fetching voicemail status
10-24 23:41:32.661  9411  9411 I Dialer  : DialerExecutorModule.newThread - creating low priority thread
10-24 23:41:32.662  9411  9442 I Dialer  : DialerDatabaseHelper.updateSmartDialDatabase - enter
10-24 23:41:32.671   314   314 W EmuHWC2 : validate: layer 293 CompositionType 1, fallback
10-24 23:41:32.673   314   314 W EmuHWC2 : No layers, exit, buffer 0xf3f81390
10-24 23:41:32.679  9411  9411 I Dialer  : CallLogFragment.onResume - enter
10-24 23:41:32.679  9411  9442 I Dialer  : DialerDatabaseHelper.updateSmartDialDatabase - last updated at 0
10-24 23:41:32.687   314   314 W EmuHWC2 : validate: layer 293 CompositionType 1, fallback
10-24 23:41:32.689   314   314 W EmuHWC2 : No layers, exit, buffer 0xf3f81090
10-24 23:41:32.700  9411  9411 I Dialer  : CallLogQueryHandler.fetchVoicemailStatus - fetching voicemail status
10-24 23:41:32.701  9411  9411 I Dialer  : CallLogFragment.onPageSelected - enter
10-24 23:41:32.701  9411  9411 I Dialer  : MainCallLogHost.enableFloatingButton - enabled: true
10-24 23:41:32.704   314   314 W EmuHWC2 : validate: layer 293 CompositionType 1, fallback
10-24 23:41:32.706   314   314 W EmuHWC2 : No layers, exit, buffer 0xf3f81390
10-24 23:41:32.715  9411  9442 I Dialer  : DialerDatabaseHelper.updateSmartDialDatabase - broadcasting smart dial update
10-24 23:41:32.718  9411  9411 I Dialer  : OldMainActivityPeer.MainCallLogFragmentListener - onVoicemailStatusFetched
10-24 23:41:32.718  9411  9411 I Dialer  : OldMainActivityPeer.onVoicemailStatusFetched - hasActiveVoicemailProvider:true, number of active voicemail sources:1
10-24 23:41:32.718  9411  9411 I Dialer  : OldMainActivityPeer.showVoicemail - showing Tab:true
10-24 23:41:32.720   314   314 W EmuHWC2 : validate: layer 293 CompositionType 1, fallback
10-24 23:41:32.722   314   314 W EmuHWC2 : No layers, exit, buffer 0xf3f81090
10-24 23:41:32.737   314   314 W EmuHWC2 : validate: layer 293 CompositionType 1, fallback
10-24 23:41:32.739   314   314 W EmuHWC2 : No layers, exit, buffer 0xf3f81390
10-24 23:41:32.755   314   314 W EmuHWC2 : validate: layer 293 CompositionType 1, fallback
10-24 23:41:32.757   314   314 W EmuHWC2 : No layers, exit, buffer 0xf3f81090
10-24 23:41:32.766   524  1167 I Telecom : PhoneAccountRegistrar: getSimCallManager: SimCallManager for subId 1 queried, returning: null: TSI.gDOPA@DhE
10-24 23:41:32.772   314   314 W EmuHWC2 : validate: layer 293 CompositionType 1, fallback
10-24 23:41:32.772  9411  9411 W UnsafeUtil: platform method missing - proto runtime falling back to safer methods: java.lang.NoSuchMethodException: sun.misc.Unsafe.copyMemory [class java.lang.Object, long, class java.lang.Object, long, long]
10-24 23:41:32.776   314   314 W EmuHWC2 : No layers, exit, buffer 0xf3f81390
10-24 23:41:32.787   314   314 W EmuHWC2 : validate: layer 293 CompositionType 1, fallback
10-24 23:41:32.790   524  1167 I Telecom : PhoneAccountRegistrar: getSimCallManager: SimCallManager for subId 1 queried, returning: null: TSI.gDOPA@DhU
10-24 23:41:32.791   314   314 W EmuHWC2 : No layers, exit, buffer 0xf3f81090
10-24 23:41:32.803   524  1804 I Telecom : PhoneAccountRegistrar: getSimCallManager: SimCallManager for subId 1 queried, returning: null: TSI.gDOPA@Dho
10-24 23:41:32.806   314   314 W EmuHWC2 : validate: layer 293 CompositionType 1, fallback
10-24 23:41:32.807   314   314 W EmuHWC2 : No layers, exit, buffer 0xf3f81390
10-24 23:41:32.836   314   314 W EmuHWC2 : validate: layer 293 CompositionType 1, fallback
10-24 23:41:32.836  9411  9438 D HostConnection: HostConnection::get() New Host Connection established 0xe7b27fb0, tid 9438
10-24 23:41:32.838   314   314 W EmuHWC2 : No layers, exit, buffer 0xf3f81090
10-24 23:41:32.839  9411  9438 D HostConnection: HostComposition ext ANDROID_EMU_CHECKSUM_HELPER_v1 ANDROID_EMU_native_sync_v2 ANDROID_EMU_native_sync_v3 ANDROID_EMU_native_sync_v4 ANDROID_EMU_dma_v1 ANDROID_EMU_direct_mem ANDROID_EMU_host_composition_v1 ANDROID_EMU_host_composition_v2 ANDROID_EMU_vulkan ANDROID_EMU_deferred_vulkan_commands ANDROID_EMU_vulkan_null_optional_strings ANDROID_EMU_vulkan_create_resources_with_requirements ANDROID_EMU_YUV_Cache ANDROID_EMU_vulkan_ignored_handles ANDROID_EMU_has_shared_slots_host_memory_allocator ANDROID_EMU_vulkan_free_memory_sync ANDROID_EMU_vulkan_shader_float16_int8 ANDROID_EMU_vulkan_async_queue_submit ANDROID_EMU_sync_buffer_data ANDROID_EMU_vulkan_async_qsri ANDROID_EMU_read_color_buffer_dma GL_OES_vertex_array_object GL_KHR_texture_compression_astc_ldr ANDROID_EMU_host_side_tracing ANDROID_EMU_gles_max_version_2 
10-24 23:41:32.841   183   183 I hwservicemanager: getTransport: Cannot find entry android.hardware.configstore@1.0::ISurfaceFlingerConfigs/default in either framework or device manifest.
10-24 23:41:32.841  9411  9438 W OpenGLRenderer: Failed to choose config with EGL_SWAP_BEHAVIOR_PRESERVED, retrying without...
10-24 23:41:32.854   314   314 W EmuHWC2 : validate: layer 293 CompositionType 1, fallback
10-24 23:41:32.861  9411  9438 D EGL_emulation: eglCreateContext: 0xe7b2a160: maj 2 min 0 rcv 2
10-24 23:41:32.896  9411  9438 D EGL_emulation: eglMakeCurrent: 0xe7b2a160: ver 2 0 (tinfo 0xe7e79670) (first time)
10-24 23:41:32.897   314   314 W EmuHWC2 : No layers, exit, buffer 0xf3f81390
10-24 23:41:32.904   314   314 W EmuHWC2 : validate: layer 293 CompositionType 1, fallback
10-24 23:41:32.906   314   314 W EmuHWC2 : No layers, exit, buffer 0xf3f81090
10-24 23:41:32.920   314   314 W EmuHWC2 : validate: layer 293 CompositionType 1, fallback
10-24 23:41:32.930   314   314 W EmuHWC2 : No layers, exit, buffer 0xf3f81390
10-24 23:41:32.936   183   183 I hwservicemanager: getTransport: Cannot find entry android.hardware.graphics.mapper@4.0::IMapper/default in either framework or device manifest.
10-24 23:41:32.936  9411  9438 I Gralloc4: mapper 4.x is not supported
10-24 23:41:32.937   314   314 W EmuHWC2 : validate: layer 293 CompositionType 1, fallback
10-24 23:41:32.938  9411  9438 D HostConnection: createUnique: call
10-24 23:41:32.938  9411  9438 D HostConnection: HostConnection::get() New Host Connection established 0xe7b29980, tid 9438
10-24 23:41:32.940   314   314 W EmuHWC2 : No layers, exit, buffer 0xf3f81090
10-24 23:41:32.944  9411  9438 D HostConnection: HostComposition ext ANDROID_EMU_CHECKSUM_HELPER_v1 ANDROID_EMU_native_sync_v2 ANDROID_EMU_native_sync_v3 ANDROID_EMU_native_sync_v4 ANDROID_EMU_dma_v1 ANDROID_EMU_direct_mem ANDROID_EMU_host_composition_v1 ANDROID_EMU_host_composition_v2 ANDROID_EMU_vulkan ANDROID_EMU_deferred_vulkan_commands ANDROID_EMU_vulkan_null_optional_strings ANDROID_EMU_vulkan_create_resources_with_requirements ANDROID_EMU_YUV_Cache ANDROID_EMU_vulkan_ignored_handles ANDROID_EMU_has_shared_slots_host_memory_allocator ANDROID_EMU_vulkan_free_memory_sync ANDROID_EMU_vulkan_shader_float16_int8 ANDROID_EMU_vulkan_async_queue_submit ANDROID_EMU_sync_buffer_data ANDROID_EMU_vulkan_async_qsri ANDROID_EMU_read_color_buffer_dma GL_OES_vertex_array_object GL_KHR_texture_compression_astc_ldr ANDROID_EMU_host_side_tracing ANDROID_EMU_gles_max_version_2 
10-24 23:41:32.997   380   380 E Layer   : [Surface(name=Task=1)/@0xc554124 - animation-leash#0] No local sync point found
10-24 23:41:32.997   380   380 E Layer   : [Surface(name=Task=67)/@0x6188921 - animation-leash#0] No local sync point found
10-24 23:41:33.065   524   546 D EventSequenceValidator: dec AccIntentStartedEvents to 1
10-24 23:41:33.068   524   552 D ArtManagerInternalImpl: /data/misc/iorapd/com.android.dialer/2900000/com.android.dialer.main.impl.MainActivity/compiled_traces/compiled_trace.pb doesn't exist
10-24 23:41:33.072  9411  9411 I Dialer  : ContactPhotoManagerImpl.ContactPhotoManagerImpl - cache adj: 1.0
10-24 23:41:33.079   524   552 I ActivityTaskManager: Displayed com.android.dialer/.main.impl.MainActivity: +671ms
10-24 23:41:33.154  1753  8654 I PBSessionCacheImpl: Deleted sessionId[7711536854049054] from persistence.
10-24 23:41:33.166  1753  2133 W SearchServiceCore: Abort, client detached.
10-24 23:41:35.171   345   345 I android.hardware.vibrator-service.example: Vibrator reporting capabilities
10-24 23:41:35.171   345   345 I android.hardware.vibrator-service.example: Vibrator off
10-24 23:41:35.172   345   345 I android.hardware.vibrator-service.example: Vibrator perform
10-24 23:41:35.172   524  1804 E VibratorService: Failed to issue command to vibrator HAL. Retrying.
10-24 23:41:35.178   181   181 I servicemanager: Found android.hardware.vibrator.IVibrator/default in device VINTF manifest.
10-24 23:41:35.179   345   345 I android.hardware.vibrator-service.example: Vibrator perform
10-24 23:41:35.180   524  1804 E VibratorService: Failed to issue command to vibrator HAL. Retrying.
10-24 23:41:35.180   181   181 I servicemanager: Found android.hardware.vibrator.IVibrator/default in device VINTF manifest.
10-24 23:41:35.182   345   345 I android.hardware.vibrator-service.example: Vibrator on for timeoutMs: 1
10-24 23:41:35.183   345   345 I android.hardware.vibrator-service.example: Vibrator set amplitude: 1
10-24 23:41:35.207   345   345 I android.hardware.vibrator-service.example: Vibrator on for timeoutMs: 21
10-24 23:41:35.207   345   345 I android.hardware.vibrator-service.example: Vibrator set amplitude: 1
10-24 23:41:35.229   345   345 I android.hardware.vibrator-service.example: Vibrator off
10-24 23:41:36.006   524  1167 I system_server: oneway function results will be dropped but finished with status OK and parcel size 4
10-24 23:41:36.019   524  1167 I system_server: oneway function results will be dropped but finished with status OK and parcel size 4
10-24 23:41:36.716   524  1804 I system_server: oneway function results will be dropped but finished with status OK and parcel size 4
10-24 23:41:36.716   524  1804 I chatty  : uid=1000(system) Binder:524_12 identical 1 line
10-24 23:41:36.717   524  1804 I system_server: oneway function results will be dropped but finished with status OK and parcel size 4
10-24 23:41:36.718   392   464 D AudioFlinger: mixer(0xedd13030) throttle end: throttle time(37)
10-24 23:41:37.044  9411  9438 D OpenGLRenderer: endAllActiveAnimators on 0xe17247b0 (MenuPopupWindow$MenuDropDownListView) with handle 0xe7e7ae30
10-24 23:41:37.381     0     0 W perfetto: disabled ftrace
10-24 23:41:37.395   419   419 I perfetto: probes_producer.cc:329  Producer stop (id=114)
10-24 23:41:37.396   439  9406 I iorapd  : Perfetto TraceBuffer saved to file: /data/misc/iorapd/com.android.dialer/2900000/com.android.dialer.main.impl.MainActivity/raw_traces/1761324097396542300.perfetto_trace.pb
10-24 23:41:37.396   419   419 I perfetto: ftrace_procfs.cc:183    disabled ftrace
10-24 23:41:37.397   430   430 I perfetto: ng_service_impl.cc:1948 Tracing session 114 ended, total sessions:0
10-24 23:41:38.155  1255  1376 I PeriodicStatsRunner: PeriodicStatsRunner.call():180 call()
10-24 23:41:38.155  1255  1376 I PeriodicStatsRunner: PeriodicStatsRunner.call():184 No submit PeriodicStats since input started.
10-24 23:41:40.384   524  1804 I system_server: oneway function results will be dropped but finished with status OK and parcel size 4
10-24 23:41:40.394   524  1804 I system_server: oneway function results will be dropped but finished with status OK and parcel size 4
10-24 23:41:41.782  1255  1376 I PeriodicStatsRunner: PeriodicStatsRunner.call():180 call()
10-24 23:41:41.782  1255  1376 I PeriodicStatsRunner: PeriodicStatsRunner.call():184 No submit PeriodicStats since input started.
10-24 23:42:00.003   702   702 D KeyguardClockSwitch: Updating clock: 1142
