10-24 23:40:56.799  1193  2235 W GCoreFlp: No location to return for getLastLocation()
10-24 23:40:56.814  1753  2133 I TngMinusOneSync: Syncing TNG:-1
10-24 23:40:56.850  1078  1096 W System  : A resource failed to call release. 
10-24 23:40:56.852  1078  1096 I chatty  : uid=10154(com.google.android.apps.nexuslauncher) FinalizerDaemon identical 4 lines
10-24 23:40:56.852  1078  1096 W System  : A resource failed to call release. 
10-24 23:40:58.682   524  1807 I system_server: oneway function results will be dropped but finished with status OK and parcel size 4
10-24 23:40:58.693   524  1807 I system_server: oneway function results will be dropped but finished with status OK and parcel size 4
10-24 23:41:00.004   702   702 D KeyguardClockSwitch: Updating clock: 1141
10-24 23:41:00.213  1255  1376 I PeriodicStatsRunner: PeriodicStatsRunner.call():180 call()
10-24 23:41:00.214  1255  1376 I PeriodicStatsRunner: PeriodicStatsRunner.call():184 No submit PeriodicStats since input started.
10-24 23:41:01.494   419   419 I perfetto: probes_producer.cc:329  Producer stop (id=111)
10-24 23:41:01.495   430   430 I perfetto: ng_service_impl.cc:1948 Tracing session 111 ended, total sessions:0
10-24 23:41:01.496   419   419 I perfetto: ftrace_procfs.cc:183    disabled ftrace
10-24 23:41:01.481     0     0 W perfetto: disabled ftrace
10-24 23:41:01.836  1255  1376 I PeriodicStatsRunner: PeriodicStatsRunner.call():180 call()
10-24 23:41:01.837  1255  1376 I PeriodicStatsRunner: PeriodicStatsRunner.call():184 No submit PeriodicStats since input started.
10-24 23:41:05.353   524  1808 W UriGrantsManagerService: No permission grants found for com.google.android.apps.photos
10-24 23:41:11.882  9339  9339 D sqlite3 : Time zone APEX ICU file found: /apex/com.android.tzdata/etc/icu/icu_tzdata.dat
10-24 23:41:11.882  9339  9339 D sqlite3 : I18n APEX ICU file found: /apex/com.android.i18n/etc/icu/icudt66l.dat
10-24 23:41:16.748   345   345 I android.hardware.vibrator-service.example: Vibrator reporting capabilities
10-24 23:41:16.749   345   345 I android.hardware.vibrator-service.example: Vibrator off
10-24 23:41:16.750   345   345 I android.hardware.vibrator-service.example: Vibrator perform
10-24 23:41:16.751   345  9340 I android.hardware.vibrator-service.example: Starting perform on another thread
10-24 23:41:16.755   524  6313 I system_server: oneway function results will be dropped but finished with status OK and parcel size 4
10-24 23:41:16.756   524  6313 I system_server: oneway function results will be dropped but finished with status OK and parcel size 4
10-24 23:41:16.842  1078  1099 D TaplEvents: Main / onOverviewToggle
10-24 23:41:05.440   524  1808 I chatty  : uid=1000(system) Binder:524_15 identical 6 lines
10-24 23:41:05.440   524  1808 W UriGrantsManagerService: No permission grants found for com.google.android.apps.photos
10-24 23:41:16.844   524   543 D AutofillManagerService: Close system dialogs
10-24 23:41:16.851   345  9340 I android.hardware.vibrator-service.example: Notifying perform complete
10-24 23:41:16.852   345   345 I android.hardware.vibrator-service.example: Vibrator off
10-24 23:41:16.856   702   702 V ShadeControllerImpl: NotificationShadeWindow: com.android.systemui.statusbar.phone.NotificationShadeWindowView{f018b61 I.E...... ......ID 0,0-1080,2340} canPanelBeCollapsed(): false
10-24 23:41:16.953   524  4165 D HostConnection: HostConnection::get() New Host Connection established 0xe7b332a0, tid 4165
10-24 23:41:16.956   524  4165 D HostConnection: HostComposition ext ANDROID_EMU_CHECKSUM_HELPER_v1 ANDROID_EMU_native_sync_v2 ANDROID_EMU_native_sync_v3 ANDROID_EMU_native_sync_v4 ANDROID_EMU_dma_v1 ANDROID_EMU_direct_mem ANDROID_EMU_host_composition_v1 ANDROID_EMU_host_composition_v2 ANDROID_EMU_vulkan ANDROID_EMU_deferred_vulkan_commands ANDROID_EMU_vulkan_null_optional_strings ANDROID_EMU_vulkan_create_resources_with_requirements ANDROID_EMU_YUV_Cache ANDROID_EMU_vulkan_ignored_handles ANDROID_EMU_has_shared_slots_host_memory_allocator ANDROID_EMU_vulkan_free_memory_sync ANDROID_EMU_vulkan_shader_float16_int8 ANDROID_EMU_vulkan_async_queue_submit ANDROID_EMU_sync_buffer_data ANDROID_EMU_vulkan_async_qsri ANDROID_EMU_read_color_buffer_dma GL_OES_vertex_array_object GL_KHR_texture_compression_astc_ldr ANDROID_EMU_host_side_tracing ANDROID_EMU_gles_max_version_2 
10-24 23:41:16.956   524  4165 W OpenGLRenderer: Failed to choose config with EGL_SWAP_BEHAVIOR_PRESERVED, retrying without...
10-24 23:41:16.975   524  4165 D EGL_emulation: eglCreateContext: 0xe7b32f90: maj 2 min 0 rcv 2
10-24 23:41:17.006   524  4165 D EGL_emulation: eglMakeCurrent: 0xe7b32f90: ver 2 0 (tinfo 0xaf7a0750) (first time)
10-24 23:41:17.265  1078  1078 D TaplEvents: Main / Touch event: MotionEvent { action=ACTION_DOWN, actionButton=0, id[0]=0, x[0]=507.96387, y[0]=1668.8782, toolType[0]=TOOL_TYPE_FINGER, buttonState=0, classification=NONE, metaState=0, flags=0x1, edgeFlags=0x0, pointerCount=1, historySize=0, eventTime=4022900, downTime=4022900, deviceId=8, source=0x5002, displayId=0 }
10-24 23:41:17.385  1078  1078 D TaplEvents: Main / Touch event: MotionEvent { action=ACTION_UP, actionButton=0, id[0]=0, x[0]=547.9761, y[0]=902.92236, toolType[0]=TOOL_TYPE_FINGER, buttonState=0, classification=NONE, metaState=0, flags=0x1, edgeFlags=0x0, pointerCount=1, historySize=0, eventTime=4023020, downTime=4022900, deviceId=8, source=0x5002, displayId=0 }
10-24 23:41:17.553  1078  1078 D TaplEvents: Main / Touch event: MotionEvent { action=ACTION_DOWN, actionButton=0, id[0]=0, x[0]=601.9629, y[0]=1358.9539, toolType[0]=TOOL_TYPE_FINGER, buttonState=0, classification=NONE, metaState=0, flags=0x1, edgeFlags=0x0, pointerCount=1, historySize=0, eventTime=4023188, downTime=4023188, deviceId=8, source=0x5002, displayId=0 }
10-24 23:41:17.555  1078  1078 I AiAiSuggestUi: Clearing suggestions.
10-24 23:41:17.557   524   546 I ActivityManager: Killing 9254:com.google.android.documentsui:com.android.documentsui.services/u0a83 (adj 915): remove task
10-24 23:41:17.558   524   546 I ActivityManager: Killing 9105:com.google.android.documentsui/u0a83 (adj 905): remove task
10-24 23:41:17.555  1078  1078 I AiAiSuggestUi: Clearing suggestions.
10-24 23:41:17.564   297   297 I Zygote  : Process 9254 exited due to signal 9 (Killed)
10-24 23:41:17.569   297   297 I Zygote  : Process 9105 exited due to signal 9 (Killed)
10-24 23:41:17.553     0     0 I binder  : undelivered TRANSACTION_COMPLETE
10-24 23:41:17.554     0     0 I binder  : undelivered transaction 801193, process died.
10-24 23:41:17.557     0     0 I binder  : undelivered transaction 801179, process died.
10-24 23:41:17.574   524  1807 W InputDispatcher: Attempted to unregister already unregistered input channel 'fe58e74 com.google.android.documentsui/com.android.documentsui.files.FilesActivity (server)'
10-24 23:41:17.580   524   546 W ActivityManager: setHasOverlayUi called on unknown pid: 9105
10-24 23:41:17.604   524   555 I libprocessgroup: Successfully killed process cgroup uid 10083 pid 9254 in 45ms
10-24 23:41:17.604   524   555 I libprocessgroup: Successfully killed process cgroup uid 10083 pid 9105 in 0ms
10-24 23:41:17.665  1078  1078 D TaplEvents: Main / Touch event: MotionEvent { action=ACTION_UP, actionButton=0, id[0]=0, x[0]=616.9592, y[0]=814.94385, toolType[0]=TOOL_TYPE_FINGER, buttonState=0, classification=NONE, metaState=0, flags=0x1, edgeFlags=0x0, pointerCount=1, historySize=0, eventTime=4023300, downTime=4023188, deviceId=8, source=0x5002, displayId=0 }
10-24 23:41:17.848  1078  1078 D TaplEvents: Main / Touch event: MotionEvent { action=ACTION_DOWN, actionButton=0, id[0]=0, x[0]=610.9607, y[0]=1304.8956, toolType[0]=TOOL_TYPE_FINGER, buttonState=0, classification=NONE, metaState=0, flags=0x1, edgeFlags=0x0, pointerCount=1, historySize=0, eventTime=4023484, downTime=4023484, deviceId=8, source=0x5002, displayId=0 }
10-24 23:41:17.945  1078  1078 D TaplEvents: Main / Touch event: MotionEvent { action=ACTION_UP, actionButton=0, id[0]=0, x[0]=613.95996, y[0]=699.9719, toolType[0]=TOOL_TYPE_FINGER, buttonState=0, classification=NONE, metaState=0, flags=0x1, edgeFlags=0x0, pointerCount=1, historySize=0, eventTime=4023580, downTime=4023484, deviceId=8, source=0x5002, displayId=0 }
10-24 23:41:18.056  8715  8715 I Dialer  : UiListener.onDetach - enter
10-24 23:41:18.056  8715  8715 I Dialer  : UiListener.onDetach - enter
10-24 23:41:18.056  8715  8715 I Dialer  : CallLogFragment.onDestroy - enter
10-24 23:41:18.058   524   546 I ActivityManager: Killing 8715:com.android.dialer/u0a114 (adj 900): remove task
10-24 23:41:18.061  1078  1078 I AiAiSuggestUi: Clearing suggestions.
10-24 23:41:18.071   524  3622 I WindowManager: WIN DEATH: Window{e9f4c59 u0 com.android.dialer/com.android.dialer.main.impl.MainActivity}
10-24 23:41:18.061  1078  1078 I AiAiSuggestUi: Clearing suggestions.
10-24 23:41:18.071   524  3622 W InputDispatcher: Attempted to unregister already unregistered input channel 'e9f4c59 com.android.dialer/com.android.dialer.main.impl.MainActivity (server)'
10-24 23:41:18.079   524   546 W ActivityManager: setHasOverlayUi called on unknown pid: 8715
10-24 23:41:18.082   297   297 I Zygote  : Process 8715 exited due to signal 9 (Killed)
10-24 23:41:18.105   524   555 I libprocessgroup: Successfully killed process cgroup uid 10114 pid 8715 in 45ms
10-24 23:41:18.209  1078  1078 D TaplEvents: Main / Touch event: MotionEvent { action=ACTION_DOWN, actionButton=0, id[0]=0, x[0]=581.9568, y[0]=974.9048, toolType[0]=TOOL_TYPE_FINGER, buttonState=0, classification=NONE, metaState=0, flags=0x1, edgeFlags=0x0, pointerCount=1, historySize=0, eventTime=4023844, downTime=4023844, deviceId=8, source=0x5002, displayId=0 }
10-24 23:41:18.297  1078  1078 D TaplEvents: Main / Touch event: MotionEvent { action=ACTION_UP, actionButton=0, id[0]=0, x[0]=613.95996, y[0]=280.9314, toolType[0]=TOOL_TYPE_FINGER, buttonState=0, classification=NONE, metaState=0, flags=0x1, edgeFlags=0x0, pointerCount=1, historySize=0, eventTime=4023932, downTime=4023844, deviceId=8, source=0x5002, displayId=0 }
10-24 23:41:18.664  1078  1078 D TaplEvents: Main / Touch event: MotionEvent { action=ACTION_DOWN, actionButton=0, id[0]=0, x[0]=662.97, y[0]=1143.9349, toolType[0]=TOOL_TYPE_FINGER, buttonState=0, classification=NONE, metaState=0, flags=0x1, edgeFlags=0x0, pointerCount=1, historySize=0, eventTime=4024300, downTime=4024300, deviceId=8, source=0x5002, displayId=0 }
10-24 23:41:18.666   524   546 I ActivityManager: Killing 8326:com.google.android.apps.messaging/u0a134 (adj 900): remove task
10-24 23:41:18.666  1078  1078 I AiAiSuggestUi: Clearing suggestions.
10-24 23:41:18.666  1078  1078 I AiAiSuggestUi: Clearing suggestions.
10-24 23:41:18.679   297   297 I Zygote  : Process 8326 exited due to signal 9 (Killed)
10-24 23:41:18.679   524  3622 D ConnectivityService: ConnectivityService NetworkRequestInfo binderDied(NetworkRequest [ TRACK_DEFAULT id=40, [ Capabilities: INTERNET&NOT_RESTRICTED&TRUSTED Uid: 10134 AdministratorUids: [] RequestorUid: 10134 RequestorPackageName: com.google.android.apps.messaging] ], android.os.BinderProxy@ca98fef)
10-24 23:41:18.679   524   636 D ConnectivityService: releasing NetworkRequest [ TRACK_DEFAULT id=40, [ Capabilities: INTERNET&NOT_RESTRICTED&TRUSTED Uid: 10134 AdministratorUids: [] RequestorUid: 10134 RequestorPackageName: com.google.android.apps.messaging] ] (release request)
10-24 23:41:18.680   524   539 D ConnectivityService: ConnectivityService NetworkRequestInfo binderDied(NetworkRequest [ LISTEN id=41, [ Capabilities: INTERNET&NOT_RESTRICTED&TRUSTED Uid: 10134 AdministratorUids: [] RequestorUid: 10134 RequestorPackageName: com.google.android.apps.messaging] ], android.os.BinderProxy@fe74afc)
10-24 23:41:18.682   524   546 W ActivityManager: setHasOverlayUi called on unknown pid: 8326
10-24 23:41:18.685   702   702 V KeyguardUpdateMonitor: onSubscriptionInfoChanged()
10-24 23:41:18.686   942   942 D Telephony: isEmergencyPreferredAccount: subId=1, activeData=1
10-24 23:41:18.686   942   942 D Telephony: isEmergencyPreferredAccount: Device does not require preference.
10-24 23:41:18.686   702   702 V KeyguardUpdateMonitor: SubInfo:{id=1 iccId=89014103211118510720 simSlotIndex=0 carrierId=1 displayName=T-Mobile carrierName=T-Mobile nameSource=3 iconTint=-16746133 number=+15555215554 dataRoaming=0 iconBitmap=android.graphics.Bitmap@3fb488e mcc=310 mnc=260 countryIso=us isEmbedded=false nativeAccessRules=null cardString=89014103211118510720 cardId=-1 isOpportunistic=false groupUUID=null isGroupDisabled=false profileClass=-1 ehplmns=null hplmns=null subscriptionType=0 groupOwner=null carrierConfigAccessRules=null areUiccApplicationsEnabled=true}
10-24 23:41:18.713   524   555 I libprocessgroup: Successfully killed process cgroup uid 10134 pid 8326 in 45ms
10-24 23:41:18.769  1078  1078 D TaplEvents: Main / Touch event: MotionEvent { action=ACTION_UP, actionButton=0, id[0]=0, x[0]=731.9531, y[0]=427.96692, toolType[0]=TOOL_TYPE_FINGER, buttonState=0, classification=NONE, metaState=0, flags=0x1, edgeFlags=0x0, pointerCount=1, historySize=0, eventTime=4024404, downTime=4024300, deviceId=8, source=0x5002, displayId=0 }
10-24 23:41:18.941  1078  1078 D RecentsOrientedState: current RecentsOrientedState: [this=RecentsOrientedState@9f62c4a mOrientationHandler=PortraitPagedViewHandler@a8b97bb mDisplayRotation=0 mTouchRotation=0 mRecentsActivityRotation=0 isRecentsActivityRotationAllowed=false mSystemRotation=true mFlags=299]
10-24 23:41:18.941  1078  1078 I chatty  : uid=10154(com.google.android.apps.nexuslauncher) identical 2 lines
10-24 23:41:18.941  1078  1078 D RecentsOrientedState: current RecentsOrientedState: [this=RecentsOrientedState@9f62c4a mOrientationHandler=PortraitPagedViewHandler@a8b97bb mDisplayRotation=0 mTouchRotation=0 mRecentsActivityRotation=0 isRecentsActivityRotationAllowed=false mSystemRotation=true mFlags=299]
10-24 23:41:19.089  1078  1078 D TaplEvents: Main / Touch event: MotionEvent { action=ACTION_DOWN, actionButton=0, id[0]=0, x[0]=501.96533, y[0]=1152.9327, toolType[0]=TOOL_TYPE_FINGER, buttonState=0, classification=NONE, metaState=0, flags=0x1, edgeFlags=0x0, pointerCount=1, historySize=0, eventTime=4024724, downTime=4024724, deviceId=8, source=0x5002, displayId=0 }
10-24 23:41:19.186  1078  1078 D TaplEvents: Main / Touch event: MotionEvent { action=ACTION_UP, actionButton=0, id[0]=0, x[0]=553.9746, y[0]=470.95642, toolType[0]=TOOL_TYPE_FINGER, buttonState=0, classification=NONE, metaState=0, flags=0x1, edgeFlags=0x0, pointerCount=1, historySize=0, eventTime=4024820, downTime=4024724, deviceId=8, source=0x5002, displayId=0 }
10-24 23:41:19.841  1078  1078 D TaplEvents: Main / Touch event: MotionEvent { action=ACTION_DOWN, actionButton=0, id[0]=0, x[0]=360.9668, y[0]=1069.953, toolType[0]=TOOL_TYPE_FINGER, buttonState=0, classification=NONE, metaState=0, flags=0x1, edgeFlags=0x0, pointerCount=1, historySize=0, eventTime=4025476, downTime=4025476, deviceId=8, source=0x5002, displayId=0 }
10-24 23:41:19.937  1078  1078 D TaplEvents: Main / Touch event: MotionEvent { action=ACTION_UP, actionButton=0, id[0]=0, x[0]=360.9668, y[0]=1069.953, toolType[0]=TOOL_TYPE_FINGER, buttonState=0, classification=NONE, metaState=0, flags=0x1, edgeFlags=0x0, pointerCount=1, historySize=0, eventTime=4025573, downTime=4025476, deviceId=8, source=0x5002, displayId=0 }
10-24 23:41:19.955  1078  1078 D TaplEvents: Main / start: startAppShortcutOrInfoActivity
10-24 23:41:19.957   524   538 I ActivityTaskManager: START u0 {act=android.intent.action.MAIN cat=[android.intent.category.LAUNCHER] flg=0x10200000 cmp=com.android.dialer/.main.impl.MainActivity bnds=[238,965][439,1276]} from uid 10154
10-24 23:41:19.957   524   546 D EventSequenceValidator: inc AccIntentStartedEvents to 2
10-24 23:41:19.961   430   430 I perfetto: ing_service_impl.cc:758 Configured tracing session 112, #sources:1, duration:5000 ms, #buffers:1, total buffer size:4096 KB, total sessions:1, uid:1071 session name: ""
10-24 23:41:19.961   419   419 I perfetto: probes_producer.cc:230  Ftrace setup (target_buf=112)
10-24 23:41:19.963   524   546 D CompatibilityChangeReporter: Compat change id reported: 135634846; UID 10114; state: DISABLED
10-24 23:41:19.963   524   524 W ActivityManager: Unable to start service Intent { act=android.service.appprediction.AppPredictionService cmp=com.google.android.as/com.google.android.apps.miphone.aiai.app.AiAiPredictionService } U=0: not found
10-24 23:41:19.963   524   524 W RemoteAppPredictionService: could not bind to Intent { act=android.service.appprediction.AppPredictionService cmp=com.google.android.as/com.google.android.apps.miphone.aiai.app.AiAiPredictionService } using flags 67108865
10-24 23:41:19.963   524   554 D CompatibilityChangeReporter: Compat change id reported: 143937733; UID 10114; state: DISABLED
10-24 23:41:19.987   392   464 D AudioFlinger: mixer(0xedd13030) throttle end: throttle time(36)
10-24 23:41:19.979     0     0 W perfetto: enabled ftrace
10-24 23:41:19.990   297   297 D Zygote  : Forked child process 9350
10-24 23:41:19.992   524   554 I ActivityManager: Start proc 9350:com.android.dialer/u0a114 for pre-top-activity {com.android.dialer/com.android.dialer.main.impl.MainActivity}
10-24 23:41:19.994   419   419 I perfetto: ftrace_procfs.cc:176    enabled ftrace
10-24 23:41:19.997  9350  9350 W .android.diale: Unexpected CPU variant for X86 using defaults: x86
10-24 23:41:20.002  4518  4524 I adbd    : jdwp connection from 9350
10-24 23:41:20.032  9350  9350 D ApplicationLoaders: Returning zygote-cached class loader: /system/framework/android.test.base.jar
10-24 23:41:20.032  9350  9350 I .android.diale: The ClassLoaderContext is a special shared library.
10-24 23:41:20.034  9350  9350 I .android.diale: The ClassLoaderContext is a special shared library.
10-24 23:41:20.034  9350  9350 D nativeloader: classloader namespace configured for unbundled product apk. library_path=/product/priv-app/Dialer/lib/x86:/product/lib:/system/product/lib
10-24 23:41:20.038  9350  9350 D NetworkSecurityConfig: No Network Security Config specified, using platform default
10-24 23:41:20.039  9350  9350 D NetworkSecurityConfig: No Network Security Config specified, using platform default
10-24 23:41:20.054  9350  9350 I Dialer  : DialerExecutorModule.newThread - creating low priority thread
10-24 23:41:20.058  9350  9350 I Dialer  : CallLogConfigImpl.schedulePollingJob - scheduling
10-24 23:41:20.062  9350  9350 I Dialer  : DialerApplication.initializeAnnotatedCallLog - framework not enabled
10-24 23:41:20.074  9350  9379 D libEGL  : loaded /vendor/lib/egl/libEGL_emulation.so
10-24 23:41:20.075  9350  9379 D libEGL  : loaded /vendor/lib/egl/libGLESv1_CM_emulation.so
10-24 23:41:20.077  9350  9379 D libEGL  : loaded /vendor/lib/egl/libGLESv2_emulation.so
10-24 23:41:20.090  9350  9350 I Dialer  : MainActivity.onCreate - enter
10-24 23:41:20.090  9350  9350 I Dialer  : OldMainActivityPeer.onActivityCreate - enter
10-24 23:41:20.129  9350  9350 I Dialer  : UiListener.create - creating new UiListener for Query last phone number
10-24 23:41:20.129  9350  9350 I Dialer  : UiListener.create - creating new UiListener for Missed call observer
10-24 23:41:20.138   314   371 W EmuHWC2 : validate: layer 289 CompositionType 1, fallback
10-24 23:41:20.138   524   631 I Telecom : PhoneAccountRegistrar: getSimCallManager: SimCallManager for subId 1 queried, returning: null: TSI.gDOPA@DZo
10-24 23:41:20.140   314   371 W EmuHWC2 : No layers, exit, buffer 0xf3f81390
10-24 23:41:20.146  9350  9350 I Dialer  : VoicemailModule.provideVoicemailClient - providing VoicemailClientImpl
10-24 23:41:20.154   314   371 W EmuHWC2 : validate: layer 289 CompositionType 1, fallback
10-24 23:41:20.156  9350  9350 I Dialer  : OldMainActivityPeer.canVoicemailTabBeShown - Voicemail is enabled
10-24 23:41:20.156  9350  9350 I Dialer  : OldMainActivityPeer.showVoicemail - showing Tab:true
10-24 23:41:20.156   314   371 W EmuHWC2 : No layers, exit, buffer 0xf3f81090
10-24 23:41:20.158  9350  9350 I Dialer  : OldMainActivityPeer.onHandleIntent - Show last tab
10-24 23:41:20.159  9350  9350 I Dialer  : MainBottomNavBarBottomNavTabListener.onCallLogSelected - enter
10-24 23:41:20.160  9350  9350 I Dialer  : MainBottomNavBarBottomNavTabListener.showFragment - enter
10-24 23:41:20.160  9350  9350 I Dialer  : MainBottomNavBarBottomNavTabListener.showFragment - Not added yet: CallLogFragment{c63fe6a}
10-24 23:41:20.165  9350  9350 I Dialer  : CallLogFragment.onCreate - enter
10-24 23:41:20.171   314   371 W EmuHWC2 : validate: layer 289 CompositionType 1, fallback
10-24 23:41:20.173   314   371 W EmuHWC2 : No layers, exit, buffer 0xf3f81390
10-24 23:41:20.175  9350  9350 I Dialer  : CallLogFragment.onActivityCreated - enter
10-24 23:41:20.178  9350  9350 W Dialer  : CountryDetector.registerForLocationUpdates - no location permissions, not registering for location updates
10-24 23:41:20.187   314   371 W EmuHWC2 : validate: layer 289 CompositionType 1, fallback
10-24 23:41:20.189   314   371 W EmuHWC2 : No layers, exit, buffer 0xf3f81090
10-24 23:41:20.199  9350  9350 I Dialer  : CallLogFragment.onStart - enter
10-24 23:41:20.200  9350  9350 I Dialer  : MainBottomNavBarBottomNavTabListener.onActivityResume - enter
10-24 23:41:20.200  9350  9350 I Dialer  : MainCallLogFragmentListener.onActivityResume - enter
10-24 23:41:20.200  9350  9350 I Dialer  : MainCallLogFragmentListener.registerVoicemailStatusContentObserver - enter
10-24 23:41:20.200  9350  9350 I Dialer  : MainCallLogFragmentListener.registerVoicemailStatusContentObserver - register
10-24 23:41:20.204   314   371 W EmuHWC2 : validate: layer 289 CompositionType 1, fallback
10-24 23:41:20.206   314   371 W EmuHWC2 : No layers, exit, buffer 0xf3f81390
10-24 23:41:20.214  9350  9350 I Dialer  : CallLogQueryHandler.fetchVoicemailStatus - fetching voicemail status
10-24 23:41:20.215  9350  9350 I Dialer  : DialerExecutorModule.newThread - creating low priority thread
10-24 23:41:20.216  9350  9381 I Dialer  : DialerDatabaseHelper.updateSmartDialDatabase - enter
10-24 23:41:20.221   314   371 W EmuHWC2 : validate: layer 289 CompositionType 1, fallback
10-24 23:41:20.222  9350  9381 I Dialer  : DialerDatabaseHelper.updateSmartDialDatabase - last updated at 0
10-24 23:41:20.224   314   371 W EmuHWC2 : No layers, exit, buffer 0xf3f81090
10-24 23:41:20.224  9350  9350 I Dialer  : CallLogFragment.onResume - enter
10-24 23:41:20.237   314   371 W EmuHWC2 : validate: layer 289 CompositionType 1, fallback
10-24 23:41:20.239   314   371 W EmuHWC2 : No layers, exit, buffer 0xf3f81390
10-24 23:41:20.247  9350  9350 I Dialer  : CallLogQueryHandler.fetchVoicemailStatus - fetching voicemail status
10-24 23:41:20.253  9350  9350 I Dialer  : CallLogFragment.onPageSelected - enter
10-24 23:41:20.253  9350  9350 I Dialer  : MainCallLogHost.enableFloatingButton - enabled: true
10-24 23:41:20.256   314   371 W EmuHWC2 : validate: layer 289 CompositionType 1, fallback
10-24 23:41:20.258   314   371 W EmuHWC2 : No layers, exit, buffer 0xf3f81090
10-24 23:41:20.270   314   371 W EmuHWC2 : validate: layer 289 CompositionType 1, fallback
10-24 23:41:20.273   314   371 W EmuHWC2 : No layers, exit, buffer 0xf3f81390
10-24 23:41:20.287   314   371 W EmuHWC2 : validate: layer 289 CompositionType 1, fallback
10-24 23:41:20.289  9350  9381 I Dialer  : DialerDatabaseHelper.updateSmartDialDatabase - broadcasting smart dial update
10-24 23:41:20.290   314   371 W EmuHWC2 : No layers, exit, buffer 0xf3f81090
10-24 23:41:20.299   524   538 I Telecom : PhoneAccountRegistrar: getSimCallManager: SimCallManager for subId 1 queried, returning: null: TSI.gDOPA@Dbc
10-24 23:41:20.303  9350  9350 W UnsafeUtil: platform method missing - proto runtime falling back to safer methods: java.lang.NoSuchMethodException: sun.misc.Unsafe.copyMemory [class java.lang.Object, long, class java.lang.Object, long, long]
10-24 23:41:20.304   314   371 W EmuHWC2 : validate: layer 289 CompositionType 1, fallback
10-24 23:41:20.306   314   371 W EmuHWC2 : No layers, exit, buffer 0xf3f81390
10-24 23:41:20.315   524  3832 I Telecom : PhoneAccountRegistrar: getSimCallManager: SimCallManager for subId 1 queried, returning: null: TSI.gDOPA@Dbw
10-24 23:41:20.322   314   371 W EmuHWC2 : validate: layer 289 CompositionType 1, fallback
10-24 23:41:20.324   314   371 W EmuHWC2 : No layers, exit, buffer 0xf3f81090
10-24 23:41:20.325   524  3832 I Telecom : PhoneAccountRegistrar: getSimCallManager: SimCallManager for subId 1 queried, returning: null: TSI.gDOPA@DcA
10-24 23:41:20.337   314   371 W EmuHWC2 : validate: layer 289 CompositionType 1, fallback
10-24 23:41:20.374  9350  9377 D HostConnection: HostConnection::get() New Host Connection established 0xe7b26d50, tid 9377
10-24 23:41:20.375   314   371 W EmuHWC2 : No layers, exit, buffer 0xf3f81390
10-24 23:41:20.378  9350  9377 D HostConnection: HostComposition ext ANDROID_EMU_CHECKSUM_HELPER_v1 ANDROID_EMU_native_sync_v2 ANDROID_EMU_native_sync_v3 ANDROID_EMU_native_sync_v4 ANDROID_EMU_dma_v1 ANDROID_EMU_direct_mem ANDROID_EMU_host_composition_v1 ANDROID_EMU_host_composition_v2 ANDROID_EMU_vulkan ANDROID_EMU_deferred_vulkan_commands ANDROID_EMU_vulkan_null_optional_strings ANDROID_EMU_vulkan_create_resources_with_requirements ANDROID_EMU_YUV_Cache ANDROID_EMU_vulkan_ignored_handles ANDROID_EMU_has_shared_slots_host_memory_allocator ANDROID_EMU_vulkan_free_memory_sync ANDROID_EMU_vulkan_shader_float16_int8 ANDROID_EMU_vulkan_async_queue_submit ANDROID_EMU_sync_buffer_data ANDROID_EMU_vulkan_async_qsri ANDROID_EMU_read_color_buffer_dma GL_OES_vertex_array_object GL_KHR_texture_compression_astc_ldr ANDROID_EMU_host_side_tracing ANDROID_EMU_gles_max_version_2 
10-24 23:41:20.382   183   183 I hwservicemanager: getTransport: Cannot find entry android.hardware.configstore@1.0::ISurfaceFlingerConfigs/default in either framework or device manifest.
10-24 23:41:20.383  9350  9377 W OpenGLRenderer: Failed to choose config with EGL_SWAP_BEHAVIOR_PRESERVED, retrying without...
10-24 23:41:20.387   314   371 W EmuHWC2 : validate: layer 289 CompositionType 1, fallback
10-24 23:41:20.402  9350  9377 D EGL_emulation: eglCreateContext: 0xe7b27290: maj 2 min 0 rcv 2
10-24 23:41:20.427  9350  9377 D EGL_emulation: eglMakeCurrent: 0xe7b27290: ver 2 0 (tinfo 0xe7e79170) (first time)
10-24 23:41:20.429   314   371 W EmuHWC2 : No layers, exit, buffer 0xf3f81090
10-24 23:41:20.431   314   371 W EmuHWC2 : validate: layer 289 CompositionType 1, fallback
10-24 23:41:20.436   314   371 W EmuHWC2 : No layers, exit, buffer 0xf3f81390
10-24 23:41:20.437   314   371 W EmuHWC2 : validate: layer 289 CompositionType 1, fallback
10-24 23:41:20.460   183   183 I hwservicemanager: getTransport: Cannot find entry android.hardware.graphics.mapper@4.0::IMapper/default in either framework or device manifest.
10-24 23:41:20.460  9350  9377 I Gralloc4: mapper 4.x is not supported
10-24 23:41:20.460   314   371 W EmuHWC2 : No layers, exit, buffer 0xf3f81090
10-24 23:41:20.465  9350  9377 D HostConnection: createUnique: call
10-24 23:41:20.466  9350  9377 D HostConnection: HostConnection::get() New Host Connection established 0xe7b27840, tid 9377
10-24 23:41:20.467   314   371 W EmuHWC2 : validate: layer 289 CompositionType 1, fallback
10-24 23:41:20.470   314   371 W EmuHWC2 : No layers, exit, buffer 0xf3f81390
10-24 23:41:20.472  9350  9377 D HostConnection: HostComposition ext ANDROID_EMU_CHECKSUM_HELPER_v1 ANDROID_EMU_native_sync_v2 ANDROID_EMU_native_sync_v3 ANDROID_EMU_native_sync_v4 ANDROID_EMU_dma_v1 ANDROID_EMU_direct_mem ANDROID_EMU_host_composition_v1 ANDROID_EMU_host_composition_v2 ANDROID_EMU_vulkan ANDROID_EMU_deferred_vulkan_commands ANDROID_EMU_vulkan_null_optional_strings ANDROID_EMU_vulkan_create_resources_with_requirements ANDROID_EMU_YUV_Cache ANDROID_EMU_vulkan_ignored_handles ANDROID_EMU_has_shared_slots_host_memory_allocator ANDROID_EMU_vulkan_free_memory_sync ANDROID_EMU_vulkan_shader_float16_int8 ANDROID_EMU_vulkan_async_queue_submit ANDROID_EMU_sync_buffer_data ANDROID_EMU_vulkan_async_qsri ANDROID_EMU_read_color_buffer_dma GL_OES_vertex_array_object GL_KHR_texture_compression_astc_ldr ANDROID_EMU_host_side_tracing ANDROID_EMU_gles_max_version_2 
10-24 23:41:20.477   314   371 W EmuHWC2 : validate: layer 289 CompositionType 1, fallback
10-24 23:41:20.480   314   371 W EmuHWC2 : No layers, exit, buffer 0xf3f81090
10-24 23:41:20.487   314   371 W EmuHWC2 : validate: layer 289 CompositionType 1, fallback
10-24 23:41:20.521   314   371 W EmuHWC2 : No layers, exit, buffer 0xf3f81390
10-24 23:41:20.609   524   546 D EventSequenceValidator: dec AccIntentStartedEvents to 1
10-24 23:41:20.612  9350  9350 I Dialer  : OldMainActivityPeer.MainCallLogFragmentListener - onVoicemailStatusFetched
10-24 23:41:20.612  9350  9350 I Dialer  : OldMainActivityPeer.onVoicemailStatusFetched - hasActiveVoicemailProvider:true, number of active voicemail sources:1
10-24 23:41:20.612  9350  9350 I Dialer  : OldMainActivityPeer.showVoicemail - showing Tab:true
10-24 23:41:20.614   524   552 D ArtManagerInternalImpl: /data/misc/iorapd/com.android.dialer/2900000/com.android.dialer.main.impl.MainActivity/compiled_traces/compiled_trace.pb doesn't exist
10-24 23:41:20.618   524   552 I ActivityTaskManager: Displayed com.android.dialer/.main.impl.MainActivity: +650ms
10-24 23:41:20.644  9350  9350 I Dialer  : ContactPhotoManagerImpl.ContactPhotoManagerImpl - cache adj: 1.0
10-24 23:41:20.973  1753  8654 I PBSessionCacheImpl: Deleted sessionId[7711536854049051] from persistence.
10-24 23:41:20.983  1753  2133 W SearchServiceCore: Abort, client detached.
10-24 23:41:23.587   524  4080 I system_server: oneway function results will be dropped but finished with status OK and parcel size 4
10-24 23:41:23.597   524  4080 I system_server: oneway function results will be dropped but finished with status OK and parcel size 4
10-24 23:41:24.939  9390  9390 D sqlite3 : Time zone APEX ICU file found: /apex/com.android.tzdata/etc/icu/icu_tzdata.dat
10-24 23:41:24.939  9390  9390 D sqlite3 : I18n APEX ICU file found: /apex/com.android.i18n/etc/icu/icudt66l.dat
10-24 23:41:24.964   419   419 I perfetto: probes_producer.cc:329  Producer stop (id=112)
10-24 23:41:24.966   430   430 I perfetto: ng_service_impl.cc:1948 Tracing session 112 ended, total sessions:0
10-24 23:41:24.966   419   419 I perfetto: ftrace_procfs.cc:183    disabled ftrace
10-24 23:41:24.967   439  9346 I iorapd  : Perfetto TraceBuffer saved to file: /data/misc/iorapd/com.android.dialer/2900000/com.android.dialer.main.impl.MainActivity/raw_traces/1761324084967443700.perfetto_trace.pb
10-24 23:41:24.951     0     0 W perfetto: disabled ftrace
10-24 23:41:25.388  1325  9392 I GmscoreIpa: Starting mediastore instant index
10-24 23:41:25.721  1255  1376 I PeriodicStatsRunner: PeriodicStatsRunner.call():180 call()
10-24 23:41:25.722  1255  1376 I PeriodicStatsRunner: PeriodicStatsRunner.call():184 No submit PeriodicStats since input started.
10-24 23:41:27.117  1078  1099 D TaplEvents: Main / onOverviewToggle
10-24 23:41:27.119   524   543 D AutofillManagerService: Close system dialogs
10-24 23:41:27.120   702   702 V ShadeControllerImpl: NotificationShadeWindow: com.android.systemui.statusbar.phone.NotificationShadeWindowView{f018b61 I.E...... ......ID 0,0-1080,2340} canPanelBeCollapsed(): false
10-24 23:41:27.120   524   546 D EventSequenceValidator: inc AccIntentStartedEvents to 2
10-24 23:41:27.120   524  1804 I ActivityTaskManager: START u0 {act=android.intent.action.MAIN cat=[android.intent.category.HOME] flg=0x10000000 pkg=com.google.android.apps.nexuslauncher cmp=com.google.android.apps.nexuslauncher/.NexusLauncherActivity (has extras)} from uid 10154
10-24 23:41:27.123   430   430 I perfetto: ing_service_impl.cc:758 Configured tracing session 113, #sources:1, duration:5000 ms, #buffers:1, total buffer size:4096 KB, total sessions:1, uid:1071 session name: ""
10-24 23:41:27.124   419   419 I perfetto: probes_producer.cc:230  Ftrace setup (target_buf=113)
10-24 23:41:27.126  9350  9350 I Dialer  : CallLogFragment.onPause - enter
10-24 23:41:27.127  9350  9350 I Dialer  : CallLogFragment.onPageUnselected - enter
10-24 23:41:27.127  9350  9350 I Dialer  : MainSearchController.onActivityPause - enter
10-24 23:41:27.129  1078  1078 D TaplTarget: Launcher.onNewIntent: Intent { act=android.intent.action.MAIN cat=[android.intent.category.HOME] flg=0x10400000 pkg=com.google.android.apps.nexuslauncher cmp=com.google.android.apps.nexuslauncher/.NexusLauncherActivity (has extras) }
10-24 23:41:27.131  1078  1078 D RecentsOrientedState: current RecentsOrientedState: [this=RecentsOrientedState@9f62c4a mOrientationHandler=PortraitPagedViewHandler@a8b97bb mDisplayRotation=0 mTouchRotation=0 mRecentsActivityRotation=0 isRecentsActivityRotationAllowed=false mSystemRotation=true mFlags=299]
10-24 23:41:27.150   524   538 W ActivityManager: Unable to start service Intent { act=android.service.appprediction.AppPredictionService cmp=com.google.android.as/com.google.android.apps.miphone.aiai.app.AiAiPredictionService } U=0: not found
10-24 23:41:27.150   524   538 W RemoteAppPredictionService: could not bind to Intent { act=android.service.appprediction.AppPredictionService cmp=com.google.android.as/com.google.android.apps.miphone.aiai.app.AiAiPredictionService } using flags 67108865
10-24 23:41:27.164     0     0 W perfetto: enabled ftrace
10-24 23:41:27.131  1078  1078 D RecentsOrientedState: current RecentsOrientedState: [this=RecentsOrientedState@9f62c4a mOrientationHandler=PortraitPagedViewHandler@a8b97bb mDisplayRotation=0 mTouchRotation=0 mRecentsActivityRotation=0 isRecentsActivityRotationAllowed=false mSystemRotation=true mFlags=299]
10-24 23:41:27.188   419   419 I perfetto: ftrace_procfs.cc:176    enabled ftrace
10-24 23:41:27.290  1753  2133 W ThreadPoolDumper: Queue length for executor EventBus is now 11. Perhaps some tasks are too long, or the pool is too small.
10-24 23:41:27.294  1753  1946 W LocationOracle: No location history returned by ContextManager
10-24 23:41:27.338  1078  1078 D RecentsOrientedState: current RecentsOrientedState: [this=RecentsOrientedState@f2a1194 mOrientationHandler=PortraitPagedViewHandler@a8b97bb mDisplayRotation=0 mTouchRotation=0 mRecentsActivityRotation=0 isRecentsActivityRotationAllowed=false mSystemRotation=true mFlags=43]
10-24 23:41:27.338  1078  1078 I chatty  : uid=10154(com.google.android.apps.nexuslauncher) identical 2 lines
10-24 23:41:27.338  1078  1078 D RecentsOrientedState: current RecentsOrientedState: [this=RecentsOrientedState@f2a1194 mOrientationHandler=PortraitPagedViewHandler@a8b97bb mDisplayRotation=0 mTouchRotation=0 mRecentsActivityRotation=0 isRecentsActivityRotationAllowed=false mSystemRotation=true mFlags=43]
10-24 23:41:27.350   524   546 D EventSequenceValidator: dec AccIntentStartedEvents to 1
10-24 23:41:27.360   524   552 D ArtManagerInternalImpl: /data/misc/iorapd/com.google.android.apps.nexuslauncher/821/com.google.android.apps.nexuslauncher.NexusLauncherActivity/compiled_traces/compiled_trace.pb doesn't exist
10-24 23:41:27.363  1753  1753 I BgTaskExecutorImpl: Starting EXCLUSIVE background task TNG_MINUS_ONE_SYNC.
10-24 23:41:27.387  1753  1962 E MDD     : DownloadProgressMonitor: Can't find file group for uri: android://com.google.android.googlequicksearchbox/files/sharedminusonemodule/shared/SharedMinusOneData.pb.tmp
10-24 23:41:27.399   314   314 W EmuHWC2 : validate: layer 290 CompositionType 1, fallback
10-24 23:41:27.402   314   314 W EmuHWC2 : No layers, exit, buffer 0xf3f81090
10-24 23:41:27.403  1193  2235 W GCoreFlp: No location to return for getLastLocation()
10-24 23:41:27.405  1753  2133 I TngMinusOneSync: Syncing TNG:-1
10-24 23:41:27.421   314   314 W EmuHWC2 : validate: layer 290 CompositionType 1, fallback
10-24 23:41:27.425   314   314 W EmuHWC2 : No layers, exit, buffer 0xf3f81390
10-24 23:41:27.438   314   314 W EmuHWC2 : validate: layer 290 CompositionType 1, fallback
10-24 23:41:27.442   314   314 W EmuHWC2 : No layers, exit, buffer 0xf3f81090
10-24 23:41:27.455   314   314 W EmuHWC2 : validate: layer 290 CompositionType 1, fallback
10-24 23:41:27.457   314   314 W EmuHWC2 : No layers, exit, buffer 0xf3f81390
10-24 23:41:27.472   314   314 W EmuHWC2 : validate: layer 290 CompositionType 1, fallback
10-24 23:41:27.475   314   314 W EmuHWC2 : No layers, exit, buffer 0xf3f81090
10-24 23:41:27.487   314   314 W EmuHWC2 : validate: layer 290 CompositionType 1, fallback
10-24 23:41:27.490   314   314 W EmuHWC2 : No layers, exit, buffer 0xf3f81390
10-24 23:41:27.505   314   314 W EmuHWC2 : validate: layer 290 CompositionType 1, fallback
10-24 23:41:27.507   314   314 W EmuHWC2 : No layers, exit, buffer 0xf3f81090
10-24 23:41:27.521   314   314 W EmuHWC2 : validate: layer 290 CompositionType 1, fallback
10-24 23:41:27.523   314   314 W EmuHWC2 : No layers, exit, buffer 0xf3f81390
10-24 23:41:27.537   314   314 W EmuHWC2 : validate: layer 290 CompositionType 1, fallback
10-24 23:41:27.539   314   314 W EmuHWC2 : No layers, exit, buffer 0xf3f81090
10-24 23:41:27.554   314   314 W EmuHWC2 : validate: layer 290 CompositionType 1, fallback
10-24 23:41:27.556   314   314 W EmuHWC2 : No layers, exit, buffer 0xf3f81390
10-24 23:41:27.572   314   314 W EmuHWC2 : validate: layer 290 CompositionType 1, fallback
10-24 23:41:27.574   314   314 W EmuHWC2 : No layers, exit, buffer 0xf3f81090
10-24 23:41:27.587   314   314 W EmuHWC2 : validate: layer 290 CompositionType 1, fallback
10-24 23:41:27.589   314   314 W EmuHWC2 : No layers, exit, buffer 0xf3f81390
10-24 23:41:27.604   380   380 E Layer   : [Surface(name=Task=66)/@0x54c4e56 - animation-leash#0] No local sync point found
10-24 23:41:27.604   380   380 E Layer   : [Surface(name=Task=66)/@0x54c4e56 - animation-leash#0] No local sync point found
10-24 23:41:27.604   380   380 E Layer   : [Surface(name=Task=1)/@0xc554124 - animation-leash#0] No local sync point found
10-24 23:41:27.604   380   380 E Layer   : [Surface(name=Task=1)/@0xc554124 - animation-leash#0] No local sync point found
10-24 23:41:27.614  1078  1078 I AiAiSuggestUi: Clearing suggestions.
10-24 23:41:27.638   524  4228 D HostConnection: HostConnection::get() New Host Connection established 0xaf181200, tid 4228
10-24 23:41:27.642   524  4228 D HostConnection: HostComposition ext ANDROID_EMU_CHECKSUM_HELPER_v1 ANDROID_EMU_native_sync_v2 ANDROID_EMU_native_sync_v3 ANDROID_EMU_native_sync_v4 ANDROID_EMU_dma_v1 ANDROID_EMU_direct_mem ANDROID_EMU_host_composition_v1 ANDROID_EMU_host_composition_v2 ANDROID_EMU_vulkan ANDROID_EMU_deferred_vulkan_commands ANDROID_EMU_vulkan_null_optional_strings ANDROID_EMU_vulkan_create_resources_with_requirements ANDROID_EMU_YUV_Cache ANDROID_EMU_vulkan_ignored_handles ANDROID_EMU_has_shared_slots_host_memory_allocator ANDROID_EMU_vulkan_free_memory_sync ANDROID_EMU_vulkan_shader_float16_int8 ANDROID_EMU_vulkan_async_queue_submit ANDROID_EMU_sync_buffer_data ANDROID_EMU_vulkan_async_qsri ANDROID_EMU_read_color_buffer_dma GL_OES_vertex_array_object GL_KHR_texture_compression_astc_ldr ANDROID_EMU_host_side_tracing ANDROID_EMU_gles_max_version_2 
10-24 23:41:27.643   524  4228 W OpenGLRenderer: Failed to choose config with EGL_SWAP_BEHAVIOR_PRESERVED, retrying without...
10-24 23:41:27.663   524  4228 D EGL_emulation: eglCreateContext: 0xaf1830a0: maj 2 min 0 rcv 2
10-24 23:41:27.667  9350  9350 I Dialer  : CallLogFragment.onStop - enter
10-24 23:41:27.670  9350  9350 I Dialer  : CallLogNotificationsService.cancelAllMissedCalls - enter
10-24 23:41:27.671  9350  9350 I Dialer  : NonUiTaskBuilder.newThread - creating serial thread
10-24 23:41:27.673  9350  9350 I Dialer  : CallLogAdapter.onSaveInstanceState - saved: 0, selectedItemsSize:0
10-24 23:41:27.674  9350  9399 I Dialer  : CallLogNotificationsService.cancelAllMissedCallsBackground - enter
10-24 23:41:27.694   524  4228 D EGL_emulation: eglMakeCurrent: 0xaf1830a0: ver 2 0 (tinfo 0xaf7af6d0) (first time)
10-24 23:41:27.694   524   538 W Telecom : MissedCallNotifierImpl: Showing missed calls through default dialer.: TSI.cMCN@DeE
10-24 23:41:27.706  9350  9350 I Dialer  : MissedCallNotificationReceiver.onReceive - enter
10-24 23:41:27.709  9350  9350 I Dialer  : DialerExecutorModule.newThread - creating low priority thread
10-24 23:41:27.725  1078  1078 D TaplEvents: Main / Touch event: MotionEvent { action=ACTION_DOWN, actionButton=0, id[0]=0, x[0]=817.9431, y[0]=1613.8916, toolType[0]=TOOL_TYPE_FINGER, buttonState=0, classification=NONE, metaState=0, flags=0x1, edgeFlags=0x0, pointerCount=1, historySize=0, eventTime=4033348, downTime=4033348, deviceId=8, source=0x5002, displayId=0 }
10-24 23:41:27.727  9350  9400 I Dialer  : MissedCallNotifier.updateMissedCallNotification - enter
10-24 23:41:27.761  9350  9350 I Dialer  : MissedCallNotificationReceiver.onReceive - update missed call notifications successful
10-24 23:41:27.766  9350  9350 I Dialer  : MissedCallNotificationReceiver.updateBadgeCount - update badge count: 0 success: false
10-24 23:41:27.814   524   535 W JavaBinder: BinderProxy is being destroyed but the application did not call unlinkToDeath to unlink all of its death recipients beforehand.  Releasing leaked death recipient: com.android.server.AlarmManagerService$2
10-24 23:41:27.814   524   535 I BpBinder: onLastStrongRef automatically unlinking death recipients: <uncached descriptor>
10-24 23:41:27.818   524   535 W JavaBinder: BinderProxy is being destroyed but the application did not call unlinkToDeath to unlink all of its death recipients beforehand.  Releasing leaked death recipient: com.android.server.AlarmManagerService$2
10-24 23:41:27.818   524   535 I BpBinder: onLastStrongRef automatically unlinking death recipients: <uncached descriptor>
10-24 23:41:27.819   524   535 W JavaBinder: BinderProxy is being destroyed but the application did not call unlinkToDeath to unlink all of its death recipients beforehand.  Releasing leaked death recipient: com.android.server.AlarmManagerService$2
10-24 23:41:27.820   524   535 I BpBinder: onLastStrongRef automatically unlinking death recipients: <uncached descriptor>
10-24 23:41:27.833  1078  1078 D TaplEvents: Main / Touch event: MotionEvent { action=ACTION_UP, actionButton=0, id[0]=0, x[0]=831.9507, y[0]=811.9446, toolType[0]=TOOL_TYPE_FINGER, buttonState=0, classification=NONE, metaState=0, flags=0x1, edgeFlags=0x0, pointerCount=1, historySize=0, eventTime=4033468, downTime=4033348, deviceId=8, source=0x5002, displayId=0 }
10-24 23:41:27.938  1078  1078 I AiAiSuggestUi: Clearing suggestions.
10-24 23:41:27.938  1078  1078 I AiAiSuggestUi: Clearing suggestions.
10-24 23:41:27.939  9350  9350 I Dialer  : UiListener.onDetach - enter
10-24 23:41:27.939  9350  9350 I Dialer  : UiListener.onDetach - enter
10-24 23:41:27.939  9350  9350 I Dialer  : CallLogFragment.onDestroy - enter
10-24 23:41:27.941   524   546 I ActivityManager: Killing 9350:com.android.dialer/u0a114 (adj 905): remove task
10-24 23:41:27.953   297   297 I Zygote  : Process 9350 exited due to signal 9 (Killed)
10-24 23:41:27.937     0     0 I binder  : undelivered TRANSACTION_COMPLETE
10-24 23:41:27.938     0     0 I binder  : undelivered transaction 810639, process died.
10-24 23:41:27.957   524   631 W InputDispatcher: Attempted to unregister already unregistered input channel '4a73219 com.android.dialer/com.android.dialer.main.impl.MainActivity (server)'
10-24 23:41:27.982   524   546 W ActivityManager: setHasOverlayUi called on unknown pid: 9350
10-24 23:41:27.985   524   555 I libprocessgroup: Successfully killed process cgroup uid 10114 pid 9350 in 42ms
10-24 23:41:28.213  1078  1078 D RecentsOrientedState: current RecentsOrientedState: [this=RecentsOrientedState@9f62c4a mOrientationHandler=PortraitPagedViewHandler@a8b97bb mDisplayRotation=0 mTouchRotation=0 mRecentsActivityRotation=0 isRecentsActivityRotationAllowed=false mSystemRotation=true mFlags=299]
10-24 23:41:28.213  1078  1078 I chatty  : uid=10154(com.google.android.apps.nexuslauncher) identical 2 lines
10-24 23:41:28.213  1078  1078 D RecentsOrientedState: current RecentsOrientedState: [this=RecentsOrientedState@9f62c4a mOrientationHandler=PortraitPagedViewHandler@a8b97bb mDisplayRotation=0 mTouchRotation=0 mRecentsActivityRotation=0 isRecentsActivityRotationAllowed=false mSystemRotation=true mFlags=299]
10-24 23:41:29.686  9404  9404 D sqlite3 : Time zone APEX ICU file found: /apex/com.android.tzdata/etc/icu/icu_tzdata.dat
10-24 23:41:29.686  9404  9404 D sqlite3 : I18n APEX ICU file found: /apex/com.android.i18n/etc/icu/icudt66l.dat
10-24 23:41:30.205   524  1804 D WifiNl80211Manager: Scan result ready event
10-24 23:41:30.205   524  1804 D WifiNative: Scan result ready event
10-24 23:41:30.977  1078  1078 D TaplEvents: Main / Touch event: MotionEvent { action=ACTION_DOWN, actionButton=0, id[0]=0, x[0]=911.94214, y[0]=1321.8915, toolType[0]=TOOL_TYPE_FINGER, buttonState=0, classification=NONE, metaState=0, flags=0x1, edgeFlags=0x0, pointerCount=1, historySize=0, eventTime=4036611, downTime=4036611, deviceId=8, source=0x5002, displayId=0 }
10-24 23:41:31.057  1078  1078 D TaplEvents: Main / Touch event: MotionEvent { action=ACTION_UP, actionButton=0, id[0]=0, x[0]=911.94214, y[0]=1321.8915, toolType[0]=TOOL_TYPE_FINGER, buttonState=0, classification=NONE, metaState=0, flags=0x1, edgeFlags=0x0, pointerCount=1, historySize=0, eventTime=4036693, downTime=4036611, deviceId=8, source=0x5002, displayId=0 }
10-24 23:41:31.385  1078  1078 D TaplEvents: Main / Touch event: MotionEvent { action=ACTION_DOWN, actionButton=0, id[0]=0, x[0]=690.95215, y[0]=1622.8894, toolType[0]=TOOL_TYPE_FINGER, buttonState=0, classification=NONE, metaState=0, flags=0x1, edgeFlags=0x0, pointerCount=1, historySize=0, eventTime=4037020, downTime=4037020, deviceId=8, source=0x5002, displayId=0 }
10-24 23:41:31.457  1078  1078 D TaplEvents: Main / Touch event: MotionEvent { action=ACTION_UP, actionButton=0, id[0]=0, x[0]=693.9514, y[0]=1327.89, toolType[0]=TOOL_TYPE_FINGER, buttonState=0, classification=NONE, metaState=0, flags=0x1, edgeFlags=0x0, pointerCount=1, historySize=0, eventTime=4037093, downTime=4037020, deviceId=8, source=0x5002, displayId=0 }
10-24 23:41:32.129   419   419 I perfetto: probes_producer.cc:329  Producer stop (id=113)
10-24 23:41:32.130   430   430 I perfetto: ng_service_impl.cc:1948 Tracing session 113 ended, total sessions:0
10-24 23:41:32.131   419   419 I perfetto: ftrace_procfs.cc:183    disabled ftrace
10-24 23:41:32.116     0     0 W perfetto: disabled ftrace
10-24 23:41:32.305  1078  1078 D TaplEvents: Main / Touch event: MotionEvent { action=ACTION_DOWN, actionButton=0, id[0]=0, x[0]=323.98682, y[0]=1072.9523, toolType[0]=TOOL_TYPE_FINGER, buttonState=0, classification=NONE, metaState=0, flags=0x1, edgeFlags=0x0, pointerCount=1, historySize=0, eventTime=4037940, downTime=4037940, deviceId=8, source=0x5002, displayId=0 }
10-24 23:41:32.378  1078  1078 D TaplEvents: Main / Touch event: MotionEvent { action=ACTION_UP, actionButton=0, id[0]=0, x[0]=323.98682, y[0]=1072.9523, toolType[0]=TOOL_TYPE_FINGER, buttonState=0, classification=NONE, metaState=0, flags=0x1, edgeFlags=0x0, pointerCount=1, historySize=0, eventTime=4038013, downTime=4037940, deviceId=8, source=0x5002, displayId=0 }
10-24 23:41:32.389  1078  1078 D TaplEvents: Main / start: startAppShortcutOrInfoActivity
10-24 23:41:32.390   524   538 I ActivityTaskManager: START u0 {act=android.intent.action.MAIN cat=[android.intent.category.LAUNCHER] flg=0x10200000 cmp=com.android.dialer/.main.impl.MainActivity bnds=[238,965][439,1276]} from uid 10154
10-24 23:41:32.390   524   546 D EventSequenceValidator: inc AccIntentStartedEvents to 2
10-24 23:41:32.393   430   430 I perfetto: ing_service_impl.cc:758 Configured tracing session 114, #sources:1, duration:5000 ms, #buffers:1, total buffer size:4096 KB, total sessions:1, uid:1071 session name: ""
10-24 23:41:32.393   524  1804 I system_server: oneway function results will be dropped but finished with status OK and parcel size 4
10-24 23:41:32.400   524   546 D CompatibilityChangeReporter: Compat change id reported: 135634846; UID 10114; state: DISABLED
10-24 23:41:32.400   524   524 W ActivityManager: Unable to start service Intent { act=android.service.appprediction.AppPredictionService cmp=com.google.android.as/com.google.android.apps.miphone.aiai.app.AiAiPredictionService } U=0: not found
10-24 23:41:32.400   524   524 W RemoteAppPredictionService: could not bind to Intent { act=android.service.appprediction.AppPredictionService cmp=com.google.android.as/com.google.android.apps.miphone.aiai.app.AiAiPredictionService } using flags 67108865
10-24 23:41:32.400   524   554 D CompatibilityChangeReporter: Compat change id reported: 143937733; UID 10114; state: DISABLED
10-24 23:41:32.394   524  1804 I system_server: oneway function results will be dropped but finished with status OK and parcel size 4
10-24 23:41:32.429  1255  1376 I PeriodicStatsRunner: PeriodicStatsRunner.call():180 call()
10-24 23:41:32.430  1255  1376 I PeriodicStatsRunner: PeriodicStatsRunner.call():184 No submit PeriodicStats since input started.
10-24 23:41:32.435   297   297 D Zygote  : Forked child process 9411
10-24 23:41:32.440  9411  9411 W .android.diale: Unexpected CPU variant for X86 using defaults: x86
10-24 23:41:32.441   524   554 I ActivityManager: Start proc 9411:com.android.dialer/u0a114 for pre-top-activity {com.android.dialer/com.android.dialer.main.impl.MainActivity}
10-24 23:41:32.454  4518  4524 I adbd    : jdwp connection from 9411
10-24 23:41:32.467  9411  9411 D ApplicationLoaders: Returning zygote-cached class loader: /system/framework/android.test.base.jar
10-24 23:41:32.473  9411  9411 I .android.diale: The ClassLoaderContext is a special shared library.
