--------- beginning of main
10-24 23:40:15.231  1753  8659 W GmsLocationProvider: Error removing location updates: 16
--------- beginning of kernel
10-24 23:40:16.202     0     0 D logd    : logdr: UID=0 GID=0 PID=9210 b tail=0 logMask=99 pid=0 start=0ns timeout=0ns
10-24 23:40:18.208  9215  9215 D sqlite3 : Time zone APEX ICU file found: /apex/com.android.tzdata/etc/icu/icu_tzdata.dat
10-24 23:40:18.208  9215  9215 D sqlite3 : I18n APEX ICU file found: /apex/com.android.i18n/etc/icu/icudt66l.dat
10-24 23:40:20.511  1325  2253 I Icing   : Indexing com.google.android.apps.messaging-internal.3p:Message_no_gsa from com.google.android.apps.messaging using seqno 0 [CONTEXT service_id=21 ]
10-24 23:40:20.521  1325  2253 I Icing   : Indexing com.google.android.gms-internal.3p:Message from com.google.android.gms using seqno 0 [CONTEXT service_id=21 ]
10-24 23:40:20.523  1325  2253 I Icing   : Indexing com.google.android.apps.messaging-internal.3p:Message_no_gsa from com.google.android.apps.messaging using seqno 0 [CONTEXT service_id=21 ]
10-24 23:40:20.524  1325  2253 I Icing   : Indexing com.google.android.apps.messaging-internal.3p:Message_no_gsa from com.google.android.apps.messaging using seqno 0 [CONTEXT service_id=21 ]
10-24 23:40:20.525  1325  2253 I Icing   : Indexing com.google.android.gms-internal.3p:Message from com.google.android.gms using seqno 0 [CONTEXT service_id=21 ]
10-24 23:40:20.528  1325  2253 I Icing   : Indexing com.google.android.gms-internal.3p:Message from com.google.android.gms using seqno 0 [CONTEXT service_id=21 ]
10-24 23:40:20.542   524  1807 D WifiNl80211Manager: Scan result ready event
10-24 23:40:20.542   524  1807 D WifiNative: Scan result ready event
10-24 23:40:28.672  9219  9219 D sqlite3 : Time zone APEX ICU file found: /apex/com.android.tzdata/etc/icu/icu_tzdata.dat
10-24 23:40:28.673  9219  9219 D sqlite3 : I18n APEX ICU file found: /apex/com.android.i18n/etc/icu/icudt66l.dat
10-24 23:40:34.471     0     0 W healthd : battery l=100 v=5000 t=25.0 h=2 st=4 c=900000 fc=300000 cc=10 chg=
10-24 23:40:38.025  1078  1078 D TaplEvents: Main / Touch event: MotionEvent { action=ACTION_DOWN, actionButton=0, id[0]=0, x[0]=291.98364, y[0]=1777.923, toolType[0]=TOOL_TYPE_FINGER, buttonState=0, classification=NONE, metaState=0, flags=0x1, edgeFlags=0x0, pointerCount=1, historySize=0, eventTime=3983660, downTime=3983660, deviceId=8, source=0x5002, displayId=0 }
10-24 23:40:38.131  1078  1078 D TaplEvents: Main / Touch event: MotionEvent { action=ACTION_UP, actionButton=0, id[0]=0, x[0]=446.9568, y[0]=1169.9286, toolType[0]=TOOL_TYPE_FINGER, buttonState=0, classification=NONE, metaState=0, flags=0x1, edgeFlags=0x0, pointerCount=1, historySize=0, eventTime=3983765, downTime=3983660, deviceId=8, source=0x5002, displayId=0 }
10-24 23:40:38.689  1078  1078 D TaplEvents: Main / Touch event: MotionEvent { action=ACTION_DOWN, actionButton=0, id[0]=0, x[0]=372.96387, y[0]=1109.9432, toolType[0]=TOOL_TYPE_FINGER, buttonState=0, classification=NONE, metaState=0, flags=0x1, edgeFlags=0x0, pointerCount=1, historySize=0, eventTime=3984324, downTime=3984324, deviceId=8, source=0x5002, displayId=0 }
10-24 23:40:38.753  1078  1078 D TaplEvents: Main / Touch event: MotionEvent { action=ACTION_UP, actionButton=0, id[0]=0, x[0]=372.96387, y[0]=1109.9432, toolType[0]=TOOL_TYPE_FINGER, buttonState=0, classification=NONE, metaState=0, flags=0x1, edgeFlags=0x0, pointerCount=1, historySize=0, eventTime=3984388, downTime=3984324, deviceId=8, source=0x5002, displayId=0 }
10-24 23:40:38.772  1078  1078 D TaplEvents: Main / start: startAppShortcutOrInfoActivity
--------- beginning of system
10-24 23:40:38.774   524  1807 I ActivityTaskManager: START u0 {act=android.intent.action.MAIN cat=[android.intent.category.LAUNCHER] flg=0x10200000 cmp=com.android.dialer/.main.impl.MainActivity bnds=[238,965][439,1276]} from uid 10154
10-24 23:40:38.775   524   546 D EventSequenceValidator: inc AccIntentStartedEvents to 2
10-24 23:40:38.776   524  1808 I system_server: oneway function results will be dropped but finished with status OK and parcel size 4
10-24 23:40:38.777   524  1808 I system_server: oneway function results will be dropped but finished with status OK and parcel size 4
10-24 23:40:38.777   430   430 I perfetto: ing_service_impl.cc:758 Configured tracing session 108, #sources:1, duration:5000 ms, #buffers:1, total buffer size:4096 KB, total sessions:1, uid:1071 session name: ""
10-24 23:40:38.778   419   419 I perfetto: probes_producer.cc:230  Ftrace setup (target_buf=108)
10-24 23:40:38.784   524   524 W ActivityManager: Unable to start service Intent { act=android.service.appprediction.AppPredictionService cmp=com.google.android.as/com.google.android.apps.miphone.aiai.app.AiAiPredictionService } U=0: not found
10-24 23:40:38.784   524   524 W RemoteAppPredictionService: could not bind to Intent { act=android.service.appprediction.AppPredictionService cmp=com.google.android.as/com.google.android.apps.miphone.aiai.app.AiAiPredictionService } using flags 67108865
10-24 23:40:38.798  8715  8715 I Dialer  : CallLogFragment.onStart - enter
10-24 23:40:38.799  8715  8715 I Dialer  : OldMainActivityPeer.onNewIntent - enter
10-24 23:40:38.799  8715  8715 I Dialer  : OldMainActivityPeer.onHandleIntent - Show last tab
10-24 23:40:38.799  8715  8715 I Dialer  : MainBottomNavBarBottomNavTabListener.onCallLogSelected - enter
10-24 23:40:38.799  8715  8715 I Dialer  : MainBottomNavBarBottomNavTabListener.onActivityResume - enter
10-24 23:40:38.799  8715  8715 I Dialer  : MainCallLogFragmentListener.onActivityResume - enter
10-24 23:40:38.799  8715  8715 I Dialer  : MainCallLogFragmentListener.registerVoicemailStatusContentObserver - enter
10-24 23:40:38.799  8715  8715 I Dialer  : MainCallLogFragmentListener.registerVoicemailStatusContentObserver - register
10-24 23:40:38.807   419   419 I perfetto: ftrace_procfs.cc:176    enabled ftrace
10-24 23:40:38.791     0     0 W perfetto: enabled ftrace
10-24 23:40:38.835  8715  8715 I Dialer  : CallLogQueryHandler.fetchVoicemailStatus - fetching voicemail status
10-24 23:40:38.836  8715  8715 I Dialer  : DialerExecutorModule.newThread - creating low priority thread
10-24 23:40:38.838  8715  9227 I Dialer  : DialerDatabaseHelper.updateSmartDialDatabase - enter
10-24 23:40:38.838  8715  9227 I Dialer  : DialerDatabaseHelper.updateSmartDialDatabase - last updated at 0
10-24 23:40:38.842  8715  8715 I Dialer  : CallLogFragment.onResume - enter
10-24 23:40:38.856   314   371 W EmuHWC2 : validate: layer 278 CompositionType 1, fallback
10-24 23:40:38.858   314   371 W EmuHWC2 : No layers, exit, buffer 0xf3f81390
10-24 23:40:38.870   314   371 W EmuHWC2 : validate: layer 278 CompositionType 1, fallback
10-24 23:40:38.872   314   371 W EmuHWC2 : No layers, exit, buffer 0xf3f81090
10-24 23:40:38.881  8715  8715 I Dialer  : CallLogQueryHandler.fetchVoicemailStatus - fetching voicemail status
10-24 23:40:38.881  8715  8715 I Dialer  : CallLogFragment.onPageSelected - enter
10-24 23:40:38.882  8715  8715 I Dialer  : MainCallLogHost.enableFloatingButton - enabled: true
10-24 23:40:38.885  8715  9227 I Dialer  : DialerDatabaseHelper.updateSmartDialDatabase - broadcasting smart dial update
10-24 23:40:38.887   314   371 W EmuHWC2 : validate: layer 278 CompositionType 1, fallback
10-24 23:40:38.889   314   371 W EmuHWC2 : No layers, exit, buffer 0xf3f81390
10-24 23:40:38.905   314   371 W EmuHWC2 : validate: layer 278 CompositionType 1, fallback
10-24 23:40:38.906   524  1387 I Telecom : PhoneAccountRegistrar: getSimCallManager: SimCallManager for subId 1 queried, returning: null: TSI.gDOPA@DVw
10-24 23:40:38.907   314   371 W EmuHWC2 : No layers, exit, buffer 0xf3f81090
10-24 23:40:38.922   314   371 W EmuHWC2 : validate: layer 278 CompositionType 1, fallback
10-24 23:40:38.925   314   371 W EmuHWC2 : No layers, exit, buffer 0xf3f81390
10-24 23:40:38.928   524  1807 I Telecom : PhoneAccountRegistrar: getSimCallManager: SimCallManager for subId 1 queried, returning: null: TSI.gDOPA@DWA
10-24 23:40:38.938   314   371 W EmuHWC2 : validate: layer 278 CompositionType 1, fallback
10-24 23:40:38.941   314   371 W EmuHWC2 : No layers, exit, buffer 0xf3f81090
10-24 23:40:38.950   524  1394 I Telecom : PhoneAccountRegistrar: getSimCallManager: SimCallManager for subId 1 queried, returning: null: TSI.gDOPA@DWI
10-24 23:40:38.954   314   371 W EmuHWC2 : validate: layer 278 CompositionType 1, fallback
10-24 23:40:38.957   314   371 W EmuHWC2 : No layers, exit, buffer 0xf3f81390
10-24 23:40:38.971   314   371 W EmuHWC2 : validate: layer 278 CompositionType 1, fallback
10-24 23:40:38.990   314   371 W EmuHWC2 : No layers, exit, buffer 0xf3f81090
10-24 23:40:38.991   314   371 W EmuHWC2 : validate: layer 278 CompositionType 1, fallback
10-24 23:40:39.001   314   371 W EmuHWC2 : No layers, exit, buffer 0xf3f81390
10-24 23:40:39.006   314   371 W EmuHWC2 : validate: layer 278 CompositionType 1, fallback
10-24 23:40:39.046   314   371 W EmuHWC2 : No layers, exit, buffer 0xf3f81090
10-24 23:40:39.054   314   371 W EmuHWC2 : validate: layer 278 CompositionType 1, fallback
10-24 23:40:39.061  8715  8715 I Dialer  : OldMainActivityPeer.MainCallLogFragmentListener - onVoicemailStatusFetched
10-24 23:40:39.061  8715  8715 I Dialer  : OldMainActivityPeer.onVoicemailStatusFetched - hasActiveVoicemailProvider:true, number of active voicemail sources:1
10-24 23:40:39.061  8715  8715 I Dialer  : OldMainActivityPeer.showVoicemail - showing Tab:true
10-24 23:40:39.063   314   371 W EmuHWC2 : No layers, exit, buffer 0xf3f81390
10-24 23:40:39.068   314   371 W EmuHWC2 : validate: layer 278 CompositionType 1, fallback
10-24 23:40:39.078   314   371 W EmuHWC2 : No layers, exit, buffer 0xf3f81090
10-24 23:40:39.084   314   371 W EmuHWC2 : validate: layer 279 CompositionType 1, fallback
10-24 23:40:39.086   524   546 D EventSequenceValidator: dec AccIntentStartedEvents to 1
10-24 23:40:39.090   314   371 W EmuHWC2 : No layers, exit, buffer 0xf3f81390
10-24 23:40:39.099   314   371 W EmuHWC2 : validate: layer 279 CompositionType 1, fallback
10-24 23:40:39.101   524   552 D ArtManagerInternalImpl: /data/misc/iorapd/com.android.dialer/2900000/com.android.dialer.main.impl.MainActivity/compiled_traces/compiled_trace.pb doesn't exist
10-24 23:40:39.103   314   371 W EmuHWC2 : No layers, exit, buffer 0xf3f81090
10-24 23:40:39.112   314   371 W EmuHWC2 : validate: layer 279 CompositionType 1, fallback
10-24 23:40:39.116   314   371 W EmuHWC2 : No layers, exit, buffer 0xf3f81390
10-24 23:40:39.121   314   371 W EmuHWC2 : validate: layer 279 CompositionType 1, fallback
10-24 23:40:39.127   314   371 W EmuHWC2 : No layers, exit, buffer 0xf3f81090
10-24 23:40:39.138   314   371 W EmuHWC2 : validate: layer 279 CompositionType 1, fallback
10-24 23:40:39.141   314   371 W EmuHWC2 : No layers, exit, buffer 0xf3f81390
10-24 23:40:39.155   314   371 W EmuHWC2 : validate: layer 279 CompositionType 1, fallback
10-24 23:40:39.158   314   371 W EmuHWC2 : No layers, exit, buffer 0xf3f81090
10-24 23:40:39.172   314   371 W EmuHWC2 : validate: layer 279 CompositionType 1, fallback
10-24 23:40:39.174   314   371 W EmuHWC2 : No layers, exit, buffer 0xf3f81390
10-24 23:40:39.187   314   371 W EmuHWC2 : validate: layer 279 CompositionType 1, fallback
10-24 23:40:39.189   314   371 W EmuHWC2 : No layers, exit, buffer 0xf3f81090
10-24 23:40:39.205   314   371 W EmuHWC2 : validate: layer 279 CompositionType 1, fallback
10-24 23:40:39.208   314   371 W EmuHWC2 : No layers, exit, buffer 0xf3f81390
10-24 23:40:39.271   380   380 E Layer   : [Surface(name=Task=1)/@0xc554124 - animation-leash#0] No local sync point found
10-24 23:40:39.271   380   380 E Layer   : [Surface(name=Task=1)/@0xc554124 - animation-leash#0] No local sync point found
10-24 23:40:39.271   380   380 E Layer   : [Surface(name=Task=61)/@0xd5a5a6c - animation-leash#0] No local sync point found
10-24 23:40:39.272   380   380 E Layer   : [Surface(name=Task=61)/@0xd5a5a6c - animation-leash#0] No local sync point found
10-24 23:40:39.310  1753  8655 I PBSessionCacheImpl: Deleted sessionId[7711536854049045] from persistence.
10-24 23:40:39.335  1753  2133 W SearchServiceCore: Abort, client detached.
10-24 23:40:41.647   345   345 I android.hardware.vibrator-service.example: Vibrator reporting capabilities
10-24 23:40:41.648   345   345 I android.hardware.vibrator-service.example: Vibrator off
10-24 23:40:41.649   345   345 I android.hardware.vibrator-service.example: Vibrator perform
10-24 23:40:41.649   524  1808 E VibratorService: Failed to issue command to vibrator HAL. Retrying.
10-24 23:40:41.650   181   181 I servicemanager: Found android.hardware.vibrator.IVibrator/default in device VINTF manifest.
10-24 23:40:41.651   345   345 I android.hardware.vibrator-service.example: Vibrator perform
10-24 23:40:41.651   524  1808 E VibratorService: Failed to issue command to vibrator HAL. Retrying.
10-24 23:40:41.652   181   181 I servicemanager: Found android.hardware.vibrator.IVibrator/default in device VINTF manifest.
10-24 23:40:41.653   345   345 I android.hardware.vibrator-service.example: Vibrator on for timeoutMs: 1
10-24 23:40:41.654   345   345 I android.hardware.vibrator-service.example: Vibrator set amplitude: 1
10-24 23:40:41.677   345   345 I android.hardware.vibrator-service.example: Vibrator on for timeoutMs: 21
10-24 23:40:41.677   345   345 I android.hardware.vibrator-service.example: Vibrator set amplitude: 1
10-24 23:40:41.700   345   345 I android.hardware.vibrator-service.example: Vibrator off
10-24 23:40:41.803   215   217 E android.system.suspend@1.0-service: Error opening kernel wakelock stats for: wakeup36: Permission denied
10-24 23:40:41.811   215   217 E android.system.suspend@1.0-service: Error opening kernel wakelock stats for: wakeup35: Permission denied
10-24 23:40:41.800   215   215 W Binder:215_1: type=1400 audit(0.0:245): avc: denied { read } for name="wakeup36" dev="sysfs" ino=19537 scontext=u:r:system_suspend:s0 tcontext=u:object_r:sysfs:s0 tclass=dir permissive=0
10-24 23:40:41.808   215   215 W Binder:215_1: type=1400 audit(0.0:246): avc: denied { read } for name="wakeup35" dev="sysfs" ino=19474 scontext=u:r:system_suspend:s0 tcontext=u:object_r:sysfs:s0 tclass=dir permissive=0
10-24 23:40:42.137   524  1808 I system_server: oneway function results will be dropped but finished with status OK and parcel size 4
10-24 23:40:42.146   524  1808 I chatty  : uid=1000(system) Binder:524_15 identical 1 line
10-24 23:40:42.751   524  1808 I system_server: oneway function results will be dropped but finished with status OK and parcel size 4
10-24 23:40:42.751   524  1394 I system_server: oneway function results will be dropped but finished with status OK and parcel size 4
10-24 23:40:42.751   524  1394 I system_server: oneway function results will be dropped but finished with status OK and parcel size 4
10-24 23:40:42.752   392   464 D AudioFlinger: mixer(0xedd13030) throttle end: throttle time(32)
10-24 23:40:43.077  8715  8742 D OpenGLRenderer: endAllActiveAnimators on 0xe1739530 (MenuPopupWindow$MenuDropDownListView) with handle 0xe7e67190
10-24 23:40:43.785   419   419 I perfetto: probes_producer.cc:329  Producer stop (id=108)
10-24 23:40:43.787   419   419 I perfetto: ftrace_procfs.cc:183    disabled ftrace
10-24 23:40:43.787   430   430 I perfetto: ng_service_impl.cc:1948 Tracing session 108 ended, total sessions:0
10-24 23:40:43.771     0     0 W perfetto: disabled ftrace
10-24 23:40:44.177  1255  1376 I PeriodicStatsRunner: PeriodicStatsRunner.call():180 call()
10-24 23:40:44.177  1255  1376 I PeriodicStatsRunner: PeriodicStatsRunner.call():184 No submit PeriodicStats since input started.
10-24 23:40:44.733   345   345 I android.hardware.vibrator-service.example: Vibrator reporting capabilities
10-24 23:40:44.733   345   345 I android.hardware.vibrator-service.example: Vibrator off
10-24 23:40:44.734   345   345 I android.hardware.vibrator-service.example: Vibrator perform
10-24 23:40:44.734   524  1808 E VibratorService: Failed to issue command to vibrator HAL. Retrying.
10-24 23:40:44.735   181   181 I servicemanager: Found android.hardware.vibrator.IVibrator/default in device VINTF manifest.
10-24 23:40:44.736   345   345 I android.hardware.vibrator-service.example: Vibrator perform
10-24 23:40:44.737   524  1808 E VibratorService: Failed to issue command to vibrator HAL. Retrying.
10-24 23:40:44.737   181   181 I servicemanager: Found android.hardware.vibrator.IVibrator/default in device VINTF manifest.
10-24 23:40:44.741   345   345 I android.hardware.vibrator-service.example: Vibrator on for timeoutMs: 1
10-24 23:40:44.742   345   345 I android.hardware.vibrator-service.example: Vibrator set amplitude: 1
10-24 23:40:44.767   345   345 I android.hardware.vibrator-service.example: Vibrator on for timeoutMs: 21
10-24 23:40:44.767   345   345 I android.hardware.vibrator-service.example: Vibrator set amplitude: 1
10-24 23:40:44.789   345   345 I android.hardware.vibrator-service.example: Vibrator off
10-24 23:40:45.763   392   464 D AudioFlinger: mixer(0xedd13030) throttle end: throttle time(38)
10-24 23:40:46.061  8715  8742 D OpenGLRenderer: endAllActiveAnimators on 0xb6b020b0 (MenuPopupWindow$MenuDropDownListView) with handle 0xb78474b0
10-24 23:40:46.276   524   543 D AutofillManagerService: Close system dialogs
10-24 23:40:46.277   524   544 I ActivityTaskManager: START u0 {act=android.intent.action.MAIN cat=[android.intent.category.HOME] flg=0x10000100 cmp=com.google.android.apps.nexuslauncher/.NexusLauncherActivity (has extras)} from uid 0
10-24 23:40:46.277   702   702 V ShadeControllerImpl: NotificationShadeWindow: com.android.systemui.statusbar.phone.NotificationShadeWindowView{f018b61 I.E...... ......ID 0,0-1080,2340} canPanelBeCollapsed(): false
10-24 23:40:46.277   524   546 D EventSequenceValidator: inc AccIntentStartedEvents to 2
10-24 23:40:46.280   430   430 I perfetto: ing_service_impl.cc:758 Configured tracing session 109, #sources:1, duration:5000 ms, #buffers:1, total buffer size:4096 KB, total sessions:1, uid:1071 session name: ""
10-24 23:40:46.280   419   419 I perfetto: probes_producer.cc:230  Ftrace setup (target_buf=109)
10-24 23:40:46.283  8715  8715 I Dialer  : CallLogFragment.onPause - enter
10-24 23:40:46.285  8715  8715 I Dialer  : CallLogFragment.onPageUnselected - enter
10-24 23:40:46.285  8715  8715 I Dialer  : MainSearchController.onActivityPause - enter
10-24 23:40:46.291  1078  1078 D TaplTarget: Launcher.onNewIntent: Intent { act=android.intent.action.MAIN cat=[android.intent.category.HOME] flg=0x10400100 cmp=com.google.android.apps.nexuslauncher/.NexusLauncherActivity (has extras) }
10-24 23:40:46.295   702   702 V ShadeControllerImpl: NotificationShadeWindow: com.android.systemui.statusbar.phone.NotificationShadeWindowView{f018b61 I.E...... ......ID 0,0-1080,2340} canPanelBeCollapsed(): false
10-24 23:40:46.296   524   543 D AutofillManagerService: Close system dialogs
10-24 23:40:46.303   419   419 I perfetto: ftrace_procfs.cc:176    enabled ftrace
10-24 23:40:46.287     0     0 W perfetto: enabled ftrace
10-24 23:40:46.306   524  1807 W ActivityManager: Unable to start service Intent { act=android.service.appprediction.AppPredictionService cmp=com.google.android.as/com.google.android.apps.miphone.aiai.app.AiAiPredictionService } U=0: not found
10-24 23:40:46.307   524  1807 W RemoteAppPredictionService: could not bind to Intent { act=android.service.appprediction.AppPredictionService cmp=com.google.android.as/com.google.android.apps.miphone.aiai.app.AiAiPredictionService } using flags 67108865
10-24 23:40:46.482   524   552 D ArtManagerInternalImpl: /data/misc/iorapd/com.google.android.apps.nexuslauncher/821/com.google.android.apps.nexuslauncher.NexusLauncherActivity/compiled_traces/compiled_trace.pb doesn't exist
10-24 23:40:46.486   524   546 D EventSequenceValidator: dec AccIntentStartedEvents to 1
10-24 23:40:46.494  1753  2133 W ThreadPoolDumper: Queue length for executor EventBus is now 11. Perhaps some tasks are too long, or the pool is too small.
10-24 23:40:46.497  1753  1946 W LocationOracle: No location history returned by ContextManager
10-24 23:40:46.509  1193  2235 W GCoreFlp: No location to return for getLastLocation()
10-24 23:40:46.515  1078  1078 D RecentsOrientedState: current RecentsOrientedState: [this=RecentsOrientedState@9f62c4a mOrientationHandler=PortraitPagedViewHandler@a8b97bb mDisplayRotation=0 mTouchRotation=0 mRecentsActivityRotation=0 isRecentsActivityRotationAllowed=false mSystemRotation=true mFlags=299]
10-24 23:40:46.516  1078  1078 I chatty  : uid=10154(com.google.android.apps.nexuslauncher) identical 2 lines
10-24 23:40:46.516  1078  1078 D RecentsOrientedState: current RecentsOrientedState: [this=RecentsOrientedState@9f62c4a mOrientationHandler=PortraitPagedViewHandler@a8b97bb mDisplayRotation=0 mTouchRotation=0 mRecentsActivityRotation=0 isRecentsActivityRotationAllowed=false mSystemRotation=true mFlags=299]
10-24 23:40:46.523  1753  1753 I BgTaskExecutorImpl: Starting EXCLUSIVE background task TNG_MINUS_ONE_SYNC.
10-24 23:40:46.528  1753  2133 I TngMinusOneSync: Syncing TNG:-1
10-24 23:40:46.528  1753  1960 E MDD     : DownloadProgressMonitor: Can't find file group for uri: android://com.google.android.googlequicksearchbox/files/sharedminusonemodule/shared/SharedMinusOneData.pb.tmp
10-24 23:40:47.063  1078  1078 D TaplEvents: Main / Touch event: MotionEvent { action=ACTION_DOWN, actionButton=0, id[0]=0, x[0]=564.94995, y[0]=1198.9215, toolType[0]=TOOL_TYPE_FINGER, buttonState=0, classification=NONE, metaState=0, flags=0x1, edgeFlags=0x0, pointerCount=1, historySize=0, eventTime=3992692, downTime=3992692, deviceId=8, source=0x5002, displayId=0 }
10-24 23:40:47.128  8715  8715 I Dialer  : CallLogFragment.onStop - enter
10-24 23:40:47.129  8715  8715 I Dialer  : CallLogNotificationsService.cancelAllMissedCalls - enter
10-24 23:40:47.130  8715  8715 I Dialer  : CallLogAdapter.onSaveInstanceState - saved: 0, selectedItemsSize:0
10-24 23:40:47.130  8715  8855 I Dialer  : CallLogNotificationsService.cancelAllMissedCallsBackground - enter
10-24 23:40:47.139   524  1808 W Telecom : MissedCallNotifierImpl: Showing missed calls through default dialer.: TSI.cMCN@DZU
10-24 23:40:47.149  8715  8715 I Dialer  : MissedCallNotificationReceiver.onReceive - enter
10-24 23:40:47.151  8715  8715 I Dialer  : DialerExecutorModule.newThread - creating low priority thread
10-24 23:40:47.152  8715  9241 I Dialer  : MissedCallNotifier.updateMissedCallNotification - enter
10-24 23:40:47.164  1078  1078 D TaplEvents: Main / Touch event: MotionEvent { action=ACTION_UP, actionButton=0, id[0]=0, x[0]=599.9524, y[0]=590.9271, toolType[0]=TOOL_TYPE_FINGER, buttonState=0, classification=NONE, metaState=0, flags=0x1, edgeFlags=0x0, pointerCount=1, historySize=0, eventTime=3992797, downTime=3992692, deviceId=8, source=0x5002, displayId=0 }
10-24 23:40:47.179  8715  8715 I Dialer  : MissedCallNotificationReceiver.onReceive - update missed call notifications successful
10-24 23:40:47.180  8715  8715 I Dialer  : MissedCallNotificationReceiver.updateBadgeCount - update badge count: 0 success: false
10-24 23:40:47.838  1255  1376 I PeriodicStatsRunner: PeriodicStatsRunner.call():180 call()
10-24 23:40:47.839  1255  1376 I PeriodicStatsRunner: PeriodicStatsRunner.call():184 No submit PeriodicStats since input started.
10-24 23:40:48.625  1078  1078 D TaplEvents: Main / Touch event: MotionEvent { action=ACTION_DOWN, actionButton=0, id[0]=0, x[0]=312.97852, y[0]=794.9487, toolType[0]=TOOL_TYPE_FINGER, buttonState=0, classification=NONE, metaState=0, flags=0x1, edgeFlags=0x0, pointerCount=1, historySize=0, eventTime=3994260, downTime=3994260, deviceId=8, source=0x5002, displayId=0 }
10-24 23:40:48.690  1078  1078 D TaplEvents: Main / Touch event: MotionEvent { action=ACTION_UP, actionButton=0, id[0]=0, x[0]=312.97852, y[0]=794.9487, toolType[0]=TOOL_TYPE_FINGER, buttonState=0, classification=NONE, metaState=0, flags=0x1, edgeFlags=0x0, pointerCount=1, historySize=0, eventTime=3994325, downTime=3994260, deviceId=8, source=0x5002, displayId=0 }
10-24 23:40:48.705  1078  1078 D TaplEvents: Main / start: startAppShortcutOrInfoActivity
10-24 23:40:48.706   524  1394 I ActivityTaskManager: START u0 {act=android.intent.action.MAIN cat=[android.intent.category.LAUNCHER] flg=0x10200000 cmp=com.google.android.documentsui/com.android.documentsui.LauncherActivity bnds=[238,654][439,965]} from uid 10154
10-24 23:40:48.707   524   546 D EventSequenceValidator: inc AccIntentStartedEvents to 2
10-24 23:40:48.710   430   430 I perfetto: ing_service_impl.cc:758 Configured tracing session 110, #sources:1, duration:5000 ms, #buffers:1, total buffer size:4096 KB, total sessions:2, uid:1071 session name: ""
10-24 23:40:48.710   419   419 I perfetto: probes_producer.cc:230  Ftrace setup (target_buf=110)
10-24 23:40:48.713   524   524 W ActivityManager: Unable to start service Intent { act=android.service.appprediction.AppPredictionService cmp=com.google.android.as/com.google.android.apps.miphone.aiai.app.AiAiPredictionService } U=0: not found
10-24 23:40:48.713   524   524 W RemoteAppPredictionService: could not bind to Intent { act=android.service.appprediction.AppPredictionService cmp=com.google.android.as/com.google.android.apps.miphone.aiai.app.AiAiPredictionService } using flags 67108865
10-24 23:40:48.714   524  1394 W ActivityTaskManager: Tried to set launchTime (0) < mLastActivityLaunchTime (3932570)
10-24 23:40:48.729  9105  9105 D LauncherActivity: Restoring existing task > //com.android.documentsui.launchControl#1761323986911
10-24 23:40:48.729   524  1387 I ActivityTaskManager: START u0 {dat=//com.android.documentsui.launchControl flg=0x10280000 cmp=com.google.android.documentsui/com.android.documentsui.files.FilesActivity (has extras)} from uid 10083
10-24 23:40:48.748  9105  9105 D AbstractActionHandler: Loader has finished for: content://com.android.providers.media.documents/document/images_bucket%3A-1617409521
10-24 23:40:48.748  9105  9105 I Model   : Updating model with new result set.
10-24 23:40:48.748  9105  9105 D DirectoryFragment: Received model update. Loading=false
10-24 23:40:48.751  9105  9248 D ProvidersAccess: Matched roots: [Root{userId=0, authority=null, rootId=null, title=Recent, isUsb=false, isSd=false, isMtp=false} @ content:/root/null, Root{userId=0, authority=com.android.externalstorage.documents, rootId=0000-0000, title=SDCARD, isUsb=false, isSd=true, isMtp=false} @ content://com.android.externalstorage.documents/root/0000-0000, Root{userId=0, authority=com.android.externalstorage.documents, rootId=primary, title=sdk_gphone_x86, isUsb=false, isSd=false, isMtp=false} @ content://com.android.externalstorage.documents/root/primary, Root{userId=0, authority=com.android.providers.downloads.documents, rootId=downloads, title=Downloads, isUsb=false, isSd=false, isMtp=false} @ content://com.android.providers.downloads.documents/root/downloads, Root{userId=0, authority=com.android.providers.media.documents, rootId=images_root, title=Images, isUsb=false, isSd=false, isMtp=false} @ content://com.android.providers.media.documents/root/images_root, Root{userId=0, authority=com.android.providers.media.documents, rootId=videos_root, title=Videos, isUsb=false, isSd=false, isMtp=false} @ content://com.android.providers.media.documents/root/videos_root, Root{userId=0, authority=com.android.providers.media.documents, rootId=audio_root, title=Audio, isUsb=false, isSd=false, isMtp=false} @ content://com.android.providers.media.documents/root/audio_root, Root{userId=0, authority=com.android.providers.media.documents, rootId=documents_root, title=Documents, isUsb=false, isSd=false, isMtp=false} @ content://com.android.providers.media.documents/root/documents_root]
10-24 23:40:48.784  9105  9129 I ProvidersCache: Provider returned no roots. Possibly naughty: com.google.android.apps.docs.storage
10-24 23:40:48.869   524   552 D ArtManagerInternalImpl: /data/misc/iorapd/com.google.android.documentsui/300900700/com.android.documentsui.files.FilesActivity/compiled_traces/compiled_trace.pb doesn't exist
10-24 23:40:48.871   524   552 I ActivityTaskManager: Displayed com.google.android.documentsui/com.android.documentsui.files.FilesActivity: +160ms
10-24 23:40:48.880   524   546 D EventSequenceValidator: dec AccIntentStartedEvents to 1
10-24 23:40:48.888  9105  9248 D ProvidersAccess: Matched roots: [Root{userId=0, authority=null, rootId=null, title=Recent, isUsb=false, isSd=false, isMtp=false} @ content:/root/null, Root{userId=0, authority=com.android.externalstorage.documents, rootId=0000-0000, title=SDCARD, isUsb=false, isSd=true, isMtp=false} @ content://com.android.externalstorage.documents/root/0000-0000, Root{userId=0, authority=com.android.externalstorage.documents, rootId=primary, title=sdk_gphone_x86, isUsb=false, isSd=false, isMtp=false} @ content://com.android.externalstorage.documents/root/primary, Root{userId=0, authority=com.android.providers.downloads.documents, rootId=downloads, title=Downloads, isUsb=false, isSd=false, isMtp=false} @ content://com.android.providers.downloads.documents/root/downloads, Root{userId=0, authority=com.android.providers.media.documents, rootId=images_root, title=Images, isUsb=false, isSd=false, isMtp=false} @ content://com.android.providers.media.documents/root/images_root, Root{userId=0, authority=com.android.providers.media.documents, rootId=videos_root, title=Videos, isUsb=false, isSd=false, isMtp=false} @ content://com.android.providers.media.documents/root/videos_root, Root{userId=0, authority=com.android.providers.media.documents, rootId=audio_root, title=Audio, isUsb=false, isSd=false, isMtp=false} @ content://com.android.providers.media.documents/root/audio_root, Root{userId=0, authority=com.android.providers.media.documents, rootId=documents_root, title=Documents, isUsb=false, isSd=false, isMtp=false} @ content://com.android.providers.media.documents/root/documents_root]
10-24 23:40:48.922   314   371 W EmuHWC2 : validate: layer 284 CompositionType 1, fallback
10-24 23:40:48.924   314   371 W EmuHWC2 : No layers, exit, buffer 0xf3f81090
10-24 23:40:48.938   314   371 W EmuHWC2 : validate: layer 284 CompositionType 1, fallback
10-24 23:40:48.940   314   371 W EmuHWC2 : No layers, exit, buffer 0xf3f81390
10-24 23:40:48.956   314   371 W EmuHWC2 : validate: layer 284 CompositionType 1, fallback
10-24 23:40:48.958   314   371 W EmuHWC2 : No layers, exit, buffer 0xf3f81090
10-24 23:40:48.971   314   371 W EmuHWC2 : validate: layer 284 CompositionType 1, fallback
10-24 23:40:48.973   314   371 W EmuHWC2 : No layers, exit, buffer 0xf3f81390
10-24 23:40:48.987   314   371 W EmuHWC2 : validate: layer 284 CompositionType 1, fallback
10-24 23:40:48.989   314   371 W EmuHWC2 : No layers, exit, buffer 0xf3f81090
10-24 23:40:49.005   314   371 W EmuHWC2 : validate: layer 284 CompositionType 1, fallback
10-24 23:40:49.007   314   371 W EmuHWC2 : No layers, exit, buffer 0xf3f81390
10-24 23:40:49.020   314   371 W EmuHWC2 : validate: layer 284 CompositionType 1, fallback
10-24 23:40:49.022   314   371 W EmuHWC2 : No layers, exit, buffer 0xf3f81090
10-24 23:40:49.038   314   371 W EmuHWC2 : validate: layer 284 CompositionType 1, fallback
10-24 23:40:49.040   314   371 W EmuHWC2 : No layers, exit, buffer 0xf3f81390
10-24 23:40:49.055   314   371 W EmuHWC2 : validate: layer 284 CompositionType 1, fallback
10-24 23:40:49.057   314   371 W EmuHWC2 : No layers, exit, buffer 0xf3f81090
10-24 23:40:49.071   314   371 W EmuHWC2 : validate: layer 284 CompositionType 1, fallback
10-24 23:40:49.073   314   371 W EmuHWC2 : No layers, exit, buffer 0xf3f81390
10-24 23:40:49.087   314   371 W EmuHWC2 : validate: layer 284 CompositionType 1, fallback
10-24 23:40:49.089   314   371 W EmuHWC2 : No layers, exit, buffer 0xf3f81090
10-24 23:40:49.105   314   371 W EmuHWC2 : validate: layer 284 CompositionType 1, fallback
10-24 23:40:49.107   314   371 W EmuHWC2 : No layers, exit, buffer 0xf3f81390
10-24 23:40:49.122   314   371 W EmuHWC2 : validate: layer 284 CompositionType 1, fallback
10-24 23:40:49.124   314   371 W EmuHWC2 : No layers, exit, buffer 0xf3f81090
10-24 23:40:49.138   314   371 W EmuHWC2 : validate: layer 284 CompositionType 1, fallback
10-24 23:40:49.140   314   371 W EmuHWC2 : No layers, exit, buffer 0xf3f81390
10-24 23:40:49.155   314   371 W EmuHWC2 : validate: layer 284 CompositionType 1, fallback
10-24 23:40:49.157   314   371 W EmuHWC2 : No layers, exit, buffer 0xf3f81090
10-24 23:40:49.170   314   371 W EmuHWC2 : validate: layer 284 CompositionType 1, fallback
10-24 23:40:49.172   314   371 W EmuHWC2 : No layers, exit, buffer 0xf3f81390
10-24 23:40:49.188   314   371 W EmuHWC2 : validate: layer 284 CompositionType 1, fallback
10-24 23:40:49.194   314   371 W EmuHWC2 : No layers, exit, buffer 0xf3f81090
10-24 23:40:49.205   314   371 W EmuHWC2 : validate: layer 284 CompositionType 1, fallback
10-24 23:40:49.207   314   371 W EmuHWC2 : No layers, exit, buffer 0xf3f81390
10-24 23:40:49.221   314   371 W EmuHWC2 : validate: layer 284 CompositionType 1, fallback
10-24 23:40:49.223   314   371 W EmuHWC2 : No layers, exit, buffer 0xf3f81090
10-24 23:40:49.237   314   371 W EmuHWC2 : validate: layer 284 CompositionType 1, fallback
10-24 23:40:49.239   314   371 W EmuHWC2 : No layers, exit, buffer 0xf3f81390
10-24 23:40:49.254   314   371 W EmuHWC2 : validate: layer 284 CompositionType 1, fallback
10-24 23:40:49.256   314   371 W EmuHWC2 : No layers, exit, buffer 0xf3f81090
10-24 23:40:49.320   380   380 E Layer   : [Surface(name=Task=64)/@0x55cc73f - animation-leash#0] No local sync point found
10-24 23:40:49.321   380   380 E Layer   : [Surface(name=Task=64)/@0x55cc73f - animation-leash#0] No local sync point found
10-24 23:40:49.321   380   380 E Layer   : [Surface(name=Task=1)/@0xc554124 - animation-leash#0] No local sync point found
10-24 23:40:49.321   380   380 E Layer   : [Surface(name=Task=1)/@0xc554124 - animation-leash#0] No local sync point found
10-24 23:40:49.344  1753  8655 I PBSessionCacheImpl: Deleted sessionId[7711536854049048] from persistence.
10-24 23:40:49.348   524  1808 D WifiNl80211Manager: Scan result ready event
10-24 23:40:49.348   524  1808 D WifiNative: Scan result ready event
10-24 23:40:49.350  1753  2133 W SearchServiceCore: Abort, client detached.
10-24 23:40:50.320  9105  9105 D ActionModeController: Starting action mode.
10-24 23:40:50.331  9105  9105 D ContentLock: monitor listener, is locked : true
10-24 23:40:50.332   345   345 I android.hardware.vibrator-service.example: Vibrator reporting capabilities
10-24 23:40:50.333   345   345 I android.hardware.vibrator-service.example: Vibrator off
10-24 23:40:50.334   345   345 I android.hardware.vibrator-service.example: Vibrator perform
10-24 23:40:50.334   524  1807 E VibratorService: Failed to issue command to vibrator HAL. Retrying.
10-24 23:40:50.334   181   181 I servicemanager: Found android.hardware.vibrator.IVibrator/default in device VINTF manifest.
10-24 23:40:50.334   345   345 I android.hardware.vibrator-service.example: Vibrator perform
10-24 23:40:50.335   524  1807 E VibratorService: Failed to issue command to vibrator HAL. Retrying.
10-24 23:40:50.335   181   181 I servicemanager: Found android.hardware.vibrator.IVibrator/default in device VINTF manifest.
10-24 23:40:50.336   345   345 I android.hardware.vibrator-service.example: Vibrator on for timeoutMs: 1
10-24 23:40:50.337   345   345 I android.hardware.vibrator-service.example: Vibrator set amplitude: 1
10-24 23:40:50.360   345   345 I android.hardware.vibrator-service.example: Vibrator on for timeoutMs: 21
10-24 23:40:50.360   345   345 I android.hardware.vibrator-service.example: Vibrator set amplitude: 1
10-24 23:40:50.383   345   345 I android.hardware.vibrator-service.example: Vibrator off
10-24 23:40:50.647  9105  9105 D ContentLock: monitor listener, is locked : false
10-24 23:40:50.786  1255  1376 I PeriodicStatsRunner: PeriodicStatsRunner.call():180 call()
10-24 23:40:50.786  1255  1376 I PeriodicStatsRunner: PeriodicStatsRunner.call():184 No submit PeriodicStats since input started.
10-24 23:40:51.284   419   419 I perfetto: probes_producer.cc:329  Producer stop (id=109)
10-24 23:40:51.285   430   430 I perfetto: ng_service_impl.cc:1948 Tracing session 109 ended, total sessions:1
10-24 23:40:51.395  9105  9105 D ActionModeController: Finishing action mode.
10-24 23:40:51.396  9105  9105 D ActionModeController: Handling action mode destroyed.
10-24 23:40:51.588  1255  1376 I PeriodicStatsRunner: PeriodicStatsRunner.call():180 call()
10-24 23:40:51.588  1255  1376 I PeriodicStatsRunner: PeriodicStatsRunner.call():184 No submit PeriodicStats since input started.
10-24 23:40:52.194   524  1807 I system_server: oneway function results will be dropped but finished with status OK and parcel size 4
10-24 23:40:52.204   524  1807 I system_server: oneway function results will be dropped but finished with status OK and parcel size 4
10-24 23:40:52.860  9105  9105 D ActionModeController: Starting action mode.
10-24 23:40:52.866  9105  9105 D ContentLock: monitor listener, is locked : true
10-24 23:40:52.867   345   345 I android.hardware.vibrator-service.example: Vibrator reporting capabilities
10-24 23:40:52.867   345   345 I android.hardware.vibrator-service.example: Vibrator off
10-24 23:40:52.868   345   345 I android.hardware.vibrator-service.example: Vibrator perform
10-24 23:40:52.868   524  1807 E VibratorService: Failed to issue command to vibrator HAL. Retrying.
10-24 23:40:52.868   181   181 I servicemanager: Found android.hardware.vibrator.IVibrator/default in device VINTF manifest.
10-24 23:40:52.869   345   345 I android.hardware.vibrator-service.example: Vibrator perform
10-24 23:40:52.869   524  1807 E VibratorService: Failed to issue command to vibrator HAL. Retrying.
10-24 23:40:52.870   181   181 I servicemanager: Found android.hardware.vibrator.IVibrator/default in device VINTF manifest.
10-24 23:40:52.871   345   345 I android.hardware.vibrator-service.example: Vibrator on for timeoutMs: 1
10-24 23:40:52.871   345   345 I android.hardware.vibrator-service.example: Vibrator set amplitude: 1
10-24 23:40:52.895   345   345 I android.hardware.vibrator-service.example: Vibrator on for timeoutMs: 21
10-24 23:40:52.896   345   345 I android.hardware.vibrator-service.example: Vibrator set amplitude: 1
10-24 23:40:52.918   345   345 I android.hardware.vibrator-service.example: Vibrator off
10-24 23:40:53.100  9105  9105 D ContentLock: monitor listener, is locked : false
10-24 23:40:53.716   419   419 I perfetto: probes_producer.cc:329  Producer stop (id=110)
10-24 23:40:53.717   430   430 I perfetto: ng_service_impl.cc:1948 Tracing session 110 ended, total sessions:0
10-24 23:40:53.718   419   419 I perfetto: ftrace_procfs.cc:183    disabled ftrace
10-24 23:40:53.703     0     0 W perfetto: disabled ftrace
10-24 23:40:53.933  1255  1376 I PeriodicStatsRunner: PeriodicStatsRunner.call():180 call()
10-24 23:40:53.933  1255  1376 I PeriodicStatsRunner: PeriodicStatsRunner.call():184 No submit PeriodicStats since input started.
10-24 23:40:54.084   524  1808 I system_server: oneway function results will be dropped but finished with status OK and parcel size 4
10-24 23:40:54.085   524  1808 I chatty  : uid=1000(system) Binder:524_15 identical 1 line
10-24 23:40:54.086   524  1808 I system_server: oneway function results will be dropped but finished with status OK and parcel size 4
10-24 23:40:55.123  9105  9105 D ActionModeController: Handling action mode destroyed.
10-24 23:40:55.125  9105  9105 D FileOperations: Handling generic 'start' call.
10-24 23:40:55.131   524  1807 D CompatibilityChangeReporter: Compat change id reported: 135634846; UID 10083; state: DISABLED
10-24 23:40:55.131   524   554 D CompatibilityChangeReporter: Compat change id reported: 143937733; UID 10083; state: ENABLED
10-24 23:40:55.133  9105  9130 D OpenGLRenderer: endAllActiveAnimators on 0xe170d250 (RippleDrawable) with handle 0xb764fcd0
10-24 23:40:55.139   297   297 D Zygote  : Forked child process 9254
10-24 23:40:55.142   524   554 I ActivityManager: Start proc 9254:com.google.android.documentsui:com.android.documentsui.services/u0a83 for service {com.google.android.documentsui/com.android.documentsui.services.FileOperationService}
10-24 23:40:55.142  9254  9254 W entsui.service: Unexpected CPU variant for X86 using defaults: x86
10-24 23:40:55.149   392   464 D AudioFlinger: mixer(0xedd13030) throttle end: throttle time(35)
10-24 23:40:55.152  4518  4524 I adbd    : jdwp connection from 9254
10-24 23:40:55.183  9254  9254 I entsui.service: The ClassLoaderContext is a special shared library.
10-24 23:40:55.189  9254  9254 D NetworkSecurityConfig: No Network Security Config specified, using platform default
10-24 23:40:55.189  9254  9254 D NetworkSecurityConfig: No Network Security Config specified, using platform default
10-24 23:40:55.235  9254  9254 D FileOperationService: Created.
10-24 23:40:55.241  9254  9254 D FileOperationService: onStartCommand: 4000761-0 with serviceId 1
10-24 23:40:55.245  9254  9254 D FileOperationService: Scheduling job 4000761-0.
10-24 23:40:55.255  9254  9277 I ProvidersCache: Provider returned no roots. Possibly naughty: com.google.android.apps.docs.storage
10-24 23:40:55.274  9254  9279 D FileOperationService: onStart: 4000761-0
10-24 23:40:55.276  9254  9279 D FileOperationService: Set foreground job to 4000761-0
10-24 23:40:55.278  9254  9254 D DocumentsApplication: OverlayManager.setEnabled() result: true
10-24 23:40:55.278   524  1394 D CompatibilityChangeReporter: Compat change id reported: 136219221; UID 10083; state: ENABLED
10-24 23:40:55.296  9254  9279 D DeleteJob: Deleting document @ content://com.android.providers.media.documents/document/image%3A77
10-24 23:40:55.305  9105  9152 D CompatibilityChangeReporter: Compat change id reported: 150939131; UID 10083; state: ENABLED
10-24 23:40:55.314  9105  9105 D Documents: Content updated.
10-24 23:40:55.314  9105  9105 D ContentLock: run when unlock, is locked : false
10-24 23:40:55.318  9254  9279 D FileOperationService: onFinished: 4000761-0
10-24 23:40:55.318  9254  9279 D FileOperationService: deleteJob: 4000761-0
10-24 23:40:55.318  9254  9254 D CompatibilityChangeReporter: Compat change id reported: 150939131; UID 10083; state: ENABLED
10-24 23:40:55.319  9254  9254 I ProvidersCache: Updating roots due to change on user 0at content://com.android.providers.media.documents/root
10-24 23:40:55.319  9254  9279 D FileOperationService: Stop foreground
10-24 23:40:55.321  9105  9105 I ProvidersCache: Updating roots due to change on user 0at content://com.android.providers.media.documents/root
10-24 23:40:55.331  9254  9254 D FileOperationService: Canceling notification for 4000761-0
10-24 23:40:55.332  9254  9254 D FileOperationService: Shutting down. Last serviceId was 1
10-24 23:40:55.332  9254  9254 D FileOperationService: Stopping service: true
10-24 23:40:55.333  9254  9254 D FileOperationService: Shutting down executor.
10-24 23:40:55.333  9254  9254 D FileOperationService: Destroyed.
10-24 23:40:55.348  9105  9105 D AbstractActionHandler: Loader has finished for: content://com.android.providers.media.documents/document/images_bucket%3A-1617409521
10-24 23:40:55.348  9105  9105 I Model   : Updating model with new result set.
10-24 23:40:55.349  9254  9277 I ProvidersCache: Provider returned no roots. Possibly naughty: com.google.android.apps.docs.storage
10-24 23:40:55.349  9105  9105 D DirectoryFragment: Received model update. Loading=false
10-24 23:40:55.365  9105  9248 I ProvidersCache: Provider returned no roots. Possibly naughty: com.google.android.apps.docs.storage
10-24 23:40:55.386  9105  9281 D ProvidersAccess: Matched roots: [Root{userId=0, authority=null, rootId=null, title=Recent, isUsb=false, isSd=false, isMtp=false} @ content:/root/null, Root{userId=0, authority=com.android.externalstorage.documents, rootId=0000-0000, title=SDCARD, isUsb=false, isSd=true, isMtp=false} @ content://com.android.externalstorage.documents/root/0000-0000, Root{userId=0, authority=com.android.externalstorage.documents, rootId=primary, title=sdk_gphone_x86, isUsb=false, isSd=false, isMtp=false} @ content://com.android.externalstorage.documents/root/primary, Root{userId=0, authority=com.android.providers.downloads.documents, rootId=downloads, title=Downloads, isUsb=false, isSd=false, isMtp=false} @ content://com.android.providers.downloads.documents/root/downloads, Root{userId=0, authority=com.android.providers.media.documents, rootId=images_root, title=Images, isUsb=false, isSd=false, isMtp=false} @ content://com.android.providers.media.documents/root/images_root, Root{userId=0, authority=com.android.providers.media.documents, rootId=videos_root, title=Videos, isUsb=false, isSd=false, isMtp=false} @ content://com.android.providers.media.documents/root/videos_root, Root{userId=0, authority=com.android.providers.media.documents, rootId=audio_root, title=Audio, isUsb=false, isSd=false, isMtp=false} @ content://com.android.providers.media.documents/root/audio_root, Root{userId=0, authority=com.android.providers.media.documents, rootId=documents_root, title=Documents, isUsb=false, isSd=false, isMtp=false} @ content://com.android.providers.media.documents/root/documents_root]
10-24 23:40:55.484   524   524 D NotificationService: 0|com.google.android.documentsui|1|null|10083: granting content://settings/system/notification_sound
10-24 23:40:55.485   524   524 I chatty  : uid=1000(system) Binder:524_3 identical 2 lines
10-24 23:40:55.485   524   524 D NotificationService: 0|com.google.android.documentsui|1|null|10083: granting content://settings/system/notification_sound
10-24 23:40:55.486   524   524 W NotificationHistory: Attempted to add notif for locked/gone/disabled user 0
10-24 23:40:55.498   702   702 D InterruptionStateProvider: No bubble up: not allowed to bubble: 0|com.google.android.documentsui|1|null|10083
10-24 23:40:55.498   702   702 D InterruptionStateProvider: No heads up: unimportant notification: 0|com.google.android.documentsui|1|null|10083
10-24 23:40:56.485   524   543 D AutofillManagerService: Close system dialogs
10-24 23:40:56.486   702   702 V ShadeControllerImpl: NotificationShadeWindow: com.android.systemui.statusbar.phone.NotificationShadeWindowView{f018b61 I.E...... ......ID 0,0-1080,2340} canPanelBeCollapsed(): false
10-24 23:40:56.487   524   546 D EventSequenceValidator: inc AccIntentStartedEvents to 2
10-24 23:40:56.487   524   544 I ActivityTaskManager: START u0 {act=android.intent.action.MAIN cat=[android.intent.category.HOME] flg=0x10000100 cmp=com.google.android.apps.nexuslauncher/.NexusLauncherActivity (has extras)} from uid 0
10-24 23:40:56.490   430   430 I perfetto: ing_service_impl.cc:758 Configured tracing session 111, #sources:1, duration:5000 ms, #buffers:1, total buffer size:4096 KB, total sessions:1, uid:1071 session name: ""
10-24 23:40:56.490   419   419 I perfetto: probes_producer.cc:230  Ftrace setup (target_buf=111)
10-24 23:40:56.514  1078  1078 D TaplTarget: Launcher.onNewIntent: Intent { act=android.intent.action.MAIN cat=[android.intent.category.HOME] flg=0x10400100 cmp=com.google.android.apps.nexuslauncher/.NexusLauncherActivity (has extras) }
10-24 23:40:56.517   419   419 I perfetto: ftrace_procfs.cc:176    enabled ftrace
10-24 23:40:56.521   524   543 D AutofillManagerService: Close system dialogs
10-24 23:40:56.523   524  1808 W ActivityManager: Unable to start service Intent { act=android.service.appprediction.AppPredictionService cmp=com.google.android.as/com.google.android.apps.miphone.aiai.app.AiAiPredictionService } U=0: not found
10-24 23:40:56.524   524  1808 W RemoteAppPredictionService: could not bind to Intent { act=android.service.appprediction.AppPredictionService cmp=com.google.android.as/com.google.android.apps.miphone.aiai.app.AiAiPredictionService } using flags 67108865
10-24 23:40:56.525   702   702 V ShadeControllerImpl: NotificationShadeWindow: com.android.systemui.statusbar.phone.NotificationShadeWindowView{f018b61 I.E...... ......ID 0,0-1080,2340} canPanelBeCollapsed(): false
10-24 23:40:56.502     0     0 W perfetto: enabled ftrace
10-24 23:40:56.711  1753  2133 W ThreadPoolDumper: Queue length for executor EventBus is now 11. Perhaps some tasks are too long, or the pool is too small.
10-24 23:40:56.724  1753  1946 W LocationOracle: No location history returned by ContextManager
10-24 23:40:56.741   524   552 D ArtManagerInternalImpl: /data/misc/iorapd/com.google.android.apps.nexuslauncher/821/com.google.android.apps.nexuslauncher.NexusLauncherActivity/compiled_traces/compiled_trace.pb doesn't exist
10-24 23:40:56.754   524   546 D EventSequenceValidator: dec AccIntentStartedEvents to 1
10-24 23:40:56.781  1753  1962 E MDD     : DownloadProgressMonitor: Can't find file group for uri: android://com.google.android.googlequicksearchbox/files/sharedminusonemodule/shared/SharedMinusOneData.pb.tmp
10-24 23:40:56.786  1753  1753 I BgTaskExecutorImpl: Starting EXCLUSIVE background task TNG_MINUS_ONE_SYNC.
10-24 23:40:56.786  1078  1078 D RecentsOrientedState: current RecentsOrientedState: [this=RecentsOrientedState@9f62c4a mOrientationHandler=PortraitPagedViewHandler@a8b97bb mDisplayRotation=0 mTouchRotation=0 mRecentsActivityRotation=0 isRecentsActivityRotationAllowed=false mSystemRotation=true mFlags=299]
10-24 23:40:56.786  1078  1078 I chatty  : uid=10154(com.google.android.apps.nexuslauncher) identical 2 lines
10-24 23:40:56.786  1078  1078 D RecentsOrientedState: current RecentsOrientedState: [this=RecentsOrientedState@9f62c4a mOrientationHandler=PortraitPagedViewHandler@a8b97bb mDisplayRotation=0 mTouchRotation=0 mRecentsActivityRotation=0 isRecentsActivityRotationAllowed=false mSystemRotation=true mFlags=299]
