10-24 23:52:03.584   702   702 V ShadeControllerImpl: NotificationShadeWindow: com.android.systemui.statusbar.phone.NotificationShadeWindowView{f018b61 I.E...... ......ID 0,0-1080,2340} canPanelBeCollapsed(): false
10-24 23:52:03.585   524   631 W ActivityManager: Unable to start service Intent { act=android.service.appprediction.AppPredictionService cmp=com.google.android.as/com.google.android.apps.miphone.aiai.app.AiAiPredictionService } U=0: not found
10-24 23:52:03.585   524   631 W RemoteAppPredictionService: could not bind to Intent { act=android.service.appprediction.AppPredictionService cmp=com.google.android.as/com.google.android.apps.miphone.aiai.app.AiAiPredictionService } using flags 67108865
10-24 23:52:03.721  1753  2133 W ThreadPoolDumper: Queue length for executor EventBus is now 11. Perhaps some tasks are too long, or the pool is too small.
10-24 23:52:03.730  1753  1962 W LocationOracle: No location history returned by ContextManager
10-24 23:52:03.778   524   552 D ArtManagerInternalImpl: /data/misc/iorapd/com.google.android.apps.nexuslauncher/821/com.google.android.apps.nexuslauncher.NexusLauncherActivity/compiled_traces/compiled_trace.pb doesn't exist
10-24 23:52:03.791   524   546 D EventSequenceValidator: dec AccIntentStartedEvents to 1
10-24 23:52:03.797  1753  1753 I BgTaskExecutorImpl: Starting EXCLUSIVE background task TNG_MINUS_ONE_SYNC.
10-24 23:52:03.801  1753  1960 E MDD     : DownloadProgressMonitor: Can't find file group for uri: android://com.google.android.googlequicksearchbox/files/sharedminusonemodule/shared/SharedMinusOneData.pb.tmp
10-24 23:52:03.815  1078  1078 D RecentsOrientedState: current RecentsOrientedState: [this=RecentsOrientedState@9f62c4a mOrientationHandler=PortraitPagedViewHandler@a8b97bb mDisplayRotation=0 mTouchRotation=0 mRecentsActivityRotation=0 isRecentsActivityRotationAllowed=false mSystemRotation=true mFlags=299]
10-24 23:52:03.815  1078  1078 I chatty  : uid=10154(com.google.android.apps.nexuslauncher) identical 2 lines
10-24 23:52:03.815  1078  1078 D RecentsOrientedState: current RecentsOrientedState: [this=RecentsOrientedState@9f62c4a mOrientationHandler=PortraitPagedViewHandler@a8b97bb mDisplayRotation=0 mTouchRotation=0 mRecentsActivityRotation=0 isRecentsActivityRotationAllowed=false mSystemRotation=true mFlags=299]
10-24 23:52:03.816  1193  2235 W GCoreFlp: No location to return for getLastLocation()
10-24 23:52:03.828  1753  2133 I TngMinusOneSync: Syncing TNG:-1
10-24 23:52:03.853  1078  1096 W System  : A resource failed to call release. 
10-24 23:52:03.875  1078  1096 I chatty  : uid=10154(com.google.android.apps.nexuslauncher) FinalizerDaemon identical 2 lines
10-24 23:52:03.875  1078  1096 W System  : A resource failed to call release. 
10-24 23:52:04.251  1078  1078 D TaplEvents: Main / Touch event: MotionEvent { action=ACTION_DOWN, actionButton=0, id[0]=0, x[0]=716.9568, y[0]=963.9075, toolType[0]=TOOL_TYPE_FINGER, buttonState=0, classification=NONE, metaState=0, flags=0x1, edgeFlags=0x0, pointerCount=1, historySize=0, eventTime=4669886, downTime=4669886, deviceId=8, source=0x5002, displayId=0 }
10-24 23:52:04.331   524  4228 D HostConnection: HostConnection::get() New Host Connection established 0xaf181dd0, tid 4228
10-24 23:52:04.335   524  4228 D HostConnection: HostComposition ext ANDROID_EMU_CHECKSUM_HELPER_v1 ANDROID_EMU_native_sync_v2 ANDROID_EMU_native_sync_v3 ANDROID_EMU_native_sync_v4 ANDROID_EMU_dma_v1 ANDROID_EMU_direct_mem ANDROID_EMU_host_composition_v1 ANDROID_EMU_host_composition_v2 ANDROID_EMU_vulkan ANDROID_EMU_deferred_vulkan_commands ANDROID_EMU_vulkan_null_optional_strings ANDROID_EMU_vulkan_create_resources_with_requirements ANDROID_EMU_YUV_Cache ANDROID_EMU_vulkan_ignored_handles ANDROID_EMU_has_shared_slots_host_memory_allocator ANDROID_EMU_vulkan_free_memory_sync ANDROID_EMU_vulkan_shader_float16_int8 ANDROID_EMU_vulkan_async_queue_submit ANDROID_EMU_sync_buffer_data ANDROID_EMU_vulkan_async_qsri ANDROID_EMU_read_color_buffer_dma GL_OES_vertex_array_object GL_KHR_texture_compression_astc_ldr ANDROID_EMU_host_side_tracing ANDROID_EMU_gles_max_version_2 
10-24 23:52:04.336   524  4228 W OpenGLRenderer: Failed to choose config with EGL_SWAP_BEHAVIOR_PRESERVED, retrying without...
10-24 23:52:04.360   524  4228 D EGL_emulation: eglCreateContext: 0xe7b3f630: maj 2 min 0 rcv 2
10-24 23:52:04.401   524  4228 D EGL_emulation: eglMakeCurrent: 0xe7b3f630: ver 2 0 (tinfo 0xaf7af6d0) (first time)
10-24 23:52:04.411  1078  1078 D TaplEvents: Main / Touch event: MotionEvent { action=ACTION_UP, actionButton=0, id[0]=0, x[0]=710.95825, y[0]=435.96497, toolType[0]=TOOL_TYPE_FINGER, buttonState=0, classification=NONE, metaState=0, flags=0x1, edgeFlags=0x0, pointerCount=1, historySize=0, eventTime=4670007, downTime=4669886, deviceId=8, source=0x5002, displayId=0 }
10-24 23:52:07.172   524  3622 I system_server: oneway function results will be dropped but finished with status OK and parcel size 4
10-24 23:52:07.181   524  3622 I system_server: oneway function results will be dropped but finished with status OK and parcel size 4
10-24 23:52:08.005  1255  1376 I PeriodicStatsRunner: PeriodicStatsRunner.call():180 call()
10-24 23:52:08.005  1255  1376 I PeriodicStatsRunner: PeriodicStatsRunner.call():184 No submit PeriodicStats since input started.
10-24 23:52:08.560   419   419 I perfetto: probes_producer.cc:329  Producer stop (id=126)
10-24 23:52:08.562   430   430 I perfetto: ng_service_impl.cc:1948 Tracing session 126 ended, total sessions:0
10-24 23:52:08.562   419   419 I perfetto: ftrace_procfs.cc:183    disabled ftrace
10-24 23:52:08.547     0     0 W perfetto: disabled ftrace
10-24 23:52:08.875  1255  1376 I PeriodicStatsRunner: PeriodicStatsRunner.call():180 call()
10-24 23:52:08.875  1255  1376 I PeriodicStatsRunner: PeriodicStatsRunner.call():184 No submit PeriodicStats since input started.
10-24 23:52:09.967   524   543 D AutofillManagerService: Close system dialogs
10-24 23:52:09.968   702   702 V ShadeControllerImpl: NotificationShadeWindow: com.android.systemui.statusbar.phone.NotificationShadeWindowView{f018b61 I.E...... ......ID 0,0-1080,2340} canPanelBeCollapsed(): false
10-24 23:52:09.969   524   546 D EventSequenceValidator: inc AccIntentStartedEvents to 2
10-24 23:52:09.969   524   544 I ActivityTaskManager: START u0 {act=android.intent.action.MAIN cat=[android.intent.category.HOME] flg=0x10000100 cmp=com.google.android.apps.nexuslauncher/.NexusLauncherActivity (has extras)} from uid 0
10-24 23:52:09.970  1078  1078 D TaplTarget: Launcher.onNewIntent: Intent { act=android.intent.action.MAIN cat=[android.intent.category.HOME] flg=0x10000100 cmp=com.google.android.apps.nexuslauncher/.NexusLauncherActivity (has extras) }
10-24 23:52:09.973   430   430 I perfetto: ing_service_impl.cc:758 Configured tracing session 127, #sources:1, duration:5000 ms, #buffers:1, total buffer size:4096 KB, total sessions:1, uid:1071 session name: ""
10-24 23:52:09.973   524   546 D EventSequenceValidator: dec AccIntentStartedEvents to 1
10-24 23:52:09.973   524   543 D AutofillManagerService: Close system dialogs
10-24 23:52:09.975   419   419 I perfetto: probes_producer.cc:230  Ftrace setup (target_buf=127)
10-24 23:52:09.976   702   702 V ShadeControllerImpl: NotificationShadeWindow: com.android.systemui.statusbar.phone.NotificationShadeWindowView{f018b61 I.E...... ......ID 0,0-1080,2340} canPanelBeCollapsed(): false
10-24 23:52:09.976   524   872 W ActivityManager: Unable to start service Intent { act=android.service.appprediction.AppPredictionService cmp=com.google.android.as/com.google.android.apps.miphone.aiai.app.AiAiPredictionService } U=0: not found
10-24 23:52:09.977   524   872 W RemoteAppPredictionService: could not bind to Intent { act=android.service.appprediction.AppPredictionService cmp=com.google.android.as/com.google.android.apps.miphone.aiai.app.AiAiPredictionService } using flags 67108865
10-24 23:52:10.006   419   419 I perfetto: ftrace_procfs.cc:176    enabled ftrace
10-24 23:52:09.991     0     0 W perfetto: enabled ftrace
10-24 23:52:10.337  1078  1078 D RecentsOrientedState: current RecentsOrientedState: [this=RecentsOrientedState@9f62c4a mOrientationHandler=PortraitPagedViewHandler@a8b97bb mDisplayRotation=0 mTouchRotation=0 mRecentsActivityRotation=0 isRecentsActivityRotationAllowed=false mSystemRotation=true mFlags=299]
10-24 23:52:13.038   524  3622 W UriGrantsManagerService: No permission grants found for com.google.android.apps.photos
10-24 23:52:13.038   524  3622 W UriGrantsManagerService: No permission grants found for com.google.android.apps.photos
10-24 23:52:13.086   524   872 W UriGrantsManagerService: No permission grants found for com.google.android.apps.photos
10-24 23:52:13.086   524   872 W UriGrantsManagerService: No permission grants found for com.google.android.apps.photos
10-24 23:52:13.092   524  3622 W UriGrantsManagerService: No permission grants found for com.google.android.apps.photos
10-24 23:52:13.093   524  3622 W UriGrantsManagerService: No permission grants found for com.google.android.apps.photos
10-24 23:52:13.145   524   872 W UriGrantsManagerService: No permission grants found for com.google.android.apps.photos
10-24 23:52:13.148   524  3622 W UriGrantsManagerService: No permission grants found for com.google.android.apps.photos
10-24 23:52:10.337  1078  1078 I chatty  : uid=10154(com.google.android.apps.nexuslauncher) identical 2 lines
10-24 23:52:10.337  1078  1078 D RecentsOrientedState: current RecentsOrientedState: [this=RecentsOrientedState@9f62c4a mOrientationHandler=PortraitPagedViewHandler@a8b97bb mDisplayRotation=0 mTouchRotation=0 mRecentsActivityRotation=0 isRecentsActivityRotationAllowed=false mSystemRotation=true mFlags=299]
10-24 23:52:14.976   419   419 I perfetto: probes_producer.cc:329  Producer stop (id=127)
10-24 23:52:14.977   430   430 I perfetto: ng_service_impl.cc:1948 Tracing session 127 ended, total sessions:0
10-24 23:52:14.977   419   419 I perfetto: ftrace_procfs.cc:183    disabled ftrace
10-24 23:52:14.962     0     0 W perfetto: disabled ftrace
10-24 23:52:18.364   524  1027 W ActivityManager: Background start not allowed: service Intent { cmp=com.google.android.apps.messaging/.shared.datamodel.action.execution.ActionExecutorImpl$EmptyService (has extras) } to com.google.android.apps.messaging/.shared.datamodel.action.execution.ActionExecutorImpl$EmptyService from pid=9711 uid=10134 pkg=com.google.android.apps.messaging startFg?=false
10-24 23:52:18.430   524  3622 D WifiNl80211Manager: Scan result ready event
10-24 23:52:18.430   524  3622 D WifiNative: Scan result ready event
10-24 23:52:33.108  1325 10209 I GmscoreIpa: Starting mediastore instant index
10-24 23:53:00.002   702   702 D KeyguardClockSwitch: Updating clock: 1153
10-24 23:54:00.004   702   702 D KeyguardClockSwitch: Updating clock: 1154
10-24 23:54:22.698  1078  1078 D TaplEvents: Main / Touch event: MotionEvent { action=ACTION_DOWN, actionButton=0, id[0]=0, x[0]=515.9729, y[0]=1476.925, toolType[0]=TOOL_TYPE_FINGER, buttonState=0, classification=NONE, metaState=0, flags=0x1, edgeFlags=0x0, pointerCount=1, historySize=0, eventTime=4808333, downTime=4808333, deviceId=8, source=0x5002, displayId=0 }
10-24 23:54:22.834  1078  1078 D TaplEvents: Main / Touch event: MotionEvent { action=ACTION_UP, actionButton=0, id[0]=0, x[0]=507.96387, y[0]=880.92773, toolType[0]=TOOL_TYPE_FINGER, buttonState=0, classification=NONE, metaState=0, flags=0x1, edgeFlags=0x0, pointerCount=1, historySize=0, eventTime=4808470, downTime=4808333, deviceId=8, source=0x5002, displayId=0 }
10-24 23:54:26.642  1193  2727 E GmsTaskScheduler: sendWakeUpEvent called on SchedulerClientBroadcastStrategy
10-24 23:54:26.648   215   217 E android.system.suspend@1.0-service: Error opening kernel wakelock stats for: wakeup36: Permission denied
10-24 23:54:26.649  1193  2846 E GmsTaskScheduler: sendWakeUpEvent called on SchedulerClientBroadcastStrategy
10-24 23:54:26.654   215   217 E android.system.suspend@1.0-service: Error opening kernel wakelock stats for: wakeup35: Permission denied
10-24 23:54:26.648   215   215 W Binder:215_1: type=1400 audit(0.0:271): avc: denied { read } for name="wakeup36" dev="sysfs" ino=19537 scontext=u:r:system_suspend:s0 tcontext=u:object_r:sysfs:s0 tclass=dir permissive=0
10-24 23:54:26.652   215   215 W Binder:215_1: type=1400 audit(0.0:272): avc: denied { read } for name="wakeup35" dev="sysfs" ino=19474 scontext=u:r:system_suspend:s0 tcontext=u:object_r:sysfs:s0 tclass=dir permissive=0
10-24 23:54:27.993     0     0 W healthd : battery l=100 v=5000 t=25.0 h=2 st=4 c=900000 fc=300000 cc=10 chg=
10-24 23:54:29.226  1078  1078 D TaplEvents: Main / Touch event: MotionEvent { action=ACTION_DOWN, actionButton=0, id[0]=0, x[0]=145.97534, y[0]=1092.9474, toolType[0]=TOOL_TYPE_FINGER, buttonState=0, classification=NONE, metaState=0, flags=0x1, edgeFlags=0x0, pointerCount=1, historySize=0, eventTime=4814862, downTime=4814862, deviceId=8, source=0x5002, displayId=0 }
10-24 23:54:29.306  1078  1078 D TaplEvents: Main / Touch event: MotionEvent { action=ACTION_UP, actionButton=0, id[0]=0, x[0]=145.97534, y[0]=1092.9474, toolType[0]=TOOL_TYPE_FINGER, buttonState=0, classification=NONE, metaState=0, flags=0x1, edgeFlags=0x0, pointerCount=1, historySize=0, eventTime=4814942, downTime=4814862, deviceId=8, source=0x5002, displayId=0 }
10-24 23:54:29.322  1078  1078 D TaplEvents: Main / start: startAppShortcutOrInfoActivity
10-24 23:54:29.325   524   631 I ActivityTaskManager: START u0 {act=android.intent.action.MAIN cat=[android.intent.category.LAUNCHER] flg=0x10200000 cmp=com.google.android.apps.messaging/.ui.ConversationListActivity bnds=[37,965][238,1276]} from uid 10154
10-24 23:54:29.325   524   546 D EventSequenceValidator: inc AccIntentStartedEvents to 2
10-24 23:54:29.325   524  1027 I system_server: oneway function results will be dropped but finished with status OK and parcel size 4
10-24 23:54:29.326   524  1027 I system_server: oneway function results will be dropped but finished with status OK and parcel size 4
10-24 23:54:29.328   430   430 I perfetto: ing_service_impl.cc:758 Configured tracing session 128, #sources:1, duration:5000 ms, #buffers:1, total buffer size:4096 KB, total sessions:1, uid:1071 session name: ""
10-24 23:54:29.329   419   419 I perfetto: probes_producer.cc:230  Ftrace setup (target_buf=128)
10-24 23:54:29.331   524   524 W ActivityManager: Unable to start service Intent { act=android.service.appprediction.AppPredictionService cmp=com.google.android.as/com.google.android.apps.miphone.aiai.app.AiAiPredictionService } U=0: not found
10-24 23:54:29.331   524   524 W RemoteAppPredictionService: could not bind to Intent { act=android.service.appprediction.AppPredictionService cmp=com.google.android.as/com.google.android.apps.miphone.aiai.app.AiAiPredictionService } using flags 67108865
10-24 23:54:29.337  9711  9711 I BugleDataModel: ParticipantRefresh: Skipped full participant refresh
10-24 23:54:29.347  9711  9711 I AppLifecycleTracker: App transition to foreground
10-24 23:54:29.349  9711  9711 D AppCompatDelegate: updateForNightMode [allowRecreation:true, currentNightMode:16, newNightMode:16, activityHandlingUiMode:false, baseContextAttached:true, created:true, canReturnDifferentContext:true, host:com.google.android.apps.messaging.home.HomeActivity@4897ffc]
10-24 23:54:29.349  9711  9711 D AppCompatDelegate: updateForNightMode. Skipping. Night mode: -1 for host:com.google.android.apps.messaging.home.HomeActivity@4897ffc
10-24 23:54:29.378   392   464 D AudioFlinger: mixer(0xedd13030) throttle end: throttle time(32)
10-24 23:54:29.382  9711  9744 W WM-WorkSpec: Backoff delay duration less than minimum value
10-24 23:54:29.386  9711  9746 I BugleWorkQueue: WorkQueue: took approximately  17  to start processing row for  WorkHandlerProcessingMetaData{src=Executor, type=mark_as_notified, subKey=null, queue=mark_as_notified-, cancellationTag=null, attemptCount=0} ; rowId  51
10-24 23:54:29.404   314   371 W EmuHWC2 : validate: layer 332 CompositionType 1, fallback
10-24 23:54:29.406   314   371 W EmuHWC2 : No layers, exit, buffer 0xf3f81390
10-24 23:54:29.391     0     0 W perfetto: enabled ftrace
10-24 23:54:29.409   419   419 I perfetto: ftrace_procfs.cc:176    enabled ftrace
10-24 23:54:29.416  9711 10220 I BugleNotifications: Refreshing message notifications [CONTEXT for_incoming_messages=true for_failures=true is_silent=false is_quick_reply=false is_smart_reply_update=false ]
10-24 23:54:29.419  9711 10220 W SQLiteLog: (28) double-quoted string literal: ""
10-24 23:54:29.419  9711 10220 I chatty  : uid=10134(com.google.android.apps.messaging) Blocking Thread identical 1 line
10-24 23:54:29.419  9711 10220 W SQLiteLog: (28) double-quoted string literal: ""
10-24 23:54:29.420   314   371 W EmuHWC2 : validate: layer 332 CompositionType 1, fallback
10-24 23:54:29.423  9711 10220 W SQLiteLog: (28) double-quoted string literal: ""
10-24 23:54:29.423  9711 10220 I chatty  : uid=10134(com.google.android.apps.messaging) Blocking Thread identical 1 line
10-24 23:54:29.423  9711 10220 W SQLiteLog: (28) double-quoted string literal: ""
10-24 23:54:29.433   314   371 W EmuHWC2 : No layers, exit, buffer 0xf3f81090
10-24 23:54:29.445  9711  9746 D MddListenableWorkerFactory: createWorker for class: com.google.android.apps.messaging.shared.datamodel.workqueue.WorkQueueWorkerShim
10-24 23:54:29.455   314   371 W EmuHWC2 : validate: layer 332 CompositionType 1, fallback
10-24 23:54:29.465   314   371 W EmuHWC2 : No layers, exit, buffer 0xf3f81390
10-24 23:54:29.471   524   546 D EventSequenceValidator: dec AccIntentStartedEvents to 1
10-24 23:54:29.473   314   371 W EmuHWC2 : validate: layer 333 CompositionType 1, fallback
10-24 23:54:29.473   524   552 D ArtManagerInternalImpl: /data/misc/iorapd/com.google.android.apps.messaging/60117070/com.google.android.apps.messaging.ui.ConversationListActivity/compiled_traces/compiled_trace.pb doesn't exist
10-24 23:54:29.491   314   371 W EmuHWC2 : No layers, exit, buffer 0xf3f81090
10-24 23:54:29.495   314   371 W EmuHWC2 : validate: layer 333 CompositionType 1, fallback
10-24 23:54:29.500   314   371 W EmuHWC2 : No layers, exit, buffer 0xf3f81390
10-24 23:54:29.507   314   371 W EmuHWC2 : validate: layer 333 CompositionType 1, fallback
10-24 23:54:29.512   314   371 W EmuHWC2 : No layers, exit, buffer 0xf3f81090
10-24 23:54:29.521   314   371 W EmuHWC2 : validate: layer 333 CompositionType 1, fallback
10-24 23:54:29.522  9711  9744 I WM-WorkerWrapper: Worker result SUCCESS for Work [ id=d6af0448-258a-4a9a-8b06-3f23371c34df, tags={ com.google.android.apps.messaging.shared.datamodel.workqueue.WorkQueueWorkerShim, mark_as_notified- } ]
10-24 23:54:29.523   314   371 W EmuHWC2 : No layers, exit, buffer 0xf3f81390
10-24 23:54:29.538   314   371 W EmuHWC2 : validate: layer 333 CompositionType 1, fallback
10-24 23:54:29.539   314   371 W EmuHWC2 : No layers, exit, buffer 0xf3f81090
10-24 23:54:29.556   314   371 W EmuHWC2 : validate: layer 333 CompositionType 1, fallback
10-24 23:54:29.557   314   371 W EmuHWC2 : No layers, exit, buffer 0xf3f81390
10-24 23:54:29.572   314   371 W EmuHWC2 : validate: layer 333 CompositionType 1, fallback
10-24 23:54:29.574   314   371 W EmuHWC2 : No layers, exit, buffer 0xf3f81090
10-24 23:54:29.588   314   371 W EmuHWC2 : validate: layer 333 CompositionType 1, fallback
10-24 23:54:29.589   314   371 W EmuHWC2 : No layers, exit, buffer 0xf3f81390
10-24 23:54:29.605   314   371 W EmuHWC2 : validate: layer 333 CompositionType 1, fallback
10-24 23:54:29.607   314   371 W EmuHWC2 : No layers, exit, buffer 0xf3f81090
10-24 23:54:29.621   314   371 W EmuHWC2 : validate: layer 333 CompositionType 1, fallback
10-24 23:54:29.624   314   371 W EmuHWC2 : No layers, exit, buffer 0xf3f81390
10-24 23:54:29.638   314   371 W EmuHWC2 : validate: layer 333 CompositionType 1, fallback
10-24 23:54:29.641   314   371 W EmuHWC2 : No layers, exit, buffer 0xf3f81090
10-24 23:54:29.655   314   371 W EmuHWC2 : validate: layer 333 CompositionType 1, fallback
10-24 23:54:29.657   314   371 W EmuHWC2 : No layers, exit, buffer 0xf3f81390
10-24 23:54:29.671   314   371 W EmuHWC2 : validate: layer 333 CompositionType 1, fallback
10-24 23:54:29.673   314   371 W EmuHWC2 : No layers, exit, buffer 0xf3f81090
10-24 23:54:29.687   314   371 W EmuHWC2 : validate: layer 333 CompositionType 1, fallback
10-24 23:54:29.690   314   371 W EmuHWC2 : No layers, exit, buffer 0xf3f81390
10-24 23:54:29.704   314   371 W EmuHWC2 : validate: layer 333 CompositionType 1, fallback
10-24 23:54:29.706   314   371 W EmuHWC2 : No layers, exit, buffer 0xf3f81090
10-24 23:54:29.720   314   371 W EmuHWC2 : validate: layer 333 CompositionType 1, fallback
10-24 23:54:29.723   314   371 W EmuHWC2 : No layers, exit, buffer 0xf3f81390
10-24 23:54:29.738   314   371 W EmuHWC2 : validate: layer 333 CompositionType 1, fallback
10-24 23:54:29.745   314   371 W EmuHWC2 : No layers, exit, buffer 0xf3f81090
10-24 23:54:29.754   314   371 W EmuHWC2 : validate: layer 333 CompositionType 1, fallback
10-24 23:54:29.756   314   371 W EmuHWC2 : No layers, exit, buffer 0xf3f81390
10-24 23:54:29.820   380   380 E Layer   : [Surface(name=Task=71)/@0x255a39f - animation-leash#0] No local sync point found
10-24 23:54:29.820   380   380 E Layer   : [Surface(name=Task=71)/@0x255a39f - animation-leash#0] No local sync point found
10-24 23:54:29.820   380   380 E Layer   : [Surface(name=Task=1)/@0xc554124 - animation-leash#0] No local sync point found
10-24 23:54:29.820   380   380 E Layer   : [Surface(name=Task=1)/@0xc554124 - animation-leash#0] No local sync point found
10-24 23:54:29.840  1753  9515 I PBSessionCacheImpl: Deleted sessionId[7711536854049075] from persistence.
10-24 23:54:29.847  1753  2133 W SearchServiceCore: Abort, client detached.
10-24 23:54:31.573   524   543 D AutofillManagerService: Close system dialogs
10-24 23:54:31.575   524   544 I ActivityTaskManager: START u0 {act=android.intent.action.MAIN cat=[android.intent.category.HOME] flg=0x10000100 cmp=com.google.android.apps.nexuslauncher/.NexusLauncherActivity (has extras)} from uid 0
10-24 23:54:31.575   702   702 V ShadeControllerImpl: NotificationShadeWindow: com.android.systemui.statusbar.phone.NotificationShadeWindowView{f018b61 I.E...... ......ID 0,0-1080,2340} canPanelBeCollapsed(): false
10-24 23:54:31.575   524   546 D EventSequenceValidator: inc AccIntentStartedEvents to 2
10-24 23:54:31.578   430   430 I perfetto: ing_service_impl.cc:758 Configured tracing session 129, #sources:1, duration:5000 ms, #buffers:1, total buffer size:4096 KB, total sessions:2, uid:1071 session name: ""
10-24 23:54:31.578   419   419 I perfetto: probes_producer.cc:230  Ftrace setup (target_buf=129)
10-24 23:54:31.584  1078  1078 D TaplTarget: Launcher.onNewIntent: Intent { act=android.intent.action.MAIN cat=[android.intent.category.HOME] flg=0x10400100 cmp=com.google.android.apps.nexuslauncher/.NexusLauncherActivity (has extras) }
10-24 23:54:31.595   524   543 D AutofillManagerService: Close system dialogs
10-24 23:54:31.596   702   702 V ShadeControllerImpl: NotificationShadeWindow: com.android.systemui.statusbar.phone.NotificationShadeWindowView{f018b61 I.E...... ......ID 0,0-1080,2340} canPanelBeCollapsed(): false
10-24 23:54:31.597   524   872 W ActivityManager: Unable to start service Intent { act=android.service.appprediction.AppPredictionService cmp=com.google.android.as/com.google.android.apps.miphone.aiai.app.AiAiPredictionService } U=0: not found
10-24 23:54:31.597   524   872 W RemoteAppPredictionService: could not bind to Intent { act=android.service.appprediction.AppPredictionService cmp=com.google.android.as/com.google.android.apps.miphone.aiai.app.AiAiPredictionService } using flags 67108865
10-24 23:54:31.765  1753  2133 W ThreadPoolDumper: Queue length for executor EventBus is now 11. Perhaps some tasks are too long, or the pool is too small.
10-24 23:54:31.813   524   552 D ArtManagerInternalImpl: /data/misc/iorapd/com.google.android.apps.nexuslauncher/821/com.google.android.apps.nexuslauncher.NexusLauncherActivity/compiled_traces/compiled_trace.pb doesn't exist
10-24 23:54:31.823   524   546 D EventSequenceValidator: dec AccIntentStartedEvents to 1
10-24 23:54:31.825  1753  1753 I BgTaskExecutorImpl: Starting EXCLUSIVE background task TNG_MINUS_ONE_SYNC.
10-24 23:54:31.827  1753  1961 E MDD     : DownloadProgressMonitor: Can't find file group for uri: android://com.google.android.googlequicksearchbox/files/sharedminusonemodule/shared/SharedMinusOneData.pb.tmp
10-24 23:54:31.832  1753  2133 I TngMinusOneSync: Syncing TNG:-1
10-24 23:54:31.850  1078  1078 D RecentsOrientedState: current RecentsOrientedState: [this=RecentsOrientedState@9f62c4a mOrientationHandler=PortraitPagedViewHandler@a8b97bb mDisplayRotation=0 mTouchRotation=0 mRecentsActivityRotation=0 isRecentsActivityRotationAllowed=false mSystemRotation=true mFlags=299]
10-24 23:54:31.850  1078  1078 I chatty  : uid=10154(com.google.android.apps.nexuslauncher) identical 2 lines
10-24 23:54:31.850  1078  1078 D RecentsOrientedState: current RecentsOrientedState: [this=RecentsOrientedState@9f62c4a mOrientationHandler=PortraitPagedViewHandler@a8b97bb mDisplayRotation=0 mTouchRotation=0 mRecentsActivityRotation=0 isRecentsActivityRotationAllowed=false mSystemRotation=true mFlags=299]
10-24 23:54:32.096  1078  1078 D TaplEvents: Main / Touch event: MotionEvent { action=ACTION_DOWN, actionButton=0, id[0]=0, x[0]=739.96216, y[0]=1427.937, toolType[0]=TOOL_TYPE_FINGER, buttonState=0, classification=NONE, metaState=0, flags=0x1, edgeFlags=0x0, pointerCount=1, historySize=0, eventTime=4817726, downTime=4817726, deviceId=8, source=0x5002, displayId=0 }
10-24 23:54:32.164  9711  9711 I AppLifecycleTracker: App transition to background
10-24 23:54:32.176  9711  9711 I AppLifecycleTracker: App foreground state unchanged: inForeground ? false
10-24 23:54:32.235  1078  1078 D TaplEvents: Main / Touch event: MotionEvent { action=ACTION_UP, actionButton=0, id[0]=0, x[0]=834.94995, y[0]=948.91113, toolType[0]=TOOL_TYPE_FINGER, buttonState=0, classification=NONE, metaState=0, flags=0x1, edgeFlags=0x0, pointerCount=1, historySize=0, eventTime=4817870, downTime=4817726, deviceId=8, source=0x5002, displayId=0 }
10-24 23:54:33.146  1078  1078 D TaplEvents: Main / Touch event: MotionEvent { action=ACTION_DOWN, actionButton=0, id[0]=0, x[0]=719.95605, y[0]=1697.9425, toolType[0]=TOOL_TYPE_FINGER, buttonState=0, classification=NONE, metaState=0, flags=0x1, edgeFlags=0x0, pointerCount=1, historySize=0, eventTime=4818782, downTime=4818782, deviceId=8, source=0x5002, displayId=0 }
10-24 23:54:33.267  1078  1078 D TaplEvents: Main / Touch event: MotionEvent { action=ACTION_UP, actionButton=0, id[0]=0, x[0]=788.97217, y[0]=1289.8993, toolType[0]=TOOL_TYPE_FINGER, buttonState=0, classification=NONE, metaState=0, flags=0x1, edgeFlags=0x0, pointerCount=1, historySize=0, eventTime=4818902, downTime=4818782, deviceId=8, source=0x5002, displayId=0 }
10-24 23:54:33.569   524  6313 I system_server: oneway function results will be dropped but finished with status OK and parcel size 4
10-24 23:54:33.578   524  6313 I system_server: oneway function results will be dropped but finished with status OK and parcel size 4
10-24 23:54:34.026  1078  1078 D TaplEvents: Main / Touch event: MotionEvent { action=ACTION_DOWN, actionButton=0, id[0]=0, x[0]=395.96924, y[0]=1052.9572, toolType[0]=TOOL_TYPE_FINGER, buttonState=0, classification=NONE, metaState=0, flags=0x1, edgeFlags=0x0, pointerCount=1, historySize=0, eventTime=4819661, downTime=4819661, deviceId=8, source=0x5002, displayId=0 }
10-24 23:54:34.091  1078  1078 D TaplEvents: Main / Touch event: MotionEvent { action=ACTION_UP, actionButton=0, id[0]=0, x[0]=395.96924, y[0]=1052.9572, toolType[0]=TOOL_TYPE_FINGER, buttonState=0, classification=NONE, metaState=0, flags=0x1, edgeFlags=0x0, pointerCount=1, historySize=0, eventTime=4819727, downTime=4819661, deviceId=8, source=0x5002, displayId=0 }
10-24 23:54:34.105  1078  1078 D TaplEvents: Main / start: startAppShortcutOrInfoActivity
10-24 23:54:34.106   524  1167 I ActivityTaskManager: START u0 {act=android.intent.action.MAIN cat=[android.intent.category.LAUNCHER] flg=0x10200000 cmp=com.android.dialer/.main.impl.MainActivity bnds=[238,965][439,1276]} from uid 10154
10-24 23:54:34.106   524   546 D EventSequenceValidator: inc AccIntentStartedEvents to 2
10-24 23:54:34.109   430   430 I perfetto: ing_service_impl.cc:758 Configured tracing session 130, #sources:1, duration:5000 ms, #buffers:1, total buffer size:4096 KB, total sessions:3, uid:1071 session name: ""
10-24 23:54:34.110   419   419 I perfetto: probes_producer.cc:230  Ftrace setup (target_buf=130)
10-24 23:54:34.111   524  6313 I system_server: oneway function results will be dropped but finished with status OK and parcel size 4
10-24 23:54:34.111   524   524 W ActivityManager: Unable to start service Intent { act=android.service.appprediction.AppPredictionService cmp=com.google.android.as/com.google.android.apps.miphone.aiai.app.AiAiPredictionService } U=0: not found
10-24 23:54:34.111   524   524 W RemoteAppPredictionService: could not bind to Intent { act=android.service.appprediction.AppPredictionService cmp=com.google.android.as/com.google.android.apps.miphone.aiai.app.AiAiPredictionService } using flags 67108865
10-24 23:54:34.113   524  6313 I chatty  : uid=1000(system) Binder:524_1E identical 1 line
10-24 23:54:34.113   524  6313 I system_server: oneway function results will be dropped but finished with status OK and parcel size 4
10-24 23:54:34.135 10056 10056 I Dialer  : CallLogFragment.onStart - enter
10-24 23:54:34.135 10056 10056 I Dialer  : OldMainActivityPeer.onNewIntent - enter
10-24 23:54:34.135 10056 10056 I Dialer  : OldMainActivityPeer.onHandleIntent - Show last tab
10-24 23:54:34.135 10056 10056 I Dialer  : MainBottomNavBarBottomNavTabListener.onCallLogSelected - enter
10-24 23:54:34.139 10056 10056 I Dialer  : MainBottomNavBarBottomNavTabListener.onActivityResume - enter
10-24 23:54:34.139 10056 10056 I Dialer  : MainCallLogFragmentListener.onActivityResume - enter
10-24 23:54:34.139 10056 10056 I Dialer  : MainCallLogFragmentListener.registerVoicemailStatusContentObserver - enter
10-24 23:54:34.140 10056 10056 I Dialer  : MainCallLogFragmentListener.registerVoicemailStatusContentObserver - register
10-24 23:54:34.148 10056 10056 I Dialer  : CallLogQueryHandler.fetchVoicemailStatus - fetching voicemail status
10-24 23:54:34.149 10056 10056 I Dialer  : DialerExecutorModule.newThread - creating low priority thread
10-24 23:54:34.168 10056 10238 I Dialer  : DialerDatabaseHelper.updateSmartDialDatabase - enter
10-24 23:54:34.169 10056 10238 I Dialer  : DialerDatabaseHelper.updateSmartDialDatabase - last updated at 0
10-24 23:54:34.171   314   371 W EmuHWC2 : validate: layer 336 CompositionType 1, fallback
10-24 23:54:34.173 10056 10056 I Dialer  : CallLogFragment.onResume - enter
10-24 23:54:34.173   314   371 W EmuHWC2 : No layers, exit, buffer 0xf3f81090
10-24 23:54:34.176 10056 10056 I Dialer  : CallLogFragment.onPageSelected - enter
10-24 23:54:34.176 10056 10056 I Dialer  : MainCallLogHost.enableFloatingButton - enabled: true
10-24 23:54:34.187   314   371 W EmuHWC2 : validate: layer 336 CompositionType 1, fallback
10-24 23:54:34.189   314   371 W EmuHWC2 : No layers, exit, buffer 0xf3f81390
10-24 23:54:34.204   314   371 W EmuHWC2 : validate: layer 336 CompositionType 1, fallback
10-24 23:54:34.223   314   371 W EmuHWC2 : No layers, exit, buffer 0xf3f81090
10-24 23:54:34.227   314   371 W EmuHWC2 : validate: layer 336 CompositionType 1, fallback
10-24 23:54:34.231   314   371 W EmuHWC2 : No layers, exit, buffer 0xf3f81390
10-24 23:54:34.237   314   371 W EmuHWC2 : validate: layer 336 CompositionType 1, fallback
10-24 23:54:34.244 10056 10238 I Dialer  : DialerDatabaseHelper.updateSmartDialDatabase - broadcasting smart dial update
10-24 23:54:34.272   314   371 W EmuHWC2 : No layers, exit, buffer 0xf3f81090
10-24 23:54:34.279   314   371 W EmuHWC2 : validate: layer 336 CompositionType 1, fallback
10-24 23:54:34.282   314   371 W EmuHWC2 : No layers, exit, buffer 0xf3f81390
10-24 23:54:34.290   314   371 W EmuHWC2 : validate: layer 336 CompositionType 1, fallback
10-24 23:54:34.293   314   371 W EmuHWC2 : No layers, exit, buffer 0xf3f81090
10-24 23:54:34.305   314   371 W EmuHWC2 : validate: layer 336 CompositionType 1, fallback
10-24 23:54:34.307   314   371 W EmuHWC2 : No layers, exit, buffer 0xf3f81390
10-24 23:54:34.312   524   546 D EventSequenceValidator: dec AccIntentStartedEvents to 1
10-24 23:54:34.312   524   552 D ArtManagerInternalImpl: /data/misc/iorapd/com.android.dialer/2900000/com.android.dialer.main.impl.MainActivity/compiled_traces/compiled_trace.pb doesn't exist
10-24 23:54:34.313 10056 10056 I Dialer  : OldMainActivityPeer.MainCallLogFragmentListener - onVoicemailStatusFetched
10-24 23:54:34.313 10056 10056 I Dialer  : OldMainActivityPeer.onVoicemailStatusFetched - hasActiveVoicemailProvider:true, number of active voicemail sources:1
10-24 23:54:34.313 10056 10056 I Dialer  : OldMainActivityPeer.showVoicemail - showing Tab:true
10-24 23:54:34.321   314   371 W EmuHWC2 : validate: layer 337 CompositionType 1, fallback
10-24 23:54:34.324   314   371 W EmuHWC2 : No layers, exit, buffer 0xf3f81090
10-24 23:54:34.332   419   419 I perfetto: probes_producer.cc:329  Producer stop (id=128)
10-24 23:54:34.333   430   430 I perfetto: ng_service_impl.cc:1948 Tracing session 128 ended, total sessions:2
10-24 23:54:34.338   314   371 W EmuHWC2 : validate: layer 337 CompositionType 1, fallback
10-24 23:54:34.340   314   371 W EmuHWC2 : No layers, exit, buffer 0xf3f81390
10-24 23:54:34.354   314   371 W EmuHWC2 : validate: layer 337 CompositionType 1, fallback
10-24 23:54:34.356   314   371 W EmuHWC2 : No layers, exit, buffer 0xf3f81090
10-24 23:54:34.372   314   371 W EmuHWC2 : validate: layer 337 CompositionType 1, fallback
10-24 23:54:34.376   314   371 W EmuHWC2 : No layers, exit, buffer 0xf3f81390
10-24 23:54:34.388   314   371 W EmuHWC2 : validate: layer 337 CompositionType 1, fallback
10-24 23:54:34.390   314   371 W EmuHWC2 : No layers, exit, buffer 0xf3f81090
10-24 23:54:34.405   314   371 W EmuHWC2 : validate: layer 337 CompositionType 1, fallback
10-24 23:54:34.408   314   371 W EmuHWC2 : No layers, exit, buffer 0xf3f81390
10-24 23:54:34.421   314   371 W EmuHWC2 : validate: layer 337 CompositionType 1, fallback
10-24 23:54:34.423   314   371 W EmuHWC2 : No layers, exit, buffer 0xf3f81090
10-24 23:54:34.438   314   371 W EmuHWC2 : validate: layer 337 CompositionType 1, fallback
10-24 23:54:34.441   314   371 W EmuHWC2 : No layers, exit, buffer 0xf3f81390
10-24 23:54:34.454   314   371 W EmuHWC2 : validate: layer 337 CompositionType 1, fallback
10-24 23:54:34.456   314   371 W EmuHWC2 : No layers, exit, buffer 0xf3f81090
10-24 23:54:34.471   314   371 W EmuHWC2 : validate: layer 337 CompositionType 1, fallback
10-24 23:54:34.473   314   371 W EmuHWC2 : No layers, exit, buffer 0xf3f81390
10-24 23:54:34.487   314   371 W EmuHWC2 : validate: layer 337 CompositionType 1, fallback
10-24 23:54:34.490   314   371 W EmuHWC2 : No layers, exit, buffer 0xf3f81090
10-24 23:54:34.504   314   371 W EmuHWC2 : validate: layer 337 CompositionType 1, fallback
10-24 23:54:34.508   314   371 W EmuHWC2 : No layers, exit, buffer 0xf3f81390
10-24 23:54:34.521   314   371 W EmuHWC2 : validate: layer 337 CompositionType 1, fallback
10-24 23:54:34.524   314   371 W EmuHWC2 : No layers, exit, buffer 0xf3f81090
10-24 23:54:34.535  1255  1376 I PeriodicStatsRunner: PeriodicStatsRunner.call():180 call()
10-24 23:54:34.535  1255  1376 I PeriodicStatsRunner: PeriodicStatsRunner.call():184 No submit PeriodicStats since input started.
10-24 23:54:34.537   314   371 W EmuHWC2 : validate: layer 337 CompositionType 1, fallback
10-24 23:54:34.540   314   371 W EmuHWC2 : No layers, exit, buffer 0xf3f81390
10-24 23:54:34.604   380   380 E Layer   : [Surface(name=Task=72)/@0xa7029bd - animation-leash#0] No local sync point found
10-24 23:54:34.604   380   380 E Layer   : [Surface(name=Task=72)/@0xa7029bd - animation-leash#0] No local sync point found
10-24 23:54:34.604   380   380 E Layer   : [Surface(name=Task=1)/@0xc554124 - animation-leash#0] No local sync point found
10-24 23:54:34.604   380   380 E Layer   : [Surface(name=Task=1)/@0xc554124 - animation-leash#0] No local sync point found
10-24 23:54:34.637   380   380 E Layer   : [Surface(name=Task=72)/@0xa7029bd - animation-leash#0] No local sync point found
10-24 23:54:34.637   380   380 E Layer   : [Surface(name=Task=1)/@0xc554124 - animation-leash#0] No local sync point found
10-24 23:54:34.656  1753  9515 I PBSessionCacheImpl: Deleted sessionId[7711536854049078] from persistence.
10-24 23:54:34.663  1753  2133 W SearchServiceCore: Abort, client detached.
10-24 23:54:35.020   524   552 I UsageStatsService: User[0] Flushing usage stats to disk
10-24 23:54:36.582   419   419 I perfetto: probes_producer.cc:329  Producer stop (id=129)
10-24 23:54:36.583   430   430 I perfetto: ng_service_impl.cc:1948 Tracing session 129 ended, total sessions:1
10-24 23:54:36.897  1255  1376 I PeriodicStatsRunner: PeriodicStatsRunner.call():180 call()
10-24 23:54:36.897  1255  1376 I PeriodicStatsRunner: PeriodicStatsRunner.call():184 No submit PeriodicStats since input started.
10-24 23:54:36.934   524   543 D AutofillManagerService: Close system dialogs
10-24 23:54:36.935   702   702 V ShadeControllerImpl: NotificationShadeWindow: com.android.systemui.statusbar.phone.NotificationShadeWindowView{f018b61 I.E...... ......ID 0,0-1080,2340} canPanelBeCollapsed(): false
10-24 23:54:36.935   524   544 I ActivityTaskManager: START u0 {act=android.intent.action.MAIN cat=[android.intent.category.HOME] flg=0x10000100 cmp=com.google.android.apps.nexuslauncher/.NexusLauncherActivity (has extras)} from uid 0
10-24 23:54:36.936   524   546 D EventSequenceValidator: inc AccIntentStartedEvents to 2
10-24 23:54:36.938   430   430 I perfetto: ing_service_impl.cc:758 Configured tracing session 131, #sources:1, duration:5000 ms, #buffers:1, total buffer size:4096 KB, total sessions:2, uid:1071 session name: ""
10-24 23:54:36.939   419   419 I perfetto: probes_producer.cc:230  Ftrace setup (target_buf=131)
10-24 23:54:36.943 10056 10056 I Dialer  : CallLogFragment.onPause - enter
10-24 23:54:36.944 10056 10056 I Dialer  : CallLogFragment.onPageUnselected - enter
10-24 23:54:36.944 10056 10056 I Dialer  : MainSearchController.onActivityPause - enter
10-24 23:54:36.957  1078  1078 D TaplTarget: Launcher.onNewIntent: Intent { act=android.intent.action.MAIN cat=[android.intent.category.HOME] flg=0x10400100 cmp=com.google.android.apps.nexuslauncher/.NexusLauncherActivity (has extras) }
10-24 23:54:36.963   524  1027 W ActivityManager: Unable to start service Intent { act=android.service.appprediction.AppPredictionService cmp=com.google.android.as/com.google.android.apps.miphone.aiai.app.AiAiPredictionService } U=0: not found
10-24 23:54:36.963   524  1027 W RemoteAppPredictionService: could not bind to Intent { act=android.service.appprediction.AppPredictionService cmp=com.google.android.as/com.google.android.apps.miphone.aiai.app.AiAiPredictionService } using flags 67108865
10-24 23:54:36.964   524   543 D AutofillManagerService: Close system dialogs
10-24 23:54:36.965   702   702 V ShadeControllerImpl: NotificationShadeWindow: com.android.systemui.statusbar.phone.NotificationShadeWindowView{f018b61 I.E...... ......ID 0,0-1080,2340} canPanelBeCollapsed(): false
10-24 23:54:37.096  1753  2133 W ThreadPoolDumper: Queue length for executor EventBus is now 11. Perhaps some tasks are too long, or the pool is too small.
10-24 23:54:37.157   524   552 D ArtManagerInternalImpl: /data/misc/iorapd/com.google.android.apps.nexuslauncher/821/com.google.android.apps.nexuslauncher.NexusLauncherActivity/compiled_traces/compiled_trace.pb doesn't exist
10-24 23:54:37.175   524   546 D EventSequenceValidator: dec AccIntentStartedEvents to 1
10-24 23:54:37.176  1753  1753 I BgTaskExecutorImpl: Starting EXCLUSIVE background task TNG_MINUS_ONE_SYNC.
10-24 23:54:37.183  1078  1078 D RecentsOrientedState: current RecentsOrientedState: [this=RecentsOrientedState@9f62c4a mOrientationHandler=PortraitPagedViewHandler@a8b97bb mDisplayRotation=0 mTouchRotation=0 mRecentsActivityRotation=0 isRecentsActivityRotationAllowed=false mSystemRotation=true mFlags=299]
10-24 23:54:37.183  1078  1078 I chatty  : uid=10154(com.google.android.apps.nexuslauncher) identical 2 lines
10-24 23:54:37.183  1078  1078 D RecentsOrientedState: current RecentsOrientedState: [this=RecentsOrientedState@9f62c4a mOrientationHandler=PortraitPagedViewHandler@a8b97bb mDisplayRotation=0 mTouchRotation=0 mRecentsActivityRotation=0 isRecentsActivityRotationAllowed=false mSystemRotation=true mFlags=299]
10-24 23:54:37.189  1753  1946 E MDD     : DownloadProgressMonitor: Can't find file group for uri: android://com.google.android.googlequicksearchbox/files/sharedminusonemodule/shared/SharedMinusOneData.pb.tmp
10-24 23:54:37.190  1753  2133 I TngMinusOneSync: Syncing TNG:-1
10-24 23:54:37.252  1078  1096 W System  : A resource failed to call release. 
10-24 23:54:37.254  1078  1096 I chatty  : uid=10154(com.google.android.apps.nexuslauncher) FinalizerDaemon identical 4 lines
10-24 23:54:37.254  1078  1096 W System  : A resource failed to call release. 
10-24 23:54:37.329  1078  1078 D TaplEvents: Main / Touch event: MotionEvent { action=ACTION_DOWN, actionButton=0, id[0]=0, x[0]=762.9675, y[0]=1502.9187, toolType[0]=TOOL_TYPE_FINGER, buttonState=0, classification=NONE, metaState=0, flags=0x1, edgeFlags=0x0, pointerCount=1, historySize=0, eventTime=4822958, downTime=4822958, deviceId=8, source=0x5002, displayId=0 }
10-24 23:54:37.421   380   380 E Layer   : [Surface(name=Task=1)/@0xc554124 - animation-leash#0] No local sync point found
10-24 23:54:37.421   380   380 E Layer   : [Surface(name=Task=72)/@0xa7029bd - animation-leash#0] No local sync point found
10-24 23:54:37.434   524   608 I InputDispatcher: Dropped event because of pending overdue app switch.
10-24 23:54:37.434  1078  1078 D TaplEvents: Main / Touch event: MotionEvent { action=ACTION_CANCEL, actionButton=0, id[0]=0, x[0]=822.9529, y[0]=1315.893, toolType[0]=TOOL_TYPE_FINGER, buttonState=0, classification=NONE, metaState=0, flags=0x1, edgeFlags=0x0, pointerCount=1, historySize=0, eventTime=4823070, downTime=4822958, deviceId=8, source=0x5002, displayId=0 }
10-24 23:54:37.450 10056 10056 I Dialer  : CallLogFragment.onStop - enter
10-24 23:54:37.452 10056 10056 I Dialer  : CallLogNotificationsService.cancelAllMissedCalls - enter
10-24 23:54:37.453 10056 10172 I Dialer  : CallLogNotificationsService.cancelAllMissedCallsBackground - enter
10-24 23:54:37.453 10056 10056 I Dialer  : CallLogAdapter.onSaveInstanceState - saved: 0, selectedItemsSize:0
10-24 23:54:37.467   524  1167 W Telecom : MissedCallNotifierImpl: Showing missed calls through default dialer.: TSI.cMCN@Duc
10-24 23:54:37.477 10056 10056 I Dialer  : MissedCallNotificationReceiver.onReceive - enter
10-24 23:54:37.480 10056 10056 I Dialer  : DialerExecutorModule.newThread - creating low priority thread
10-24 23:54:37.480 10056 10246 I Dialer  : MissedCallNotifier.updateMissedCallNotification - enter
10-24 23:54:37.500 10056 10056 I Dialer  : MissedCallNotificationReceiver.onReceive - update missed call notifications successful
10-24 23:54:37.501 10056 10056 I Dialer  : MissedCallNotificationReceiver.updateBadgeCount - update badge count: 0 success: false
10-24 23:54:38.325  1078  1078 D TaplEvents: Main / Touch event: MotionEvent { action=ACTION_DOWN, actionButton=0, id[0]=0, x[0]=291.98364, y[0]=1069.953, toolType[0]=TOOL_TYPE_FINGER, buttonState=0, classification=NONE, metaState=0, flags=0x1, edgeFlags=0x0, pointerCount=1, historySize=0, eventTime=4823960, downTime=4823960, deviceId=8, source=0x5002, displayId=0 }
10-24 23:54:38.395  1078  1078 D TaplEvents: Main / Touch event: MotionEvent { action=ACTION_UP, actionButton=0, id[0]=0, x[0]=291.98364, y[0]=1069.953, toolType[0]=TOOL_TYPE_FINGER, buttonState=0, classification=NONE, metaState=0, flags=0x1, edgeFlags=0x0, pointerCount=1, historySize=0, eventTime=4824030, downTime=4823960, deviceId=8, source=0x5002, displayId=0 }
10-24 23:54:38.404  1078  1078 D TaplEvents: Main / start: startAppShortcutOrInfoActivity
10-24 23:54:38.406   524  1167 I ActivityTaskManager: START u0 {act=android.intent.action.MAIN cat=[android.intent.category.LAUNCHER] flg=0x10200000 cmp=com.android.dialer/.main.impl.MainActivity bnds=[238,965][439,1276]} from uid 10154
10-24 23:54:38.406   524   546 D EventSequenceValidator: inc AccIntentStartedEvents to 2
10-24 23:54:38.411   524   524 W ActivityManager: Unable to start service Intent { act=android.service.appprediction.AppPredictionService cmp=com.google.android.as/com.google.android.apps.miphone.aiai.app.AiAiPredictionService } U=0: not found
10-24 23:54:38.411   524   524 W RemoteAppPredictionService: could not bind to Intent { act=android.service.appprediction.AppPredictionService cmp=com.google.android.as/com.google.android.apps.miphone.aiai.app.AiAiPredictionService } using flags 67108865
10-24 23:54:38.411   430   430 I perfetto: ing_service_impl.cc:758 Configured tracing session 132, #sources:1, duration:5000 ms, #buffers:1, total buffer size:4096 KB, total sessions:3, uid:1071 session name: ""
10-24 23:54:38.412   419   419 I perfetto: probes_producer.cc:230  Ftrace setup (target_buf=132)
10-24 23:54:38.428 10056 10056 I Dialer  : CallLogFragment.onStart - enter
10-24 23:54:38.428 10056 10056 I Dialer  : OldMainActivityPeer.onNewIntent - enter
10-24 23:54:38.429 10056 10056 I Dialer  : OldMainActivityPeer.onHandleIntent - Show last tab
10-24 23:54:38.429   392   464 D AudioFlinger: mixer(0xedd13030) throttle end: throttle time(36)
10-24 23:54:38.430 10056 10056 I Dialer  : MainBottomNavBarBottomNavTabListener.onCallLogSelected - enter
10-24 23:54:38.430 10056 10056 I Dialer  : MainBottomNavBarBottomNavTabListener.onActivityResume - enter
10-24 23:54:38.430 10056 10056 I Dialer  : MainCallLogFragmentListener.onActivityResume - enter
10-24 23:54:38.430 10056 10056 I Dialer  : MainCallLogFragmentListener.registerVoicemailStatusContentObserver - enter
10-24 23:54:38.430 10056 10056 I Dialer  : MainCallLogFragmentListener.registerVoicemailStatusContentObserver - register
10-24 23:54:38.443 10056 10056 I Dialer  : CallLogQueryHandler.fetchVoicemailStatus - fetching voicemail status
10-24 23:54:38.443 10056 10078 I Dialer  : DialerDatabaseHelper.updateSmartDialDatabase - enter
10-24 23:54:38.444 10056 10078 I Dialer  : DialerDatabaseHelper.updateSmartDialDatabase - last updated at 0
10-24 23:54:38.446 10056 10056 I Dialer  : CallLogFragment.onResume - enter
10-24 23:54:38.448 10056 10056 I Dialer  : CallLogFragment.onPageSelected - enter
10-24 23:54:38.448 10056 10056 I Dialer  : MainCallLogHost.enableFloatingButton - enabled: true
10-24 23:54:38.472   314   371 W EmuHWC2 : validate: layer 340 CompositionType 1, fallback
10-24 23:54:38.497   314   371 W EmuHWC2 : No layers, exit, buffer 0xf3f81090
10-24 23:54:38.504   314   371 W EmuHWC2 : validate: layer 340 CompositionType 1, fallback
10-24 23:54:38.523   314   371 W EmuHWC2 : No layers, exit, buffer 0xf3f81390
10-24 23:54:38.524   314   371 W EmuHWC2 : validate: layer 340 CompositionType 1, fallback
10-24 23:54:38.525 10056 10078 I Dialer  : DialerDatabaseHelper.updateSmartDialDatabase - broadcasting smart dial update
10-24 23:54:38.542 10056 10056 I Dialer  : OldMainActivityPeer.MainCallLogFragmentListener - onVoicemailStatusFetched
10-24 23:54:38.543 10056 10056 I Dialer  : OldMainActivityPeer.onVoicemailStatusFetched - hasActiveVoicemailProvider:true, number of active voicemail sources:1
10-24 23:54:38.543 10056 10056 I Dialer  : OldMainActivityPeer.showVoicemail - showing Tab:true
10-24 23:54:38.546   524   546 D EventSequenceValidator: dec AccIntentStartedEvents to 1
10-24 23:54:38.546   524   552 D ArtManagerInternalImpl: /data/misc/iorapd/com.android.dialer/2900000/com.android.dialer.main.impl.MainActivity/compiled_traces/compiled_trace.pb doesn't exist
10-24 23:54:38.549   314   371 W EmuHWC2 : No layers, exit, buffer 0xf3f81090
10-24 23:54:38.558   314   371 W EmuHWC2 : validate: layer 341 CompositionType 1, fallback
10-24 23:54:38.562   314   371 W EmuHWC2 : No layers, exit, buffer 0xf3f81390
10-24 23:54:38.574   314   371 W EmuHWC2 : validate: layer 341 CompositionType 1, fallback
10-24 23:54:38.578   314   371 W EmuHWC2 : No layers, exit, buffer 0xf3f81090
10-24 23:54:38.590   314   371 W EmuHWC2 : validate: layer 341 CompositionType 1, fallback
10-24 23:54:38.594   314   371 W EmuHWC2 : No layers, exit, buffer 0xf3f81390
10-24 23:54:38.605   314   371 W EmuHWC2 : validate: layer 341 CompositionType 1, fallback
10-24 23:54:38.608   314   371 W EmuHWC2 : No layers, exit, buffer 0xf3f81090
10-24 23:54:38.621   314   371 W EmuHWC2 : validate: layer 341 CompositionType 1, fallback
10-24 23:54:38.623   314   371 W EmuHWC2 : No layers, exit, buffer 0xf3f81390
10-24 23:54:38.638   314   371 W EmuHWC2 : validate: layer 341 CompositionType 1, fallback
10-24 23:54:38.640   314   371 W EmuHWC2 : No layers, exit, buffer 0xf3f81090
10-24 23:54:38.655   314   371 W EmuHWC2 : validate: layer 341 CompositionType 1, fallback
10-24 23:54:38.658   314   371 W EmuHWC2 : No layers, exit, buffer 0xf3f81390
10-24 23:54:38.671   314   371 W EmuHWC2 : validate: layer 341 CompositionType 1, fallback
10-24 23:54:38.676   314   371 W EmuHWC2 : No layers, exit, buffer 0xf3f81090
10-24 23:54:38.687   314   371 W EmuHWC2 : validate: layer 341 CompositionType 1, fallback
10-24 23:54:38.691   314   371 W EmuHWC2 : No layers, exit, buffer 0xf3f81390
