--------- beginning of kernel
10-24 23:50:47.320     0     0 D logd    : Skipping 4294965614 entries from slow reader, pid 388, from LogBuffer::kickMe()
--------- beginning of main
10-24 23:50:47.904  9711  9760 I BugleRcsEngine: [546] xgx.run: delay time out, reset attempts 1 and process SIM event
10-24 23:50:47.905  9711  9760 W BugleRcsEngine: [546] xgu.c: process intent: android.intent.action.SIM_STATE_CHANGED
10-24 23:50:47.912  9711  9760 I BugleRcsEngine: [546] xgu.e: Processing an intent
10-24 23:50:47.912  9711  9760 I BugleRcsEngine: [546] xgu.a: Ignoring duplicate SIM state: LOADED
10-24 23:50:48.913     0     0 D logd    : logdr: UID=0 GID=0 PID=10148 b tail=0 logMask=99 pid=0 start=0ns timeout=0ns
10-24 23:51:00.002   702   702 D KeyguardClockSwitch: Updating clock: 1151
--------- beginning of system
10-24 23:51:17.504   524  1807 W ActivityManager: Background start not allowed: service Intent { cmp=com.google.android.apps.messaging/.shared.datamodel.action.execution.ActionExecutorImpl$EmptyService (has extras) } to com.google.android.apps.messaging/.shared.datamodel.action.execution.ActionExecutorImpl$EmptyService from pid=9711 uid=10134 pkg=com.google.android.apps.messaging startFg?=false
10-24 23:51:17.505  9711  9711 W BugleDataModel: ActionExecutorImpl: Action started execution, but we can't guarantee it will complete, the app may be killed. Action: class com.google.android.apps.messaging.shared.datamodel.action.CountryCodeDetectorAction-CountryCodeDetectorAction:4503069003
10-24 23:51:17.505  9711  9711 W BugleDataModel: java.lang.IllegalStateException: Not allowed to start service Intent { cmp=com.google.android.apps.messaging/.shared.datamodel.action.execution.ActionExecutorImpl$EmptyService (has extras) }: app is in background uid UidRecord{f431a22 u0a134 LAST bg:+1m15s339ms idle change:idle procs:1 seq(0,0,0)}
10-24 23:51:17.505  9711  9711 W BugleDataModel: 	at android.app.ContextImpl.startServiceCommon(ContextImpl.java:1715)
10-24 23:51:17.505  9711  9711 W BugleDataModel: 	at android.app.ContextImpl.startService(ContextImpl.java:1670)
10-24 23:51:17.505  9711  9711 W BugleDataModel: 	at android.content.ContextWrapper.startService(ContextWrapper.java:720)
10-24 23:51:17.505  9711  9711 W BugleDataModel: 	at com.google.android.apps.messaging.shared.datamodel.action.execution.ActionExecutorImpl.a(PG:98)
10-24 23:51:17.505  9711  9711 W BugleDataModel: 	at com.google.android.apps.messaging.shared.datamodel.action.execution.ActionExecutorImpl.a(PG:93)
10-24 23:51:17.505  9711  9711 W BugleDataModel: 	at gjl.c(PG:119)
10-24 23:51:17.505  9711  9711 W BugleDataModel: 	at gji.run(Unknown Source:1)
10-24 23:51:17.505  9711  9711 W BugleDataModel: 	at afou.run(PG:3)
10-24 23:51:17.505  9711  9711 W BugleDataModel: 	at android.os.Handler.handleCallback(Handler.java:938)
10-24 23:51:17.505  9711  9711 W BugleDataModel: 	at android.os.Handler.dispatchMessage(Handler.java:99)
10-24 23:51:17.505  9711  9711 W BugleDataModel: 	at android.os.Looper.loop(Looper.java:223)
10-24 23:51:17.505  9711  9711 W BugleDataModel: 	at android.app.ActivityThread.main(ActivityThread.java:7656)
10-24 23:51:17.505  9711  9711 W BugleDataModel: 	at java.lang.reflect.Method.invoke(Native Method)
10-24 23:51:17.505  9711  9711 W BugleDataModel: 	at com.android.internal.os.RuntimeInit$MethodAndArgsCaller.run(RuntimeInit.java:592)
10-24 23:51:17.505  9711  9711 W BugleDataModel: 	at com.android.internal.os.ZygoteInit.main(ZygoteInit.java:947)
10-24 23:51:17.507  9711  9711 W BugleDataModel: ActionExecutorImpl: Action started execution, but we can't guarantee it will complete, the app may be killed. Action: class com.google.android.apps.messaging.shared.datamodel.action.SelfParticipantsRefreshAction-SelfParticipantsRefreshAction:4503069004
10-24 23:51:17.507  9711  9711 W BugleDataModel: java.lang.IllegalStateException: Not allowed to start service Intent { cmp=com.google.android.apps.messaging/.shared.datamodel.action.execution.ActionExecutorImpl$EmptyService (has extras) }: app is in background uid UidRecord{f431a22 u0a134 LAST bg:+1m15s340ms idle change:idle procs:1 seq(0,0,0)}
10-24 23:51:17.507  9711  9711 W BugleDataModel: 	at android.app.ContextImpl.startServiceCommon(ContextImpl.java:1715)
10-24 23:51:17.507  9711  9711 W BugleDataModel: 	at android.app.ContextImpl.startService(ContextImpl.java:1670)
10-24 23:51:17.507  9711  9711 W BugleDataModel: 	at android.content.ContextWrapper.startService(ContextWrapper.java:720)
10-24 23:51:17.507  9711  9711 W BugleDataModel: 	at com.google.android.apps.messaging.shared.datamodel.action.execution.ActionExecutorImpl.a(PG:98)
10-24 23:51:17.507  9711  9711 W BugleDataModel: 	at com.google.android.apps.messaging.shared.datamodel.action.execution.ActionExecutorImpl.a(PG:93)
10-24 23:51:17.507  9711  9711 W BugleDataModel: 	at gjl.c(PG:119)
10-24 23:51:17.507  9711  9711 W BugleDataModel: 	at gji.run(Unknown Source:1)
10-24 23:51:17.507  9711  9711 W BugleDataModel: 	at afou.run(PG:3)
10-24 23:51:17.507  9711  9711 W BugleDataModel: 	at android.os.Handler.handleCallback(Handler.java:938)
10-24 23:51:17.507  9711  9711 W BugleDataModel: 	at android.os.Handler.dispatchMessage(Handler.java:99)
10-24 23:51:17.507  9711  9711 W BugleDataModel: 	at android.os.Looper.loop(Looper.java:223)
10-24 23:51:17.507  9711  9711 W BugleDataModel: 	at android.app.ActivityThread.main(ActivityThread.java:7656)
10-24 23:51:17.507  9711  9711 W BugleDataModel: 	at java.lang.reflect.Method.invoke(Native Method)
10-24 23:51:17.507  9711  9711 W BugleDataModel: 	at com.android.internal.os.RuntimeInit$MethodAndArgsCaller.run(RuntimeInit.java:592)
10-24 23:51:17.507  9711  9711 W BugleDataModel: 	at com.android.internal.os.ZygoteInit.main(ZygoteInit.java:947)
10-24 23:51:17.509  9711  9768 I Bugle   : CountryCodeDetector: updateMainDeviceCountry from default subscription network country. detected country: us
10-24 23:51:17.509  9711  9768 I BugleDataModel: ParticipantRefresh: Start participant refresh. refreshMode: SELF_ONLY
10-24 23:51:17.547  9711  9768 W BugleDataModel: SelfParticipantsData: Failed to update self participants' subscription info. updateCount: 0
10-24 23:51:17.574  9711  9768 W BugleDataModel: SelfParticipantsData: Failed to update self participants' subscription info. updateCount: 0
10-24 23:51:17.660  9711  9768 I BugleDataModel: ParticipantRefresh: Number of participants refreshed: 0
10-24 23:51:34.635   345   345 I android.hardware.vibrator-service.example: Vibrator reporting capabilities
10-24 23:51:34.635   345   345 I android.hardware.vibrator-service.example: Vibrator off
10-24 23:51:34.637   345   345 I android.hardware.vibrator-service.example: Vibrator perform
10-24 23:51:34.637   524   631 E VibratorService: Failed to issue command to vibrator HAL. Retrying.
10-24 23:51:34.638   181   181 I servicemanager: Found android.hardware.vibrator.IVibrator/default in device VINTF manifest.
10-24 23:51:34.639   345   345 I android.hardware.vibrator-service.example: Vibrator perform
10-24 23:51:34.639   524   631 E VibratorService: Failed to issue command to vibrator HAL. Retrying.
10-24 23:51:34.639   181   181 I servicemanager: Found android.hardware.vibrator.IVibrator/default in device VINTF manifest.
10-24 23:51:34.644   345   345 I android.hardware.vibrator-service.example: Vibrator on for timeoutMs: 1
10-24 23:51:34.644   345   345 I android.hardware.vibrator-service.example: Vibrator set amplitude: 1
10-24 23:51:34.667   345   345 I android.hardware.vibrator-service.example: Vibrator on for timeoutMs: 21
10-24 23:51:34.668   345   345 I android.hardware.vibrator-service.example: Vibrator set amplitude: 1
10-24 23:51:34.691   345   345 I android.hardware.vibrator-service.example: Vibrator off
10-24 23:51:39.255   524  1807 I system_server: oneway function results will be dropped but finished with status OK and parcel size 4
10-24 23:51:39.255   524  1807 I system_server: oneway function results will be dropped but finished with status OK and parcel size 4
10-24 23:51:39.256   392   464 D AudioFlinger: mixer(0xedd13030) throttle end: throttle time(30)
10-24 23:51:39.576 10056 10082 D OpenGLRenderer: endAllActiveAnimators on 0xe1738df0 (MenuPopupWindow$MenuDropDownListView) with handle 0xb6a4a850
10-24 23:51:40.168   524   535 W JavaBinder: BinderProxy is being destroyed but the application did not call unlinkToDeath to unlink all of its death recipients beforehand.  Releasing leaked death recipient: com.android.server.AlarmManagerService$2
10-24 23:51:40.168   524   535 I BpBinder: onLastStrongRef automatically unlinking death recipients: <uncached descriptor>
10-24 23:51:40.763   345   345 I android.hardware.vibrator-service.example: Vibrator reporting capabilities
10-24 23:51:40.763   345   345 I android.hardware.vibrator-service.example: Vibrator off
10-24 23:51:40.764   345   345 I android.hardware.vibrator-service.example: Vibrator perform
10-24 23:51:40.765   524  1807 E VibratorService: Failed to issue command to vibrator HAL. Retrying.
10-24 23:51:40.765   181   181 I servicemanager: Found android.hardware.vibrator.IVibrator/default in device VINTF manifest.
10-24 23:51:40.766   345   345 I android.hardware.vibrator-service.example: Vibrator perform
10-24 23:51:40.766   524  1807 E VibratorService: Failed to issue command to vibrator HAL. Retrying.
10-24 23:51:40.767   181   181 I servicemanager: Found android.hardware.vibrator.IVibrator/default in device VINTF manifest.
10-24 23:51:40.769   345   345 I android.hardware.vibrator-service.example: Vibrator on for timeoutMs: 1
10-24 23:51:40.769   345   345 I android.hardware.vibrator-service.example: Vibrator set amplitude: 1
10-24 23:51:40.792   345   345 I android.hardware.vibrator-service.example: Vibrator on for timeoutMs: 21
10-24 23:51:40.792   345   345 I android.hardware.vibrator-service.example: Vibrator set amplitude: 1
10-24 23:51:40.816   345   345 I android.hardware.vibrator-service.example: Vibrator off
10-24 23:51:41.780   392   464 D AudioFlinger: mixer(0xedd13030) throttle end: throttle time(36)
10-24 23:51:42.078 10056 10082 D OpenGLRenderer: endAllActiveAnimators on 0xb7e061f0 (MenuPopupWindow$MenuDropDownListView) with handle 0xb6a49930
10-24 23:51:44.336  1255  1376 I PeriodicStatsRunner: PeriodicStatsRunner.call():180 call()
10-24 23:51:44.336  1255  1376 I PeriodicStatsRunner: PeriodicStatsRunner.call():184 No submit PeriodicStats since input started.
10-24 23:51:45.067 10158 10158 D sqlite3 : Time zone APEX ICU file found: /apex/com.android.tzdata/etc/icu/icu_tzdata.dat
10-24 23:51:45.067 10158 10158 D sqlite3 : I18n APEX ICU file found: /apex/com.android.i18n/etc/icu/icudt66l.dat
10-24 23:51:45.931   524  1807 I system_server: oneway function results will be dropped but finished with status OK and parcel size 4
10-24 23:51:45.942   524  1807 I system_server: oneway function results will be dropped but finished with status OK and parcel size 4
10-24 23:51:46.805  1255  1376 I PeriodicStatsRunner: PeriodicStatsRunner.call():180 call()
10-24 23:51:46.805  1255  1376 I PeriodicStatsRunner: PeriodicStatsRunner.call():184 No submit PeriodicStats since input started.
10-24 23:51:51.231   345   345 I android.hardware.vibrator-service.example: Vibrator reporting capabilities
10-24 23:51:51.231   345   345 I android.hardware.vibrator-service.example: Vibrator off
10-24 23:51:51.232   345   345 I android.hardware.vibrator-service.example: Vibrator perform
10-24 23:51:51.232   524  1807 E VibratorService: Failed to issue command to vibrator HAL. Retrying.
10-24 23:51:51.232   181   181 I servicemanager: Found android.hardware.vibrator.IVibrator/default in device VINTF manifest.
10-24 23:51:51.233   345   345 I android.hardware.vibrator-service.example: Vibrator perform
10-24 23:51:51.233   524  1807 E VibratorService: Failed to issue command to vibrator HAL. Retrying.
10-24 23:51:51.233   181   181 I servicemanager: Found android.hardware.vibrator.IVibrator/default in device VINTF manifest.
10-24 23:51:51.235   345   345 I android.hardware.vibrator-service.example: Vibrator on for timeoutMs: 1
10-24 23:51:51.235   345   345 I android.hardware.vibrator-service.example: Vibrator set amplitude: 1
10-24 23:51:51.265   345   345 I android.hardware.vibrator-service.example: Vibrator on for timeoutMs: 21
10-24 23:51:51.266   345   345 I android.hardware.vibrator-service.example: Vibrator set amplitude: 1
10-24 23:51:51.288   345   345 I android.hardware.vibrator-service.example: Vibrator off
10-24 23:51:52.238   524  3622 I system_server: oneway function results will be dropped but finished with status OK and parcel size 4
10-24 23:51:52.238   524  3622 I chatty  : uid=1000(system) Binder:524_19 identical 1 line
10-24 23:51:52.239   524  3622 I system_server: oneway function results will be dropped but finished with status OK and parcel size 4
10-24 23:51:52.562 10056 10082 D OpenGLRenderer: endAllActiveAnimators on 0xb7e0c3d0 (MenuPopupWindow$MenuDropDownListView) with handle 0xb6a4b470
10-24 23:51:17.506   524  1807 W ActivityManager: Background start not allowed: service Intent { cmp=com.google.android.apps.messaging/.shared.datamodel.action.execution.ActionExecutorImpl$EmptyService (has extras) } to com.google.android.apps.messaging/.shared.datamodel.action.execution.ActionExecutorImpl$EmptyService from pid=9711 uid=10134 pkg=com.google.android.apps.messaging startFg?=false
10-24 23:51:53.943   524   543 D AutofillManagerService: Close system dialogs
10-24 23:51:53.944   702   702 V ShadeControllerImpl: NotificationShadeWindow: com.android.systemui.statusbar.phone.NotificationShadeWindowView{f018b61 I.E...... ......ID 0,0-1080,2340} canPanelBeCollapsed(): false
10-24 23:51:53.944   524   546 D EventSequenceValidator: inc AccIntentStartedEvents to 2
10-24 23:51:53.945   524   544 I ActivityTaskManager: START u0 {act=android.intent.action.MAIN cat=[android.intent.category.HOME] flg=0x10000100 cmp=com.google.android.apps.nexuslauncher/.NexusLauncherActivity (has extras)} from uid 0
10-24 23:51:53.947   430   430 I perfetto: ing_service_impl.cc:758 Configured tracing session 124, #sources:1, duration:5000 ms, #buffers:1, total buffer size:4096 KB, total sessions:1, uid:1071 session name: ""
10-24 23:51:53.948   419   419 I perfetto: probes_producer.cc:230  Ftrace setup (target_buf=124)
10-24 23:51:53.951 10056 10056 I Dialer  : CallLogFragment.onPause - enter
10-24 23:51:53.953 10056 10056 I Dialer  : CallLogFragment.onPageUnselected - enter
10-24 23:51:53.953 10056 10056 I Dialer  : MainSearchController.onActivityPause - enter
10-24 23:51:53.957  1078  1078 D TaplTarget: Launcher.onNewIntent: Intent { act=android.intent.action.MAIN cat=[android.intent.category.HOME] flg=0x10400100 cmp=com.google.android.apps.nexuslauncher/.NexusLauncherActivity (has extras) }
10-24 23:51:53.965   524   543 D AutofillManagerService: Close system dialogs
10-24 23:51:53.967   702   702 V ShadeControllerImpl: NotificationShadeWindow: com.android.systemui.statusbar.phone.NotificationShadeWindowView{f018b61 I.E...... ......ID 0,0-1080,2340} canPanelBeCollapsed(): false
10-24 23:51:53.978   419   419 I perfetto: ftrace_procfs.cc:176    enabled ftrace
10-24 23:51:53.963     0     0 W perfetto: enabled ftrace
10-24 23:51:54.093   524   872 W ActivityManager: Unable to start service Intent { act=android.service.appprediction.AppPredictionService cmp=com.google.android.as/com.google.android.apps.miphone.aiai.app.AiAiPredictionService } U=0: not found
10-24 23:51:54.093   524   872 W RemoteAppPredictionService: could not bind to Intent { act=android.service.appprediction.AppPredictionService cmp=com.google.android.as/com.google.android.apps.miphone.aiai.app.AiAiPredictionService } using flags 67108865
10-24 23:51:54.139  1753  2133 W ThreadPoolDumper: Queue length for executor EventBus is now 11. Perhaps some tasks are too long, or the pool is too small.
10-24 23:51:54.146  1753  1961 W LocationOracle: No location history returned by ContextManager
10-24 23:51:54.178   524   552 D ArtManagerInternalImpl: /data/misc/iorapd/com.google.android.apps.nexuslauncher/821/com.google.android.apps.nexuslauncher.NexusLauncherActivity/compiled_traces/compiled_trace.pb doesn't exist
10-24 23:51:54.187   524   546 D EventSequenceValidator: dec AccIntentStartedEvents to 1
10-24 23:51:54.195  1753  1753 I BgTaskExecutorImpl: Starting EXCLUSIVE background task TNG_MINUS_ONE_SYNC.
10-24 23:51:54.198  1753  1961 E MDD     : DownloadProgressMonitor: Can't find file group for uri: android://com.google.android.googlequicksearchbox/files/sharedminusonemodule/shared/SharedMinusOneData.pb.tmp
10-24 23:51:54.201  1753  2133 I TngMinusOneSync: Syncing TNG:-1
10-24 23:51:54.204  1078  1078 D RecentsOrientedState: current RecentsOrientedState: [this=RecentsOrientedState@9f62c4a mOrientationHandler=PortraitPagedViewHandler@a8b97bb mDisplayRotation=0 mTouchRotation=0 mRecentsActivityRotation=0 isRecentsActivityRotationAllowed=false mSystemRotation=true mFlags=299]
10-24 23:51:54.204  1078  1078 I chatty  : uid=10154(com.google.android.apps.nexuslauncher) identical 2 lines
10-24 23:51:54.204  1078  1078 D RecentsOrientedState: current RecentsOrientedState: [this=RecentsOrientedState@9f62c4a mOrientationHandler=PortraitPagedViewHandler@a8b97bb mDisplayRotation=0 mTouchRotation=0 mRecentsActivityRotation=0 isRecentsActivityRotationAllowed=false mSystemRotation=true mFlags=299]
10-24 23:51:54.236  1193  2235 W GCoreFlp: No location to return for getLastLocation()
10-24 23:51:54.900   524  4228 D HostConnection: HostConnection::get() New Host Connection established 0xe7b3b810, tid 4228
10-24 23:51:54.900 10056 10056 I Dialer  : CallLogFragment.onStop - enter
10-24 23:51:54.903 10056 10056 I Dialer  : CallLogNotificationsService.cancelAllMissedCalls - enter
10-24 23:51:54.903 10056 10056 I Dialer  : NonUiTaskBuilder.newThread - creating serial thread
10-24 23:51:54.904 10056 10172 I Dialer  : CallLogNotificationsService.cancelAllMissedCallsBackground - enter
10-24 23:51:54.904   524  4228 D HostConnection: HostComposition ext ANDROID_EMU_CHECKSUM_HELPER_v1 ANDROID_EMU_native_sync_v2 ANDROID_EMU_native_sync_v3 ANDROID_EMU_native_sync_v4 ANDROID_EMU_dma_v1 ANDROID_EMU_direct_mem ANDROID_EMU_host_composition_v1 ANDROID_EMU_host_composition_v2 ANDROID_EMU_vulkan ANDROID_EMU_deferred_vulkan_commands ANDROID_EMU_vulkan_null_optional_strings ANDROID_EMU_vulkan_create_resources_with_requirements ANDROID_EMU_YUV_Cache ANDROID_EMU_vulkan_ignored_handles ANDROID_EMU_has_shared_slots_host_memory_allocator ANDROID_EMU_vulkan_free_memory_sync ANDROID_EMU_vulkan_shader_float16_int8 ANDROID_EMU_vulkan_async_queue_submit ANDROID_EMU_sync_buffer_data ANDROID_EMU_vulkan_async_qsri ANDROID_EMU_read_color_buffer_dma GL_OES_vertex_array_object GL_KHR_texture_compression_astc_ldr ANDROID_EMU_host_side_tracing ANDROID_EMU_gles_max_version_2 
10-24 23:51:54.905   524  4228 W OpenGLRenderer: Failed to choose config with EGL_SWAP_BEHAVIOR_PRESERVED, retrying without...
10-24 23:51:54.907 10056 10056 I Dialer  : CallLogAdapter.onSaveInstanceState - saved: 0, selectedItemsSize:0
10-24 23:51:54.914   524  1807 W Telecom : MissedCallNotifierImpl: Showing missed calls through default dialer.: TSI.cMCN@DsQ
10-24 23:51:54.924   524  4228 D EGL_emulation: eglCreateContext: 0xaf181820: maj 2 min 0 rcv 2
10-24 23:51:54.925 10056 10056 I Dialer  : MissedCallNotificationReceiver.onReceive - enter
10-24 23:51:54.925  1078  1078 D TaplEvents: Main / Touch event: MotionEvent { action=ACTION_DOWN, actionButton=0, id[0]=0, x[0]=676.97754, y[0]=1330.8893, toolType[0]=TOOL_TYPE_FINGER, buttonState=0, classification=NONE, metaState=0, flags=0x1, edgeFlags=0x0, pointerCount=1, historySize=0, eventTime=4660551, downTime=4660551, deviceId=8, source=0x5002, displayId=0 }
10-24 23:51:54.929 10056 10056 I Dialer  : DialerExecutorModule.newThread - creating low priority thread
10-24 23:51:54.938 10056 10173 I Dialer  : MissedCallNotifier.updateMissedCallNotification - enter
10-24 23:51:54.952 10056 10056 I Dialer  : MissedCallNotificationReceiver.onReceive - update missed call notifications successful
10-24 23:51:54.956 10056 10056 I Dialer  : MissedCallNotificationReceiver.updateBadgeCount - update badge count: 0 success: false
10-24 23:51:54.957   524  4228 D EGL_emulation: eglMakeCurrent: 0xaf181820: ver 2 0 (tinfo 0xaf7af6d0) (first time)
10-24 23:51:55.035  1078  1078 D TaplEvents: Main / Touch event: MotionEvent { action=ACTION_UP, actionButton=0, id[0]=0, x[0]=685.97534, y[0]=796.94824, toolType[0]=TOOL_TYPE_FINGER, buttonState=0, classification=NONE, metaState=0, flags=0x1, edgeFlags=0x0, pointerCount=1, historySize=0, eventTime=4660671, downTime=4660551, deviceId=8, source=0x5002, displayId=0 }
10-24 23:51:55.940  1078  1078 D TaplEvents: Main / Touch event: MotionEvent { action=ACTION_DOWN, actionButton=0, id[0]=0, x[0]=360.9668, y[0]=794.9487, toolType[0]=TOOL_TYPE_FINGER, buttonState=0, classification=NONE, metaState=0, flags=0x1, edgeFlags=0x0, pointerCount=1, historySize=0, eventTime=4661575, downTime=4661575, deviceId=8, source=0x5002, displayId=0 }
10-24 23:51:56.027  1078  1078 D TaplEvents: Main / Touch event: MotionEvent { action=ACTION_UP, actionButton=0, id[0]=0, x[0]=360.9668, y[0]=794.9487, toolType[0]=TOOL_TYPE_FINGER, buttonState=0, classification=NONE, metaState=0, flags=0x1, edgeFlags=0x0, pointerCount=1, historySize=0, eventTime=4661663, downTime=4661575, deviceId=8, source=0x5002, displayId=0 }
10-24 23:51:56.038  1078  1078 D TaplEvents: Main / start: startAppShortcutOrInfoActivity
10-24 23:51:56.039   524  1807 I ActivityTaskManager: START u0 {act=android.intent.action.MAIN cat=[android.intent.category.LAUNCHER] flg=0x10200000 cmp=com.google.android.documentsui/com.android.documentsui.LauncherActivity bnds=[238,654][439,965]} from uid 10154
10-24 23:51:56.040   524   546 D EventSequenceValidator: inc AccIntentStartedEvents to 2
10-24 23:51:56.042   430   430 I perfetto: ing_service_impl.cc:758 Configured tracing session 125, #sources:1, duration:5000 ms, #buffers:1, total buffer size:4096 KB, total sessions:2, uid:1071 session name: ""
10-24 23:51:56.043   419   419 I perfetto: probes_producer.cc:230  Ftrace setup (target_buf=125)
10-24 23:51:56.046   524   524 W ActivityManager: Unable to start service Intent { act=android.service.appprediction.AppPredictionService cmp=com.google.android.as/com.google.android.apps.miphone.aiai.app.AiAiPredictionService } U=0: not found
10-24 23:51:56.046   524   524 W RemoteAppPredictionService: could not bind to Intent { act=android.service.appprediction.AppPredictionService cmp=com.google.android.as/com.google.android.apps.miphone.aiai.app.AiAiPredictionService } using flags 67108865
10-24 23:51:56.047   524  1027 W ActivityTaskManager: Tried to set launchTime (0) < mLastActivityLaunchTime (4493963)
10-24 23:51:56.063  9532  9532 D LauncherActivity: Restoring existing task > //com.android.documentsui.launchControl#1761324488585
10-24 23:51:56.064   524  1027 I ActivityTaskManager: START u0 {dat=//com.android.documentsui.launchControl flg=0x10280000 cmp=com.google.android.documentsui/com.android.documentsui.files.FilesActivity (has extras)} from uid 10083
10-24 23:51:56.069   392   464 D AudioFlinger: mixer(0xedd13030) throttle end: throttle time(38)
10-24 23:51:56.081   524  1027 W ActivityTaskManager: Tried to set launchTime (0) < mLastActivityLaunchTime (4661684)
10-24 23:51:56.103  9532  9532 D Documents: shouldRestrictStorageAccessFramework = true, packageName = null
10-24 23:51:56.104  9532  9532 D FilesActivity: Created new state object: State{action=1, acceptMimes=[*/*], allowMultiple=true, localOnly=false, stack=DocumentStack{root=null, docStack=[], stackTouched=false}, dirConfigs={}, excludedAuthorities=[], openableOnly=false, restrictScopeStorage=true, sortModel=SortModel{dimensions={16908304=SortDimension{id=16908304, labelId=2131755247, dataType=0, sortCapability=0, defaultSortDirection=1, sortDirection=0, visibility=4}, 16908310=SortDimension{id=16908310, labelId=2131755241, dataType=0, sortCapability=3, defaultSortDirection=1, sortDirection=0, visibility=0}, 2131296377=SortDimension{id=2131296377, labelId=2131755234, dataType=1, sortCapability=3, defaultSortDirection=2, sortDirection=0, visibility=0}, 2131296425=SortDimension{id=2131296425, labelId=2131755238, dataType=0, sortCapability=3, defaultSortDirection=1, sortDirection=0, visibility=0}, 2131296571=SortDimension{id=2131296571, labelId=2131755244, dataType=1, sortCapability=3, defaultSortDirection=1, sortDirection=0, visibility=0}}, defaultDimensionId=0, sortedDimension=null}}
10-24 23:51:56.104  9532  9532 D DrawerController: Calculated drawer width:280.0
10-24 23:51:56.121  9532  9532 D ManagerActionHandler: Launching directly into Home directory.
10-24 23:51:56.122  9532  9567 D LoadRootTask: Loading root: content://com.android.providers.downloads.documents/root/downloads on user 0
10-24 23:51:56.133  9532  9532 D LoadRootTask: Loaded root: Root{userId=0, authority=com.android.providers.downloads.documents, rootId=downloads, title=Downloads, isUsb=false, isSd=false, isMtp=false} @ content://com.android.providers.downloads.documents/root/downloads
10-24 23:51:56.134  9532  9532 W ActionModeController: Tried to finish a null action mode.
10-24 23:51:56.134  9532  9532 D DocumentStack: Root changed to: Root{userId=0, authority=com.android.providers.downloads.documents, rootId=downloads, title=Downloads, isUsb=false, isSd=false, isMtp=false} @ content://com.android.providers.downloads.documents/root/downloads
10-24 23:51:56.134  9532 10184 D ProvidersAccess: Matched roots: [Root{userId=0, authority=null, rootId=null, title=Recent, isUsb=false, isSd=false, isMtp=false} @ content:/root/null, Root{userId=0, authority=com.android.externalstorage.documents, rootId=0000-0000, title=SDCARD, isUsb=false, isSd=true, isMtp=false} @ content://com.android.externalstorage.documents/root/0000-0000, Root{userId=0, authority=com.android.externalstorage.documents, rootId=primary, title=sdk_gphone_x86, isUsb=false, isSd=false, isMtp=false} @ content://com.android.externalstorage.documents/root/primary, Root{userId=0, authority=com.android.providers.downloads.documents, rootId=downloads, title=Downloads, isUsb=false, isSd=false, isMtp=false} @ content://com.android.providers.downloads.documents/root/downloads, Root{userId=0, authority=com.android.providers.media.documents, rootId=images_root, title=Images, isUsb=false, isSd=false, isMtp=false} @ content://com.android.providers.media.documents/root/images_root, Root{userId=0, authority=com.android.providers.media.documents, rootId=videos_root, title=Videos, isUsb=false, isSd=false, isMtp=false} @ content://com.android.providers.media.documents/root/videos_root, Root{userId=0, authority=com.android.providers.media.documents, rootId=audio_root, title=Audio, isUsb=false, isSd=false, isMtp=false} @ content://com.android.providers.media.documents/root/audio_root, Root{userId=0, authority=com.android.providers.media.documents, rootId=documents_root, title=Documents, isUsb=false, isSd=false, isMtp=false} @ content://com.android.providers.media.documents/root/documents_root]
10-24 23:51:56.149  9532  9532 W RecyclerView: No adapter attached; skipping layout
10-24 23:51:56.222  9532  9690 I ProvidersCache: Provider returned no roots. Possibly naughty: com.google.android.apps.docs.storage
10-24 23:51:56.232   524   552 D ArtManagerInternalImpl: /data/misc/iorapd/com.google.android.documentsui/300900700/com.android.documentsui.files.FilesActivity/compiled_traces/compiled_trace.pb doesn't exist
10-24 23:51:56.235   524   552 I ActivityTaskManager: Displayed com.google.android.documentsui/com.android.documentsui.files.FilesActivity: +191ms
10-24 23:51:56.239   524   546 D EventSequenceValidator: dec AccIntentStartedEvents to 1
10-24 23:51:56.269  9532  9532 D DocumentStack: Adding doc to stack: DocumentInfo{docId=downloads, userId=0, name=Downloads, mimeType=vnd.android.document/directory, isContainer=true, isDirectory=true, isArchive=false, isInArchive=false, isPartial=false, isVirtual=false, isDeleteSupported=false, isCreateSupported=true, isMoveSupported=false, isRenameSupported=false, isMetadataSupported=false, isBlockedFromTree=false} @ content://com.android.providers.downloads.documents/document/downloads
10-24 23:51:56.273  9532  9532 D DirectoryFragment: Showing directory: content://com.android.providers.downloads.documents/document/downloads
10-24 23:51:56.273  9532  9532 D DirectoryFragment: Creating new fragment for directory: content://com.android.providers.downloads.documents/document/downloads
10-24 23:51:56.276  9532 10184 D ProvidersAccess: Matched roots: [Root{userId=0, authority=null, rootId=null, title=Recent, isUsb=false, isSd=false, isMtp=false} @ content:/root/null, Root{userId=0, authority=com.android.externalstorage.documents, rootId=0000-0000, title=SDCARD, isUsb=false, isSd=true, isMtp=false} @ content://com.android.externalstorage.documents/root/0000-0000, Root{userId=0, authority=com.android.externalstorage.documents, rootId=primary, title=sdk_gphone_x86, isUsb=false, isSd=false, isMtp=false} @ content://com.android.externalstorage.documents/root/primary, Root{userId=0, authority=com.android.providers.downloads.documents, rootId=downloads, title=Downloads, isUsb=false, isSd=false, isMtp=false} @ content://com.android.providers.downloads.documents/root/downloads, Root{userId=0, authority=com.android.providers.media.documents, rootId=images_root, title=Images, isUsb=false, isSd=false, isMtp=false} @ content://com.android.providers.media.documents/root/images_root, Root{userId=0, authority=com.android.providers.media.documents, rootId=videos_root, title=Videos, isUsb=false, isSd=false, isMtp=false} @ content://com.android.providers.media.documents/root/videos_root, Root{userId=0, authority=com.android.providers.media.documents, rootId=audio_root, title=Audio, isUsb=false, isSd=false, isMtp=false} @ content://com.android.providers.media.documents/root/audio_root, Root{userId=0, authority=com.android.providers.media.documents, rootId=documents_root, title=Documents, isUsb=false, isSd=false, isMtp=false} @ content://com.android.providers.media.documents/root/documents_root]
10-24 23:51:56.288   314   371 W EmuHWC2 : validate: layer 327 CompositionType 1, fallback
10-24 23:51:56.290   314   371 W EmuHWC2 : No layers, exit, buffer 0xf3f81390
10-24 23:51:56.301  9532  9532 W SelectionTracker: Setting gestureTooltypes is likely to result in unexpected behavior.
10-24 23:51:56.302  9532  9532 D AbstractActionHandler: Creating new directory loader for: content://com.android.providers.downloads.documents/document/downloads
10-24 23:51:56.304   314   371 W EmuHWC2 : validate: layer 327 CompositionType 1, fallback
10-24 23:51:56.306   314   371 W EmuHWC2 : No layers, exit, buffer 0xf3f81090
10-24 23:51:56.322   314   371 W EmuHWC2 : validate: layer 327 CompositionType 1, fallback
10-24 23:51:56.323   314   371 W EmuHWC2 : No layers, exit, buffer 0xf3f81390
10-24 23:51:56.337   314   371 W EmuHWC2 : validate: layer 327 CompositionType 1, fallback
10-24 23:51:56.339  9532  9532 D AbstractActionHandler: Loader has finished for: content://com.android.providers.downloads.documents/document/downloads
10-24 23:51:56.339  9532  9532 I Model   : Updating model with new result set.
10-24 23:51:56.339   314   371 W EmuHWC2 : No layers, exit, buffer 0xf3f81090
10-24 23:51:56.340  9532  9532 D DirectoryFragment: Received model update. Loading=false
10-24 23:51:56.355   314   371 W EmuHWC2 : validate: layer 327 CompositionType 1, fallback
10-24 23:51:56.358   314   371 W EmuHWC2 : No layers, exit, buffer 0xf3f81390
10-24 23:51:56.371   314   371 W EmuHWC2 : validate: layer 327 CompositionType 1, fallback
10-24 23:51:56.373   314   371 W EmuHWC2 : No layers, exit, buffer 0xf3f81090
10-24 23:51:56.388   314   371 W EmuHWC2 : validate: layer 327 CompositionType 1, fallback
10-24 23:51:56.390   314   371 W EmuHWC2 : No layers, exit, buffer 0xf3f81390
10-24 23:51:56.406   314   371 W EmuHWC2 : validate: layer 327 CompositionType 1, fallback
10-24 23:51:56.409   314   371 W EmuHWC2 : No layers, exit, buffer 0xf3f81090
10-24 23:51:56.421   314   371 W EmuHWC2 : validate: layer 327 CompositionType 1, fallback
10-24 23:51:56.423   314   371 W EmuHWC2 : No layers, exit, buffer 0xf3f81390
10-24 23:51:56.437   314   371 W EmuHWC2 : validate: layer 327 CompositionType 1, fallback
10-24 23:51:56.439   314   371 W EmuHWC2 : No layers, exit, buffer 0xf3f81090
10-24 23:51:56.455   314   371 W EmuHWC2 : validate: layer 327 CompositionType 1, fallback
10-24 23:51:56.458   314   371 W EmuHWC2 : No layers, exit, buffer 0xf3f81390
10-24 23:51:56.471   314   371 W EmuHWC2 : validate: layer 327 CompositionType 1, fallback
10-24 23:51:56.477   314   371 W EmuHWC2 : No layers, exit, buffer 0xf3f81090
10-24 23:51:56.488   314   371 W EmuHWC2 : validate: layer 327 CompositionType 1, fallback
10-24 23:51:56.490   314   371 W EmuHWC2 : No layers, exit, buffer 0xf3f81390
10-24 23:51:56.504   314   371 W EmuHWC2 : validate: layer 327 CompositionType 1, fallback
10-24 23:51:56.506   314   371 W EmuHWC2 : No layers, exit, buffer 0xf3f81090
10-24 23:51:56.522   314   371 W EmuHWC2 : validate: layer 327 CompositionType 1, fallback
10-24 23:51:56.524   314   371 W EmuHWC2 : No layers, exit, buffer 0xf3f81390
10-24 23:51:56.537   314   371 W EmuHWC2 : validate: layer 327 CompositionType 1, fallback
10-24 23:51:56.539   314   371 W EmuHWC2 : No layers, exit, buffer 0xf3f81090
10-24 23:51:56.554   314   371 W EmuHWC2 : validate: layer 327 CompositionType 1, fallback
10-24 23:51:56.556   314   371 W EmuHWC2 : No layers, exit, buffer 0xf3f81390
10-24 23:51:56.570   314   371 W EmuHWC2 : validate: layer 327 CompositionType 1, fallback
10-24 23:51:56.572   314   371 W EmuHWC2 : No layers, exit, buffer 0xf3f81090
10-24 23:51:56.588   314   371 W EmuHWC2 : validate: layer 327 CompositionType 1, fallback
10-24 23:51:56.590   314   371 W EmuHWC2 : No layers, exit, buffer 0xf3f81390
10-24 23:51:56.605   314   371 W EmuHWC2 : validate: layer 327 CompositionType 1, fallback
10-24 23:51:56.607   314   371 W EmuHWC2 : No layers, exit, buffer 0xf3f81090
10-24 23:51:56.653   380   380 E Layer   : [Surface(name=Task=74)/@0xdeb8e8b - animation-leash#0] No local sync point found
10-24 23:51:56.654   380   380 E Layer   : [Surface(name=Task=74)/@0xdeb8e8b - animation-leash#0] No local sync point found
10-24 23:51:56.654   380   380 E Layer   : [Surface(name=Task=1)/@0xc554124 - animation-leash#0] No local sync point found
10-24 23:51:56.654   380   380 E Layer   : [Surface(name=Task=1)/@0xc554124 - animation-leash#0] No local sync point found
10-24 23:51:56.671   380   380 E Layer   : [Surface(name=Task=74)/@0xdeb8e8b - animation-leash#0] No local sync point found
10-24 23:51:56.671   380   380 E Layer   : [Surface(name=Task=1)/@0xc554124 - animation-leash#0] No local sync point found
10-24 23:51:56.688  1753  9783 I PBSessionCacheImpl: Deleted sessionId[7711536854049072] from persistence.
10-24 23:51:56.695  1753  2133 W SearchServiceCore: Abort, client detached.
10-24 23:51:57.044   524  1807 D WifiNl80211Manager: Scan result ready event
10-24 23:51:57.044   524  1807 D WifiNative: Scan result ready event
10-24 23:51:57.316  1255  1376 I PeriodicStatsRunner: PeriodicStatsRunner.call():180 call()
10-24 23:51:57.316  1255  1376 I PeriodicStatsRunner: PeriodicStatsRunner.call():184 No submit PeriodicStats since input started.
10-24 23:51:57.984  9532  9690 I ProvidersCache: Provider returned no roots. Possibly naughty: com.google.android.apps.docs.storage
10-24 23:51:57.989  9532 10184 D ProvidersAccess: Matched roots: [Root{userId=0, authority=null, rootId=null, title=Recent, isUsb=false, isSd=false, isMtp=false} @ content:/root/null, Root{userId=0, authority=com.android.externalstorage.documents, rootId=0000-0000, title=SDCARD, isUsb=false, isSd=true, isMtp=false} @ content://com.android.externalstorage.documents/root/0000-0000, Root{userId=0, authority=com.android.externalstorage.documents, rootId=primary, title=sdk_gphone_x86, isUsb=false, isSd=false, isMtp=false} @ content://com.android.externalstorage.documents/root/primary, Root{userId=0, authority=com.android.providers.downloads.documents, rootId=downloads, title=Downloads, isUsb=false, isSd=false, isMtp=false} @ content://com.android.providers.downloads.documents/root/downloads, Root{userId=0, authority=com.android.providers.media.documents, rootId=images_root, title=Images, isUsb=false, isSd=false, isMtp=false} @ content://com.android.providers.media.documents/root/images_root, Root{userId=0, authority=com.android.providers.media.documents, rootId=videos_root, title=Videos, isUsb=false, isSd=false, isMtp=false} @ content://com.android.providers.media.documents/root/videos_root, Root{userId=0, authority=com.android.providers.media.documents, rootId=audio_root, title=Audio, isUsb=false, isSd=false, isMtp=false} @ content://com.android.providers.media.documents/root/audio_root, Root{userId=0, authority=com.android.providers.media.documents, rootId=documents_root, title=Documents, isUsb=false, isSd=false, isMtp=false} @ content://com.android.providers.media.documents/root/documents_root]
10-24 23:51:58.557  9532  9532 W ActionModeController: Tried to finish a null action mode.
10-24 23:51:58.557  9532  9532 D DocumentStack: Root changed to: Root{userId=0, authority=com.android.providers.media.documents, rootId=images_root, title=Images, isUsb=false, isSd=false, isMtp=false} @ content://com.android.providers.media.documents/root/images_root
10-24 23:51:58.574  9532  9532 D DocumentStack: Adding doc to stack: DocumentInfo{docId=images_root, userId=0, name=Images, mimeType=vnd.android.document/directory, isContainer=true, isDirectory=true, isArchive=false, isInArchive=false, isPartial=false, isVirtual=false, isDeleteSupported=false, isCreateSupported=false, isMoveSupported=false, isRenameSupported=false, isMetadataSupported=false, isBlockedFromTree=false} @ content://com.android.providers.media.documents/document/images_root
10-24 23:51:58.575  9532  9532 D DirectoryFragment: Showing directory: content://com.android.providers.media.documents/document/images_root
10-24 23:51:58.575  9532  9532 D DirectoryFragment: Creating new fragment for directory: content://com.android.providers.media.documents/document/images_root
10-24 23:51:58.606  9532  9532 W SelectionTracker: Setting gestureTooltypes is likely to result in unexpected behavior.
10-24 23:51:58.606  9532  9532 D AbstractActionHandler: Creating new directory loader for: content://com.android.providers.media.documents/document/images_root
10-24 23:51:58.623  9532  9532 D AbstractActionHandler: Loader has finished for: content://com.android.providers.media.documents/document/images_root
10-24 23:51:58.623  9532  9532 I Model   : Updating model with new result set.
10-24 23:51:58.623  9532  9532 D DirectoryFragment: Received model update. Loading=false
10-24 23:51:58.951   419   419 I perfetto: probes_producer.cc:329  Producer stop (id=124)
10-24 23:51:58.952   430   430 I perfetto: ng_service_impl.cc:1948 Tracing session 124 ended, total sessions:1
10-24 23:51:59.221  1255  1376 I PeriodicStatsRunner: PeriodicStatsRunner.call():180 call()
10-24 23:51:59.221  1255  1376 I PeriodicStatsRunner: PeriodicStatsRunner.call():184 No submit PeriodicStats since input started.
10-24 23:51:59.452  9532  9532 D DocumentStack: Adding doc to stack: DocumentInfo{docId=images_bucket:-1617409521, userId=0, name=Pictures, mimeType=vnd.android.document/directory, isContainer=true, isDirectory=true, isArchive=false, isInArchive=false, isPartial=false, isVirtual=false, isDeleteSupported=false, isCreateSupported=false, isMoveSupported=false, isRenameSupported=false, isMetadataSupported=false, isBlockedFromTree=false} @ content://com.android.providers.media.documents/document/images_bucket%3A-1617409521
10-24 23:51:59.453  9532  9532 D DirectoryFragment: Showing directory: content://com.android.providers.media.documents/document/images_bucket%3A-1617409521
10-24 23:51:59.453  9532  9532 D DirectoryFragment: Creating new fragment for directory: content://com.android.providers.media.documents/document/images_bucket%3A-1617409521
10-24 23:51:59.469  9532  9532 D DirectoryFragment: Received model update. Loading=false
10-24 23:51:59.472  9532  9532 W SelectionTracker: Setting gestureTooltypes is likely to result in unexpected behavior.
10-24 23:51:59.473  9532  9532 D AbstractActionHandler: Creating new directory loader for: content://com.android.providers.media.documents/document/images_bucket%3A-1617409521
10-24 23:51:59.500  9532  9532 D AbstractActionHandler: Loader has finished for: content://com.android.providers.media.documents/document/images_bucket%3A-1617409521
10-24 23:51:59.500  9532  9532 I Model   : Updating model with new result set.
10-24 23:51:59.500  9532  9532 D DirectoryFragment: Received model update. Loading=false
10-24 23:51:59.503  9532  9532 D DirectoryFragment: Received model update. Loading=false
10-24 23:52:00.004   702   702 D KeyguardClockSwitch: Updating clock: 1152
10-24 23:52:01.048   419   419 I perfetto: probes_producer.cc:329  Producer stop (id=125)
10-24 23:52:01.049   430   430 I perfetto: ng_service_impl.cc:1948 Tracing session 125 ended, total sessions:0
10-24 23:52:01.050   419   419 I perfetto: ftrace_procfs.cc:183    disabled ftrace
10-24 23:52:01.035     0     0 W perfetto: disabled ftrace
10-24 23:52:01.052  9532  9532 D ActionModeController: Starting action mode.
10-24 23:52:01.059  9532  9532 D ContentLock: monitor listener, is locked : true
10-24 23:52:01.059   345   345 I android.hardware.vibrator-service.example: Vibrator reporting capabilities
10-24 23:52:01.060   345   345 I android.hardware.vibrator-service.example: Vibrator off
10-24 23:52:01.061   345   345 I android.hardware.vibrator-service.example: Vibrator perform
10-24 23:52:01.061   524  6313 E VibratorService: Failed to issue command to vibrator HAL. Retrying.
10-24 23:52:01.061   181   181 I servicemanager: Found android.hardware.vibrator.IVibrator/default in device VINTF manifest.
10-24 23:52:01.062   345   345 I android.hardware.vibrator-service.example: Vibrator perform
10-24 23:52:01.062   524  6313 E VibratorService: Failed to issue command to vibrator HAL. Retrying.
10-24 23:52:01.062   181   181 I servicemanager: Found android.hardware.vibrator.IVibrator/default in device VINTF manifest.
10-24 23:52:01.064   345   345 I android.hardware.vibrator-service.example: Vibrator on for timeoutMs: 1
10-24 23:52:01.064   345   345 I android.hardware.vibrator-service.example: Vibrator set amplitude: 1
10-24 23:52:01.088   345   345 I android.hardware.vibrator-service.example: Vibrator on for timeoutMs: 21
10-24 23:52:01.088   345   345 I android.hardware.vibrator-service.example: Vibrator set amplitude: 1
10-24 23:52:01.111   345   345 I android.hardware.vibrator-service.example: Vibrator off
10-24 23:52:01.276  9532  9532 D ContentLock: monitor listener, is locked : false
10-24 23:52:01.304  1255  1376 I PeriodicStatsRunner: PeriodicStatsRunner.call():180 call()
10-24 23:52:01.304  1255  1376 I PeriodicStatsRunner: PeriodicStatsRunner.call():184 No submit PeriodicStats since input started.
10-24 23:52:02.600  1255  1376 I PeriodicStatsRunner: PeriodicStatsRunner.call():180 call()
10-24 23:52:02.600  1255  1376 I PeriodicStatsRunner: PeriodicStatsRunner.call():184 No submit PeriodicStats since input started.
10-24 23:52:02.923  9532  9532 D ActionModeController: Handling action mode destroyed.
10-24 23:52:02.923  9532  9532 D FileOperations: Handling generic 'start' call.
10-24 23:52:02.929  9663  9663 D FileOperationService: Created.
10-24 23:52:02.930  9663  9663 D FileOperationService: onStartCommand: 4668559-0 with serviceId 1
10-24 23:52:02.931  9532  9560 D OpenGLRenderer: endAllActiveAnimators on 0xe1728550 (RippleDrawable) with handle 0xb7b8bf30
10-24 23:52:02.932  9663  9663 D FileOperationService: Scheduling job 4668559-0.
10-24 23:52:02.956  9663 10191 D FileOperationService: onStart: 4668559-0
10-24 23:52:02.957  9663 10191 D FileOperationService: Set foreground job to 4668559-0
10-24 23:52:02.968  9663 10191 D DeleteJob: Deleting document @ content://com.android.providers.media.documents/document/image%3A81
10-24 23:52:02.985  9663 10191 D FileOperationService: onFinished: 4668559-0
10-24 23:52:02.985  9663 10191 D FileOperationService: deleteJob: 4668559-0
10-24 23:52:02.986  9663 10191 D FileOperationService: Stop foreground
10-24 23:52:02.989  9532  9532 D Documents: Content updated.
10-24 23:52:02.989  9532  9532 D ContentLock: run when unlock, is locked : false
10-24 23:52:02.996  9663  9663 D FileOperationService: Canceling notification for 4668559-0
10-24 23:52:02.998  9663  9663 D FileOperationService: Shutting down. Last serviceId was 1
10-24 23:52:02.999  9532  9532 I ProvidersCache: Updating roots due to change on user 0at content://com.android.providers.media.documents/root
10-24 23:52:02.999  9663  9663 D FileOperationService: Stopping service: true
10-24 23:52:02.999  9663  9663 I ProvidersCache: Updating roots due to change on user 0at content://com.android.providers.media.documents/root
10-24 23:52:03.001  9663  9663 D FileOperationService: Shutting down executor.
10-24 23:52:03.001  9663  9663 D FileOperationService: Destroyed.
10-24 23:52:03.015  9532 10184 I ProvidersCache: Provider returned no roots. Possibly naughty: com.google.android.apps.docs.storage
10-24 23:52:03.027  9663  9685 I ProvidersCache: Provider returned no roots. Possibly naughty: com.google.android.apps.docs.storage
10-24 23:52:03.032  9532  9532 D AbstractActionHandler: Loader has finished for: content://com.android.providers.media.documents/document/images_bucket%3A-1617409521
10-24 23:52:03.032  9532  9532 I Model   : Updating model with new result set.
10-24 23:52:03.032  9532  9532 D DirectoryFragment: Received model update. Loading=false
10-24 23:52:03.044  9532 10192 D ProvidersAccess: Matched roots: [Root{userId=0, authority=null, rootId=null, title=Recent, isUsb=false, isSd=false, isMtp=false} @ content:/root/null, Root{userId=0, authority=com.android.externalstorage.documents, rootId=0000-0000, title=SDCARD, isUsb=false, isSd=true, isMtp=false} @ content://com.android.externalstorage.documents/root/0000-0000, Root{userId=0, authority=com.android.externalstorage.documents, rootId=primary, title=sdk_gphone_x86, isUsb=false, isSd=false, isMtp=false} @ content://com.android.externalstorage.documents/root/primary, Root{userId=0, authority=com.android.providers.downloads.documents, rootId=downloads, title=Downloads, isUsb=false, isSd=false, isMtp=false} @ content://com.android.providers.downloads.documents/root/downloads, Root{userId=0, authority=com.android.providers.media.documents, rootId=images_root, title=Images, isUsb=false, isSd=false, isMtp=false} @ content://com.android.providers.media.documents/root/images_root, Root{userId=0, authority=com.android.providers.media.documents, rootId=videos_root, title=Videos, isUsb=false, isSd=false, isMtp=false} @ content://com.android.providers.media.documents/root/videos_root, Root{userId=0, authority=com.android.providers.media.documents, rootId=audio_root, title=Audio, isUsb=false, isSd=false, isMtp=false} @ content://com.android.providers.media.documents/root/audio_root, Root{userId=0, authority=com.android.providers.media.documents, rootId=documents_root, title=Documents, isUsb=false, isSd=false, isMtp=false} @ content://com.android.providers.media.documents/root/documents_root]
10-24 23:52:03.164   524   524 D NotificationService: 0|com.google.android.documentsui|1|null|10083: granting content://settings/system/notification_sound
10-24 23:52:03.164   524   524 I chatty  : uid=1000(system) Binder:524_3 identical 2 lines
10-24 23:52:03.164   524   524 D NotificationService: 0|com.google.android.documentsui|1|null|10083: granting content://settings/system/notification_sound
10-24 23:52:03.166   524   524 W NotificationHistory: Attempted to add notif for locked/gone/disabled user 0
10-24 23:52:03.175   702   702 D InterruptionStateProvider: No bubble up: not allowed to bubble: 0|com.google.android.documentsui|1|null|10083
10-24 23:52:03.176   702   702 D InterruptionStateProvider: No heads up: unimportant notification: 0|com.google.android.documentsui|1|null|10083
10-24 23:52:03.551   524   543 D AutofillManagerService: Close system dialogs
10-24 23:52:03.551   524   544 I ActivityTaskManager: START u0 {act=android.intent.action.MAIN cat=[android.intent.category.HOME] flg=0x10000100 cmp=com.google.android.apps.nexuslauncher/.NexusLauncherActivity (has extras)} from uid 0
10-24 23:52:03.552   524   546 D EventSequenceValidator: inc AccIntentStartedEvents to 2
10-24 23:52:03.553   702   702 V ShadeControllerImpl: NotificationShadeWindow: com.android.systemui.statusbar.phone.NotificationShadeWindowView{f018b61 I.E...... ......ID 0,0-1080,2340} canPanelBeCollapsed(): false
10-24 23:52:03.555   430   430 I perfetto: ing_service_impl.cc:758 Configured tracing session 126, #sources:1, duration:5000 ms, #buffers:1, total buffer size:4096 KB, total sessions:1, uid:1071 session name: ""
10-24 23:52:03.556   419   419 I perfetto: probes_producer.cc:230  Ftrace setup (target_buf=126)
10-24 23:52:03.573   419   419 I perfetto: ftrace_procfs.cc:176    enabled ftrace
10-24 23:52:03.558     0     0 W perfetto: enabled ftrace
10-24 23:52:03.580  1078  1078 D TaplTarget: Launcher.onNewIntent: Intent { act=android.intent.action.MAIN cat=[android.intent.category.HOME] flg=0x10400100 cmp=com.google.android.apps.nexuslauncher/.NexusLauncherActivity (has extras) }
10-24 23:52:03.584   524   543 D AutofillManagerService: Close system dialogs
