10-24 23:54:52.041   314   314 W EmuHWC2 : No layers, exit, buffer 0xf3f81390
10-24 23:54:52.058  1193  8984 W NetworkScheduler: The Firebase Job Dispatcher and GmsTaskScheduler are deprecated for apps targeting API 30 or newer. Application com.google.android.apps.maps has targetSdkVersion 30. Please migrate to the WorkManager or JobScheduler.
10-24 23:54:52.059  1193  8984 W NetworkScheduler: Running in whitelist mode. Ignoring task: com.google.android.apps.maps/com.google.android.apps.gmm.shared.cache.glide.GlideDiskCacheExpirationService{u=0 tag="glide.cache.periodic" trigger=window{period=86400s,flex=900s,earliest=82079s,latest=86399s} requirements=[NET_CONNECTED] attributes=[PERSISTED,RECURRING] scheduled=0s last_run=N/A jid=N/A status=UNKNOWN retries=0 client_lib=MANCHEGO_GCM-202210000}
10-24 23:54:52.072   380   380 E Layer   : [Surface(name=Task=76)/@0x8d48905 - animation-leash#0] No local sync point found
10-24 23:54:52.072   380   380 E Layer   : [Surface(name=Task=76)/@0x8d48905 - animation-leash#0] No local sync point found
10-24 23:54:52.072   380   380 E Layer   : [Surface(name=Task=1)/@0xc554124 - animation-leash#0] No local sync point found
10-24 23:54:52.072   380   380 E Layer   : [Surface(name=Task=1)/@0xc554124 - animation-leash#0] No local sync point found
10-24 23:54:52.148  1193  1491 W ProviderHelper: Unknown dynamite feature providerinstaller
10-24 23:54:52.234 10334 10365 I droid.apps.map: The ClassLoaderContext is a special shared library.
10-24 23:54:52.250   419   419 I perfetto: probes_producer.cc:329  Producer stop (id=135)
10-24 23:54:52.252   430   430 I perfetto: ng_service_impl.cc:1948 Tracing session 135 ended, total sessions:1
10-24 23:54:52.267 10334 10375 W droid.apps.map: Unsupported class loader
10-24 23:54:52.305 10334 10375 W droid.apps.map: Unsupported class loader
10-24 23:54:52.306   524  3622 E system_server: Invalid class loader spec: =UnsupportedClassLoaderContext=
10-24 23:54:52.306   524  3622 E PackageDexUsage: Unsupported context?
10-24 23:54:52.395  1193  8984 W Conscrypt: Could not set socket write timeout: java.net.SocketException: Socket closed
10-24 23:54:52.396  1193  8984 W Conscrypt: 	at com.google.android.gms.org.conscrypt.Platform.setSocketWriteTimeout(:com.google.android.gms@201817022@20.18.17 (040700-311416286):2)
10-24 23:54:52.396  1193  8984 W Conscrypt: 	at com.google.android.gms.org.conscrypt.ConscryptFileDescriptorSocket.setSoWriteTimeout(:com.google.android.gms@201817022@20.18.17 (040700-311416286):0)
10-24 23:54:52.468  1193  8984 W Conscrypt: Could not set socket write timeout: java.net.SocketException: Socket closed
10-24 23:54:52.468  1193  8984 W Conscrypt: 	at com.google.android.gms.org.conscrypt.Platform.setSocketWriteTimeout(:com.google.android.gms@201817022@20.18.17 (040700-311416286):2)
10-24 23:54:52.468  1193  8984 W Conscrypt: 	at com.google.android.gms.org.conscrypt.ConscryptFileDescriptorSocket.setSoWriteTimeout(:com.google.android.gms@201817022@20.18.17 (040700-311416286):0)
10-24 23:54:52.500 10334 10375 I cr_CronetLibraryLoader: Cronet version: 81.0.4044.96, arch: i686
10-24 23:54:52.514   524  3622 D ConnectivityService: requestNetwork for uid/pid:10136/10334 NetworkRequest [ TRACK_DEFAULT id=45, [ Capabilities: INTERNET&NOT_RESTRICTED&TRUSTED Uid: 10136 AdministratorUids: [] RequestorUid: 10136 RequestorPackageName: com.google.android.apps.maps] ]
10-24 23:54:52.514   524   636 D ConnectivityService: NetReassign [45 : null → 101]
10-24 23:54:52.515   942   942 D PhoneSwitcherNetworkRequstListener: got request NetworkRequest [ TRACK_DEFAULT id=45, [ Capabilities: INTERNET&NOT_RESTRICTED&TRUSTED Uid: 10136 AdministratorUids: [] RequestorUid: 10136 RequestorPackageName: com.google.android.apps.maps] ] with score 60 and providerId 3
10-24 23:54:52.515   524   625 D WifiNetworkFactory: got request NetworkRequest [ TRACK_DEFAULT id=45, [ Capabilities: INTERNET&NOT_RESTRICTED&TRUSTED Uid: 10136 AdministratorUids: [] RequestorUid: 10136 RequestorPackageName: com.google.android.apps.maps] ] with score 60 and providerId 3
10-24 23:54:52.515   524   625 D UntrustedWifiNetworkFactory: got request NetworkRequest [ TRACK_DEFAULT id=45, [ Capabilities: INTERNET&NOT_RESTRICTED&TRUSTED Uid: 10136 AdministratorUids: [] RequestorUid: 10136 RequestorPackageName: com.google.android.apps.maps] ] with score 60 and providerId 3
10-24 23:54:52.516  1255  1376 I PeriodicStatsRunner: PeriodicStatsRunner.call():180 call()
10-24 23:54:52.517  1255  1376 I PeriodicStatsRunner: PeriodicStatsRunner.call():184 No submit PeriodicStats since input started.
10-24 23:54:52.525   524   636 D ConnectivityService: NetReassign [no changes]
10-24 23:54:52.531   702   702 V KeyguardUpdateMonitor: onSubscriptionInfoChanged()
10-24 23:54:52.532   942   942 D Telephony: isEmergencyPreferredAccount: subId=1, activeData=1
10-24 23:54:52.532   942   942 D Telephony: isEmergencyPreferredAccount: Device does not require preference.
10-24 23:54:52.534   702   702 V KeyguardUpdateMonitor: SubInfo:{id=1 iccId=89014103211118510720 simSlotIndex=0 carrierId=1 displayName=T-Mobile carrierName=T-Mobile nameSource=3 iconTint=-16746133 number=+15555215554 dataRoaming=0 iconBitmap=android.graphics.Bitmap@76b6d97 mcc=310 mnc=260 countryIso=us isEmbedded=false nativeAccessRules=null cardString=89014103211118510720 cardId=-1 isOpportunistic=false groupUUID=null isGroupDisabled=false profileClass=-1 ehplmns=null hplmns=null subscriptionType=0 groupOwner=null carrierConfigAccessRules=null areUiccApplicationsEnabled=true}
10-24 23:54:52.540 10334 10365 I droid.apps.map: The ClassLoaderContext is a special shared library.
10-24 23:54:52.551 10334 10365 D nativeloader: classloader namespace configured for unbundled product apk. library_path=/product/priv-app/PrebuiltGmsCore/lib/x86:/product/priv-app/PrebuiltGmsCore/PrebuiltGmsCore.apk!/lib/x86:/product/lib:/system/product/lib
10-24 23:54:52.555  1193  8984 E GmsTaskScheduler: sendWakeUpEvent called on SchedulerClientBroadcastStrategy
10-24 23:54:52.601 10334 10401 W droid.apps.map: Unsupported class loader
10-24 23:54:52.618 10334 10365 V NativeCrypto: Registering com/google/android/gms/org/conscrypt/NativeCrypto's 286 native methods...
10-24 23:54:52.651 10334 10401 W droid.apps.map: Unsupported class loader
10-24 23:54:52.653   524  8268 E system_server: Invalid class loader spec: =UnsupportedClassLoaderContext=
10-24 23:54:52.654   524  8268 E PackageDexUsage: Unsupported context?
10-24 23:54:52.791 10334 10365 I ProviderInstaller: Installed default security provider GmsCore_OpenSSL
10-24 23:54:52.913  1325  4259 I FontsContentProvider: Received query Google Sans:500, URI content://com.google.android.gms.fonts
10-24 23:54:52.914  1325  4259 I FontsContentProvider: Query [Google Sans:500] resolved to {Google Sans, wdth 100.0, wght 500, ital 0.0, bestEffort false}
10-24 23:54:52.915  1325  4259 I FontsContentProvider: Fetch {Google Sans, wdth 100.0, wght 500, ital 0.0, bestEffort false} end status Status{statusCode=SUCCESS, resolution=null}
10-24 23:54:52.924  1325  4259 I FontsContentProvider: Pulling font file for id = 14, cache size = 6
10-24 23:54:52.944  1325  4259 I FontsContentProvider: Received query Google Sans:500, URI content://com.google.android.gms.fonts
10-24 23:54:52.944  1325  4259 I FontsContentProvider: Query [Google Sans:500] resolved to {Google Sans, wdth 100.0, wght 500, ital 0.0, bestEffort false}
10-24 23:54:52.949  1325  4259 I FontsContentProvider: Fetch {Google Sans, wdth 100.0, wght 500, ital 0.0, bestEffort false} end status Status{statusCode=SUCCESS, resolution=null}
10-24 23:54:52.954  1325  4259 I FontsContentProvider: Pulling font file for id = 15, cache size = 7
10-24 23:54:53.023 10334 10416 I FA      : App measurement initialized, version: 26016
10-24 23:54:53.023 10334 10416 I FA      : To enable debug logging run: adb shell setprop log.tag.FA VERBOSE
10-24 23:54:53.023 10334 10416 I FA      : To enable faster debug mode event logging run:
10-24 23:54:53.023 10334 10416 I FA      :   adb shell setprop debug.firebase.analytics.app com.google.android.apps.maps
10-24 23:54:53.116  1325  4259 I FontsContentProvider: Received query Google Sans, URI content://com.google.android.gms.fonts
10-24 23:54:53.116  1325  4259 I FontsContentProvider: Query [Google Sans] resolved to {Google Sans, wdth 100.0, wght 400, ital 0.0, bestEffort false}
10-24 23:54:53.125  1325  4259 I FontsContentProvider: Fetch {Google Sans, wdth 100.0, wght 400, ital 0.0, bestEffort false} end status Status{statusCode=SUCCESS, resolution=null}
10-24 23:54:53.147  1325  4259 I FontsContentProvider: Pulling font file for id = 16, cache size = 8
10-24 23:54:53.166  1325  4259 I FontsContentProvider: Received query Google Sans, URI content://com.google.android.gms.fonts
10-24 23:54:53.166  1325  4259 I FontsContentProvider: Query [Google Sans] resolved to {Google Sans, wdth 100.0, wght 400, ital 0.0, bestEffort false}
10-24 23:54:53.170  1193  8984 E GmsTaskScheduler: sendWakeUpEvent called on SchedulerClientBroadcastStrategy
10-24 23:54:53.175  1325  4259 I FontsContentProvider: Fetch {Google Sans, wdth 100.0, wght 400, ital 0.0, bestEffort false} end status Status{statusCode=SUCCESS, resolution=null}
10-24 23:54:53.184 10334 10416 I FA      : Tag Manager is not found and thus will not be used
10-24 23:54:53.196  1325  4247 I FontsContentProvider: Pulling font file for id = 17, cache size = 9
10-24 23:54:53.232  1325  4259 I PeopleChimeraService: onService. callbacks = zup@38ff403, request = com.google.android.gms.common.internal.GetServiceRequest@df5ff80
10-24 23:54:53.254 10334 10372 D HostConnection: HostConnection::get() New Host Connection established 0xe7b347a0, tid 10372
10-24 23:54:53.266   380   397 W ServiceManager: Permission failure: android.permission.ACCESS_SURFACE_FLINGER from uid=10136 pid=10334
10-24 23:54:53.266   380   397 D PermissionCache: checking android.permission.ACCESS_SURFACE_FLINGER for uid=10136 => denied (1431 us)
10-24 23:54:53.296 10334 10372 D HostConnection: HostComposition ext ANDROID_EMU_CHECKSUM_HELPER_v1 ANDROID_EMU_native_sync_v2 ANDROID_EMU_native_sync_v3 ANDROID_EMU_native_sync_v4 ANDROID_EMU_dma_v1 ANDROID_EMU_direct_mem ANDROID_EMU_host_composition_v1 ANDROID_EMU_host_composition_v2 ANDROID_EMU_vulkan ANDROID_EMU_deferred_vulkan_commands ANDROID_EMU_vulkan_null_optional_strings ANDROID_EMU_vulkan_create_resources_with_requirements ANDROID_EMU_YUV_Cache ANDROID_EMU_vulkan_ignored_handles ANDROID_EMU_has_shared_slots_host_memory_allocator ANDROID_EMU_vulkan_free_memory_sync ANDROID_EMU_vulkan_shader_float16_int8 ANDROID_EMU_vulkan_async_queue_submit ANDROID_EMU_sync_buffer_data ANDROID_EMU_vulkan_async_qsri ANDROID_EMU_read_color_buffer_dma GL_OES_vertex_array_object GL_KHR_texture_compression_astc_ldr ANDROID_EMU_host_side_tracing ANDROID_EMU_gles_max_version_2 
10-24 23:54:53.297 10334 10372 W OpenGLRenderer: Failed to choose config with EGL_SWAP_BEHAVIOR_PRESERVED, retrying without...
10-24 23:54:53.315 10334 10372 D EGL_emulation: eglCreateContext: 0xe7b36720: maj 2 min 0 rcv 2
10-24 23:54:53.365 10334 10372 D EGL_emulation: eglMakeCurrent: 0xe7b36720: ver 2 0 (tinfo 0xaf0100d0) (first time)
10-24 23:54:53.402   183   183 I hwservicemanager: getTransport: Cannot find entry android.hardware.graphics.mapper@4.0::IMapper/default in either framework or device manifest.
10-24 23:54:53.402 10334 10372 I Gralloc4: mapper 4.x is not supported
10-24 23:54:53.402 10334 10372 D HostConnection: createUnique: call
10-24 23:54:53.403 10334 10372 D HostConnection: HostConnection::get() New Host Connection established 0xe7b376e0, tid 10372
10-24 23:54:53.409 10334 10372 D HostConnection: HostComposition ext ANDROID_EMU_CHECKSUM_HELPER_v1 ANDROID_EMU_native_sync_v2 ANDROID_EMU_native_sync_v3 ANDROID_EMU_native_sync_v4 ANDROID_EMU_dma_v1 ANDROID_EMU_direct_mem ANDROID_EMU_host_composition_v1 ANDROID_EMU_host_composition_v2 ANDROID_EMU_vulkan ANDROID_EMU_deferred_vulkan_commands ANDROID_EMU_vulkan_null_optional_strings ANDROID_EMU_vulkan_create_resources_with_requirements ANDROID_EMU_YUV_Cache ANDROID_EMU_vulkan_ignored_handles ANDROID_EMU_has_shared_slots_host_memory_allocator ANDROID_EMU_vulkan_free_memory_sync ANDROID_EMU_vulkan_shader_float16_int8 ANDROID_EMU_vulkan_async_queue_submit ANDROID_EMU_sync_buffer_data ANDROID_EMU_vulkan_async_qsri ANDROID_EMU_read_color_buffer_dma GL_OES_vertex_array_object GL_KHR_texture_compression_astc_ldr ANDROID_EMU_host_side_tracing ANDROID_EMU_gles_max_version_2 
10-24 23:54:53.500   524   546 D EventSequenceValidator: dec AccIntentStartedEvents to 1
10-24 23:54:53.505  1325  4259 I PeopleChimeraService: onService. callbacks = zup@70cc329, request = com.google.android.gms.common.internal.GetServiceRequest@e9bc6ae
10-24 23:54:53.510   524   552 D ArtManagerInternalImpl: /data/misc/iorapd/com.google.android.apps.maps/1043701040/com.google.android.maps.MapsActivity/compiled_traces/compiled_trace.pb doesn't exist
10-24 23:54:53.515   524   552 I ActivityTaskManager: Displayed com.google.android.apps.maps/com.google.android.maps.MapsActivity: +2s59ms
10-24 23:54:53.566  1193  1217 I GeofencerStateMachine: removeGeofences: removeRequest=RemoveGeofencingRequest[REMOVE_BY_IDS Ids=[atn_geofence_request_id], packageName=com.google.android.apps.maps]
10-24 23:54:53.651 10334 10348 I droid.apps.map: Background young concurrent copying GC freed 121018(7887KB) AllocSpace objects, 48(1856KB) LOS objects, 78% free, 6903KB/30MB, paused 721us total 147.404ms
10-24 23:54:53.733 10334 10440 D HostConnection: HostConnection::get() New Host Connection established 0xe7b3d950, tid 10440
10-24 23:54:53.740 10334 10440 D HostConnection: HostComposition ext ANDROID_EMU_CHECKSUM_HELPER_v1 ANDROID_EMU_native_sync_v2 ANDROID_EMU_native_sync_v3 ANDROID_EMU_native_sync_v4 ANDROID_EMU_dma_v1 ANDROID_EMU_direct_mem ANDROID_EMU_host_composition_v1 ANDROID_EMU_host_composition_v2 ANDROID_EMU_vulkan ANDROID_EMU_deferred_vulkan_commands ANDROID_EMU_vulkan_null_optional_strings ANDROID_EMU_vulkan_create_resources_with_requirements ANDROID_EMU_YUV_Cache ANDROID_EMU_vulkan_ignored_handles ANDROID_EMU_has_shared_slots_host_memory_allocator ANDROID_EMU_vulkan_free_memory_sync ANDROID_EMU_vulkan_shader_float16_int8 ANDROID_EMU_vulkan_async_queue_submit ANDROID_EMU_sync_buffer_data ANDROID_EMU_vulkan_async_qsri ANDROID_EMU_read_color_buffer_dma GL_OES_vertex_array_object GL_KHR_texture_compression_astc_ldr ANDROID_EMU_host_side_tracing ANDROID_EMU_gles_max_version_2 
10-24 23:54:53.765 10334 10440 D EGL_emulation: eglCreateContext: 0xe7b21bf0: maj 2 min 0 rcv 2
10-24 23:54:53.801  1325 10387 I PeopleDatabaseHelper: cleanUpNonGplusAccounts done.
10-24 23:54:53.820 10334 10440 D EGL_emulation: eglMakeCurrent: 0xe7b21bf0: ver 2 0 (tinfo 0xe7e6d650) (first time)
10-24 23:54:53.899  1753  9515 I PBSessionCacheImpl: Deleted sessionId[7711536854049096] from persistence.
10-24 23:54:53.915  1753  2133 W SearchServiceCore: Abort, client detached.
10-24 23:54:54.013  1193  1217 I GeofencerStateMachine: removeGeofences: removeRequest=RemoveGeofencingRequest[REMOVE_BY_IDS Ids=[atn_geofence_request_id], packageName=com.google.android.apps.maps]
10-24 23:54:55.573   392   464 D AudioFlinger: mixer(0xedd13030) throttle end: throttle time(37)
10-24 23:54:56.448   419   419 I perfetto: probes_producer.cc:329  Producer stop (id=136)
10-24 23:54:56.453   419   419 I perfetto: ftrace_procfs.cc:183    disabled ftrace
10-24 23:54:56.434     0     0 W perfetto: disabled ftrace
10-24 23:54:56.454   430   430 I perfetto: ng_service_impl.cc:1948 Tracing session 136 ended, total sessions:0
10-24 23:54:56.552 10334 10355 I droid.apps.map: Waiting for a blocking GC ProfileSaver
10-24 23:54:56.567   439 10330 I iorapd  : Perfetto TraceBuffer saved to file: /data/misc/iorapd/com.google.android.apps.maps/1043701040/com.google.android.maps.MapsActivity/raw_traces/1761324896562682300.perfetto_trace.pb
10-24 23:54:56.802  1753  1753 I GmmNavBroadcastRec: canHotwordForGmm is false
10-24 23:54:56.813  1193 10430 W NetworkScheduler: The Firebase Job Dispatcher and GmsTaskScheduler are deprecated for apps targeting API 30 or newer. Application com.google.android.apps.maps has targetSdkVersion 30. Please migrate to the WorkManager or JobScheduler.
10-24 23:54:56.814  1193 10430 W NetworkScheduler: Running in whitelist mode. Ignoring task: com.google.android.apps.maps/com.google.android.apps.gmm.base.logging.NotificationOptOutChangeLoggingService{u=0 tag="NOTIFICATION_OPT_OUT_CHANGE_LOGGER" trigger=window{period=86400s,flex=8640s,earliest=77759s,latest=86399s} requirements=[NET_CONNECTED] attributes=[PERSISTED,RECURRING] scheduled=0s last_run=N/A jid=N/A status=UNKNOWN retries=0 client_lib=MANCHEGO_GCM-202210000}
10-24 23:54:56.829  1193 10430 W NetworkScheduler: The Firebase Job Dispatcher and GmsTaskScheduler are deprecated for apps targeting API 30 or newer. Application com.google.android.apps.maps has targetSdkVersion 30. Please migrate to the WorkManager or JobScheduler.
10-24 23:54:56.830  1193 10430 W NetworkScheduler: Running in whitelist mode. Ignoring task: com.google.android.apps.maps/com.google.android.apps.gmm.passiveassist.model.PassiveAssistDataStoreExpirationService{u=0 tag="PASSIVE_ASSIST.CLEAR_EXPIRED_DATA" trigger=window{period=259200s,flex=21600s,earliest=237599s,latest=259199s} requirements=[NET_ANY] attributes=[PERSISTED,RECURRING] scheduled=0s last_run=N/A jid=N/A status=UNKNOWN retries=0 client_lib=MANCHEGO_GCM-202210000}
10-24 23:54:56.869 10334 10334 V NFC     : this device does not have NFC support
10-24 23:54:56.964  1193  2088 I anhw    : Scheduling Phenotype for a PhenotypeSyncImmediately(6, com.google.lighter.android#com.google.android.apps.maps) one off with window [1, 2] in seconds [CONTEXT service_id=51 ]
10-24 23:54:57.102   524  1394 I ActivityTaskManager: START u0 {act=android.content.pm.action.REQUEST_PERMISSIONS pkg=com.google.android.permissioncontroller cmp=com.google.android.permissioncontroller/com.android.permissioncontroller.permission.ui.GrantPermissionsActivity (has extras)} from uid 10136
10-24 23:54:57.103   524   546 D EventSequenceValidator: inc AccIntentStartedEvents to 2
10-24 23:54:57.176  8499 10465 D libEGL  : loaded /vendor/lib/egl/libEGL_emulation.so
10-24 23:54:57.181  8499 10465 D libEGL  : loaded /vendor/lib/egl/libGLESv1_CM_emulation.so
10-24 23:54:57.185  8499 10465 D libEGL  : loaded /vendor/lib/egl/libGLESv2_emulation.so
10-24 23:54:57.248 10334 10348 I droid.apps.map: ThreadFlipBegin blocked for 11.142ms
10-24 23:54:57.270  8499  8513 W ssioncontrolle: Reducing the number of considered missed Gc histogram windows from 171 to 100
10-24 23:54:57.343  8499 10463 D HostConnection: HostConnection::get() New Host Connection established 0xe7b19760, tid 10463
10-24 23:54:57.396  8499 10463 D HostConnection: HostComposition ext ANDROID_EMU_CHECKSUM_HELPER_v1 ANDROID_EMU_native_sync_v2 ANDROID_EMU_native_sync_v3 ANDROID_EMU_native_sync_v4 ANDROID_EMU_dma_v1 ANDROID_EMU_direct_mem ANDROID_EMU_host_composition_v1 ANDROID_EMU_host_composition_v2 ANDROID_EMU_vulkan ANDROID_EMU_deferred_vulkan_commands ANDROID_EMU_vulkan_null_optional_strings ANDROID_EMU_vulkan_create_resources_with_requirements ANDROID_EMU_YUV_Cache ANDROID_EMU_vulkan_ignored_handles ANDROID_EMU_has_shared_slots_host_memory_allocator ANDROID_EMU_vulkan_free_memory_sync ANDROID_EMU_vulkan_shader_float16_int8 ANDROID_EMU_vulkan_async_queue_submit ANDROID_EMU_sync_buffer_data ANDROID_EMU_vulkan_async_qsri ANDROID_EMU_read_color_buffer_dma GL_OES_vertex_array_object GL_KHR_texture_compression_astc_ldr ANDROID_EMU_host_side_tracing ANDROID_EMU_gles_max_version_2 
10-24 23:54:57.420   183   183 I hwservicemanager: getTransport: Cannot find entry android.hardware.configstore@1.0::ISurfaceFlingerConfigs/default in either framework or device manifest.
10-24 23:54:57.420  8499 10463 W OpenGLRenderer: Failed to choose config with EGL_SWAP_BEHAVIOR_PRESERVED, retrying without...
10-24 23:54:57.423 10334 10348 I droid.apps.map: Background concurrent copying GC freed 78758(4239KB) AllocSpace objects, 86(12MB) LOS objects, 40% free, 34MB/58MB, paused 920us total 378.231ms
10-24 23:54:57.440  8499 10463 D EGL_emulation: eglCreateContext: 0xe7b211e0: maj 2 min 0 rcv 2
10-24 23:54:57.483  8499 10463 D EGL_emulation: eglMakeCurrent: 0xe7b211e0: ver 2 0 (tinfo 0xe7e5d830) (first time)
10-24 23:54:57.522   183   183 I hwservicemanager: getTransport: Cannot find entry android.hardware.graphics.mapper@4.0::IMapper/default in either framework or device manifest.
10-24 23:54:57.522  8499 10463 I Gralloc4: mapper 4.x is not supported
10-24 23:54:57.523  8499 10463 D HostConnection: createUnique: call
10-24 23:54:57.523  8499 10463 D HostConnection: HostConnection::get() New Host Connection established 0xe7b20840, tid 10463
10-24 23:54:57.527  8499 10463 D HostConnection: HostComposition ext ANDROID_EMU_CHECKSUM_HELPER_v1 ANDROID_EMU_native_sync_v2 ANDROID_EMU_native_sync_v3 ANDROID_EMU_native_sync_v4 ANDROID_EMU_dma_v1 ANDROID_EMU_direct_mem ANDROID_EMU_host_composition_v1 ANDROID_EMU_host_composition_v2 ANDROID_EMU_vulkan ANDROID_EMU_deferred_vulkan_commands ANDROID_EMU_vulkan_null_optional_strings ANDROID_EMU_vulkan_create_resources_with_requirements ANDROID_EMU_YUV_Cache ANDROID_EMU_vulkan_ignored_handles ANDROID_EMU_has_shared_slots_host_memory_allocator ANDROID_EMU_vulkan_free_memory_sync ANDROID_EMU_vulkan_shader_float16_int8 ANDROID_EMU_vulkan_async_queue_submit ANDROID_EMU_sync_buffer_data ANDROID_EMU_vulkan_async_qsri ANDROID_EMU_read_color_buffer_dma GL_OES_vertex_array_object GL_KHR_texture_compression_astc_ldr ANDROID_EMU_host_side_tracing ANDROID_EMU_gles_max_version_2 
10-24 23:54:57.598   380   677 W ServiceManager: Permission failure: android.permission.ACCESS_SURFACE_FLINGER from uid=10164 pid=8499
10-24 23:54:57.598   380   677 D PermissionCache: checking android.permission.ACCESS_SURFACE_FLINGER for uid=10164 => denied (408 us)
10-24 23:54:57.600   524   552 D ArtManagerInternalImpl: /data/misc/iorapd/com.google.android.permissioncontroller/300900706/com.android.permissioncontroller.permission.ui.GrantPermissionsActivity/compiled_traces/compiled_trace.pb doesn't exist
10-24 23:54:57.601   524   552 I ActivityTaskManager: Displayed com.google.android.permissioncontroller/com.android.permissioncontroller.permission.ui.GrantPermissionsActivity: +493ms
10-24 23:54:57.602   524   546 D EventSequenceValidator: dec AccIntentStartedEvents to 1
10-24 23:54:57.667 10334 10399 I cr_CronetUrlRequestContext: destroyNativeStreamLocked org.chromium.net.impl.CronetBidirectionalStream@a44c3f0
10-24 23:54:58.559  8499  8499 V GrantPermissionsActivity: Logged buttons presented and clicked permissionGroupName=android.permission-group.LOCATION uid=10136 package=com.google.android.apps.maps presentedButtons=44 clickedButton=4 sessionId=-4172830121423176450
10-24 23:54:58.574  1255  1376 I PeriodicStatsRunner: PeriodicStatsRunner.call():180 call()
10-24 23:54:58.574  1255  1376 I PeriodicStatsRunner: PeriodicStatsRunner.call():184 No submit PeriodicStats since input started.
10-24 23:54:58.608  8499  8499 V GrantPermissionsActivity: Permission grant result requestId=-4172830121423176450 callingUid=10136 callingPackage=com.google.android.apps.maps permission=android.permission.ACCESS_FINE_LOCATION isImplicit=false result=4
10-24 23:54:58.609  8499  8499 V GrantPermissionsActivity: Permission grant result requestId=-4172830121423176450 callingUid=10136 callingPackage=com.google.android.apps.maps permission=android.permission.ACCESS_COARSE_LOCATION isImplicit=true result=4
10-24 23:54:58.648   524  4228 D HostConnection: HostConnection::get() New Host Connection established 0xaf184f40, tid 4228
10-24 23:54:58.655   524  4228 D HostConnection: HostComposition ext ANDROID_EMU_CHECKSUM_HELPER_v1 ANDROID_EMU_native_sync_v2 ANDROID_EMU_native_sync_v3 ANDROID_EMU_native_sync_v4 ANDROID_EMU_dma_v1 ANDROID_EMU_direct_mem ANDROID_EMU_host_composition_v1 ANDROID_EMU_host_composition_v2 ANDROID_EMU_vulkan ANDROID_EMU_deferred_vulkan_commands ANDROID_EMU_vulkan_null_optional_strings ANDROID_EMU_vulkan_create_resources_with_requirements ANDROID_EMU_YUV_Cache ANDROID_EMU_vulkan_ignored_handles ANDROID_EMU_has_shared_slots_host_memory_allocator ANDROID_EMU_vulkan_free_memory_sync ANDROID_EMU_vulkan_shader_float16_int8 ANDROID_EMU_vulkan_async_queue_submit ANDROID_EMU_sync_buffer_data ANDROID_EMU_vulkan_async_qsri ANDROID_EMU_read_color_buffer_dma GL_OES_vertex_array_object GL_KHR_texture_compression_astc_ldr ANDROID_EMU_host_side_tracing ANDROID_EMU_gles_max_version_2 
10-24 23:54:58.656   524  4228 W OpenGLRenderer: Failed to choose config with EGL_SWAP_BEHAVIOR_PRESERVED, retrying without...
10-24 23:54:58.677   524  4228 D EGL_emulation: eglCreateContext: 0xe7b3fef0: maj 2 min 0 rcv 2
10-24 23:54:58.689  8499 10463 D OpenGLRenderer: endAllActiveAnimators on 0xe170e470 (RippleDrawable) with handle 0xe7e76990
10-24 23:54:58.725   524  4228 D EGL_emulation: eglMakeCurrent: 0xe7b3fef0: ver 2 0 (tinfo 0xaf7af6d0) (first time)
10-24 23:54:58.781  1193  2235 W GCoreFlp: No location to return for getLastLocation()
10-24 23:54:59.154  1193  8984 I anih    : Removed 0 invalid users [CONTEXT service_id=51 ]
10-24 23:55:00.002   702   702 D KeyguardClockSwitch: Updating clock: 1155
10-24 23:55:00.025 10269 10269 I AlarmClock: Periodic: Executing periodic callback for MINUTE because the period ended
10-24 23:55:00.025 10269 10269 I AlarmClock: Periodic: Executing periodic callback for MINUTE because the period ended
10-24 23:55:01.586   524  1167 D WifiNl80211Manager: Scan result ready event
10-24 23:55:01.586   524  1167 D WifiNative: Scan result ready event
10-24 23:55:01.651   524  1167 D WifiNl80211Manager: Scan result ready event
10-24 23:55:01.651   524  1167 D WifiNative: Scan result ready event
10-24 23:55:02.656  1255  1376 I PeriodicStatsRunner: PeriodicStatsRunner.call():180 call()
10-24 23:55:02.656  1255  1376 I PeriodicStatsRunner: PeriodicStatsRunner.call():184 No submit PeriodicStats since input started.
10-24 23:55:03.577 10334 10348 I droid.apps.map: Background young concurrent copying GC freed 183346(9237KB) AllocSpace objects, 138(11MB) LOS objects, 28% free, 42MB/58MB, paused 5.391ms total 92.639ms
10-24 23:55:03.772  1255  1376 I PeriodicStatsRunner: PeriodicStatsRunner.call():180 call()
10-24 23:55:03.772  1255  1376 I PeriodicStatsRunner: PeriodicStatsRunner.call():184 No submit PeriodicStats since input started.
10-24 23:55:03.986   524   543 D AutofillManagerService: Close system dialogs
10-24 23:55:03.986   524   544 I ActivityTaskManager: START u0 {act=android.intent.action.MAIN cat=[android.intent.category.HOME] flg=0x10000100 cmp=com.google.android.apps.nexuslauncher/.NexusLauncherActivity (has extras)} from uid 0
10-24 23:55:03.987   524   546 D EventSequenceValidator: inc AccIntentStartedEvents to 2
10-24 23:55:03.994   702   702 V ShadeControllerImpl: NotificationShadeWindow: com.android.systemui.statusbar.phone.NotificationShadeWindowView{f018b61 I.E...... ......ID 0,0-1080,2340} canPanelBeCollapsed(): false
10-24 23:55:04.037  1078  1078 D TaplTarget: Launcher.onNewIntent: Intent { act=android.intent.action.MAIN cat=[android.intent.category.HOME] flg=0x10400100 cmp=com.google.android.apps.nexuslauncher/.NexusLauncherActivity (has extras) }
10-24 23:55:04.042   524   543 D AutofillManagerService: Close system dialogs
10-24 23:55:04.052   702   702 V ShadeControllerImpl: NotificationShadeWindow: com.android.systemui.statusbar.phone.NotificationShadeWindowView{f018b61 I.E...... ......ID 0,0-1080,2340} canPanelBeCollapsed(): false
10-24 23:55:04.062 10334 10347 I droid.apps.map: JIT allocated 51KB for compiled code of void aaau.a(zkr, zkf, aala, avmm, android.content.res.Resources, zik)
10-24 23:55:04.064 10334 10347 I droid.apps.map: Compiler allocated 4543KB to compile void aaau.a(zkr, zkf, aala, avmm, android.content.res.Resources, zik)
10-24 23:55:04.200  1753  2133 W ThreadPoolDumper: Queue length for executor EventBus is now 11. Perhaps some tasks are too long, or the pool is too small.
10-24 23:55:04.214   524  9343 W ActivityManager: Unable to start service Intent { act=android.service.appprediction.AppPredictionService cmp=com.google.android.as/com.google.android.apps.miphone.aiai.app.AiAiPredictionService } U=0: not found
10-24 23:55:04.214   524  9343 W RemoteAppPredictionService: could not bind to Intent { act=android.service.appprediction.AppPredictionService cmp=com.google.android.as/com.google.android.apps.miphone.aiai.app.AiAiPredictionService } using flags 67108865
10-24 23:55:04.222  1753  1960 W LocationOracle: No location history returned by ContextManager
10-24 23:55:04.280   524   546 D EventSequenceValidator: dec AccIntentStartedEvents to 1
10-24 23:55:04.307  1078  1078 D RecentsOrientedState: current RecentsOrientedState: [this=RecentsOrientedState@9f62c4a mOrientationHandler=PortraitPagedViewHandler@a8b97bb mDisplayRotation=0 mTouchRotation=0 mRecentsActivityRotation=0 isRecentsActivityRotationAllowed=false mSystemRotation=true mFlags=299]
10-24 23:55:04.308  1078  1078 I chatty  : uid=10154(com.google.android.apps.nexuslauncher) identical 2 lines
10-24 23:55:04.308  1078  1078 D RecentsOrientedState: current RecentsOrientedState: [this=RecentsOrientedState@9f62c4a mOrientationHandler=PortraitPagedViewHandler@a8b97bb mDisplayRotation=0 mTouchRotation=0 mRecentsActivityRotation=0 isRecentsActivityRotationAllowed=false mSystemRotation=true mFlags=299]
10-24 23:55:04.349   524   552 D ArtManagerInternalImpl: /data/misc/iorapd/com.google.android.apps.nexuslauncher/821/com.google.android.apps.nexuslauncher.NexusLauncherActivity/compiled_traces/compiled_trace.pb doesn't exist
10-24 23:55:04.350  1753  1753 I BgTaskExecutorImpl: Starting EXCLUSIVE background task TNG_MINUS_ONE_SYNC.
10-24 23:55:04.353  1753  2133 I TngMinusOneSync: Syncing TNG:-1
10-24 23:55:04.355  1753  1946 E MDD     : DownloadProgressMonitor: Can't find file group for uri: android://com.google.android.googlequicksearchbox/files/sharedminusonemodule/shared/SharedMinusOneData.pb.tmp
10-24 23:55:04.401  1078  1096 W System  : A resource failed to call release. 
10-24 23:55:04.401  1078  1096 I chatty  : uid=10154(com.google.android.apps.nexuslauncher) FinalizerDaemon identical 1 line
10-24 23:55:04.401  1078  1096 W System  : A resource failed to call release. 
10-24 23:55:04.419   702   726 I ndroid.systemu: NativeAlloc concurrent copying GC freed 5771(337KB) AllocSpace objects, 0(0B) LOS objects, 49% free, 7093KB/13MB, paused 4.046ms total 118.041ms
10-24 23:55:04.746  1193  1193 W SystemServiceRegistry: No service published for: persistent_data_block
10-24 23:55:04.850  1078  1078 D TaplEvents: Main / Touch event: MotionEvent { action=ACTION_DOWN, actionButton=0, id[0]=0, x[0]=504.9646, y[0]=1602.8943, toolType[0]=TOOL_TYPE_FINGER, buttonState=0, classification=NONE, metaState=0, flags=0x1, edgeFlags=0x0, pointerCount=1, historySize=0, eventTime=4850485, downTime=4850485, deviceId=8, source=0x5002, displayId=0 }
10-24 23:55:04.947  1078  1078 D TaplEvents: Main / Touch event: MotionEvent { action=ACTION_UP, actionButton=0, id[0]=0, x[0]=642.96387, y[0]=1138.9362, toolType[0]=TOOL_TYPE_FINGER, buttonState=0, classification=NONE, metaState=0, flags=0x1, edgeFlags=0x0, pointerCount=1, historySize=0, eventTime=4850582, downTime=4850485, deviceId=8, source=0x5002, displayId=0 }
10-24 23:55:05.167  1753  1753 I GmmNavBroadcastRec: canHotwordForGmm is false
10-24 23:55:05.365  1753  1753 W n       : Received update for unknown package com.google.android.googlequicksearchbox
10-24 23:55:05.370  1193  8984 I anhw    : Scheduling adaptive one off task with window [14400, 604800] in seconds [CONTEXT service_id=51 ]
10-24 23:55:05.376  1753  1753 I BgTaskExecutorImpl: Starting EXCLUSIVE background task FETCH_CONFIGS_FROM_PHENOTYPE.
10-24 23:55:05.400   524  9343 W AlarmManager: Window length 3074457345618258602ms suspiciously long; limiting to 1 hour
10-24 23:55:05.494  1753  1962 W PhenotypeToGsaConfigs: Can't format flag AndroidGsaVelourJars__velour_birthdaydoodle_jar__name to integer.
10-24 23:55:05.494  1753  1962 W PhenotypeToGsaConfigs: Can't format flag AndroidGsaVelourJars__velour_call_jar__name to integer.
10-24 23:55:05.495  1753  1962 W PhenotypeToGsaConfigs: Can't format flag AndroidGsaVelourJars__velour_canvas_jar__name to integer.
10-24 23:55:05.495  1753  1962 W PhenotypeToGsaConfigs: Can't format flag AndroidGsaVelourJars__velour_chkpkg_jar__name to integer.
10-24 23:55:05.495  1753  1962 W PhenotypeToGsaConfigs: Can't format flag AndroidGsaVelourJars__velour_crashtest_jar__name to integer.
10-24 23:55:05.495  1753  1962 W PhenotypeToGsaConfigs: Can't format flag AndroidGsaVelourJars__velour_dining_jar__name to integer.
10-24 23:55:05.495  1753  1962 W PhenotypeToGsaConfigs: Can't format flag AndroidGsaVelourJars__velour_doodle_notifications_jar__name to integer.
10-24 23:55:05.495  1753  1962 W PhenotypeToGsaConfigs: Can't format flag AndroidGsaVelourJars__velour_imageviewer_jar__name to integer.
10-24 23:55:05.495  1753  1962 W PhenotypeToGsaConfigs: Can't format flag AndroidGsaVelourJars__velour_ipa_jar__name to integer.
10-24 23:55:05.495  1753  1962 W PhenotypeToGsaConfigs: Can't format flag AndroidGsaVelourJars__velour_jslocation_jar__name to integer.
10-24 23:55:05.495  1753  1962 W PhenotypeToGsaConfigs: Can't format flag AndroidGsaVelourJars__velour_localintent_jar__name to integer.
10-24 23:55:05.495  1753  1962 W PhenotypeToGsaConfigs: Can't format flag AndroidGsaVelourJars__velour_messaging_jar__name to integer.
10-24 23:55:05.495  1753  1962 W PhenotypeToGsaConfigs: Can't format flag AndroidGsaVelourJars__velour_nativesrp_activity_jar__name to integer.
10-24 23:55:05.495  1753  1962 W PhenotypeToGsaConfigs: Can't format flag AndroidGsaVelourJars__velour_nativesrp_presenter_jar__name to integer.
10-24 23:55:05.495  1753  1962 W PhenotypeToGsaConfigs: Can't format flag AndroidGsaVelourJars__velour_nowcontent_jar__name to integer.
10-24 23:55:05.495  1753  1962 W PhenotypeToGsaConfigs: Can't format flag AndroidGsaVelourJars__velour_recents_activity_jar__name to integer.
10-24 23:55:05.495  1753  1962 W PhenotypeToGsaConfigs: Can't format flag AndroidGsaVelourJars__velour_save_jar__name to integer.
10-24 23:55:05.495  1753  1962 W PhenotypeToGsaConfigs: Can't format flag AndroidGsaVelourJars__velour_searchresults_activity_jar__name to integer.
10-24 23:55:05.495  1753  1962 W PhenotypeToGsaConfigs: Can't format flag AndroidGsaVelourJars__velour_test_jar__name to integer.
10-24 23:55:05.495  1753  1962 W PhenotypeToGsaConfigs: Can't format flag AndroidGsaVelourJars__velour_weather_jar__name to integer.
10-24 23:55:05.496  1753  1962 W PhenotypeToGsaConfigs: Can't format flag bindle_flags__bloblobber_blob to integer.
10-24 23:55:05.496  1753  1962 W PhenotypeToGsaConfigs: Can't format flag bindle_flags__velour_jar to integer.
10-24 23:55:05.511  1753  1960 I ModelDownloadListener: Schdedule model download
10-24 23:55:05.512  1753  1946 I FedAssExpListener: Fed-ass not supported for signed out users.
10-24 23:55:05.512  1753  1946 I FedAssExpListener: Successfully processed experiments changed.
10-24 23:55:05.515  1753  1960 I OpaEligibilityChecker: send OpaEligibilityChange broadcast to CommonBroadcastReceiver
10-24 23:55:05.516  1753  1753 I BgTaskExecutorImpl: Starting EXCLUSIVE background task UPDATE_HOTWORD_MODELS.
10-24 23:55:05.518  1753 10231 I ModelDownloadController: requestHotwordModelUpdate modelType-2 modelLocale-en-US
10-24 23:55:05.521  1753 10231 I ModelDownloadController: shouldDownloadModel: modelLocale is en-US
10-24 23:55:05.522  1753 10231 I ModelDownloadController: We already downloaded model from given location.
10-24 23:55:05.522  1753 10231 I ModelDownloadController: Model download not requested.
10-24 23:55:05.551  1753  1960 W CorpusConfigHelper: Invalid input from icing corpus JSON flag.
10-24 23:55:05.551  1753  1960 W CorpusConfigHelper: android.util.MalformedJsonException: Use JsonReader.setLenient(true) to accept malformed JSON at line 123 column 2
10-24 23:55:05.551  1753  1960 W CorpusConfigHelper: 	at android.util.JsonReader.syntaxError(JsonReader.java:1162)
10-24 23:55:05.551  1753  1960 W CorpusConfigHelper: 	at android.util.JsonReader.checkLenient(JsonReader.java:840)
10-24 23:55:05.551  1753  1960 W CorpusConfigHelper: 	at android.util.JsonReader.nextInArray(JsonReader.java:615)
10-24 23:55:05.551  1753  1960 W CorpusConfigHelper: 	at android.util.JsonReader.peek(JsonReader.java:345)
10-24 23:55:05.551  1753  1960 W CorpusConfigHelper: 	at android.util.JsonReader.hasNext(JsonReader.java:321)
10-24 23:55:05.551  1753  1960 W CorpusConfigHelper: 	at com.google.android.apps.gsa.searchbox.c.b.b.k.a(SourceFile:25)
10-24 23:55:05.551  1753  1960 W CorpusConfigHelper: 	at com.google.android.apps.gsa.searchbox.c.b.b.j.a(SourceFile:1)
10-24 23:55:05.551  1753  1960 W CorpusConfigHelper: 	at com.google.android.apps.gsa.search.core.i.i.run(Unknown Source:2)
10-24 23:55:05.551  1753  1960 W CorpusConfigHelper: 	at com.google.android.libraries.gsa.l.a.l.call(Unknown Source:2)
10-24 23:55:05.551  1753  1960 W CorpusConfigHelper: 	at java.util.concurrent.FutureTask.run(FutureTask.java:266)
10-24 23:55:05.551  1753  1960 W CorpusConfigHelper: 	at com.google.apps.tiktok.concurrent.aq.run(SourceFile:1)
10-24 23:55:05.551  1753  1960 W CorpusConfigHelper: 	at java.util.concurrent.ThreadPoolExecutor.runWorker(ThreadPoolExecutor.java:1167)
10-24 23:55:05.551  1753  1960 W CorpusConfigHelper: 	at java.util.concurrent.ThreadPoolExecutor$Worker.run(ThreadPoolExecutor.java:641)
10-24 23:55:05.551  1753  1960 W CorpusConfigHelper: 	at com.google.apps.tiktok.concurrent.f.run(Unknown Source:3)
10-24 23:55:05.551  1753  1960 W CorpusConfigHelper: 	at java.lang.Thread.run(Thread.java:923)
10-24 23:55:05.560  1325  2321 I Icing   : IndexChimeraService.getServiceInterface callingPackage=com.google.android.googlequicksearchbox componentName=agsa_icing_connection serviceId=32 [CONTEXT service_id=21 ]
10-24 23:55:05.562  1325  2301 I Icing   : IndexChimeraService.getServiceInterface callingPackage=com.google.android.googlequicksearchbox componentName=agsa_icing_connection serviceId=33 [CONTEXT service_id=21 ]
10-24 23:55:05.572  1325  2301 I Icing   : IndexChimeraService.getServiceInterface callingPackage=com.google.android.gms componentName=null serviceId=36 [CONTEXT service_id=21 ]
10-24 23:55:05.595  1325  2321 I Icing   : IndexChimeraService.getServiceInterface callingPackage=com.google.android.gms componentName=null serviceId=30 [CONTEXT service_id=21 ]
10-24 23:55:05.601  1325  2253 E native  : document-store.cc:1218 Failed to update per-doc-data with usage report
10-24 23:55:05.601  1325  2253 I chatty  : uid=10121(com.google.android.gms) lowpool[4] identical 5 lines
10-24 23:55:05.602  1325  2253 E native  : document-store.cc:1218 Failed to update per-doc-data with usage report
10-24 23:55:05.638  1193  8984 W Conscrypt: Could not set socket write timeout: java.net.SocketException: Socket closed
10-24 23:55:05.638  1193  8984 W Conscrypt: 	at com.google.android.gms.org.conscrypt.Platform.setSocketWriteTimeout(:com.google.android.gms@201817022@20.18.17 (040700-311416286):2)
10-24 23:55:05.638  1193  8984 W Conscrypt: 	at com.google.android.gms.org.conscrypt.ConscryptFileDescriptorSocket.setSoWriteTimeout(:com.google.android.gms@201817022@20.18.17 (040700-311416286):0)
10-24 23:55:05.650  1325  2253 I Icing   : Usage reports ok 8, Failed Usage reports 7, indexed 0, rejected 0 [CONTEXT service_id=21 ]
10-24 23:55:05.657  1325  2253 I Icing   : Usage reports ok 0, Failed Usage reports 0, indexed 0, rejected 0 [CONTEXT service_id=21 ]
10-24 23:55:05.663  1325  2253 I chatty  : uid=10121(com.google.android.gms) lowpool[4] identical 1 line
10-24 23:55:05.669  1325  2253 I Icing   : Usage reports ok 0, Failed Usage reports 0, indexed 0, rejected 0 [CONTEXT service_id=21 ]
10-24 23:55:05.675  1193  8984 W Conscrypt: Could not set socket write timeout: java.net.SocketException: Socket closed
10-24 23:55:05.676  1193  8984 W Conscrypt: 	at com.google.android.gms.org.conscrypt.Platform.setSocketWriteTimeout(:com.google.android.gms@201817022@20.18.17 (040700-311416286):2)
10-24 23:55:05.676  1193  8984 W Conscrypt: 	at com.google.android.gms.org.conscrypt.ConscryptFileDescriptorSocket.setSoWriteTimeout(:com.google.android.gms@201817022@20.18.17 (040700-311416286):0)
10-24 23:55:05.771  1193  8984 E GmsTaskScheduler: sendWakeUpEvent called on SchedulerClientBroadcastStrategy
10-24 23:55:05.816  1193  8984 W Conscrypt: Could not set socket write timeout: java.net.SocketException: Socket closed
10-24 23:55:05.816  1193  8984 W Conscrypt: 	at com.google.android.gms.org.conscrypt.Platform.setSocketWriteTimeout(:com.google.android.gms@201817022@20.18.17 (040700-311416286):2)
10-24 23:55:05.816  1193  8984 W Conscrypt: 	at com.google.android.gms.org.conscrypt.ConscryptFileDescriptorSocket.setSoWriteTimeout(:com.google.android.gms@201817022@20.18.17 (040700-311416286):0)
10-24 23:55:05.852  1193  8984 W Conscrypt: Could not set socket write timeout: java.net.SocketException: Socket closed
10-24 23:55:05.853  1193  8984 W Conscrypt: 	at com.google.android.gms.org.conscrypt.Platform.setSocketWriteTimeout(:com.google.android.gms@201817022@20.18.17 (040700-311416286):2)
10-24 23:55:05.853  1193  8984 W Conscrypt: 	at com.google.android.gms.org.conscrypt.ConscryptFileDescriptorSocket.setSoWriteTimeout(:com.google.android.gms@201817022@20.18.17 (040700-311416286):0)
10-24 23:55:05.943  1193  8984 E GmsTaskScheduler: sendWakeUpEvent called on SchedulerClientBroadcastStrategy
10-24 23:55:06.332   524  9343 I system_server: oneway function results will be dropped but finished with status OK and parcel size 4
10-24 23:55:06.346   524  9343 I system_server: oneway function results will be dropped but finished with status OK and parcel size 4
10-24 23:55:06.460  1193  8984 E GmsTaskScheduler: sendWakeUpEvent called on SchedulerClientBroadcastStrategy
10-24 23:55:09.146  1078  1078 D TaplEvents: Main / Touch event: MotionEvent { action=ACTION_DOWN, actionButton=0, id[0]=0, x[0]=676.97754, y[0]=1760.9271, toolType[0]=TOOL_TYPE_FINGER, buttonState=0, classification=NONE, metaState=0, flags=0x1, edgeFlags=0x0, pointerCount=1, historySize=0, eventTime=4854781, downTime=4854781, deviceId=8, source=0x5002, displayId=0 }
10-24 23:55:09.276  1078  1078 D TaplEvents: Main / Touch event: MotionEvent { action=ACTION_UP, actionButton=0, id[0]=0, x[0]=745.9607, y[0]=1441.9336, toolType[0]=TOOL_TYPE_FINGER, buttonState=0, classification=NONE, metaState=0, flags=0x1, edgeFlags=0x0, pointerCount=1, historySize=0, eventTime=4854910, downTime=4854781, deviceId=8, source=0x5002, displayId=0 }
10-24 23:55:09.354  1255  1376 I PeriodicStatsRunner: PeriodicStatsRunner.call():180 call()
10-24 23:55:09.354  1255  1376 I PeriodicStatsRunner: PeriodicStatsRunner.call():184 No submit PeriodicStats since input started.
10-24 23:55:11.117 10334 10416 W ConnectionTracker: Exception thrown while unbinding
10-24 23:55:11.117 10334 10416 W ConnectionTracker: java.lang.IllegalArgumentException: Service not registered: lm@b6f0b6f
10-24 23:55:11.117 10334 10416 W ConnectionTracker: 	at android.app.LoadedApk.forgetServiceDispatcher(LoadedApk.java:1757)
10-24 23:55:11.117 10334 10416 W ConnectionTracker: 	at android.app.ContextImpl.unbindService(ContextImpl.java:1874)
10-24 23:55:11.117 10334 10416 W ConnectionTracker: 	at android.content.ContextWrapper.unbindService(ContextWrapper.java:792)
10-24 23:55:11.117 10334 10416 W ConnectionTracker: 	at ce.b(:com.google.android.gms.dynamite_measurementdynamite@201817052@20.18.17 (040700-0):1)
10-24 23:55:11.117 10334 10416 W ConnectionTracker: 	at ce.a(:com.google.android.gms.dynamite_measurementdynamite@201817052@20.18.17 (040700-0):5)
10-24 23:55:11.117 10334 10416 W ConnectionTracker: 	at ln.A(:com.google.android.gms.dynamite_measurementdynamite@201817052@20.18.17 (040700-0):10)
10-24 23:55:11.117 10334 10416 W ConnectionTracker: 	at ky.a(:com.google.android.gms.dynamite_measurementdynamite@201817052@20.18.17 (040700-0):3)
10-24 23:55:11.117 10334 10416 W ConnectionTracker: 	at dy.run(:com.google.android.gms.dynamite_measurementdynamite@201817052@20.18.17 (040700-0):2)
10-24 23:55:11.117 10334 10416 W ConnectionTracker: 	at java.util.concurrent.Executors$RunnableAdapter.call(Executors.java:462)
10-24 23:55:11.117 10334 10416 W ConnectionTracker: 	at java.util.concurrent.FutureTask.run(FutureTask.java:266)
10-24 23:55:11.117 10334 10416 W ConnectionTracker: 	at iw.run(:com.google.android.gms.dynamite_measurementdynamite@201817052@20.18.17 (040700-0):15)
