10-24 23:54:38.705   314   371 W EmuHWC2 : validate: layer 341 CompositionType 1, fallback
10-24 23:54:38.707   314   371 W EmuHWC2 : No layers, exit, buffer 0xf3f81090
10-24 23:54:38.721   314   371 W EmuHWC2 : validate: layer 341 CompositionType 1, fallback
10-24 23:54:38.723   314   371 W EmuHWC2 : No layers, exit, buffer 0xf3f81390
10-24 23:54:38.737   314   371 W EmuHWC2 : validate: layer 341 CompositionType 1, fallback
10-24 23:54:38.739   314   371 W EmuHWC2 : No layers, exit, buffer 0xf3f81090
10-24 23:54:38.754   314   371 W EmuHWC2 : validate: layer 341 CompositionType 1, fallback
10-24 23:54:38.756   314   371 W EmuHWC2 : No layers, exit, buffer 0xf3f81390
10-24 23:54:38.771   314   371 W EmuHWC2 : validate: layer 341 CompositionType 1, fallback
10-24 23:54:38.773   314   371 W EmuHWC2 : No layers, exit, buffer 0xf3f81090
10-24 23:54:38.788   314   371 W EmuHWC2 : validate: layer 341 CompositionType 1, fallback
10-24 23:54:38.790   314   371 W EmuHWC2 : No layers, exit, buffer 0xf3f81390
10-24 23:54:38.805   314   371 W EmuHWC2 : validate: layer 341 CompositionType 1, fallback
10-24 23:54:38.807   314   371 W EmuHWC2 : No layers, exit, buffer 0xf3f81090
10-24 23:54:38.821   314   371 W EmuHWC2 : validate: layer 341 CompositionType 1, fallback
10-24 23:54:38.823   314   371 W EmuHWC2 : No layers, exit, buffer 0xf3f81390
10-24 23:54:38.838   314   371 W EmuHWC2 : validate: layer 341 CompositionType 1, fallback
10-24 23:54:38.840   314   371 W EmuHWC2 : No layers, exit, buffer 0xf3f81090
10-24 23:54:38.903   380   380 E Layer   : [Surface(name=Task=72)/@0xa7029bd - animation-leash#0] No local sync point found
10-24 23:54:38.903   380   380 E Layer   : [Surface(name=Task=72)/@0xa7029bd - animation-leash#0] No local sync point found
10-24 23:54:38.903   380   380 E Layer   : [Surface(name=Task=1)/@0xc554124 - animation-leash#0] No local sync point found
10-24 23:54:38.903   380   380 E Layer   : [Surface(name=Task=1)/@0xc554124 - animation-leash#0] No local sync point found
10-24 23:54:38.920   380   380 E Layer   : [Surface(name=Task=72)/@0xa7029bd - animation-leash#0] No local sync point found
10-24 23:54:38.920   380   380 E Layer   : [Surface(name=Task=1)/@0xc554124 - animation-leash#0] No local sync point found
10-24 23:54:38.938  1753  9515 I PBSessionCacheImpl: Deleted sessionId[7711536854049081] from persistence.
10-24 23:54:38.949  1753  2133 W SearchServiceCore: Abort, client detached.
10-24 23:54:39.113   419   419 I perfetto: probes_producer.cc:329  Producer stop (id=130)
10-24 23:54:39.114   430   430 I perfetto: ng_service_impl.cc:1948 Tracing session 130 ended, total sessions:2
10-24 23:54:39.371  1255  1376 I PeriodicStatsRunner: PeriodicStatsRunner.call():180 call()
10-24 23:54:39.371  1255  1376 I PeriodicStatsRunner: PeriodicStatsRunner.call():184 No submit PeriodicStats since input started.
10-24 23:54:39.748   524   543 D AutofillManagerService: Close system dialogs
10-24 23:54:39.750   702   702 V ShadeControllerImpl: NotificationShadeWindow: com.android.systemui.statusbar.phone.NotificationShadeWindowView{f018b61 I.E...... ......ID 0,0-1080,2340} canPanelBeCollapsed(): false
10-24 23:54:39.754   524   546 D EventSequenceValidator: inc AccIntentStartedEvents to 2
10-24 23:54:39.754   524   544 I ActivityTaskManager: START u0 {act=android.intent.action.MAIN cat=[android.intent.category.HOME] flg=0x10000100 cmp=com.google.android.apps.nexuslauncher/.NexusLauncherActivity (has extras)} from uid 0
10-24 23:54:39.762 10056 10056 I Dialer  : CallLogFragment.onPause - enter
10-24 23:54:39.764 10056 10056 I Dialer  : CallLogFragment.onPageUnselected - enter
10-24 23:54:39.764 10056 10056 I Dialer  : MainSearchController.onActivityPause - enter
10-24 23:54:39.767  1078  1078 D TaplTarget: Launcher.onNewIntent: Intent { act=android.intent.action.MAIN cat=[android.intent.category.HOME] flg=0x10400100 cmp=com.google.android.apps.nexuslauncher/.NexusLauncherActivity (has extras) }
10-24 23:54:39.768   430   430 I perfetto: ing_service_impl.cc:758 Configured tracing session 133, #sources:1, duration:5000 ms, #buffers:1, total buffer size:4096 KB, total sessions:3, uid:1071 session name: ""
10-24 23:54:39.769   419   419 I perfetto: probes_producer.cc:230  Ftrace setup (target_buf=133)
10-24 23:54:39.781   524   543 D AutofillManagerService: Close system dialogs
10-24 23:54:39.782   702   702 V ShadeControllerImpl: NotificationShadeWindow: com.android.systemui.statusbar.phone.NotificationShadeWindowView{f018b61 I.E...... ......ID 0,0-1080,2340} canPanelBeCollapsed(): false
10-24 23:54:39.785   524  1167 W ActivityManager: Unable to start service Intent { act=android.service.appprediction.AppPredictionService cmp=com.google.android.as/com.google.android.apps.miphone.aiai.app.AiAiPredictionService } U=0: not found
10-24 23:54:39.785   524  1167 W RemoteAppPredictionService: could not bind to Intent { act=android.service.appprediction.AppPredictionService cmp=com.google.android.as/com.google.android.apps.miphone.aiai.app.AiAiPredictionService } using flags 67108865
10-24 23:54:39.973   524   552 D ArtManagerInternalImpl: /data/misc/iorapd/com.google.android.apps.nexuslauncher/821/com.google.android.apps.nexuslauncher.NexusLauncherActivity/compiled_traces/compiled_trace.pb doesn't exist
10-24 23:54:39.980   524   546 D EventSequenceValidator: dec AccIntentStartedEvents to 1
10-24 23:54:39.984  1753  1960 E MDD     : DownloadProgressMonitor: Can't find file group for uri: android://com.google.android.googlequicksearchbox/files/sharedminusonemodule/shared/SharedMinusOneData.pb.tmp
10-24 23:54:39.984  1753  1753 I BgTaskExecutorImpl: Starting EXCLUSIVE background task TNG_MINUS_ONE_SYNC.
10-24 23:54:39.996  1753  2133 I TngMinusOneSync: Syncing TNG:-1
10-24 23:54:39.999  1078  1078 D RecentsOrientedState: current RecentsOrientedState: [this=RecentsOrientedState@9f62c4a mOrientationHandler=PortraitPagedViewHandler@a8b97bb mDisplayRotation=0 mTouchRotation=0 mRecentsActivityRotation=0 isRecentsActivityRotationAllowed=false mSystemRotation=true mFlags=299]
10-24 23:54:40.000  1078  1078 I chatty  : uid=10154(com.google.android.apps.nexuslauncher) identical 2 lines
10-24 23:54:40.000  1078  1078 D RecentsOrientedState: current RecentsOrientedState: [this=RecentsOrientedState@9f62c4a mOrientationHandler=PortraitPagedViewHandler@a8b97bb mDisplayRotation=0 mTouchRotation=0 mRecentsActivityRotation=0 isRecentsActivityRotationAllowed=false mSystemRotation=true mFlags=299]
10-24 23:54:40.562  1078  1078 D TaplEvents: Main / Touch event: MotionEvent { action=ACTION_DOWN, actionButton=0, id[0]=0, x[0]=699.94995, y[0]=1504.9182, toolType[0]=TOOL_TYPE_FINGER, buttonState=0, classification=NONE, metaState=0, flags=0x1, edgeFlags=0x0, pointerCount=1, historySize=0, eventTime=4826198, downTime=4826198, deviceId=8, source=0x5002, displayId=0 }
10-24 23:54:40.619 10056 10056 I Dialer  : CallLogFragment.onStop - enter
10-24 23:54:40.621 10056 10056 I Dialer  : CallLogAdapter.onSaveInstanceState - saved: 0, selectedItemsSize:0
10-24 23:54:40.683  1078  1078 D TaplEvents: Main / Touch event: MotionEvent { action=ACTION_UP, actionButton=0, id[0]=0, x[0]=731.9531, y[0]=1077.951, toolType[0]=TOOL_TYPE_FINGER, buttonState=0, classification=NONE, metaState=0, flags=0x1, edgeFlags=0x0, pointerCount=1, historySize=0, eventTime=4826318, downTime=4826198, deviceId=8, source=0x5002, displayId=0 }
10-24 23:54:40.767   524   534 I system_server: NativeAlloc concurrent copying GC freed 270229(12MB) AllocSpace objects, 15(716KB) LOS objects, 49% free, 15MB/31MB, paused 459us total 117.817ms
10-24 23:54:40.772   524   535 W JavaBinder: BinderProxy is being destroyed but the application did not call unlinkToDeath to unlink all of its death recipients beforehand.  Releasing leaked death recipient: com.android.server.AlarmManagerService$2
10-24 23:54:40.772   524   535 I BpBinder: onLastStrongRef automatically unlinking death recipients: <uncached descriptor>
10-24 23:54:40.778   524   535 W JavaBinder: BinderProxy is being destroyed but the application did not call unlinkToDeath to unlink all of its death recipients beforehand.  Releasing leaked death recipient: com.android.server.AlarmManagerService$2
10-24 23:54:40.778   524   535 I BpBinder: onLastStrongRef automatically unlinking death recipients: <uncached descriptor>
10-24 23:54:40.781   524   535 W JavaBinder: BinderProxy is being destroyed but the application did not call unlinkToDeath to unlink all of its death recipients beforehand.  Releasing leaked death recipient: com.android.server.AlarmManagerService$2
10-24 23:54:40.782   524   535 I BpBinder: onLastStrongRef automatically unlinking death recipients: <uncached descriptor>
10-24 23:54:41.731   215   217 E android.system.suspend@1.0-service: Error opening kernel wakelock stats for: wakeup36: Permission denied
10-24 23:54:41.733   215   217 E android.system.suspend@1.0-service: Error opening kernel wakelock stats for: wakeup35: Permission denied
10-24 23:54:41.724   215   215 W Binder:215_1: type=1400 audit(0.0:273): avc: denied { read } for name="wakeup36" dev="sysfs" ino=19537 scontext=u:r:system_suspend:s0 tcontext=u:object_r:sysfs:s0 tclass=dir permissive=0
10-24 23:54:41.728   215   215 W Binder:215_1: type=1400 audit(0.0:274): avc: denied { read } for name="wakeup35" dev="sysfs" ino=19474 scontext=u:r:system_suspend:s0 tcontext=u:object_r:sysfs:s0 tclass=dir permissive=0
10-24 23:54:41.942   419   419 I perfetto: probes_producer.cc:329  Producer stop (id=131)
10-24 23:54:41.943   430   430 I perfetto: ng_service_impl.cc:1948 Tracing session 131 ended, total sessions:2
10-24 23:54:42.258  1255  1376 I PeriodicStatsRunner: PeriodicStatsRunner.call():180 call()
10-24 23:54:42.258  1255  1376 I PeriodicStatsRunner: PeriodicStatsRunner.call():184 No submit PeriodicStats since input started.
10-24 23:54:42.781   524  1167 I system_server: oneway function results will be dropped but finished with status OK and parcel size 4
10-24 23:54:42.791   524  3622 I system_server: oneway function results will be dropped but finished with status OK and parcel size 4
10-24 23:54:43.416   419   419 I perfetto: probes_producer.cc:329  Producer stop (id=132)
10-24 23:54:43.417   430   430 I perfetto: ng_service_impl.cc:1948 Tracing session 132 ended, total sessions:1
10-24 23:54:43.588  1255  1376 I PeriodicStatsRunner: PeriodicStatsRunner.call():180 call()
10-24 23:54:43.588  1255  1376 I PeriodicStatsRunner: PeriodicStatsRunner.call():184 No submit PeriodicStats since input started.
10-24 23:54:44.434  1078  1078 D TaplEvents: Main / Touch event: MotionEvent { action=ACTION_DOWN, actionButton=0, id[0]=0, x[0]=748.95996, y[0]=427.96692, toolType[0]=TOOL_TYPE_FINGER, buttonState=0, classification=NONE, metaState=0, flags=0x1, edgeFlags=0x0, pointerCount=1, historySize=0, eventTime=4830070, downTime=4830070, deviceId=8, source=0x5002, displayId=0 }
10-24 23:54:44.547  1078  1078 D TaplEvents: Main / Touch event: MotionEvent { action=ACTION_UP, actionButton=0, id[0]=0, x[0]=748.95996, y[0]=427.96692, toolType[0]=TOOL_TYPE_FINGER, buttonState=0, classification=NONE, metaState=0, flags=0x1, edgeFlags=0x0, pointerCount=1, historySize=0, eventTime=4830182, downTime=4830070, deviceId=8, source=0x5002, displayId=0 }
10-24 23:54:44.548  1078  1078 D TaplEvents: Main / start: startAppShortcutOrInfoActivity
10-24 23:54:44.549   524  1167 I ActivityTaskManager: START u0 {act=android.intent.action.MAIN cat=[android.intent.category.LAUNCHER] flg=0x10200000 cmp=com.google.android.deskclock/com.android.deskclock.DeskClock bnds=[640,343][841,654]} from uid 10154
10-24 23:54:44.549   524   546 D EventSequenceValidator: inc AccIntentStartedEvents to 2
10-24 23:54:44.550   524  3622 I system_server: oneway function results will be dropped but finished with status OK and parcel size 4
10-24 23:54:44.552   392   464 D AudioFlinger: mixer(0xedd13030) throttle end: throttle time(12)
10-24 23:54:44.552   524  3622 I system_server: oneway function results will be dropped but finished with status OK and parcel size 4
10-24 23:54:44.553   430   430 I perfetto: ing_service_impl.cc:758 Configured tracing session 134, #sources:1, duration:5000 ms, #buffers:1, total buffer size:4096 KB, total sessions:2, uid:1071 session name: ""
10-24 23:54:44.554   419   419 I perfetto: probes_producer.cc:230  Ftrace setup (target_buf=134)
10-24 23:54:44.566   524   546 D CompatibilityChangeReporter: Compat change id reported: 135634846; UID 10130; state: DISABLED
10-24 23:54:44.567   524   524 W ActivityManager: Unable to start service Intent { act=android.service.appprediction.AppPredictionService cmp=com.google.android.as/com.google.android.apps.miphone.aiai.app.AiAiPredictionService } U=0: not found
10-24 23:54:44.567   524   524 W RemoteAppPredictionService: could not bind to Intent { act=android.service.appprediction.AppPredictionService cmp=com.google.android.as/com.google.android.apps.miphone.aiai.app.AiAiPredictionService } using flags 67108865
10-24 23:54:44.568   524   554 D CompatibilityChangeReporter: Compat change id reported: 143937733; UID 10130; state: DISABLED
10-24 23:54:44.608   297   297 D Zygote  : Forked child process 10269
10-24 23:54:44.610   524   554 I ActivityManager: Start proc 10269:com.google.android.deskclock/u0a130 for pre-top-activity {com.google.android.deskclock/com.android.deskclock.DeskClock}
10-24 23:54:44.614 10269 10269 W droid.deskcloc: Unexpected CPU variant for X86 using defaults: x86
10-24 23:54:44.626  4518  4524 I adbd    : jdwp connection from 10269
10-24 23:54:44.646 10269 10269 D ApplicationLoaders: Returning zygote-cached class loader: /system/framework/android.test.base.jar
10-24 23:54:44.647 10269 10269 I droid.deskcloc: The ClassLoaderContext is a special shared library.
10-24 23:54:44.650 10269 10269 I droid.deskcloc: The ClassLoaderContext is a special shared library.
10-24 23:54:44.651 10269 10269 D nativeloader: classloader namespace configured for unbundled product apk. library_path=/product/app/PrebuiltDeskClockGoogle/lib/x86:/product/lib:/system/product/lib
10-24 23:54:44.659 10269 10269 D NetworkSecurityConfig: No Network Security Config specified, using platform default
10-24 23:54:44.659 10269 10269 D NetworkSecurityConfig: No Network Security Config specified, using platform default
10-24 23:54:44.703 10269 10269 W PrimesInit: Primes instant initialization
10-24 23:54:44.706 10269 10292 W Primes  : background initialization
10-24 23:54:44.712 10269 10293 I GAv4    : Google Analytics 18.5.89 is starting up. To enable debug logging on a device run:
10-24 23:54:44.712 10269 10293 I GAv4    :   adb shell setprop log.tag.GAv4 DEBUG
10-24 23:54:44.712 10269 10293 I GAv4    :   adb logcat -s GAv4
10-24 23:54:44.734  1325  3627 I FontsContentProvider: Received query Google Sans:500, URI content://com.google.android.gms.fonts
10-24 23:54:44.734  1325  3627 I FontsContentProvider: Query [Google Sans:500] resolved to {Google Sans, wdth 100.0, wght 500, ital 0.0, bestEffort false}
10-24 23:54:44.735  1325  3627 I FontsContentProvider: Fetch {Google Sans, wdth 100.0, wght 500, ital 0.0, bestEffort false} end status Status{statusCode=SUCCESS, resolution=null}
10-24 23:54:44.740  1325  4259 I FontsContentProvider: Pulling font file for id = 10, cache size = 6
10-24 23:54:44.741 10269 10299 W GAv4    : AnalyticsReceiver is not registered or is disabled. Register the receiver for reliable dispatching on non-Google Play devices. See http://goo.gl/8Rd3yj for instructions.
10-24 23:54:44.753  1325  4259 I FontsContentProvider: Received query Google Sans, URI content://com.google.android.gms.fonts
10-24 23:54:44.753  1325  4259 I FontsContentProvider: Query [Google Sans] resolved to {Google Sans, wdth 100.0, wght 400, ital 0.0, bestEffort false}
10-24 23:54:44.753 10269 10299 W GAv4    : CampaignTrackingReceiver is not registered, not exported or is disabled. Installation campaign tracking is not possible. See http://goo.gl/8Rd3yj for instructions.
10-24 23:54:44.754   314   314 W EmuHWC2 : validate: layer 344 CompositionType 1, fallback
10-24 23:54:44.756  1325  4259 I FontsContentProvider: Fetch {Google Sans, wdth 100.0, wght 400, ital 0.0, bestEffort false} end status Status{statusCode=SUCCESS, resolution=null}
10-24 23:54:44.757   314   314 W EmuHWC2 : No layers, exit, buffer 0xf3f81390
10-24 23:54:44.759 10269 10299 W GAv4    : AnalyticsService not registered in the app manifest. Hits might not be delivered reliably. See http://goo.gl/8Rd3yj for instructions.
10-24 23:54:44.761 10269 10292 I PrimesTesting: GserviceFlagsSupplier.get()
10-24 23:54:44.762  1325  3627 I FontsContentProvider: Pulling font file for id = 11, cache size = 5
10-24 23:54:44.770   314   314 W EmuHWC2 : validate: layer 344 CompositionType 1, fallback
10-24 23:54:44.773   314   314 W EmuHWC2 : No layers, exit, buffer 0xf3f81090
10-24 23:54:44.776   419   419 I perfetto: probes_producer.cc:329  Producer stop (id=133)
10-24 23:54:44.781   430   430 I perfetto: ng_service_impl.cc:1948 Tracing session 133 ended, total sessions:1
10-24 23:54:44.787   314   371 W EmuHWC2 : validate: layer 344 CompositionType 1, fallback
10-24 23:54:44.789   314   371 W EmuHWC2 : No layers, exit, buffer 0xf3f81390
10-24 23:54:44.793 10269 10269 I AppLifecycleTracker: onActivityCreated: 
10-24 23:54:44.795 10269 10303 D libEGL  : loaded /vendor/lib/egl/libEGL_emulation.so
10-24 23:54:44.800 10269 10303 D libEGL  : loaded /vendor/lib/egl/libGLESv1_CM_emulation.so
10-24 23:54:44.805   314   371 W EmuHWC2 : validate: layer 344 CompositionType 1, fallback
10-24 23:54:44.805 10269 10303 D libEGL  : loaded /vendor/lib/egl/libGLESv2_emulation.so
10-24 23:54:44.807   314   371 W EmuHWC2 : No layers, exit, buffer 0xf3f81090
10-24 23:54:44.810 10269 10269 I AppCompatDelegate: Failed to instantiate custom view inflater android.support.v7.app.AppCompatViewInflater. Falling back to default.
10-24 23:54:44.810 10269 10269 I AppCompatDelegate: java.lang.ClassNotFoundException: android.support.v7.app.AppCompatViewInflater
10-24 23:54:44.810 10269 10269 I AppCompatDelegate: 	at java.lang.Class.classForName(Native Method)
10-24 23:54:44.810 10269 10269 I AppCompatDelegate: 	at java.lang.Class.forName(Class.java:454)
10-24 23:54:44.810 10269 10269 I AppCompatDelegate: 	at java.lang.Class.forName(Class.java:379)
10-24 23:54:44.810 10269 10269 I AppCompatDelegate: 	at sa.a(PG:449)
10-24 23:54:44.810 10269 10269 I AppCompatDelegate: 	at sa.onCreateView(PG:460)
10-24 23:54:44.810 10269 10269 I AppCompatDelegate: 	at android.view.LayoutInflater.tryCreateView(LayoutInflater.java:1059)
10-24 23:54:44.810 10269 10269 I AppCompatDelegate: 	at android.view.LayoutInflater.createViewFromTag(LayoutInflater.java:995)
10-24 23:54:44.810 10269 10269 I AppCompatDelegate: 	at android.view.LayoutInflater.createViewFromTag(LayoutInflater.java:959)
10-24 23:54:44.810 10269 10269 I AppCompatDelegate: 	at android.view.LayoutInflater.inflate(LayoutInflater.java:657)
10-24 23:54:44.810 10269 10269 I AppCompatDelegate: 	at android.view.LayoutInflater.inflate(LayoutInflater.java:532)
10-24 23:54:44.810 10269 10269 I AppCompatDelegate: 	at android.view.LayoutInflater.inflate(LayoutInflater.java:479)
10-24 23:54:44.810 10269 10269 I AppCompatDelegate: 	at com.android.internal.policy.DecorView.onResourcesLoaded(DecorView.java:2103)
10-24 23:54:44.810 10269 10269 I AppCompatDelegate: 	at com.android.internal.policy.PhoneWindow.generateLayout(PhoneWindow.java:2630)
10-24 23:54:44.810 10269 10269 I AppCompatDelegate: 	at com.android.internal.policy.PhoneWindow.installDecor(PhoneWindow.java:2693)
10-24 23:54:44.810 10269 10269 I AppCompatDelegate: 	at com.android.internal.policy.PhoneWindow.getDecorView(PhoneWindow.java:2116)
10-24 23:54:44.810 10269 10269 I AppCompatDelegate: 	at apq.onCreate(PG:4)
10-24 23:54:44.810 10269 10269 I AppCompatDelegate: 	at com.android.deskclock.DeskClock.onCreate(PG:31)
10-24 23:54:44.810 10269 10269 I AppCompatDelegate: 	at android.app.Activity.performCreate(Activity.java:7994)
10-24 23:54:44.810 10269 10269 I AppCompatDelegate: 	at android.app.Activity.performCreate(Activity.java:7978)
10-24 23:54:44.810 10269 10269 I AppCompatDelegate: 	at android.app.Instrumentation.callActivityOnCreate(Instrumentation.java:1309)
10-24 23:54:44.810 10269 10269 I AppCompatDelegate: 	at android.app.ActivityThread.performLaunchActivity(ActivityThread.java:3422)
10-24 23:54:44.810 10269 10269 I AppCompatDelegate: 	at android.app.ActivityThread.handleLaunchActivity(ActivityThread.java:3601)
10-24 23:54:44.810 10269 10269 I AppCompatDelegate: 	at android.app.servertransaction.LaunchActivityItem.execute(LaunchActivityItem.java:85)
10-24 23:54:44.810 10269 10269 I AppCompatDelegate: 	at android.app.servertransaction.TransactionExecutor.executeCallbacks(TransactionExecutor.java:135)
10-24 23:54:44.810 10269 10269 I AppCompatDelegate: 	at android.app.servertransaction.TransactionExecutor.execute(TransactionExecutor.java:95)
10-24 23:54:44.810 10269 10269 I AppCompatDelegate: 	at android.app.ActivityThread$H.handleMessage(ActivityThread.java:2066)
10-24 23:54:44.810 10269 10269 I AppCompatDelegate: 	at android.os.Handler.dispatchMessage(Handler.java:106)
10-24 23:54:44.810 10269 10269 I AppCompatDelegate: 	at android.os.Looper.loop(Looper.java:223)
10-24 23:54:44.810 10269 10269 I AppCompatDelegate: 	at android.app.ActivityThread.main(ActivityThread.java:7656)
10-24 23:54:44.810 10269 10269 I AppCompatDelegate: 	at java.lang.reflect.Method.invoke(Native Method)
10-24 23:54:44.810 10269 10269 I AppCompatDelegate: 	at com.android.internal.os.RuntimeInit$MethodAndArgsCaller.run(RuntimeInit.java:592)
10-24 23:54:44.810 10269 10269 I AppCompatDelegate: 	at com.android.internal.os.ZygoteInit.main(ZygoteInit.java:947)
10-24 23:54:44.810 10269 10269 I AppCompatDelegate: Caused by: java.lang.ClassNotFoundException: android.support.v7.app.AppCompatViewInflater
10-24 23:54:44.810 10269 10269 I AppCompatDelegate: 	... 32 more
10-24 23:54:44.821   314   371 W EmuHWC2 : validate: layer 344 CompositionType 1, fallback
10-24 23:54:44.823   314   371 W EmuHWC2 : No layers, exit, buffer 0xf3f81390
10-24 23:54:44.834 10269 10269 I AppCompatViewInflater: app:theme is now deprecated. Please move to using android:theme instead.
10-24 23:54:44.837   314   371 W EmuHWC2 : validate: layer 344 CompositionType 1, fallback
10-24 23:54:44.839   314   371 W EmuHWC2 : No layers, exit, buffer 0xf3f81090
10-24 23:54:44.849  1325  3627 I FontsContentProvider: Received query Google Sans:500, URI content://com.google.android.gms.fonts
10-24 23:54:44.849  1325  3627 I FontsContentProvider: Query [Google Sans:500] resolved to {Google Sans, wdth 100.0, wght 500, ital 0.0, bestEffort false}
10-24 23:54:44.853  1325  3627 I FontsContentProvider: Fetch {Google Sans, wdth 100.0, wght 500, ital 0.0, bestEffort false} end status Status{statusCode=SUCCESS, resolution=null}
10-24 23:54:44.854   314   371 W EmuHWC2 : validate: layer 344 CompositionType 1, fallback
10-24 23:54:44.857   314   371 W EmuHWC2 : No layers, exit, buffer 0xf3f81390
10-24 23:54:44.871   314   371 W EmuHWC2 : validate: layer 344 CompositionType 1, fallback
10-24 23:54:44.873   314   371 W EmuHWC2 : No layers, exit, buffer 0xf3f81090
10-24 23:54:44.877  1325  3627 I FontsContentProvider: Pulling font file for id = 12, cache size = 4
10-24 23:54:44.886 10269 10269 I AppLifecycleTracker: onActivityStarted: 
10-24 23:54:44.886 10269 10269 I AppLifecycleTracker: App transition to foreground
10-24 23:54:44.888   314   371 W EmuHWC2 : validate: layer 344 CompositionType 1, fallback
10-24 23:54:44.890   314   371 W EmuHWC2 : No layers, exit, buffer 0xf3f81390
10-24 23:54:44.894 10269 10269 I AppLifecycleTracker: onActivityResumed: 
10-24 23:54:44.905   314   371 W EmuHWC2 : validate: layer 344 CompositionType 1, fallback
10-24 23:54:44.906   314   371 W EmuHWC2 : No layers, exit, buffer 0xf3f81090
10-24 23:54:44.921   314   371 W EmuHWC2 : validate: layer 344 CompositionType 1, fallback
10-24 23:54:44.925   314   371 W EmuHWC2 : No layers, exit, buffer 0xf3f81390
10-24 23:54:44.937   314   371 W EmuHWC2 : validate: layer 344 CompositionType 1, fallback
10-24 23:54:44.943   314   371 W EmuHWC2 : No layers, exit, buffer 0xf3f81090
10-24 23:54:44.954   314   371 W EmuHWC2 : validate: layer 344 CompositionType 1, fallback
10-24 23:54:44.958   314   371 W EmuHWC2 : No layers, exit, buffer 0xf3f81390
10-24 23:54:44.970   314   371 W EmuHWC2 : validate: layer 344 CompositionType 1, fallback
10-24 23:54:44.974   314   371 W EmuHWC2 : No layers, exit, buffer 0xf3f81090
10-24 23:54:44.982 10269 10269 D AlarmClock: Events: [Settings] [Home Time Zone] [Asia/Bangkok]
10-24 23:54:44.987   314   371 W EmuHWC2 : validate: layer 344 CompositionType 1, fallback
10-24 23:54:44.989   314   371 W EmuHWC2 : No layers, exit, buffer 0xf3f81390
10-24 23:54:45.005   314   371 W EmuHWC2 : validate: layer 344 CompositionType 1, fallback
10-24 23:54:45.007   524  3622 D CompatibilityChangeReporter: Compat change id reported: 136274596; UID 10130; state: DISABLED
10-24 23:54:45.007   314   371 W EmuHWC2 : No layers, exit, buffer 0xf3f81090
10-24 23:54:45.009   345   345 I android.hardware.vibrator-service.example: Vibrator reporting capabilities
10-24 23:54:45.020   314   371 W EmuHWC2 : validate: layer 344 CompositionType 1, fallback
10-24 23:54:45.021  1325  4259 I FontsContentProvider: Received query Google Sans, URI content://com.google.android.gms.fonts
10-24 23:54:45.023  1325  4259 I FontsContentProvider: Query [Google Sans] resolved to {Google Sans, wdth 100.0, wght 400, ital 0.0, bestEffort false}
10-24 23:54:45.023   314   371 W EmuHWC2 : No layers, exit, buffer 0xf3f81390
10-24 23:54:45.025  1325  4259 I FontsContentProvider: Fetch {Google Sans, wdth 100.0, wght 400, ital 0.0, bestEffort false} end status Status{statusCode=SUCCESS, resolution=null}
10-24 23:54:45.033  1325  1325 I GAv4-SVC: Google Analytics 201.8.17 is starting up.
10-24 23:54:45.037   314   371 W EmuHWC2 : validate: layer 344 CompositionType 1, fallback
10-24 23:54:45.041   314   371 W EmuHWC2 : No layers, exit, buffer 0xf3f81090
10-24 23:54:45.043  1325  4259 I FontsContentProvider: Pulling font file for id = 13, cache size = 5
10-24 23:54:45.049 10269 10298 I AlarmClock: Priming ringtone title cache
10-24 23:54:45.049 10269 10293 I AlarmClock: Checking if assistant workflow is available
10-24 23:54:45.054   314   371 W EmuHWC2 : validate: layer 344 CompositionType 1, fallback
10-24 23:54:45.057  1255  1376 I PeriodicStatsRunner: PeriodicStatsRunner.call():180 call()
10-24 23:54:45.057   314   371 W EmuHWC2 : No layers, exit, buffer 0xf3f81390
10-24 23:54:45.058  1255  1376 I PeriodicStatsRunner: PeriodicStatsRunner.call():184 No submit PeriodicStats since input started.
10-24 23:54:45.071   314   371 W EmuHWC2 : validate: layer 344 CompositionType 1, fallback
10-24 23:54:45.073   314   371 W EmuHWC2 : No layers, exit, buffer 0xf3f81090
10-24 23:54:45.078 10269 10301 D HostConnection: HostConnection::get() New Host Connection established 0xe7b2a4e0, tid 10301
10-24 23:54:45.082 10269 10301 D HostConnection: HostComposition ext ANDROID_EMU_CHECKSUM_HELPER_v1 ANDROID_EMU_native_sync_v2 ANDROID_EMU_native_sync_v3 ANDROID_EMU_native_sync_v4 ANDROID_EMU_dma_v1 ANDROID_EMU_direct_mem ANDROID_EMU_host_composition_v1 ANDROID_EMU_host_composition_v2 ANDROID_EMU_vulkan ANDROID_EMU_deferred_vulkan_commands ANDROID_EMU_vulkan_null_optional_strings ANDROID_EMU_vulkan_create_resources_with_requirements ANDROID_EMU_YUV_Cache ANDROID_EMU_vulkan_ignored_handles ANDROID_EMU_has_shared_slots_host_memory_allocator ANDROID_EMU_vulkan_free_memory_sync ANDROID_EMU_vulkan_shader_float16_int8 ANDROID_EMU_vulkan_async_queue_submit ANDROID_EMU_sync_buffer_data ANDROID_EMU_vulkan_async_qsri ANDROID_EMU_read_color_buffer_dma GL_OES_vertex_array_object GL_KHR_texture_compression_astc_ldr ANDROID_EMU_host_side_tracing ANDROID_EMU_gles_max_version_2 
10-24 23:54:45.087   183   183 I hwservicemanager: getTransport: Cannot find entry android.hardware.configstore@1.0::ISurfaceFlingerConfigs/default in either framework or device manifest.
10-24 23:54:45.088 10269 10301 W OpenGLRenderer: Failed to choose config with EGL_SWAP_BEHAVIOR_PRESERVED, retrying without...
10-24 23:54:45.089   314   371 W EmuHWC2 : validate: layer 344 CompositionType 1, fallback
10-24 23:54:45.106 10269 10301 D EGL_emulation: eglCreateContext: 0xe7b2a940: maj 2 min 0 rcv 2
10-24 23:54:45.137   314   371 W EmuHWC2 : No layers, exit, buffer 0xf3f81390
10-24 23:54:45.137 10269 10301 D EGL_emulation: eglMakeCurrent: 0xe7b2a940: ver 2 0 (tinfo 0xb8541dd0) (first time)
10-24 23:54:45.138   524  3622 D CompatibilityChangeReporter: Compat change id reported: 149924527; UID 10130; state: ENABLED
10-24 23:54:45.148   524   872 D CompatibilityChangeReporter: Compat change id reported: 132649864; UID 10130; state: DISABLED
10-24 23:54:45.165   183   183 I hwservicemanager: getTransport: Cannot find entry android.hardware.graphics.mapper@4.0::IMapper/default in either framework or device manifest.
10-24 23:54:45.165 10269 10301 I Gralloc4: mapper 4.x is not supported
10-24 23:54:45.165 10269 10301 D HostConnection: createUnique: call
10-24 23:54:45.165 10269 10301 D HostConnection: HostConnection::get() New Host Connection established 0xe7b2a080, tid 10301
10-24 23:54:45.169 10269 10301 D HostConnection: HostComposition ext ANDROID_EMU_CHECKSUM_HELPER_v1 ANDROID_EMU_native_sync_v2 ANDROID_EMU_native_sync_v3 ANDROID_EMU_native_sync_v4 ANDROID_EMU_dma_v1 ANDROID_EMU_direct_mem ANDROID_EMU_host_composition_v1 ANDROID_EMU_host_composition_v2 ANDROID_EMU_vulkan ANDROID_EMU_deferred_vulkan_commands ANDROID_EMU_vulkan_null_optional_strings ANDROID_EMU_vulkan_create_resources_with_requirements ANDROID_EMU_YUV_Cache ANDROID_EMU_vulkan_ignored_handles ANDROID_EMU_has_shared_slots_host_memory_allocator ANDROID_EMU_vulkan_free_memory_sync ANDROID_EMU_vulkan_shader_float16_int8 ANDROID_EMU_vulkan_async_queue_submit ANDROID_EMU_sync_buffer_data ANDROID_EMU_vulkan_async_qsri ANDROID_EMU_read_color_buffer_dma GL_OES_vertex_array_object GL_KHR_texture_compression_astc_ldr ANDROID_EMU_host_side_tracing ANDROID_EMU_gles_max_version_2 
10-24 23:54:45.221   380   380 E Layer   : [Surface(name=Task=75)/@0xbac32a4 - animation-leash#0] No local sync point found
10-24 23:54:45.222   380   380 E Layer   : [Surface(name=Task=1)/@0xc554124 - animation-leash#0] No local sync point found
10-24 23:54:45.237   380   380 E Layer   : [Surface(name=Task=75)/@0xbac32a4 - animation-leash#0] No local sync point found
10-24 23:54:45.237   380   380 E Layer   : [Surface(name=Task=1)/@0xc554124 - animation-leash#0] No local sync point found
10-24 23:54:45.280   524   546 D EventSequenceValidator: dec AccIntentStartedEvents to 1
10-24 23:54:45.283   524   552 D ArtManagerInternalImpl: /data/misc/iorapd/com.google.android.deskclock/62000712/com.android.deskclock.DeskClock/compiled_traces/compiled_trace.pb doesn't exist
10-24 23:54:45.284   524   552 I ActivityTaskManager: Displayed com.google.android.deskclock/com.android.deskclock.DeskClock: +725ms
10-24 23:54:45.318   524   552 I ActivityTaskManager: Fully drawn com.google.android.deskclock/com.android.deskclock.DeskClock: +763ms
10-24 23:54:45.328   380   504 W ServiceManager: Permission failure: android.permission.ACCESS_SURFACE_FLINGER from uid=10130 pid=10269
10-24 23:54:45.328   380   504 D PermissionCache: checking android.permission.ACCESS_SURFACE_FLINGER for uid=10130 => denied (506 us)
10-24 23:54:45.380  1753  9515 I PBSessionCacheImpl: Deleted sessionId[7711536854049084] from persistence.
10-24 23:54:45.392  1753  2133 W SearchServiceCore: Abort, client detached.
10-24 23:54:45.445   524  1167 I system_server: oneway function results will be dropped but finished with status OK and parcel size 4
10-24 23:54:45.446   524  1167 I system_server: oneway function results will be dropped but finished with status OK and parcel size 4
10-24 23:54:45.452   448  4081 D NuPlayerDriver: NuPlayerDriver(0xf35c19f0) created, clientPid(10269)
10-24 23:54:45.466   448 10314 D GenericSource: FileSource remote
10-24 23:54:45.480 10269 10298 D Ringtone: Successfully created local player
10-24 23:54:45.489   524  1167 W UriGrantsManagerService: No permission grants found for com.google.android.deskclock
10-24 23:54:46.655 10269 10285 V MediaPlayer: resetDrmState:  mDrmInfo=null mDrmProvisioningThread=null mPrepareDrmInProgress=false mActiveDrmScheme=false
10-24 23:54:46.655 10269 10285 V MediaPlayer: cleanDrmObj: mDrmObj=null mDrmSessionId=null
10-24 23:54:46.655   448   894 D NuPlayerDriver: reset(0xf35c19f0) at state 4
10-24 23:54:46.669   448 10313 D NuPlayerDriver: notifyResetComplete(0xf35c19f0)
10-24 23:54:47.237   524   543 D AutofillManagerService: Close system dialogs
10-24 23:54:47.239   702   702 V ShadeControllerImpl: NotificationShadeWindow: com.android.systemui.statusbar.phone.NotificationShadeWindowView{f018b61 I.E...... ......ID 0,0-1080,2340} canPanelBeCollapsed(): false
10-24 23:54:47.239   524   544 I ActivityTaskManager: START u0 {act=android.intent.action.MAIN cat=[android.intent.category.HOME] flg=0x10000100 cmp=com.google.android.apps.nexuslauncher/.NexusLauncherActivity (has extras)} from uid 0
10-24 23:54:47.239   524   546 D EventSequenceValidator: inc AccIntentStartedEvents to 2
10-24 23:54:47.242   430   430 I perfetto: ing_service_impl.cc:758 Configured tracing session 135, #sources:1, duration:5000 ms, #buffers:1, total buffer size:4096 KB, total sessions:2, uid:1071 session name: ""
10-24 23:54:47.243   419   419 I perfetto: probes_producer.cc:230  Ftrace setup (target_buf=135)
10-24 23:54:47.246 10269 10269 I AppLifecycleTracker: onActivityPaused: 
10-24 23:54:47.259  1078  1078 D TaplTarget: Launcher.onNewIntent: Intent { act=android.intent.action.MAIN cat=[android.intent.category.HOME] flg=0x10400100 cmp=com.google.android.apps.nexuslauncher/.NexusLauncherActivity (has extras) }
10-24 23:54:47.262   524   543 D AutofillManagerService: Close system dialogs
10-24 23:54:47.264   524  3622 W ActivityManager: Unable to start service Intent { act=android.service.appprediction.AppPredictionService cmp=com.google.android.as/com.google.android.apps.miphone.aiai.app.AiAiPredictionService } U=0: not found
10-24 23:54:47.264   524  3622 W RemoteAppPredictionService: could not bind to Intent { act=android.service.appprediction.AppPredictionService cmp=com.google.android.as/com.google.android.apps.miphone.aiai.app.AiAiPredictionService } using flags 67108865
10-24 23:54:47.265   702   702 V ShadeControllerImpl: NotificationShadeWindow: com.android.systemui.statusbar.phone.NotificationShadeWindowView{f018b61 I.E...... ......ID 0,0-1080,2340} canPanelBeCollapsed(): false
10-24 23:54:47.439  1753  2133 W ThreadPoolDumper: Queue length for executor EventBus is now 11. Perhaps some tasks are too long, or the pool is too small.
10-24 23:54:47.451   524   552 D ArtManagerInternalImpl: /data/misc/iorapd/com.google.android.apps.nexuslauncher/821/com.google.android.apps.nexuslauncher.NexusLauncherActivity/compiled_traces/compiled_trace.pb doesn't exist
10-24 23:54:47.455   524   546 D EventSequenceValidator: dec AccIntentStartedEvents to 1
10-24 23:54:47.463  1078  1078 D RecentsOrientedState: current RecentsOrientedState: [this=RecentsOrientedState@9f62c4a mOrientationHandler=PortraitPagedViewHandler@a8b97bb mDisplayRotation=0 mTouchRotation=0 mRecentsActivityRotation=0 isRecentsActivityRotationAllowed=false mSystemRotation=true mFlags=299]
10-24 23:54:47.463  1078  1078 I chatty  : uid=10154(com.google.android.apps.nexuslauncher) identical 2 lines
10-24 23:54:47.463  1078  1078 D RecentsOrientedState: current RecentsOrientedState: [this=RecentsOrientedState@9f62c4a mOrientationHandler=PortraitPagedViewHandler@a8b97bb mDisplayRotation=0 mTouchRotation=0 mRecentsActivityRotation=0 isRecentsActivityRotationAllowed=false mSystemRotation=true mFlags=299]
10-24 23:54:47.495  1078  1096 W System  : A resource failed to call release. 
10-24 23:54:47.499  1078  1096 I chatty  : uid=10154(com.google.android.apps.nexuslauncher) FinalizerDaemon identical 2 lines
10-24 23:54:47.500  1078  1096 W System  : A resource failed to call release. 
10-24 23:54:47.500  1753  1753 I BgTaskExecutorImpl: Starting EXCLUSIVE background task TNG_MINUS_ONE_SYNC.
10-24 23:54:47.501  1078  1096 W System  : A resource failed to call release. 
10-24 23:54:47.501  1078  1096 W System  : A resource failed to call release. 
10-24 23:54:47.502  1753  1946 E MDD     : DownloadProgressMonitor: Can't find file group for uri: android://com.google.android.googlequicksearchbox/files/sharedminusonemodule/shared/SharedMinusOneData.pb.tmp
10-24 23:54:47.505  1753  2133 I TngMinusOneSync: Syncing TNG:-1
10-24 23:54:48.082  1078  1078 D TaplEvents: Main / Touch event: MotionEvent { action=ACTION_DOWN, actionButton=0, id[0]=0, x[0]=860.9546, y[0]=1083.9496, toolType[0]=TOOL_TYPE_FINGER, buttonState=0, classification=NONE, metaState=0, flags=0x1, edgeFlags=0x0, pointerCount=1, historySize=0, eventTime=4833717, downTime=4833717, deviceId=8, source=0x5002, displayId=0 }
10-24 23:54:48.144   524  4228 D HostConnection: HostConnection::get() New Host Connection established 0xe7b3e2f0, tid 4228
10-24 23:54:48.147   524  4228 D HostConnection: HostComposition ext ANDROID_EMU_CHECKSUM_HELPER_v1 ANDROID_EMU_native_sync_v2 ANDROID_EMU_native_sync_v3 ANDROID_EMU_native_sync_v4 ANDROID_EMU_dma_v1 ANDROID_EMU_direct_mem ANDROID_EMU_host_composition_v1 ANDROID_EMU_host_composition_v2 ANDROID_EMU_vulkan ANDROID_EMU_deferred_vulkan_commands ANDROID_EMU_vulkan_null_optional_strings ANDROID_EMU_vulkan_create_resources_with_requirements ANDROID_EMU_YUV_Cache ANDROID_EMU_vulkan_ignored_handles ANDROID_EMU_has_shared_slots_host_memory_allocator ANDROID_EMU_vulkan_free_memory_sync ANDROID_EMU_vulkan_shader_float16_int8 ANDROID_EMU_vulkan_async_queue_submit ANDROID_EMU_sync_buffer_data ANDROID_EMU_vulkan_async_qsri ANDROID_EMU_read_color_buffer_dma GL_OES_vertex_array_object GL_KHR_texture_compression_astc_ldr ANDROID_EMU_host_side_tracing ANDROID_EMU_gles_max_version_2 
10-24 23:54:48.149   524  4228 W OpenGLRenderer: Failed to choose config with EGL_SWAP_BEHAVIOR_PRESERVED, retrying without...
10-24 23:54:48.172   524  4228 D EGL_emulation: eglCreateContext: 0xaf181c80: maj 2 min 0 rcv 2
10-24 23:54:48.212   524  4228 D EGL_emulation: eglMakeCurrent: 0xaf181c80: ver 2 0 (tinfo 0xaf7af6d0) (first time)
10-24 23:54:48.212 10269 10269 I AppLifecycleTracker: onActivityStopped: 
10-24 23:54:48.213 10269 10269 I AppLifecycleTracker: App transition to background
10-24 23:54:48.216 10269 10269 I AppLifecycleTracker: onActivitySaveInstanceState: 
10-24 23:54:48.227  1078  1078 D TaplEvents: Main / Touch event: MotionEvent { action=ACTION_UP, actionButton=0, id[0]=0, x[0]=811.9446, y[0]=673.9783, toolType[0]=TOOL_TYPE_FINGER, buttonState=0, classification=NONE, metaState=0, flags=0x1, edgeFlags=0x0, pointerCount=1, historySize=0, eventTime=4833839, downTime=4833717, deviceId=8, source=0x5002, displayId=0 }
10-24 23:54:48.445   524  3622 I system_server: oneway function results will be dropped but finished with status OK and parcel size 4
10-24 23:54:48.925   524  8268 I system_server: oneway function results will be dropped but finished with status OK and parcel size 4
10-24 23:54:48.936   524  3622 I system_server: oneway function results will be dropped but finished with status OK and parcel size 4
10-24 23:54:49.558   419   419 I perfetto: probes_producer.cc:329  Producer stop (id=134)
10-24 23:54:49.559   430   430 I perfetto: ng_service_impl.cc:1948 Tracing session 134 ended, total sessions:1
10-24 23:54:49.560   439 10264 I iorapd  : Perfetto TraceBuffer saved to file: /data/misc/iorapd/com.google.android.deskclock/62000712/com.android.deskclock.DeskClock/raw_traces/1761324889559706500.perfetto_trace.pb
10-24 23:54:50.388  1255  1376 I PeriodicStatsRunner: PeriodicStatsRunner.call():180 call()
10-24 23:54:50.388  1255  1376 I PeriodicStatsRunner: PeriodicStatsRunner.call():184 No submit PeriodicStats since input started.
10-24 23:54:50.412   215   217 E android.system.suspend@1.0-service: Error opening kernel wakelock stats for: wakeup36: Permission denied
10-24 23:54:50.415   215   217 E android.system.suspend@1.0-service: Error opening kernel wakelock stats for: wakeup35: Permission denied
10-24 23:54:50.412   215   215 W Binder:215_1: type=1400 audit(0.0:275): avc: denied { read } for name="wakeup36" dev="sysfs" ino=19537 scontext=u:r:system_suspend:s0 tcontext=u:object_r:sysfs:s0 tclass=dir permissive=0
10-24 23:54:51.330  1078  1078 D TaplEvents: Main / Touch event: MotionEvent { action=ACTION_DOWN, actionButton=0, id[0]=0, x[0]=946.9446, y[0]=782.95166, toolType[0]=TOOL_TYPE_FINGER, buttonState=0, classification=NONE, metaState=0, flags=0x1, edgeFlags=0x0, pointerCount=1, historySize=0, eventTime=4836965, downTime=4836965, deviceId=8, source=0x5002, displayId=0 }
10-24 23:54:51.435  1078  1078 D TaplEvents: Main / Touch event: MotionEvent { action=ACTION_UP, actionButton=0, id[0]=0, x[0]=946.9446, y[0]=782.95166, toolType[0]=TOOL_TYPE_FINGER, buttonState=0, classification=NONE, metaState=0, flags=0x1, edgeFlags=0x0, pointerCount=1, historySize=0, eventTime=4837070, downTime=4836965, deviceId=8, source=0x5002, displayId=0 }
10-24 23:54:51.438  1078  1078 D TaplEvents: Main / start: startAppShortcutOrInfoActivity
10-24 23:54:51.439   524  8268 I ActivityTaskManager: START u0 {act=android.intent.action.MAIN cat=[android.intent.category.LAUNCHER] flg=0x10200000 cmp=com.google.android.apps.maps/com.google.android.maps.MapsActivity bnds=[841,654][1043,965]} from uid 10154
10-24 23:54:51.441   524   546 D EventSequenceValidator: inc AccIntentStartedEvents to 2
10-24 23:54:51.442   524  3622 I system_server: oneway function results will be dropped but finished with status OK and parcel size 4
10-24 23:54:51.442   524  3622 I system_server: oneway function results will be dropped but finished with status OK and parcel size 4
10-24 23:54:51.442   392   464 D AudioFlinger: mixer(0xedd13030) throttle end: throttle time(39)
10-24 23:54:51.445   430   430 I perfetto: ing_service_impl.cc:758 Configured tracing session 136, #sources:1, duration:5000 ms, #buffers:1, total buffer size:4096 KB, total sessions:2, uid:1071 session name: ""
10-24 23:54:51.446   419   419 I perfetto: probes_producer.cc:230  Ftrace setup (target_buf=136)
10-24 23:54:51.450   524   524 W ActivityManager: Unable to start service Intent { act=android.service.appprediction.AppPredictionService cmp=com.google.android.as/com.google.android.apps.miphone.aiai.app.AiAiPredictionService } U=0: not found
10-24 23:54:51.450   524   524 W RemoteAppPredictionService: could not bind to Intent { act=android.service.appprediction.AppPredictionService cmp=com.google.android.as/com.google.android.apps.miphone.aiai.app.AiAiPredictionService } using flags 67108865
10-24 23:54:51.454   524   546 D CompatibilityChangeReporter: Compat change id reported: 135634846; UID 10136; state: DISABLED
10-24 23:54:51.454   524   554 D CompatibilityChangeReporter: Compat change id reported: 143937733; UID 10136; state: ENABLED
10-24 23:54:51.494   297   297 D Zygote  : Forked child process 10334
10-24 23:54:51.498   524   554 I ActivityManager: Start proc 10334:com.google.android.apps.maps/u0a136 for pre-top-activity {com.google.android.apps.maps/com.google.android.maps.MapsActivity}
10-24 23:54:51.503 10334 10334 W droid.apps.map: Unexpected CPU variant for X86 using defaults: x86
10-24 23:54:51.521  4518  4524 I adbd    : jdwp connection from 10334
10-24 23:54:51.541 10334 10334 I droid.apps.map: The ClassLoaderContext is a special shared library.
10-24 23:54:51.548 10334 10334 I droid.apps.map: The ClassLoaderContext is a special shared library.
10-24 23:54:51.548 10334 10334 D nativeloader: classloader namespace configured for unbundled product apk. library_path=/product/app/Maps/lib/x86:/product/app/Maps/Maps.apk!/lib/x86:/product/lib:/system/product/lib
10-24 23:54:51.556 10334 10334 D NetworkSecurityConfig: No Network Security Config specified, using platform default
10-24 23:54:51.556 10334 10334 D NetworkSecurityConfig: No Network Security Config specified, using platform default
10-24 23:54:51.654   314   314 W EmuHWC2 : validate: layer 348 CompositionType 1, fallback
10-24 23:54:51.657   314   314 W EmuHWC2 : No layers, exit, buffer 0xf3f81090
10-24 23:54:51.672   314   314 W EmuHWC2 : validate: layer 348 CompositionType 1, fallback
10-24 23:54:51.673   314   314 W EmuHWC2 : No layers, exit, buffer 0xf3f81390
10-24 23:54:51.687   314   314 W EmuHWC2 : validate: layer 348 CompositionType 1, fallback
10-24 23:54:51.690   314   314 W EmuHWC2 : No layers, exit, buffer 0xf3f81090
10-24 23:54:51.705   314   314 W EmuHWC2 : validate: layer 348 CompositionType 1, fallback
10-24 23:54:51.708   314   314 W EmuHWC2 : No layers, exit, buffer 0xf3f81390
10-24 23:54:51.720   314   314 W EmuHWC2 : validate: layer 348 CompositionType 1, fallback
10-24 23:54:51.723   314   314 W EmuHWC2 : No layers, exit, buffer 0xf3f81090
10-24 23:54:51.737   314   314 W EmuHWC2 : validate: layer 348 CompositionType 1, fallback
10-24 23:54:51.739   314   314 W EmuHWC2 : No layers, exit, buffer 0xf3f81390
10-24 23:54:51.754   314   314 W EmuHWC2 : validate: layer 348 CompositionType 1, fallback
10-24 23:54:51.757   314   314 W EmuHWC2 : No layers, exit, buffer 0xf3f81090
10-24 23:54:51.771   314   314 W EmuHWC2 : validate: layer 348 CompositionType 1, fallback
10-24 23:54:51.774   314   314 W EmuHWC2 : No layers, exit, buffer 0xf3f81390
10-24 23:54:51.787   314   314 W EmuHWC2 : validate: layer 348 CompositionType 1, fallback
10-24 23:54:51.790   314   314 W EmuHWC2 : No layers, exit, buffer 0xf3f81090
10-24 23:54:51.804   314   314 W EmuHWC2 : validate: layer 348 CompositionType 1, fallback
10-24 23:54:51.807   314   314 W EmuHWC2 : No layers, exit, buffer 0xf3f81390
10-24 23:54:51.816   524  8268 D CompatibilityChangeReporter: Compat change id reported: 136274596; UID 10136; state: ENABLED
10-24 23:54:51.819 10334 10365 D libEGL  : loaded /vendor/lib/egl/libEGL_emulation.so
10-24 23:54:51.822   314   314 W EmuHWC2 : validate: layer 348 CompositionType 1, fallback
10-24 23:54:51.824   314   314 W EmuHWC2 : No layers, exit, buffer 0xf3f81090
10-24 23:54:51.836 10334 10365 D libEGL  : loaded /vendor/lib/egl/libGLESv1_CM_emulation.so
10-24 23:54:51.837   314   314 W EmuHWC2 : validate: layer 348 CompositionType 1, fallback
10-24 23:54:51.842   314   314 W EmuHWC2 : No layers, exit, buffer 0xf3f81390
10-24 23:54:51.854   314   314 W EmuHWC2 : validate: layer 348 CompositionType 1, fallback
10-24 23:54:51.860   314   314 W EmuHWC2 : No layers, exit, buffer 0xf3f81090
10-24 23:54:51.862 10334 10365 D libEGL  : loaded /vendor/lib/egl/libGLESv2_emulation.so
10-24 23:54:51.872   314   314 W EmuHWC2 : validate: layer 348 CompositionType 1, fallback
10-24 23:54:51.875   314   314 W EmuHWC2 : No layers, exit, buffer 0xf3f81390
10-24 23:54:51.888   314   314 W EmuHWC2 : validate: layer 348 CompositionType 1, fallback
10-24 23:54:51.890   314   314 W EmuHWC2 : No layers, exit, buffer 0xf3f81090
10-24 23:54:51.906   314   314 W EmuHWC2 : validate: layer 348 CompositionType 1, fallback
10-24 23:54:51.911   314   314 W EmuHWC2 : No layers, exit, buffer 0xf3f81390
10-24 23:54:51.916 10334 10365 D HostConnection: HostConnection::get() New Host Connection established 0xe7b26ea0, tid 10365
10-24 23:54:51.919 10334 10365 D HostConnection: HostComposition ext ANDROID_EMU_CHECKSUM_HELPER_v1 ANDROID_EMU_native_sync_v2 ANDROID_EMU_native_sync_v3 ANDROID_EMU_native_sync_v4 ANDROID_EMU_dma_v1 ANDROID_EMU_direct_mem ANDROID_EMU_host_composition_v1 ANDROID_EMU_host_composition_v2 ANDROID_EMU_vulkan ANDROID_EMU_deferred_vulkan_commands ANDROID_EMU_vulkan_null_optional_strings ANDROID_EMU_vulkan_create_resources_with_requirements ANDROID_EMU_YUV_Cache ANDROID_EMU_vulkan_ignored_handles ANDROID_EMU_has_shared_slots_host_memory_allocator ANDROID_EMU_vulkan_free_memory_sync ANDROID_EMU_vulkan_shader_float16_int8 ANDROID_EMU_vulkan_async_queue_submit ANDROID_EMU_sync_buffer_data ANDROID_EMU_vulkan_async_qsri ANDROID_EMU_read_color_buffer_dma GL_OES_vertex_array_object GL_KHR_texture_compression_astc_ldr ANDROID_EMU_host_side_tracing ANDROID_EMU_gles_max_version_2 
10-24 23:54:51.922   314   314 W EmuHWC2 : validate: layer 348 CompositionType 1, fallback
10-24 23:54:51.924   314   314 W EmuHWC2 : No layers, exit, buffer 0xf3f81090
10-24 23:54:51.936 10334 10375 I TetheringManager: registerTetheringEventCallback:com.google.android.apps.maps
10-24 23:54:51.937   314   314 W EmuHWC2 : validate: layer 348 CompositionType 1, fallback
10-24 23:54:51.940   314   314 W EmuHWC2 : No layers, exit, buffer 0xf3f81390
10-24 23:54:51.948   183   183 I hwservicemanager: getTransport: Cannot find entry android.hardware.configstore@1.0::ISurfaceFlingerConfigs/default in either framework or device manifest.
10-24 23:54:51.954   314   314 W EmuHWC2 : validate: layer 348 CompositionType 1, fallback
10-24 23:54:51.969 10334 10365 D EGL_emulation: eglCreateContext: 0xe7b273e0: maj 2 min 0 rcv 2
10-24 23:54:52.002 10334 10365 D EGL_emulation: eglMakeCurrent: 0xe7b273e0: ver 2 0 (tinfo 0xe7e75a90) (first time)
10-24 23:54:52.003   314   314 W EmuHWC2 : No layers, exit, buffer 0xf3f81090
10-24 23:54:52.012   314   314 W EmuHWC2 : validate: layer 348 CompositionType 1, fallback
10-24 23:54:52.018   314   314 W EmuHWC2 : No layers, exit, buffer 0xf3f81390
10-24 23:54:52.025   314   314 W EmuHWC2 : validate: layer 348 CompositionType 1, fallback
10-24 23:54:52.030   314   314 W EmuHWC2 : No layers, exit, buffer 0xf3f81090
10-24 23:54:52.037   314   314 W EmuHWC2 : validate: layer 348 CompositionType 1, fallback
